
> rest-express@1.0.0 build
> npm run build:client && npm run build:ssr && npm run build:server && npm run build:express


> rest-express@1.0.0 build:client
> vite build --ssrManifest --manifest

vite v6.4.1 building for production...
[sentry-vite-plugin] Info: Sending telemetry data on issues and performance to Sentry. To disable telemetry, set `options.telemetry` to `false`.
transforming...
✓ 8741 modules transformed.
✗ Build failed in 10.46s
error during build:
[vite:load-fallback] Could not load /Users/hateemjamshaid/Downloads/RUN-Remix/client/src/hooks/admin/categories/useCategoryOperationsConsolidated (imported by client/src/components/admin/category-management-simplified.tsx): ENOENT: no such file or directory, open '/Users/hateemjamshaid/Downloads/RUN-Remix/client/src/hooks/admin/categories/useCategoryOperationsConsolidated'
    at async open (node:internal/fs/promises:638:25)
    at async Object.readFile (node:internal/fs/promises:1242:14)
    at async Object.handler (file:///Users/hateemjamshaid/Downloads/RUN-Remix/node_modules/vite/dist/node/chunks/dep-D4NMHUTW.js:45872:27)
    at async PluginDriver.hookFirstAndGetPlugin (file:///Users/hateemjamshaid/Downloads/RUN-Remix/node_modules/rollup/dist/es/shared/node-entry.js:22376:28)
    at async file:///Users/hateemjamshaid/Downloads/RUN-Remix/node_modules/rollup/dist/es/shared/node-entry.js:21376:33
    at async Queue.work (file:///Users/hateemjamshaid/Downloads/RUN-Remix/node_modules/rollup/dist/es/shared/node-entry.js:22604:32)
