
[1m[46m RUN [49m[22m [36mv4.0.16 [39m[90m/Users/hateemjamshaid/Downloads/RUN-Remix[39m

[90mstderr[2m | tests/integration/security.test.ts[2m > [22m[2mSecurity Hardening (Integration Tier)[2m > [22m[2mshould RETURN_404 for /api/debug/crash in PRODUCTION mode
[22m[39m[MSW] Warning: intercepted a request without a matching request handler:

  • POST http://localhost:0/api/debug/crash

If you still wish to intercept this unhandled request, please create a request handler for it.
Read more: https://mswjs.io/docs/http/intercepting-requests

[90mstderr[2m | tests/integration/security.test.ts[2m > [22m[2mSecurity Hardening (Integration Tier)[2m > [22m[2mshould RETURN_404 for /api/debug/crash in TEST mode if ENABLE_DEBUG_ROUTES is missing
[22m[39m[MSW] Warning: intercepted a request without a matching request handler:

  • POST http://localhost:0/api/debug/crash

If you still wish to intercept this unhandled request, please create a request handler for it.
Read more: https://mswjs.io/docs/http/intercepting-requests

[90mstderr[2m | tests/integration/security.test.ts[2m > [22m[2mSecurity Hardening (Integration Tier)[2m > [22m[2mshould RETURN_404 if Token is missing (even if enabled)
[22m[39m[MSW] Warning: intercepted a request without a matching request handler:

  • POST http://localhost:0/api/debug/crash

If you still wish to intercept this unhandled request, please create a request handler for it.
Read more: https://mswjs.io/docs/http/intercepting-requests

[90mstderr[2m | tests/integration/security.test.ts[2m > [22m[2mSecurity Hardening (Integration Tier)[2m > [22m[2mshould RETURN_404 if Token is incorrect
[22m[39m[MSW] Warning: intercepted a request without a matching request handler:

  • POST http://localhost:0/api/debug/crash

If you still wish to intercept this unhandled request, please create a request handler for it.
Read more: https://mswjs.io/docs/http/intercepting-requests

[90mstderr[2m | tests/integration/security.test.ts[2m > [22m[2mSecurity Hardening (Integration Tier)[2m > [22m[2mshould BLOCK .map files with 404 in PRODUCTION
[22m[39m[MSW] Warning: intercepted a request without a matching request handler:

  • GET http://localhost:0/assets/main.js.map

If you still wish to intercept this unhandled request, please create a request handler for it.
Read more: https://mswjs.io/docs/http/intercepting-requests

 [31m❯[39m tests/integration/security.test.ts [2m([22m[2m5 tests[22m[2m | [22m[31m5 failed[39m[2m)[22m[33m 16450[2mms[22m[39m
[31m     [31m×[31m should RETURN_404 for /api/debug/crash in PRODUCTION mode[39m[33m 3813[2mms[22m[39m
[31m     [31m×[31m should RETURN_404 for /api/debug/crash in TEST mode if ENABLE_DEBUG_ROUTES is missing[39m[33m 3045[2mms[22m[39m
[31m     [31m×[31m should RETURN_404 if Token is missing (even if enabled)[39m[33m 3054[2mms[22m[39m
[31m     [31m×[31m should RETURN_404 if Token is incorrect[39m[33m 2974[2mms[22m[39m
[31m     [31m×[31m should BLOCK .map files with 404 in PRODUCTION[39m[33m 3561[2mms[22m[39m

[31m⎯⎯⎯⎯⎯⎯⎯[39m[1m[41m Failed Tests 5 [49m[22m[31m⎯⎯⎯⎯⎯⎯⎯[39m

[41m[1m FAIL [22m[49m tests/integration/security.test.ts[2m > [22mSecurity Hardening (Integration Tier)[2m > [22mshould RETURN_404 for /api/debug/crash in PRODUCTION mode
[31m[1mTypeError[22m: fetch failed[39m
[90m [2m❯[22m until node_modules/@open-draft/until/lib/index.mjs:[2m4:18[22m[39m
[90m [2m❯[22m Object.passthrough node_modules/@mswjs/interceptors/lib/node/chunk-OFW5L5ET.mjs:[2m214:68[22m[39m
[90m [2m❯[22m _RequestController.passthrough node_modules/@mswjs/interceptors/lib/node/chunk-JXGB54LE.mjs:[2m196:5[22m[39m
[90m [2m❯[22m handleRequest node_modules/@mswjs/interceptors/lib/node/chunk-R6T7CL5E.mjs:[2m177:12[22m[39m
[90m [2m❯[22m globalThis.fetch node_modules/@mswjs/interceptors/lib/node/chunk-OFW5L5ET.mjs:[2m287:7[22m[39m
[36m [2m❯[22m tests/integration/security.test.ts:[2m19:17[22m[39m
    [90m 17| [39m    })[33m;[39m
    [90m 18| [39m
    [90m 19| [39m    const res = await fetch(`${server.baseUrl}/api/debug/crash`, { met…
    [90m   | [39m                [31m^[39m
    [90m 20| [39m    [34mexpect[39m(res[33m.[39mstatus)[33m.[39m[34mtoBe[39m([34m404[39m)[33m;[39m
    [90m 21| [39m  }[33m,[39m [34m20000[39m)[33m;[39m

{
  stack: 'AggregateError: \n' +
    '    at internalConnectMultiple (node:net:1139:18)\n' +
    '    at internalConnectMultiple (node:net:1215:5)\n' +
    '    at internalConnectMultiple (node:net:1215:5)\n' +
    '    at defaultTriggerAsyncIdScope (node:internal/async_hooks:464:18)\n' +
    '    at GetAddrInfoReqWrap.emitLookup [as callback] (node:net:1549:7)\n' +
    '    at GetAddrInfoReqWrap.onlookupall [as oncomplete] (node:dns:132:8)',
  errors: [
    {
      stack: 'Error: connect EADDRNOTAVAIL ::1 - Local (:::54210)\n' +
        '    at internalConnectMultiple (node:net:1211:16)\n' +
        '    at defaultTriggerAsyncIdScope (node:internal/async_hooks:464:18)\n' +
        '    at GetAddrInfoReqWrap.emitLookup [as callback] (node:net:1549:7)\n' +
        '    at GetAddrInfoReqWrap.onlookupall [as oncomplete] (node:dns:132:8)',
      message: 'connect EADDRNOTAVAIL ::1 - Local (:::54210)',
      errno: -49,
      code: 'EADDRNOTAVAIL',
      syscall: 'connect',
      address: '::1',
      constructor: 'Function<Error>',
      name: 'Error',
      toString: 'Function<toString>'
    },
    {
      stack: 'Error: connect EADDRNOTAVAIL 127.0.0.1 - Local (0.0.0.0:54211)\n' +
        '    at internalConnectMultiple (node:net:1211:16)\n' +
        '    at internalConnectMultiple (node:net:1215:5)\n' +
        '    at defaultTriggerAsyncIdScope (node:internal/async_hooks:464:18)\n' +
        '    at GetAddrInfoReqWrap.emitLookup [as callback] (node:net:1549:7)\n' +
        '    at GetAddrInfoReqWrap.onlookupall [as oncomplete] (node:dns:132:8)',
      message: 'connect EADDRNOTAVAIL 127.0.0.1 - Local (0.0.0.0:54211)',
      errno: -49,
      code: 'EADDRNOTAVAIL',
      syscall: 'connect',
      address: '127.0.0.1',
      constructor: 'Function<Error>',
      name: 'Error',
      toString: 'Function<toString>'
    }
  ],
  code: 'EADDRNOTAVAIL',
  constructor: 'Function<AggregateError>',
  name: 'Caused by: AggregateError',
  message: '',
  toString: 'Function<toString>',
  stacks: []
}
[31m[2m⎯⎯⎯⎯⎯⎯⎯⎯⎯⎯⎯⎯⎯⎯⎯⎯⎯⎯⎯⎯⎯⎯⎯⎯⎯⎯⎯⎯⎯⎯[22m[39m
[31m[1mSerialized Error:[22m[39m [90m{ errors: [ { stack: 'Error: connect EADDRNOTAVAIL ::1 - Local (:::54210)\n    at internalConnectMultiple (node:net:1211:16)\n    at defaultTriggerAsyncIdScope (node:internal/async_hooks:464:18)\n    at GetAddrInfoReqWrap.emitLookup [as callback] (node:net:1549:7)\n    at GetAddrInfoReqWrap.onlookupall [as oncomplete] (node:dns:132:8)', message: 'connect EADDRNOTAVAIL ::1 - Local (:::54210)', errno: -49, code: 'EADDRNOTAVAIL', syscall: 'connect', address: '::1', constructor: 'Function<Error>', name: 'Error', toString: 'Function<toString>' }, { stack: 'Error: connect EADDRNOTAVAIL 127.0.0.1 - Local (0.0.0.0:54211)\n    at internalConnectMultiple (node:net:1211:16)\n    at internalConnectMultiple (node:net:1215:5)\n    at defaultTriggerAsyncIdScope (node:internal/async_hooks:464:18)\n    at GetAddrInfoReqWrap.emitLookup [as callback] (node:net:1549:7)\n    at GetAddrInfoReqWrap.onlookupall [as oncomplete] (node:dns:132:8)', message: 'connect EADDRNOTAVAIL 127.0.0.1 - Local (0.0.0.0:54211)', errno: -49, code: 'EADDRNOTAVAIL', syscall: 'connect', address: '127.0.0.1', constructor: 'Function<Error>', name: 'Error', toString: 'Function<toString>' } ], code: 'EADDRNOTAVAIL' }[39m
[31m[2m⎯⎯⎯⎯⎯⎯⎯⎯⎯⎯⎯⎯⎯⎯⎯⎯⎯⎯⎯⎯⎯⎯⎯⎯[1/5]⎯[22m[39m

[41m[1m FAIL [22m[49m tests/integration/security.test.ts[2m > [22mSecurity Hardening (Integration Tier)[2m > [22mshould RETURN_404 for /api/debug/crash in TEST mode if ENABLE_DEBUG_ROUTES is missing
[31m[1mTypeError[22m: fetch failed[39m
[90m [2m❯[22m until node_modules/@open-draft/until/lib/index.mjs:[2m4:18[22m[39m
[90m [2m❯[22m Object.passthrough node_modules/@mswjs/interceptors/lib/node/chunk-OFW5L5ET.mjs:[2m214:68[22m[39m
[90m [2m❯[22m _RequestController.passthrough node_modules/@mswjs/interceptors/lib/node/chunk-JXGB54LE.mjs:[2m196:5[22m[39m
[90m [2m❯[22m handleRequest node_modules/@mswjs/interceptors/lib/node/chunk-R6T7CL5E.mjs:[2m177:12[22m[39m
[90m [2m❯[22m globalThis.fetch node_modules/@mswjs/interceptors/lib/node/chunk-OFW5L5ET.mjs:[2m287:7[22m[39m
[36m [2m❯[22m tests/integration/security.test.ts:[2m29:17[22m[39m
    [90m 27| [39m    })[33m;[39m
    [90m 28| [39m
    [90m 29| [39m    const res = await fetch(`${server.baseUrl}/api/debug/crash`, { met…
    [90m   | [39m                [31m^[39m
    [90m 30| [39m    [34mexpect[39m(res[33m.[39mstatus)[33m.[39m[34mtoBe[39m([34m404[39m)[33m;[39m
    [90m 31| [39m  }[33m,[39m [34m20000[39m)[33m;[39m

{
  stack: 'AggregateError: \n' +
    '    at internalConnectMultiple (node:net:1139:18)\n' +
    '    at internalConnectMultiple (node:net:1215:5)\n' +
    '    at internalConnectMultiple (node:net:1215:5)\n' +
    '    at defaultTriggerAsyncIdScope (node:internal/async_hooks:464:18)\n' +
    '    at GetAddrInfoReqWrap.emitLookup [as callback] (node:net:1549:7)\n' +
    '    at GetAddrInfoReqWrap.onlookupall [as oncomplete] (node:dns:132:8)',
  errors: [
    {
      stack: 'Error: connect EADDRNOTAVAIL ::1 - Local (:::54217)\n' +
        '    at internalConnectMultiple (node:net:1211:16)\n' +
        '    at defaultTriggerAsyncIdScope (node:internal/async_hooks:464:18)\n' +
        '    at GetAddrInfoReqWrap.emitLookup [as callback] (node:net:1549:7)\n' +
        '    at GetAddrInfoReqWrap.onlookupall [as oncomplete] (node:dns:132:8)',
      message: 'connect EADDRNOTAVAIL ::1 - Local (:::54217)',
      errno: -49,
      code: 'EADDRNOTAVAIL',
      syscall: 'connect',
      address: '::1',
      constructor: 'Function<Error>',
      name: 'Error',
      toString: 'Function<toString>'
    },
    {
      stack: 'Error: connect EADDRNOTAVAIL 127.0.0.1 - Local (0.0.0.0:54218)\n' +
        '    at internalConnectMultiple (node:net:1211:16)\n' +
        '    at internalConnectMultiple (node:net:1215:5)\n' +
        '    at defaultTriggerAsyncIdScope (node:internal/async_hooks:464:18)\n' +
        '    at GetAddrInfoReqWrap.emitLookup [as callback] (node:net:1549:7)\n' +
        '    at GetAddrInfoReqWrap.onlookupall [as oncomplete] (node:dns:132:8)',
      message: 'connect EADDRNOTAVAIL 127.0.0.1 - Local (0.0.0.0:54218)',
      errno: -49,
      code: 'EADDRNOTAVAIL',
      syscall: 'connect',
      address: '127.0.0.1',
      constructor: 'Function<Error>',
      name: 'Error',
      toString: 'Function<toString>'
    }
  ],
  code: 'EADDRNOTAVAIL',
  constructor: 'Function<AggregateError>',
  name: 'Caused by: AggregateError',
  message: '',
  toString: 'Function<toString>',
  stacks: []
}
[31m[2m⎯⎯⎯⎯⎯⎯⎯⎯⎯⎯⎯⎯⎯⎯⎯⎯⎯⎯⎯⎯⎯⎯⎯⎯⎯⎯⎯⎯⎯⎯[22m[39m
[31m[1mSerialized Error:[22m[39m [90m{ errors: [ { stack: 'Error: connect EADDRNOTAVAIL ::1 - Local (:::54217)\n    at internalConnectMultiple (node:net:1211:16)\n    at defaultTriggerAsyncIdScope (node:internal/async_hooks:464:18)\n    at GetAddrInfoReqWrap.emitLookup [as callback] (node:net:1549:7)\n    at GetAddrInfoReqWrap.onlookupall [as oncomplete] (node:dns:132:8)', message: 'connect EADDRNOTAVAIL ::1 - Local (:::54217)', errno: -49, code: 'EADDRNOTAVAIL', syscall: 'connect', address: '::1', constructor: 'Function<Error>', name: 'Error', toString: 'Function<toString>' }, { stack: 'Error: connect EADDRNOTAVAIL 127.0.0.1 - Local (0.0.0.0:54218)\n    at internalConnectMultiple (node:net:1211:16)\n    at internalConnectMultiple (node:net:1215:5)\n    at defaultTriggerAsyncIdScope (node:internal/async_hooks:464:18)\n    at GetAddrInfoReqWrap.emitLookup [as callback] (node:net:1549:7)\n    at GetAddrInfoReqWrap.onlookupall [as oncomplete] (node:dns:132:8)', message: 'connect EADDRNOTAVAIL 127.0.0.1 - Local (0.0.0.0:54218)', errno: -49, code: 'EADDRNOTAVAIL', syscall: 'connect', address: '127.0.0.1', constructor: 'Function<Error>', name: 'Error', toString: 'Function<toString>' } ], code: 'EADDRNOTAVAIL' }[39m
[31m[2m⎯⎯⎯⎯⎯⎯⎯⎯⎯⎯⎯⎯⎯⎯⎯⎯⎯⎯⎯⎯⎯⎯⎯⎯[2/5]⎯[22m[39m

[41m[1m FAIL [22m[49m tests/integration/security.test.ts[2m > [22mSecurity Hardening (Integration Tier)[2m > [22mshould RETURN_404 if Token is missing (even if enabled)
[31m[1mTypeError[22m: fetch failed[39m
[90m [2m❯[22m until node_modules/@open-draft/until/lib/index.mjs:[2m4:18[22m[39m
[90m [2m❯[22m Object.passthrough node_modules/@mswjs/interceptors/lib/node/chunk-OFW5L5ET.mjs:[2m214:68[22m[39m
[90m [2m❯[22m _RequestController.passthrough node_modules/@mswjs/interceptors/lib/node/chunk-JXGB54LE.mjs:[2m196:5[22m[39m
[90m [2m❯[22m handleRequest node_modules/@mswjs/interceptors/lib/node/chunk-R6T7CL5E.mjs:[2m177:12[22m[39m
[90m [2m❯[22m globalThis.fetch node_modules/@mswjs/interceptors/lib/node/chunk-OFW5L5ET.mjs:[2m287:7[22m[39m
[36m [2m❯[22m tests/integration/security.test.ts:[2m40:17[22m[39m
    [90m 38| [39m    })[33m;[39m
    [90m 39| [39m
    [90m 40| [39m    const res = await fetch(`${server.baseUrl}/api/debug/crash`, { met…
    [90m   | [39m                [31m^[39m
    [90m 41| [39m    [34mexpect[39m(res[33m.[39mstatus)[33m.[39m[34mtoBe[39m([34m404[39m)[33m;[39m
    [90m 42| [39m  }[33m,[39m [34m20000[39m)[33m;[39m

{
  stack: 'AggregateError: \n' +
    '    at internalConnectMultiple (node:net:1139:18)\n' +
    '    at internalConnectMultiple (node:net:1215:5)\n' +
    '    at internalConnectMultiple (node:net:1215:5)\n' +
    '    at defaultTriggerAsyncIdScope (node:internal/async_hooks:464:18)\n' +
    '    at GetAddrInfoReqWrap.emitLookup [as callback] (node:net:1549:7)\n' +
    '    at GetAddrInfoReqWrap.onlookupall [as oncomplete] (node:dns:132:8)',
  errors: [
    {
      stack: 'Error: connect EADDRNOTAVAIL ::1 - Local (:::54224)\n' +
        '    at internalConnectMultiple (node:net:1211:16)\n' +
        '    at defaultTriggerAsyncIdScope (node:internal/async_hooks:464:18)\n' +
        '    at GetAddrInfoReqWrap.emitLookup [as callback] (node:net:1549:7)\n' +
        '    at GetAddrInfoReqWrap.onlookupall [as oncomplete] (node:dns:132:8)',
      message: 'connect EADDRNOTAVAIL ::1 - Local (:::54224)',
      errno: -49,
      code: 'EADDRNOTAVAIL',
      syscall: 'connect',
      address: '::1',
      constructor: 'Function<Error>',
      name: 'Error',
      toString: 'Function<toString>'
    },
    {
      stack: 'Error: connect EADDRNOTAVAIL 127.0.0.1 - Local (0.0.0.0:54225)\n' +
        '    at internalConnectMultiple (node:net:1211:16)\n' +
        '    at internalConnectMultiple (node:net:1215:5)\n' +
        '    at defaultTriggerAsyncIdScope (node:internal/async_hooks:464:18)\n' +
        '    at GetAddrInfoReqWrap.emitLookup [as callback] (node:net:1549:7)\n' +
        '    at GetAddrInfoReqWrap.onlookupall [as oncomplete] (node:dns:132:8)',
      message: 'connect EADDRNOTAVAIL 127.0.0.1 - Local (0.0.0.0:54225)',
      errno: -49,
      code: 'EADDRNOTAVAIL',
      syscall: 'connect',
      address: '127.0.0.1',
      constructor: 'Function<Error>',
      name: 'Error',
      toString: 'Function<toString>'
    }
  ],
  code: 'EADDRNOTAVAIL',
  constructor: 'Function<AggregateError>',
  name: 'Caused by: AggregateError',
  message: '',
  toString: 'Function<toString>',
  stacks: []
}
[31m[2m⎯⎯⎯⎯⎯⎯⎯⎯⎯⎯⎯⎯⎯⎯⎯⎯⎯⎯⎯⎯⎯⎯⎯⎯⎯⎯⎯⎯⎯⎯[22m[39m
[31m[1mSerialized Error:[22m[39m [90m{ errors: [ { stack: 'Error: connect EADDRNOTAVAIL ::1 - Local (:::54224)\n    at internalConnectMultiple (node:net:1211:16)\n    at defaultTriggerAsyncIdScope (node:internal/async_hooks:464:18)\n    at GetAddrInfoReqWrap.emitLookup [as callback] (node:net:1549:7)\n    at GetAddrInfoReqWrap.onlookupall [as oncomplete] (node:dns:132:8)', message: 'connect EADDRNOTAVAIL ::1 - Local (:::54224)', errno: -49, code: 'EADDRNOTAVAIL', syscall: 'connect', address: '::1', constructor: 'Function<Error>', name: 'Error', toString: 'Function<toString>' }, { stack: 'Error: connect EADDRNOTAVAIL 127.0.0.1 - Local (0.0.0.0:54225)\n    at internalConnectMultiple (node:net:1211:16)\n    at internalConnectMultiple (node:net:1215:5)\n    at defaultTriggerAsyncIdScope (node:internal/async_hooks:464:18)\n    at GetAddrInfoReqWrap.emitLookup [as callback] (node:net:1549:7)\n    at GetAddrInfoReqWrap.onlookupall [as oncomplete] (node:dns:132:8)', message: 'connect EADDRNOTAVAIL 127.0.0.1 - Local (0.0.0.0:54225)', errno: -49, code: 'EADDRNOTAVAIL', syscall: 'connect', address: '127.0.0.1', constructor: 'Function<Error>', name: 'Error', toString: 'Function<toString>' } ], code: 'EADDRNOTAVAIL' }[39m
[31m[2m⎯⎯⎯⎯⎯⎯⎯⎯⎯⎯⎯⎯⎯⎯⎯⎯⎯⎯⎯⎯⎯⎯⎯⎯[3/5]⎯[22m[39m

[41m[1m FAIL [22m[49m tests/integration/security.test.ts[2m > [22mSecurity Hardening (Integration Tier)[2m > [22mshould RETURN_404 if Token is incorrect
[31m[1mTypeError[22m: fetch failed[39m
[90m [2m❯[22m until node_modules/@open-draft/until/lib/index.mjs:[2m4:18[22m[39m
[90m [2m❯[22m Object.passthrough node_modules/@mswjs/interceptors/lib/node/chunk-OFW5L5ET.mjs:[2m214:68[22m[39m
[90m [2m❯[22m _RequestController.passthrough node_modules/@mswjs/interceptors/lib/node/chunk-JXGB54LE.mjs:[2m196:5[22m[39m
[90m [2m❯[22m handleRequest node_modules/@mswjs/interceptors/lib/node/chunk-R6T7CL5E.mjs:[2m177:12[22m[39m
[90m [2m❯[22m globalThis.fetch node_modules/@mswjs/interceptors/lib/node/chunk-OFW5L5ET.mjs:[2m287:7[22m[39m
[36m [2m❯[22m tests/integration/security.test.ts:[2m51:17[22m[39m
    [90m 49| [39m    })[33m;[39m
    [90m 50| [39m
    [90m 51| [39m    [35mconst[39m res [33m=[39m [35mawait[39m [34mfetch[39m([32m`[39m[36m${[39mserver[33m.[39mbaseUrl[36m}[39m[32m/api/debug/crash`[39m[33m,[39m {
    [90m   | [39m                [31m^[39m
    [90m 52| [39m      method[33m:[39m [32m"POST"[39m[33m,[39m
    [90m 53| [39m      headers[33m:[39m { [32m"X-RUN-DEBUG-TOKEN"[39m[33m:[39m [32m"wrong-token"[39m }[33m,[39m

{
  stack: 'AggregateError: \n' +
    '    at internalConnectMultiple (node:net:1139:18)\n' +
    '    at internalConnectMultiple (node:net:1215:5)\n' +
    '    at internalConnectMultiple (node:net:1215:5)\n' +
    '    at defaultTriggerAsyncIdScope (node:internal/async_hooks:464:18)\n' +
    '    at GetAddrInfoReqWrap.emitLookup [as callback] (node:net:1549:7)\n' +
    '    at GetAddrInfoReqWrap.onlookupall [as oncomplete] (node:dns:132:8)',
  errors: [
    {
      stack: 'Error: connect EADDRNOTAVAIL ::1 - Local (:::54230)\n' +
        '    at internalConnectMultiple (node:net:1211:16)\n' +
        '    at defaultTriggerAsyncIdScope (node:internal/async_hooks:464:18)\n' +
        '    at GetAddrInfoReqWrap.emitLookup [as callback] (node:net:1549:7)\n' +
        '    at GetAddrInfoReqWrap.onlookupall [as oncomplete] (node:dns:132:8)',
      message: 'connect EADDRNOTAVAIL ::1 - Local (:::54230)',
      errno: -49,
      code: 'EADDRNOTAVAIL',
      syscall: 'connect',
      address: '::1',
      constructor: 'Function<Error>',
      name: 'Error',
      toString: 'Function<toString>'
    },
    {
      stack: 'Error: connect EADDRNOTAVAIL 127.0.0.1 - Local (0.0.0.0:54231)\n' +
        '    at internalConnectMultiple (node:net:1211:16)\n' +
        '    at internalConnectMultiple (node:net:1215:5)\n' +
        '    at defaultTriggerAsyncIdScope (node:internal/async_hooks:464:18)\n' +
        '    at GetAddrInfoReqWrap.emitLookup [as callback] (node:net:1549:7)\n' +
        '    at GetAddrInfoReqWrap.onlookupall [as oncomplete] (node:dns:132:8)',
      message: 'connect EADDRNOTAVAIL 127.0.0.1 - Local (0.0.0.0:54231)',
      errno: -49,
      code: 'EADDRNOTAVAIL',
      syscall: 'connect',
      address: '127.0.0.1',
      constructor: 'Function<Error>',
      name: 'Error',
      toString: 'Function<toString>'
    }
  ],
  code: 'EADDRNOTAVAIL',
  constructor: 'Function<AggregateError>',
  name: 'Caused by: AggregateError',
  message: '',
  toString: 'Function<toString>',
  stacks: []
}
[31m[2m⎯⎯⎯⎯⎯⎯⎯⎯⎯⎯⎯⎯⎯⎯⎯⎯⎯⎯⎯⎯⎯⎯⎯⎯⎯⎯⎯⎯⎯⎯[22m[39m
[31m[1mSerialized Error:[22m[39m [90m{ errors: [ { stack: 'Error: connect EADDRNOTAVAIL ::1 - Local (:::54230)\n    at internalConnectMultiple (node:net:1211:16)\n    at defaultTriggerAsyncIdScope (node:internal/async_hooks:464:18)\n    at GetAddrInfoReqWrap.emitLookup [as callback] (node:net:1549:7)\n    at GetAddrInfoReqWrap.onlookupall [as oncomplete] (node:dns:132:8)', message: 'connect EADDRNOTAVAIL ::1 - Local (:::54230)', errno: -49, code: 'EADDRNOTAVAIL', syscall: 'connect', address: '::1', constructor: 'Function<Error>', name: 'Error', toString: 'Function<toString>' }, { stack: 'Error: connect EADDRNOTAVAIL 127.0.0.1 - Local (0.0.0.0:54231)\n    at internalConnectMultiple (node:net:1211:16)\n    at internalConnectMultiple (node:net:1215:5)\n    at defaultTriggerAsyncIdScope (node:internal/async_hooks:464:18)\n    at GetAddrInfoReqWrap.emitLookup [as callback] (node:net:1549:7)\n    at GetAddrInfoReqWrap.onlookupall [as oncomplete] (node:dns:132:8)', message: 'connect EADDRNOTAVAIL 127.0.0.1 - Local (0.0.0.0:54231)', errno: -49, code: 'EADDRNOTAVAIL', syscall: 'connect', address: '127.0.0.1', constructor: 'Function<Error>', name: 'Error', toString: 'Function<toString>' } ], code: 'EADDRNOTAVAIL' }[39m
[31m[2m⎯⎯⎯⎯⎯⎯⎯⎯⎯⎯⎯⎯⎯⎯⎯⎯⎯⎯⎯⎯⎯⎯⎯⎯[4/5]⎯[22m[39m

[41m[1m FAIL [22m[49m tests/integration/security.test.ts[2m > [22mSecurity Hardening (Integration Tier)[2m > [22mshould BLOCK .map files with 404 in PRODUCTION
[31m[1mTypeError[22m: fetch failed[39m
[90m [2m❯[22m until node_modules/@open-draft/until/lib/index.mjs:[2m4:18[22m[39m
[90m [2m❯[22m Object.passthrough node_modules/@mswjs/interceptors/lib/node/chunk-OFW5L5ET.mjs:[2m214:68[22m[39m
[90m [2m❯[22m _RequestController.passthrough node_modules/@mswjs/interceptors/lib/node/chunk-JXGB54LE.mjs:[2m196:5[22m[39m
[90m [2m❯[22m handleRequest node_modules/@mswjs/interceptors/lib/node/chunk-R6T7CL5E.mjs:[2m177:12[22m[39m
[90m [2m❯[22m globalThis.fetch node_modules/@mswjs/interceptors/lib/node/chunk-OFW5L5ET.mjs:[2m287:7[22m[39m
[36m [2m❯[22m tests/integration/security.test.ts:[2m64:17[22m[39m
    [90m 62| [39m
    [90m 63| [39m    // Even if we don't request a real file, middleware should block a…
    [90m 64| [39m    [35mconst[39m res [33m=[39m [35mawait[39m [34mfetch[39m([32m`[39m[36m${[39mserver[33m.[39mbaseUrl[36m}[39m[32m/assets/main.js.map`[39m)[33m;[39m
    [90m   | [39m                [31m^[39m
    [90m 65| [39m    [34mexpect[39m(res[33m.[39mstatus)[33m.[39m[34mtoBe[39m([34m404[39m)[33m;[39m
    [90m 66| [39m

{
  stack: 'AggregateError: \n' +
    '    at internalConnectMultiple (node:net:1139:18)\n' +
    '    at internalConnectMultiple (node:net:1215:5)\n' +
    '    at internalConnectMultiple (node:net:1215:5)\n' +
    '    at defaultTriggerAsyncIdScope (node:internal/async_hooks:464:18)\n' +
    '    at GetAddrInfoReqWrap.emitLookup [as callback] (node:net:1549:7)\n' +
    '    at GetAddrInfoReqWrap.onlookupall [as oncomplete] (node:dns:132:8)',
  errors: [
    {
      stack: 'Error: connect EADDRNOTAVAIL ::1 - Local (:::54238)\n' +
        '    at internalConnectMultiple (node:net:1211:16)\n' +
        '    at defaultTriggerAsyncIdScope (node:internal/async_hooks:464:18)\n' +
        '    at GetAddrInfoReqWrap.emitLookup [as callback] (node:net:1549:7)\n' +
        '    at GetAddrInfoReqWrap.onlookupall [as oncomplete] (node:dns:132:8)',
      message: 'connect EADDRNOTAVAIL ::1 - Local (:::54238)',
      errno: -49,
      code: 'EADDRNOTAVAIL',
      syscall: 'connect',
      address: '::1',
      constructor: 'Function<Error>',
      name: 'Error',
      toString: 'Function<toString>'
    },
    {
      stack: 'Error: connect EADDRNOTAVAIL 127.0.0.1 - Local (0.0.0.0:54239)\n' +
        '    at internalConnectMultiple (node:net:1211:16)\n' +
        '    at internalConnectMultiple (node:net:1215:5)\n' +
        '    at defaultTriggerAsyncIdScope (node:internal/async_hooks:464:18)\n' +
        '    at GetAddrInfoReqWrap.emitLookup [as callback] (node:net:1549:7)\n' +
        '    at GetAddrInfoReqWrap.onlookupall [as oncomplete] (node:dns:132:8)',
      message: 'connect EADDRNOTAVAIL 127.0.0.1 - Local (0.0.0.0:54239)',
      errno: -49,
      code: 'EADDRNOTAVAIL',
      syscall: 'connect',
      address: '127.0.0.1',
      constructor: 'Function<Error>',
      name: 'Error',
      toString: 'Function<toString>'
    }
  ],
  code: 'EADDRNOTAVAIL',
  constructor: 'Function<AggregateError>',
  name: 'Caused by: AggregateError',
  message: '',
  toString: 'Function<toString>',
  stacks: []
}
[31m[2m⎯⎯⎯⎯⎯⎯⎯⎯⎯⎯⎯⎯⎯⎯⎯⎯⎯⎯⎯⎯⎯⎯⎯⎯⎯⎯⎯⎯⎯⎯[22m[39m
[31m[1mSerialized Error:[22m[39m [90m{ errors: [ { stack: 'Error: connect EADDRNOTAVAIL ::1 - Local (:::54238)\n    at internalConnectMultiple (node:net:1211:16)\n    at defaultTriggerAsyncIdScope (node:internal/async_hooks:464:18)\n    at GetAddrInfoReqWrap.emitLookup [as callback] (node:net:1549:7)\n    at GetAddrInfoReqWrap.onlookupall [as oncomplete] (node:dns:132:8)', message: 'connect EADDRNOTAVAIL ::1 - Local (:::54238)', errno: -49, code: 'EADDRNOTAVAIL', syscall: 'connect', address: '::1', constructor: 'Function<Error>', name: 'Error', toString: 'Function<toString>' }, { stack: 'Error: connect EADDRNOTAVAIL 127.0.0.1 - Local (0.0.0.0:54239)\n    at internalConnectMultiple (node:net:1211:16)\n    at internalConnectMultiple (node:net:1215:5)\n    at defaultTriggerAsyncIdScope (node:internal/async_hooks:464:18)\n    at GetAddrInfoReqWrap.emitLookup [as callback] (node:net:1549:7)\n    at GetAddrInfoReqWrap.onlookupall [as oncomplete] (node:dns:132:8)', message: 'connect EADDRNOTAVAIL 127.0.0.1 - Local (0.0.0.0:54239)', errno: -49, code: 'EADDRNOTAVAIL', syscall: 'connect', address: '127.0.0.1', constructor: 'Function<Error>', name: 'Error', toString: 'Function<toString>' } ], code: 'EADDRNOTAVAIL' }[39m
[31m[2m⎯⎯⎯⎯⎯⎯⎯⎯⎯⎯⎯⎯⎯⎯⎯⎯⎯⎯⎯⎯⎯⎯⎯⎯[5/5]⎯[22m[39m


[2m Test Files [22m [1m[31m1 failed[39m[22m[90m (1)[39m
[2m      Tests [22m [1m[31m5 failed[39m[22m[90m (5)[39m
[2m   Start at [22m 00:11:16
[2m   Duration [22m 17.21s[2m (transform 108ms, setup 197ms, import 30ms, tests 16.45s, environment 368ms)[22m

