
> run-remix-monorepo@1.0.0 test
> vitest run


[1m[46m RUN [49m[22m [36mv4.0.16 [39m[90m/Users/hateemjamshaid/Downloads/RUN-Remix[39m

{"level":30,"time":1767363674375,"service":"run-apparel-api","msg":"[Database] ✅ DATABASE_URL validation passed"}
[90mstderr[2m | tests/error-handling.integration.test.ts
[22m[39m          
        ************************************************************
        *                                                          *
        *  WARNING: Running SQL directly from the browser can have *
        *  security implications. Even if your database is         *
        *  protected by Row-Level Security (RLS), use it at your   *
        *  own risk. This approach is great for fast prototyping,  *
        *  but ensure proper safeguards are in place to prevent    *
        *  misuse or execution of expensive SQL queries by your    *
        *  end users.                                              *
        *                                                          *
        *  If you've assessed the risks, suppress this message     *
        *  using the disableWarningInBrowsers configuration        *
        *  parameter.                                              *
        *                                                          *
        ************************************************************

[90mstdout[2m | tests/api.test.ts
[22m[39m!!! MOCK storage-singleton FACTORY RUNNING !!!

{"level":30,"time":1767363674557,"service":"run-apparel-api","effectiveOrigins":["*"],"msg":"[CORS] Middleware initialized for development"}
{"level":30,"time":1767363674673,"service":"run-apparel-api","msg":"[RateLimiter] Production-grade rate limiters initialized"}
{"level":30,"time":1767363674674,"service":"run-apparel-api","msg":"[RateLimiter] General: 100 req/900000ms"}
{"level":30,"time":1767363674674,"service":"run-apparel-api","msg":"[RateLimiter] Admin: 30 req/900000ms"}
{"level":30,"time":1767363674674,"service":"run-apparel-api","msg":"[RateLimiter] Diagnostic: 10 req/60000ms"}
{"level":30,"time":1767363674705,"service":"run-apparel-api","msg":"[AuthService] ✅ Authentication configured"}
[90mstdout[2m | tests/api.test.ts[2m > [22m[2mFORENSIC API TESTS - Critical Endpoint Validation
[22m[39m[Routes] Importing ./core/categories.js...
[Routes] Importing ./core/products.js...
[Routes] Importing ./core/fabrics.js...
[Routes] Importing ./core/accessories.js...
[Routes] Importing ./core/certificates.js...
[Routes] Importing ./core/materials.js...
[Routes] Importing ./core/size-charts.js...
[Routes] Importing ./feature-flags.js...
[Routes] Importing ./inquiries.js...
[Routes] Importing ./media/folder-management.routes.js...
[Routes] Importing ./media/index.js...
[Routes] Importing ./resources/content-management-routes.js...
[Routes] Importing ./resources/index.js...
[Routes] Importing ./resources/page-content-routes.js...
[Routes] Importing ./auth.js...
[Routes] Importing ./admin/admin.js...
[Routes] Importing ./worker.js...
[Routes] Importing ./utilities/inquiry-admin.js...
[Routes] Importing ./utilities/footer-config.js...
[Routes] Importing ./utilities/api-based-population.js...
[Routes] Importing ./utilities/data-creation.js...
[Routes] Importing ./utilities/direct-postgres-population.js...
[Routes] Importing ./utilities/kv-diagnostics.js...
[Routes] Importing ./utilities/metrics.js...
[Routes] Importing ./utilities/migration-execution.js...
[Routes] Importing ./docs.js...

{"level":30,"time":1767363674705,"service":"run-apparel-api","msg":"[Auth] ✅ AuthService initialized (OIDC + PostgreSQL sessions)"}
{"level":30,"time":1767363674705,"service":"run-apparel-api","msg":"[Routes] Mounting API routes with flat structure (/api/*)"}
[90mstdout[2m | tests/api.test.ts[2m > [22m[2mFORENSIC API TESTS - Critical Endpoint Validation
[22m[39m[Routes] Imported ./feature-flags.js

[90mstdout[2m | tests/api.test.ts[2m > [22m[2mFORENSIC API TESTS - Critical Endpoint Validation
[22m[39m[Routes] Imported ./auth.js

[90mstdout[2m | tests/api.test.ts[2m > [22m[2mFORENSIC API TESTS - Critical Endpoint Validation
[22m[39m[Routes] Imported ./utilities/api-based-population.js
[Routes] Imported ./utilities/kv-diagnostics.js

[90mstdout[2m | tests/api.test.ts[2m > [22m[2mFORENSIC API TESTS - Critical Endpoint Validation
[22m[39m[Routes] Imported ./utilities/data-creation.js

[90mstdout[2m | tests/api.test.ts[2m > [22m[2mFORENSIC API TESTS - Critical Endpoint Validation
[22m[39m[Routes] Imported ./inquiries.js

{"level":40,"time":1767363675075,"service":"run-apparel-api","msg":"UPSTASH_REDIS_REST_URL or UPSTASH_REDIS_REST_TOKEN is missing. Rate limiting will fall back to in-memory storage."}
[90mstderr[2m | tests/api.test.ts[2m > [22m[2mFORENSIC API TESTS - Critical Endpoint Validation
[22m[39m[Upstash Redis] The 'url' property is missing or undefined in your Redis config.
[Upstash Redis] The 'token' property is missing or undefined in your Redis config.

[90mstdout[2m | tests/api.test.ts[2m > [22m[2mFORENSIC API TESTS - Critical Endpoint Validation
[22m[39m[Routes] Imported ./admin/admin.js

{"level":30,"time":1767363675080,"service":"run-apparel-api","msg":"[Cache] ⚠️ Unified In-Memory Cache initialized (L2 Redis disabled)"}
[90mstdout[2m | tests/api.test.ts[2m > [22m[2mFORENSIC API TESTS - Critical Endpoint Validation
[22m[39m[Routes] Imported ./utilities/inquiry-admin.js

{"level":40,"time":1767363675173,"service":"run-apparel-api","msg":"[Email] Gmail credentials not configured - email notifications disabled"}
[90mstdout[2m | tests/api.test.ts[2m > [22m[2mFORENSIC API TESTS - Critical Endpoint Validation
[22m[39m[Routes] Imported ./worker.js

[90mstdout[2m | tests/api.test.ts[2m > [22m[2mFORENSIC API TESTS - Critical Endpoint Validation
[22m[39m[Routes] Imported ./docs.js

{"level":30,"time":1767363675423,"service":"run-apparel-api","msg":"[Database] ✅ DATABASE_URL validation passed"}
[90mstderr[2m | tests/api.test.ts[2m > [22m[2mFORENSIC API TESTS - Critical Endpoint Validation
[22m[39m          
        ************************************************************
        *                                                          *
        *  WARNING: Running SQL directly from the browser can have *
        *  security implications. Even if your database is         *
        *  protected by Row-Level Security (RLS), use it at your   *
        *  own risk. This approach is great for fast prototyping,  *
        *  but ensure proper safeguards are in place to prevent    *
        *  misuse or execution of expensive SQL queries by your    *
        *  end users.                                              *
        *                                                          *
        *  If you've assessed the risks, suppress this message     *
        *  using the disableWarningInBrowsers configuration        *
        *  parameter.                                              *
        *                                                          *
        ************************************************************

[90mstdout[2m | tests/api.test.ts[2m > [22m[2mFORENSIC API TESTS - Critical Endpoint Validation
[22m[39m[Routes] Imported ./utilities/direct-postgres-population.js

[90mstdout[2m | tests/api.test.ts[2m > [22m[2mFORENSIC API TESTS - Critical Endpoint Validation
[22m[39m[Routes] Imported ./core/size-charts.js
[Routes] Imported ./media/folder-management.routes.js

{"level":30,"time":1767363675476,"service":"run-apparel-api","msg":"[DB Retry] Database retry logic initialized (maxRetries=3, backoffMs=50, exponential)"}
[90mstdout[2m | tests/api.test.ts[2m > [22m[2mFORENSIC API TESTS - Critical Endpoint Validation
[22m[39m[Routes] Imported ./utilities/migration-execution.js

[90mstdout[2m | tests/api.test.ts[2m > [22m[2mFORENSIC API TESTS - Critical Endpoint Validation
[22m[39m[Routes] Imported ./core/materials.js
[Routes] Imported ./core/fabrics.js

[90mstdout[2m | tests/api.test.ts[2m > [22m[2mFORENSIC API TESTS - Critical Endpoint Validation
[22m[39m[Routes] Imported ./core/products.js

{"level":30,"time":1767363675477,"service":"run-apparel-api","msg":"[TwoTierBatchCache] 🚀 Initialized: Delegating to UnifiedCache with SWR support"}
[90mstdout[2m | tests/api.test.ts[2m > [22m[2mFORENSIC API TESTS - Critical Endpoint Validation
[22m[39m[Routes] Imported ./utilities/footer-config.js

[90mstdout[2m | tests/api.test.ts[2m > [22m[2mFORENSIC API TESTS - Critical Endpoint Validation
[22m[39m[Routes] Imported ./core/certificates.js
[Routes] Imported ./resources/content-management-routes.js

{"level":30,"time":1767363675492,"service":"run-apparel-api","msg":"[Storage] Initialized Google Cloud Storage with bucket: run-media"}
[90mstdout[2m | tests/api.test.ts[2m > [22m[2mFORENSIC API TESTS - Critical Endpoint Validation
[22m[39m[Routes] Imported ./core/categories.js

[90mstdout[2m | tests/api.test.ts[2m > [22m[2mFORENSIC API TESTS - Critical Endpoint Validation
[22m[39m[Routes] Imported ./core/accessories.js

{"level":30,"time":1767363675514,"service":"run-apparel-api","msg":"DatabaseCircuitBreaker initialized with retry logic (max 3 attempts) and circuit breaker"}
[90mstdout[2m | tests/api.test.ts[2m > [22m[2mFORENSIC API TESTS - Critical Endpoint Validation
[22m[39m[Routes] Imported ./resources/page-content-routes.js

[90mstdout[2m | tests/api.test.ts[2m > [22m[2mFORENSIC API TESTS - Critical Endpoint Validation
[22m[39m[Routes] Imported ./utilities/metrics.js

{"level":40,"time":1767363675585,"service":"run-apparel-api","msg":"[AlertManager] GC monitoring enabled but --expose-gc flag not set. GC pause tracking unavailable."}
{"level":30,"time":1767363675586,"service":"run-apparel-api","slowQuery":{"durationMs":500,"consecutiveCount":3},"errorRate":{"percentageThreshold":10,"timeWindowMinutes":5},"httpErrorRate":{"percentageThreshold":5},"circuitBreaker":{"alertOnOpen":true,"alertOnHalfOpen":false},"memory":{"percentageThreshold":80},"dbConnection":{"alertOnError":true,"alertOnTimeout":true},"gcPause":{"enabled":true,"thresholdMs":100},"msg":"[AlertManager] Initialized with thresholds:"}
[90mstderr[2m | tests/error-handling.integration.test.ts
[22m[39m[Upstash Redis] The 'url' property is missing or undefined in your Redis config.
[Upstash Redis] The 'token' property is missing or undefined in your Redis config.

{"level":40,"time":1767363675597,"service":"run-apparel-api","msg":"UPSTASH_REDIS_REST_URL or UPSTASH_REDIS_REST_TOKEN is missing. Rate limiting will fall back to in-memory storage."}
{"level":30,"time":1767363675599,"service":"run-apparel-api","msg":"[Cache] ⚠️ Unified In-Memory Cache initialized (L2 Redis disabled)"}
{"level":30,"time":1767363675670,"service":"run-apparel-api","msg":"DatabaseCircuitBreaker initialized with retry logic (max 3 attempts) and circuit breaker"}
objc[46951]: Class GNotificationCenterDelegate is implemented in both /Users/hateemjamshaid/Downloads/RUN-Remix/server/node_modules/@img/sharp-libvips-darwin-x64/lib/libvips-cpp.42.dylib (0x140fe9340) and /Users/hateemjamshaid/Downloads/RUN-Remix/node_modules/@img/sharp-libvips-darwin-x64/lib/libvips-cpp.8.17.3.dylib (0x143ad8b30). This may cause spurious casting failures and mysterious crashes. One of the duplicates must be removed or renamed.
[90mstdout[2m | tests/error-handling.integration.test.ts
[22m[39m!!! REAL storage-singleton INIT RUNNING !!!

{"level":30,"time":1767363675798,"service":"run-apparel-api","msg":"[StorageSingleton] Initializing Direct PostgreSQL Storage..."}
{"level":30,"time":1767363675798,"service":"run-apparel-api","msg":"[StorageSingleton] ✅ Direct PostgreSQL Storage initialized successfully"}
{"level":30,"time":1767363675927,"service":"run-apparel-api","msg":"[DB Retry] Database retry logic initialized (maxRetries=3, backoffMs=50, exponential)"}
{"level":30,"time":1767363675953,"service":"run-apparel-api","msg":"[Storage] Initialized Google Cloud Storage with bucket: run-media"}
{"level":30,"time":1767363675957,"service":"run-apparel-api","effectiveOrigins":["*"],"msg":"[CORS] Middleware initialized for development"}
{"level":30,"time":1767363675970,"service":"run-apparel-api","msg":"[Storage] Initialized Google Cloud Storage with bucket: run-media"}
[90mstderr[2m | tests/error-handling.integration.test.ts[2m > [22m[2mSystem-Wide Error Handling Integration Tests[2m > [22m[2m🔌 Resilience[2m > [22m[2mDatabase failure simulation (using Mock if possible or check handling)
[22m[39m          
        ************************************************************
        *                                                          *
        *  WARNING: Running SQL directly from the browser can have *
        *  security implications. Even if your database is         *
        *  protected by Row-Level Security (RLS), use it at your   *
        *  own risk. This approach is great for fast prototyping,  *
        *  but ensure proper safeguards are in place to prevent    *
        *  misuse or execution of expensive SQL queries by your    *
        *  end users.                                              *
        *                                                          *
        *  If you've assessed the risks, suppress this message     *
        *  using the disableWarningInBrowsers configuration        *
        *  parameter.                                              *
        *                                                          *
        ************************************************************

{"level":30,"time":1767363676035,"service":"run-apparel-api","msg":"[RateLimiter] Production-grade rate limiters initialized"}
[90mstdout[2m | tests/error-handling.integration.test.ts[2m > [22m[2mSystem-Wide Error Handling Integration Tests[2m > [22m[2m🔌 Resilience[2m > [22m[2mDatabase failure simulation (using Mock if possible or check handling)
[22m[39m[Routes] Importing ./core/categories.js...
[Routes] Importing ./core/products.js...
[Routes] Importing ./core/fabrics.js...
[Routes] Importing ./core/accessories.js...
[Routes] Importing ./core/certificates.js...
[Routes] Importing ./core/materials.js...
[Routes] Importing ./core/size-charts.js...
[Routes] Importing ./feature-flags.js...
[Routes] Importing ./inquiries.js...
[Routes] Importing ./media/folder-management.routes.js...
[Routes] Importing ./media/index.js...
[Routes] Importing ./resources/content-management-routes.js...
[Routes] Importing ./resources/index.js...
[Routes] Importing ./resources/page-content-routes.js...
[Routes] Importing ./auth.js...
[Routes] Importing ./admin/admin.js...
[Routes] Importing ./worker.js...
[Routes] Importing ./utilities/inquiry-admin.js...
[Routes] Importing ./utilities/footer-config.js...
[Routes] Importing ./utilities/api-based-population.js...
[Routes] Importing ./utilities/data-creation.js...
[Routes] Importing ./utilities/direct-postgres-population.js...
[Routes] Importing ./utilities/kv-diagnostics.js...
[Routes] Importing ./utilities/metrics.js...
[Routes] Importing ./utilities/migration-execution.js...
[Routes] Importing ./docs.js...

{"level":30,"time":1767363676035,"service":"run-apparel-api","msg":"[RateLimiter] General: 100 req/900000ms"}
{"level":30,"time":1767363676035,"service":"run-apparel-api","msg":"[RateLimiter] Admin: 30 req/900000ms"}
{"level":30,"time":1767363676035,"service":"run-apparel-api","msg":"[RateLimiter] Diagnostic: 10 req/60000ms"}
{"level":30,"time":1767363676052,"service":"run-apparel-api","pooling":"enabled","driver":"Neon HTTP (stateless)","concurrencyTracking":"enabled","metricsEndpoint":"/api/metrics/database","msg":"[Database] ✅ Connection pool metrics initialized:"}
{"level":30,"time":1767363676052,"service":"run-apparel-api","msg":"[Database] ✅ NEON CONNECTION POOLING ENABLED - Production ready for 300+ concurrent users"}
{"level":30,"time":1767363676059,"service":"run-apparel-api","msg":"[AuthService] ✅ Authentication configured"}
{"level":30,"time":1767363676059,"service":"run-apparel-api","msg":"[Auth] ✅ AuthService initialized (OIDC + PostgreSQL sessions)"}
{"level":30,"time":1767363676060,"service":"run-apparel-api","msg":"[Routes] Mounting API routes with flat structure (/api/*)"}
[90mstdout[2m | tests/error-handling.integration.test.ts[2m > [22m[2mSystem-Wide Error Handling Integration Tests[2m > [22m[2m🔌 Resilience[2m > [22m[2mDatabase failure simulation (using Mock if possible or check handling)
[22m[39m[Routes] Imported ./feature-flags.js

[90mstdout[2m | tests/error-handling.integration.test.ts[2m > [22m[2mSystem-Wide Error Handling Integration Tests[2m > [22m[2m🔌 Resilience[2m > [22m[2mDatabase failure simulation (using Mock if possible or check handling)
[22m[39m[Routes] Imported ./utilities/api-based-population.js

[90mstdout[2m | tests/error-handling.integration.test.ts[2m > [22m[2mSystem-Wide Error Handling Integration Tests[2m > [22m[2m🔌 Resilience[2m > [22m[2mDatabase failure simulation (using Mock if possible or check handling)
[22m[39m[Routes] Imported ./utilities/data-creation.js

[90mstdout[2m | tests/error-handling.integration.test.ts[2m > [22m[2mSystem-Wide Error Handling Integration Tests[2m > [22m[2m🔌 Resilience[2m > [22m[2mDatabase failure simulation (using Mock if possible or check handling)
[22m[39m[Routes] Imported ./auth.js

[90mstdout[2m | tests/error-handling.integration.test.ts[2m > [22m[2mSystem-Wide Error Handling Integration Tests[2m > [22m[2m🔌 Resilience[2m > [22m[2mDatabase failure simulation (using Mock if possible or check handling)
[22m[39m[Routes] Imported ./inquiries.js
[Routes] Imported ./utilities/inquiry-admin.js

[90mstdout[2m | tests/error-handling.integration.test.ts[2m > [22m[2mSystem-Wide Error Handling Integration Tests[2m > [22m[2m🔌 Resilience[2m > [22m[2mDatabase failure simulation (using Mock if possible or check handling)
[22m[39m[Routes] Imported ./utilities/kv-diagnostics.js

[90mstdout[2m | tests/error-handling.integration.test.ts[2m > [22m[2mSystem-Wide Error Handling Integration Tests[2m > [22m[2m🔌 Resilience[2m > [22m[2mDatabase failure simulation (using Mock if possible or check handling)
[22m[39m[Routes] Imported ./utilities/direct-postgres-population.js

[90mstdout[2m | tests/error-handling.integration.test.ts[2m > [22m[2mSystem-Wide Error Handling Integration Tests[2m > [22m[2m🔌 Resilience[2m > [22m[2mDatabase failure simulation (using Mock if possible or check handling)
[22m[39m[Routes] Imported ./utilities/footer-config.js

[90mstdout[2m | tests/error-handling.integration.test.ts[2m > [22m[2mSystem-Wide Error Handling Integration Tests[2m > [22m[2m🔌 Resilience[2m > [22m[2mDatabase failure simulation (using Mock if possible or check handling)
[22m[39m[Routes] Imported ./resources/content-management-routes.js

{"level":30,"time":1767363676103,"service":"run-apparel-api","msg":"[TwoTierBatchCache] 🚀 Initialized: Delegating to UnifiedCache with SWR support"}
[90mstdout[2m | tests/error-handling.integration.test.ts[2m > [22m[2mSystem-Wide Error Handling Integration Tests[2m > [22m[2m🔌 Resilience[2m > [22m[2mDatabase failure simulation (using Mock if possible or check handling)
[22m[39m[Routes] Imported ./admin/admin.js
[Routes] Imported ./core/size-charts.js
[Routes] Imported ./media/folder-management.routes.js
[Routes] Imported ./core/fabrics.js
[Routes] Imported ./core/materials.js
[Routes] Imported ./core/certificates.js
[Routes] Imported ./core/accessories.js

[90mstdout[2m | tests/error-handling.integration.test.ts[2m > [22m[2mSystem-Wide Error Handling Integration Tests[2m > [22m[2m🔌 Resilience[2m > [22m[2mDatabase failure simulation (using Mock if possible or check handling)
[22m[39m[Routes] Imported ./utilities/migration-execution.js
[Routes] Imported ./resources/page-content-routes.js

[90mstdout[2m | tests/error-handling.integration.test.ts[2m > [22m[2mSystem-Wide Error Handling Integration Tests[2m > [22m[2m🔌 Resilience[2m > [22m[2mDatabase failure simulation (using Mock if possible or check handling)
[22m[39m[Routes] Imported ./core/products.js

[90mstdout[2m | tests/error-handling.integration.test.ts[2m > [22m[2mSystem-Wide Error Handling Integration Tests[2m > [22m[2m🔌 Resilience[2m > [22m[2mDatabase failure simulation (using Mock if possible or check handling)
[22m[39m[Routes] Imported ./core/categories.js

[Upstash Redis] The 'url' property is missing or undefined in your Redis config.
[Upstash Redis] The 'token' property is missing or undefined in your Redis config.
[90mstdout[2m | tests/error-handling.integration.test.ts[2m > [22m[2mSystem-Wide Error Handling Integration Tests[2m > [22m[2m🔌 Resilience[2m > [22m[2mDatabase failure simulation (using Mock if possible or check handling)
[22m[39m[Routes] Imported ./utilities/metrics.js

{"level":40,"time":1767363676109,"service":"run-apparel-api","msg":"[AlertManager] GC monitoring enabled but --expose-gc flag not set. GC pause tracking unavailable."}
{"level":30,"time":1767363676109,"service":"run-apparel-api","slowQuery":{"durationMs":500,"consecutiveCount":3},"errorRate":{"percentageThreshold":10,"timeWindowMinutes":5},"httpErrorRate":{"percentageThreshold":5},"circuitBreaker":{"alertOnOpen":true,"alertOnHalfOpen":false},"memory":{"percentageThreshold":80},"dbConnection":{"alertOnError":true,"alertOnTimeout":true},"gcPause":{"enabled":true,"thresholdMs":100},"msg":"[AlertManager] Initialized with thresholds:"}
!!! REAL storage-singleton INIT RUNNING !!!
[Upstash Redis] The 'url' property is missing or undefined in your Redis config.
[Upstash Redis] The 'token' property is missing or undefined in your Redis config.
!!! REAL storage-singleton INIT RUNNING !!!
[Upstash Redis] The 'url' property is missing or undefined in your Redis config.
[Upstash Redis] The 'token' property is missing or undefined in your Redis config.
!!! REAL storage-singleton INIT RUNNING !!!
[Upstash Redis] The 'url' property is missing or undefined in your Redis config.
[Upstash Redis] The 'token' property is missing or undefined in your Redis config.
!!! REAL storage-singleton INIT RUNNING !!!
[90mstdout[2m | tests/error-handling.integration.test.ts[2m > [22m[2mSystem-Wide Error Handling Integration Tests[2m > [22m[2m🔌 Resilience[2m > [22m[2mDatabase failure simulation (using Mock if possible or check handling)
[22m[39m[Routes] Imported ./docs.js

[90mstdout[2m | tests/error-handling.integration.test.ts[2m > [22m[2mSystem-Wide Error Handling Integration Tests[2m > [22m[2m🔌 Resilience[2m > [22m[2mDatabase failure simulation (using Mock if possible or check handling)
[22m[39m[Routes] Imported ./worker.js

{"level":40,"time":1767363676195,"service":"run-apparel-api","msg":"[Email] Gmail credentials not configured - email notifications disabled"}
[90mstdout[2m | tests/api.test.ts[2m > [22m[2mFORENSIC API TESTS - Critical Endpoint Validation
[22m[39m[Routes] Imported ./media/index.js

{"level":30,"time":1767363676145,"service":"run-apparel-api","msg":"[Database] ✅ DATABASE_URL validation passed"}
{"level":40,"time":1767363676151,"service":"run-apparel-api","msg":"UPSTASH_REDIS_REST_URL or UPSTASH_REDIS_REST_TOKEN is missing. Rate limiting will fall back to in-memory storage."}
{"level":30,"time":1767363676152,"service":"run-apparel-api","msg":"[Cache] ⚠️ Unified In-Memory Cache initialized (L2 Redis disabled)"}
{"level":30,"time":1767363676152,"service":"run-apparel-api","msg":"DatabaseCircuitBreaker initialized with retry logic (max 3 attempts) and circuit breaker"}
{"level":30,"time":1767363676152,"service":"run-apparel-api","msg":"[StorageSingleton] Initializing Direct PostgreSQL Storage..."}
{"level":30,"time":1767363676152,"service":"run-apparel-api","msg":"[StorageSingleton] ✅ Direct PostgreSQL Storage initialized successfully"}
{"level":30,"time":1767363676178,"service":"run-apparel-api","effectiveOrigins":["*"],"msg":"[CORS] Middleware initialized for production"}
{"level":30,"time":1767363676145,"service":"run-apparel-api","msg":"[Database] ✅ DATABASE_URL validation passed"}
{"level":40,"time":1767363676150,"service":"run-apparel-api","msg":"UPSTASH_REDIS_REST_URL or UPSTASH_REDIS_REST_TOKEN is missing. Rate limiting will fall back to in-memory storage."}
{"level":30,"time":1767363676151,"service":"run-apparel-api","msg":"[Cache] ⚠️ Unified In-Memory Cache initialized (L2 Redis disabled)"}
{"level":30,"time":1767363676152,"service":"run-apparel-api","msg":"DatabaseCircuitBreaker initialized with retry logic (max 3 attempts) and circuit breaker"}
{"level":30,"time":1767363676152,"service":"run-apparel-api","msg":"[StorageSingleton] Initializing Direct PostgreSQL Storage..."}
{"level":30,"time":1767363676152,"service":"run-apparel-api","msg":"[StorageSingleton] ✅ Direct PostgreSQL Storage initialized successfully"}
{"level":30,"time":1767363676179,"service":"run-apparel-api","effectiveOrigins":["*"],"msg":"[CORS] Middleware initialized for development"}
[Routes] Importing ./core/categories.js...
[Routes] Importing ./core/products.js...
[Routes] Importing ./core/fabrics.js...
[Routes] Importing ./core/accessories.js...
[Routes] Importing ./core/certificates.js...
[Routes] Importing ./core/materials.js...
[Routes] Importing ./core/size-charts.js...
[Routes] Importing ./feature-flags.js...
[Routes] Importing ./inquiries.js...
[Routes] Importing ./media/folder-management.routes.js...
[Routes] Importing ./media/index.js...
[Routes] Importing ./resources/content-management-routes.js...
[Routes] Importing ./resources/index.js...
[Routes] Importing ./resources/page-content-routes.js...
[Routes] Importing ./auth.js...
[Routes] Importing ./admin/admin.js...
[Routes] Importing ./worker.js...
[Routes] Importing ./utilities/inquiry-admin.js...
[Routes] Importing ./utilities/footer-config.js...
[Routes] Importing ./utilities/api-based-population.js...
[Routes] Importing ./utilities/data-creation.js...
[Routes] Importing ./utilities/direct-postgres-population.js...
[Routes] Importing ./utilities/kv-diagnostics.js...
[Routes] Importing ./utilities/metrics.js...
[Routes] Importing ./utilities/migration-execution.js...
[Routes] Importing ./docs.js...
[2026-01-02 19:21:15.965 +0500] [32mINFO[39m: [36m[Storage] Initialized Google Cloud Storage with bucket: run-media [39m
    [35mservice[39m: "run-apparel-api"
[2026-01-02 19:21:15.953 +0500] [32mINFO[39m: [36m[Storage] Initialized Google Cloud Storage with bucket: run-media [39m
    [35mservice[39m: "run-apparel-api"
[2026-01-02 19:21:16.100 +0500] [32mINFO[39m: [36m[Database] ✅ DATABASE_URL validation passed [39m
    [35mservice[39m: "run-apparel-api"
[2026-01-02 19:21:16.108 +0500] [33mWARN[39m: [36mUPSTASH_REDIS_REST_URL or UPSTASH_REDIS_REST_TOKEN is missing. Rate limiting will fall back to in-memory storage. [39m
    [35mservice[39m: "run-apparel-api"
[2026-01-02 19:21:16.109 +0500] [32mINFO[39m: [36m[Cache] ⚠️ Unified In-Memory Cache initialized (L2 Redis disabled) [39m
    [35mservice[39m: "run-apparel-api"
[2026-01-02 19:21:16.110 +0500] [32mINFO[39m: [36mDatabaseCircuitBreaker initialized with retry logic (max 3 attempts) and circuit breaker [39m
    [35mservice[39m: "run-apparel-api"
[2026-01-02 19:21:16.110 +0500] [32mINFO[39m: [36m[StorageSingleton] Initializing Direct PostgreSQL Storage... [39m
    [35mservice[39m: "run-apparel-api"
[2026-01-02 19:21:16.110 +0500] [32mINFO[39m: [36m[StorageSingleton] ✅ Direct PostgreSQL Storage initialized successfully [39m
    [35mservice[39m: "run-apparel-api"
[2026-01-02 19:21:16.150 +0500] [32mINFO[39m: [36m[CORS] Middleware initialized for development [39m
    [35mservice[39m: "run-apparel-api"
    [35meffectiveOrigins[39m: [
      "*"
    ]
[2026-01-02 19:21:16.110 +0500] [32mINFO[39m: [36m[Database] ✅ DATABASE_URL validation passed [39m
    [35mservice[39m: "run-apparel-api"
[2026-01-02 19:21:16.118 +0500] [33mWARN[39m: [36mUPSTASH_REDIS_REST_URL or UPSTASH_REDIS_REST_TOKEN is missing. Rate limiting will fall back to in-memory storage. [39m
    [35mservice[39m: "run-apparel-api"
[2026-01-02 19:21:16.120 +0500] [32mINFO[39m: [36m[Cache] ⚠️ Unified In-Memory Cache initialized (L2 Redis disabled) [39m
    [35mservice[39m: "run-apparel-api"
[2026-01-02 19:21:16.120 +0500] [32mINFO[39m: [36mDatabaseCircuitBreaker initialized with retry logic (max 3 attempts) and circuit breaker [39m
    [35mservice[39m: "run-apparel-api"
[2026-01-02 19:21:16.120 +0500] [32mINFO[39m: [36m[StorageSingleton] Initializing Direct PostgreSQL Storage... [39m
    [35mservice[39m: "run-apparel-api"
[2026-01-02 19:21:16.120 +0500] [32mINFO[39m: [36m[StorageSingleton] ✅ Direct PostgreSQL Storage initialized successfully [39m
    [35mservice[39m: "run-apparel-api"
[2026-01-02 19:21:16.150 +0500] [32mINFO[39m: [36m[CORS] Middleware initialized for development [39m
    [35mservice[39m: "run-apparel-api"
    [35meffectiveOrigins[39m: [
      "*"
    ]
[2026-01-02 19:21:16.245 +0500] [32mINFO[39m: [36m[RateLimiter] Production-grade rate limiters initialized [39m
    [35mservice[39m: "run-apparel-api"
[2026-01-02 19:21:16.246 +0500] [32mINFO[39m: [36m[RateLimiter] General: 100 req/900000ms [39m
    [35mservice[39m: "run-apparel-api"
[2026-01-02 19:21:16.246 +0500] [32mINFO[39m: [36m[RateLimiter] Admin: 30 req/900000ms [39m
    [35mservice[39m: "run-apparel-api"
[2026-01-02 19:21:16.246 +0500] [32mINFO[39m: [36m[RateLimiter] Diagnostic: 10 req/60000ms [39m
    [35mservice[39m: "run-apparel-api"
[2026-01-02 19:21:16.254 +0500] [32mINFO[39m: [36m[AuthService] ✅ Authentication configured [39m
    [35mservice[39m: "run-apparel-api"
[2026-01-02 19:21:16.255 +0500] [32mINFO[39m: [36m[Auth] ✅ AuthService initialized (OIDC + PostgreSQL sessions) [39m
    [35mservice[39m: "run-apparel-api"
[2026-01-02 19:21:16.255 +0500] [32mINFO[39m: [36m[Routes] Mounting API routes with flat structure (/api/*) [39m
    [35mservice[39m: "run-apparel-api"
{"level":30,"time":1767363676286,"service":"run-apparel-api","msg":"[RateLimiter] Production-grade rate limiters initialized"}
{"level":30,"time":1767363676286,"service":"run-apparel-api","msg":"[RateLimiter] General: 100 req/900000ms"}
{"level":30,"time":1767363676286,"service":"run-apparel-api","msg":"[RateLimiter] Admin: 30 req/900000ms"}
{"level":30,"time":1767363676286,"service":"run-apparel-api","msg":"[RateLimiter] Diagnostic: 10 req/60000ms"}
[2026-01-02 19:21:16.278 +0500] [32mINFO[39m: [36m[RateLimiter] Production-grade rate limiters initialized [39m
    [35mservice[39m: "run-apparel-api"
[2026-01-02 19:21:16.279 +0500] [32mINFO[39m: [36m[RateLimiter] General: 100 req/900000ms [39m
    [35mservice[39m: "run-apparel-api"
[2026-01-02 19:21:16.279 +0500] [32mINFO[39m: [36m[RateLimiter] Admin: 30 req/900000ms [39m
    [35mservice[39m: "run-apparel-api"
[2026-01-02 19:21:16.279 +0500] [32mINFO[39m: [36m[RateLimiter] Diagnostic: 10 req/60000ms [39m
    [35mservice[39m: "run-apparel-api"
{"level":30,"time":1767363676292,"service":"run-apparel-api","msg":"[RateLimiter] Production-grade rate limiters initialized"}
{"level":30,"time":1767363676292,"service":"run-apparel-api","msg":"[RateLimiter] General: 100 req/900000ms"}
{"level":30,"time":1767363676292,"service":"run-apparel-api","msg":"[RateLimiter] Admin: 30 req/900000ms"}
{"level":30,"time":1767363676292,"service":"run-apparel-api","msg":"[RateLimiter] Diagnostic: 10 req/60000ms"}
{"level":30,"time":1767363676295,"service":"run-apparel-api","msg":"[AuthService] ✅ Authentication configured"}
[Routes] Importing ./core/categories.js...
[Routes] Importing ./core/products.js...
[Routes] Importing ./core/fabrics.js...
[Routes] Importing ./core/accessories.js...
[Routes] Importing ./core/certificates.js...
[Routes] Importing ./core/materials.js...
{"level":30,"time":1767363676298,"service":"run-apparel-api","msg":"[AuthService] ✅ Authentication configured"}
[Routes] Importing ./core/categories.js...
[Routes] Importing ./core/products.js...
[Routes] Importing ./core/fabrics.js...
[Routes] Importing ./core/accessories.js...
[Routes] Importing ./core/certificates.js...
[Routes] Importing ./core/size-charts.js...
[Routes] Importing ./feature-flags.js...
[Routes] Importing ./inquiries.js...
[Routes] Importing ./media/folder-management.routes.js...
[Routes] Importing ./media/index.js...
[Routes] Importing ./resources/content-management-routes.js...
[Routes] Importing ./resources/index.js...
[Routes] Importing ./resources/page-content-routes.js...
[Routes] Importing ./auth.js...
[Routes] Importing ./admin/admin.js...
[Routes] Importing ./worker.js...
[Routes] Importing ./utilities/inquiry-admin.js...
[Routes] Importing ./utilities/footer-config.js...
[Routes] Importing ./utilities/api-based-population.js...
[Routes] Importing ./utilities/data-creation.js...
[Routes] Importing ./utilities/direct-postgres-population.js...
[Routes] Importing ./utilities/kv-diagnostics.js...
[Routes] Importing ./utilities/metrics.js...
[Routes] Importing ./utilities/migration-execution.js...
[Routes] Importing ./docs.js...
{"level":30,"time":1767363676295,"service":"run-apparel-api","msg":"[Auth] ✅ AuthService initialized (OIDC + PostgreSQL sessions)"}
{"level":30,"time":1767363676295,"service":"run-apparel-api","msg":"[Routes] Mounting API routes with flat structure (/api/*)"}
[Routes] Importing ./core/materials.js...
[Routes] Importing ./core/size-charts.js...
[Routes] Importing ./feature-flags.js...
[Routes] Importing ./inquiries.js...
[Routes] Importing ./media/folder-management.routes.js...
[Routes] Importing ./media/index.js...
[Routes] Importing ./resources/content-management-routes.js...
[Routes] Importing ./core/categories.js...
[Routes] Importing ./core/products.js...
[Routes] Importing ./core/fabrics.js...
[Routes] Importing ./core/accessories.js...
[Routes] Importing ./core/certificates.js...
[Routes] Importing ./core/materials.js...
[Routes] Imported ./feature-flags.js
[Routes] Importing ./resources/index.js...
[Routes] Importing ./resources/page-content-routes.js...
[Routes] Importing ./auth.js...
[Routes] Importing ./admin/admin.js...
[Routes] Importing ./worker.js...
[Routes] Importing ./utilities/inquiry-admin.js...
[Routes] Importing ./utilities/footer-config.js...
[Routes] Importing ./utilities/api-based-population.js...
[Routes] Importing ./utilities/data-creation.js...
[Routes] Importing ./utilities/direct-postgres-population.js...
[Routes] Imported ./inquiries.js
[Routes] Importing ./utilities/kv-diagnostics.js...
[Routes] Importing ./utilities/metrics.js...
[Routes] Importing ./utilities/migration-execution.js...
[Routes] Importing ./docs.js...
{"level":30,"time":1767363676298,"service":"run-apparel-api","msg":"[Auth] ✅ AuthService initialized (OIDC + PostgreSQL sessions)"}
{"level":30,"time":1767363676298,"service":"run-apparel-api","msg":"[Routes] Mounting API routes with flat structure (/api/*)"}
[Routes] Importing ./core/size-charts.js...
[Routes] Importing ./feature-flags.js...
[Routes] Importing ./inquiries.js...
[Routes] Importing ./media/folder-management.routes.js...
[Routes] Importing ./media/index.js...
[Routes] Importing ./resources/content-management-routes.js...
[Routes] Importing ./resources/index.js...
[Routes] Importing ./resources/page-content-routes.js...
[Routes] Importing ./auth.js...
[Routes] Importing ./admin/admin.js...
[Routes] Importing ./worker.js...
[Routes] Importing ./utilities/inquiry-admin.js...
[Routes] Importing ./utilities/footer-config.js...
[Routes] Importing ./utilities/api-based-population.js...
[Routes] Importing ./utilities/data-creation.js...
[Routes] Importing ./utilities/direct-postgres-population.js...
[Routes] Importing ./utilities/kv-diagnostics.js...
[Routes] Importing ./utilities/metrics.js...
[Routes] Importing ./utilities/migration-execution.js...
[Routes] Importing ./docs.js...
[2026-01-02 19:21:16.300 +0500] [32mINFO[39m: [36m[AuthService] ✅ Authentication configured [39m
    [35mservice[39m: "run-apparel-api"
[2026-01-02 19:21:16.300 +0500] [32mINFO[39m: [36m[Auth] ✅ AuthService initialized (OIDC + PostgreSQL sessions) [39m
    [35mservice[39m: "run-apparel-api"
[2026-01-02 19:21:16.300 +0500] [32mINFO[39m: [36m[Routes] Mounting API routes with flat structure (/api/*) [39m
    [35mservice[39m: "run-apparel-api"
[Routes] Imported ./auth.js
[Routes] Imported ./utilities/data-creation.js
[Routes] Imported ./feature-flags.js
[Routes] Imported ./inquiries.js
[Routes] Imported ./auth.js
[Routes] Imported ./feature-flags.js
[Routes] Imported ./inquiries.js
[Routes] Imported ./feature-flags.js
[90mstdout[2m | tests/api.test.ts[2m > [22m[2mFORENSIC API TESTS - Critical Endpoint Validation
[22m[39m[Routes] Imported ./resources/index.js

[Routes] Imported ./inquiries.js
[Routes] Imported ./auth.js
[Routes] Imported ./utilities/data-creation.js
[Routes] Imported ./utilities/direct-postgres-population.js
[Routes] Imported ./utilities/kv-diagnostics.js
[Routes] Imported ./utilities/api-based-population.js
{"level":30,"time":1767363676352,"service":"run-apparel-api","msg":"[Routes] Unified metrics endpoints registered: /api/metrics, /api/metrics/cache, /api/metrics/database, /api/metrics/http, /api/metrics/system, /api/metrics/errors, /api/metrics/alerts, /api/health/db, /api/cache/invalidation-time"}
[Routes] Imported ./auth.js
[Routes] Imported ./utilities/data-creation.js
[Routes] Imported ./utilities/api-based-population.js
[Routes] Imported ./utilities/data-creation.js
[Routes] Imported ./utilities/direct-postgres-population.js
[Routes] Imported ./utilities/kv-diagnostics.js
[Routes] Imported ./utilities/api-based-population.js
{"level":30,"time":1767363676353,"service":"run-apparel-api","msg":"[Routes] ✅ All routes registered successfully (Centralized Auth)"}
[Routes] Imported ./utilities/inquiry-admin.js
[Routes] Imported ./utilities/direct-postgres-population.js
[Routes] Imported ./utilities/kv-diagnostics.js
[Routes] Imported ./utilities/api-based-population.js
{"level":30,"time":1767363676375,"service":"run-apparel-api","msg":"[DB Retry] Database retry logic initialized (maxRetries=3, backoffMs=50, exponential)"}
[Routes] Imported ./core/materials.js
[Routes] Imported ./core/size-charts.js
[Routes] Imported ./media/folder-management.routes.js
[Routes] Imported ./core/fabrics.js
[Routes] Imported ./admin/admin.js
[Routes] Imported ./utilities/inquiry-admin.js
{"level":30,"time":1767363676381,"service":"run-apparel-api","correlationId":"e5b16409-da12-48c4-9ebb-19d2f3fda0aa","msg":"[404 err_18952687692986] GET /api/homepage-hero"}
[Routes] Imported ./utilities/footer-config.js
[Routes] Imported ./core/size-charts.js
[Routes] Imported ./media/folder-management.routes.js
[Routes] Imported ./core/certificates.js
[Routes] Imported ./resources/content-management-routes.js
[Routes] Imported ./core/fabrics.js
[Routes] Imported ./core/materials.js
[Routes] Imported ./admin/admin.js
[Routes] Imported ./utilities/inquiry-admin.js
[Routes] Imported ./utilities/direct-postgres-population.js
[Routes] Imported ./utilities/kv-diagnostics.js
[Routes] Imported ./resources/content-management-routes.js
[Routes] Imported ./core/certificates.js
[Routes] Imported ./core/size-charts.js
[Routes] Imported ./media/folder-management.routes.js
[Routes] Imported ./admin/admin.js
[Routes] Imported ./core/materials.js
[Routes] Imported ./core/fabrics.js
[Routes] Imported ./core/accessories.js
{"level":30,"time":1767363676405,"service":"run-apparel-api","msg":"[DB Retry] Database retry logic initialized (maxRetries=3, backoffMs=50, exponential)"}
[Routes] Imported ./utilities/footer-config.js
[Routes] Imported ./utilities/inquiry-admin.js
[Routes] Imported ./core/size-charts.js
[Routes] Imported ./media/folder-management.routes.js
[Routes] Imported ./admin/admin.js
[Routes] Imported ./resources/content-management-routes.js
[Routes] Imported ./core/certificates.js
[Routes] Imported ./resources/page-content-routes.js
[Routes] Imported ./utilities/migration-execution.js
[Routes] Imported ./utilities/footer-config.js
[Routes] Imported ./resources/content-management-routes.js
[Routes] Imported ./core/certificates.js
[Routes] Imported ./core/accessories.js
[Routes] Imported ./core/products.js
[Routes] Imported ./core/categories.js
[Routes] Imported ./utilities/footer-config.js
{"level":30,"time":1767363676430,"service":"run-apparel-api","correlationId":"b0fbd9be-8db0-4f1b-9125-6f32083b0151","msg":"[404 err_18952687653677] GET /api/homepage-sections"}
[Routes] Imported ./resources/page-content-routes.js
[Routes] Imported ./utilities/migration-execution.js
[Routes] Imported ./core/products.js
[Routes] Imported ./core/categories.js
[Routes] Imported ./docs.js
[2026-01-02 19:21:16.402 +0500] [32mINFO[39m: [36m[DB Retry] Database retry logic initialized (maxRetries=3, backoffMs=50, exponential) [39m
    [35mservice[39m: "run-apparel-api"
[Routes] Imported ./docs.js
{"level":30,"time":1767363676446,"service":"run-apparel-api","correlationId":"ece309d5-326e-4959-b60b-8fbc107c5f76","msg":"[404 err_18952687692717] GET /api/categories"}
[Routes] Imported ./core/accessories.js
[Routes] Imported ./resources/page-content-routes.js
[Routes] Imported ./core/products.js
[Routes] Imported ./core/categories.js
{"level":50,"time":1767363676449,"service":"run-apparel-api","correlationId":"ece309d5-326e-4959-b60b-8fbc107c5f76","code":"ERR_HTTP_HEADERS_SENT","msg":"Route: Error fetching categories:"}
[Routes] Imported ./docs.js
[Routes] Imported ./core/fabrics.js
[Routes] Imported ./core/materials.js
[Routes] Imported ./core/accessories.js
[Routes] Imported ./worker.js
[Routes] Imported ./utilities/metrics.js
{"level":30,"time":1767363676470,"service":"run-apparel-api","correlationId":"aaf4c11a-6151-427d-95a4-52bf0b451a1c","msg":"[404 err_18952687684937] POST /api/categories"}
{"level":30,"time":1767363676474,"service":"run-apparel-api","correlationId":"f65e5088-45ec-4353-a224-332de7e9c41a","msg":"[404 err_18952687666235] GET /api/categories"}
{"level":40,"time":1767363676477,"service":"run-apparel-api","msg":"[Email] Gmail credentials not configured - email notifications disabled"}
[Routes] Imported ./resources/page-content-routes.js
[Routes] Imported ./utilities/migration-execution.js
[Routes] Imported ./worker.js
{"level":50,"time":1767363676477,"service":"run-apparel-api","correlationId":"f65e5088-45ec-4353-a224-332de7e9c41a","code":"ERR_HTTP_HEADERS_SENT","msg":"Route: Error fetching categories:"}
[Routes] Imported ./core/products.js
[Routes] Imported ./core/categories.js
{"level":30,"time":1767363676484,"service":"run-apparel-api","correlationId":"ec34384d-2f3c-43ce-b5f5-493a89cec140","msg":"[404 err_18952687643178] GET /api/products"}
{"level":50,"time":1767363676485,"service":"run-apparel-api","correlationId":"ec34384d-2f3c-43ce-b5f5-493a89cec140","code":"ERR_HTTP_HEADERS_SENT","msg":"Route: Error fetching products:"}
{"level":30,"time":1767363676491,"service":"run-apparel-api","msg":"[TwoTierBatchCache] 🚀 Initialized: Delegating to UnifiedCache with SWR support"}
[Routes] Imported ./docs.js
[Routes] Imported ./utilities/metrics.js
{"level":40,"time":1767363676494,"service":"run-apparel-api","msg":"[Email] Gmail credentials not configured - email notifications disabled"}
{"level":40,"time":1767363676491,"service":"run-apparel-api","msg":"[AlertManager] GC monitoring enabled but --expose-gc flag not set. GC pause tracking unavailable."}
{"level":30,"time":1767363676492,"service":"run-apparel-api","slowQuery":{"durationMs":500,"consecutiveCount":3},"errorRate":{"percentageThreshold":10,"timeWindowMinutes":5},"httpErrorRate":{"percentageThreshold":5},"circuitBreaker":{"alertOnOpen":true,"alertOnHalfOpen":false},"memory":{"percentageThreshold":80},"dbConnection":{"alertOnError":true,"alertOnTimeout":true},"gcPause":{"enabled":true,"thresholdMs":100},"msg":"[AlertManager] Initialized with thresholds:"}
{"level":30,"time":1767363676495,"service":"run-apparel-api","correlationId":"75ef23ec-0360-4795-9fca-db01320373da","msg":"[URL Validation] 🔍 Requested path: \"casual-wear/t-shirts/premium-cotton-tee\""}
{"level":30,"time":1767363676495,"service":"run-apparel-api","correlationId":"75ef23ec-0360-4795-9fca-db01320373da","msg":"[404 err_18952687681330] GET /api/products/by-path"}
{"level":30,"time":1767363676495,"service":"run-apparel-api","correlationId":"75ef23ec-0360-4795-9fca-db01320373da","msg":"[URL Validation] ✅ Product found for path \"casual-wear/t-shirts/premium-cotton-tee\" → Test Product (ID: 1)"}
{"level":50,"time":1767363676495,"service":"run-apparel-api","correlationId":"75ef23ec-0360-4795-9fca-db01320373da","code":"ERR_HTTP_HEADERS_SENT","msg":"Route: Error fetching product by path:"}
[Routes] Imported ./worker.js
[Routes] Imported ./utilities/metrics.js
{"level":30,"time":1767363676494,"service":"run-apparel-api","msg":"[TwoTierBatchCache] 🚀 Initialized: Delegating to UnifiedCache with SWR support"}
{"level":40,"time":1767363676494,"service":"run-apparel-api","msg":"[AlertManager] GC monitoring enabled but --expose-gc flag not set. GC pause tracking unavailable."}
{"level":30,"time":1767363676495,"service":"run-apparel-api","slowQuery":{"durationMs":500,"consecutiveCount":3},"errorRate":{"percentageThreshold":10,"timeWindowMinutes":5},"httpErrorRate":{"percentageThreshold":5},"circuitBreaker":{"alertOnOpen":true,"alertOnHalfOpen":false},"memory":{"percentageThreshold":80},"dbConnection":{"alertOnError":true,"alertOnTimeout":true},"gcPause":{"enabled":true,"thresholdMs":100},"msg":"[AlertManager] Initialized with thresholds:"}
{"level":30,"time":1767363676503,"service":"run-apparel-api","correlationId":"f9482b22-0dc5-4ebc-baf4-4562b50ee8b9","msg":"[404 err_18952687656734] POST /api/products"}
[Routes] Imported ./utilities/migration-execution.js
[Routes] Imported ./worker.js
{"level":30,"time":1767363676511,"service":"run-apparel-api","correlationId":"4b9dd79a-ee7d-4c0d-859c-97cddefa5106","msg":"[404 err_18952687624786] GET /api/"}
[Routes] Imported ./utilities/metrics.js
{"level":40,"time":1767363676512,"service":"run-apparel-api","correlationId":"4b9dd79a-ee7d-4c0d-859c-97cddefa5106","msg":"[WARN err_18952687675115] internal: Unknown error (undefined)"}
{"level":50,"time":1767363676515,"service":"run-apparel-api","correlationId":"4b9dd79a-ee7d-4c0d-859c-97cddefa5106","name":"Error","message":"Cannot set headers after they are sent to the client","stack":"Error: Cannot set headers after they are sent to the client\n    at ServerResponse.setHeader (node:_http_outgoing:699:11)\n    at ServerResponse.header (/Users/hateemjamshaid/Downloads/RUN-Remix/node_modules/express/lib/response.js:686:10)\n    at ServerResponse.send (/Users/hateemjamshaid/Downloads/RUN-Remix/node_modules/express/lib/response.js:163:12)\n    at ServerResponse.json (/Users/hateemjamshaid/Downloads/RUN-Remix/node_modules/express/lib/response.js:252:15)\n    at getMediaAssets (/Users/hateemjamshaid/Downloads/RUN-Remix/server/routes/media/handlers.ts:99:16)\n    at processTicksAndRejections (node:internal/process/task_queues:105:5)","msg":"Error fetching media assets:"}
{"level":30,"time":1767363676531,"service":"run-apparel-api","correlationId":"d4346593-ec4c-4827-b6af-8e45fe3d84d7","msg":"[404 err_18952687658761] POST /api/batch"}
{"level":30,"time":1767363676539,"service":"run-apparel-api","correlationId":"aacb6bc3-476c-4f02-a672-cf7958cde736","msg":"[404 err_18952687692008] GET /api/proxy/1"}
[2026-01-02 19:21:16.419 +0500] [32mINFO[39m: [36m[DB Retry] Database retry logic initialized (maxRetries=3, backoffMs=50, exponential) [39m
    [35mservice[39m: "run-apparel-api"
[2026-01-02 19:21:16.454 +0500] [33mWARN[39m: [36m[Email] Gmail credentials not configured - email notifications disabled [39m
    [35mservice[39m: "run-apparel-api"
[2026-01-02 19:21:16.454 +0500] [32mINFO[39m: [36m[TwoTierBatchCache] 🚀 Initialized: Delegating to UnifiedCache with SWR support [39m
    [35mservice[39m: "run-apparel-api"
[2026-01-02 19:21:16.454 +0500] [33mWARN[39m: [36m[AlertManager] GC monitoring enabled but --expose-gc flag not set. GC pause tracking unavailable. [39m
    [35mservice[39m: "run-apparel-api"
[2026-01-02 19:21:16.455 +0500] [32mINFO[39m: [36m[AlertManager] Initialized with thresholds: [39m
    [35mservice[39m: "run-apparel-api"
    [35mslowQuery[39m: {
      "durationMs": 500,
      "consecutiveCount": 3
    }
    [35merrorRate[39m: {
      "percentageThreshold": 10,
      "timeWindowMinutes": 5
    }
    [35mhttpErrorRate[39m: {
      "percentageThreshold": 5
    }
    [35mcircuitBreaker[39m: {
      "alertOnOpen": true,
      "alertOnHalfOpen": false
    }
    [35mmemory[39m: {
      "percentageThreshold": 80
    }
    [35mdbConnection[39m: {
      "alertOnError": true,
      "alertOnTimeout": true
    }
    [35mgcPause[39m: {
      "enabled": true,
      "thresholdMs": 100
    }
objc[46952]: Class GNotificationCenterDelegate is implemented in both /Users/hateemjamshaid/Downloads/RUN-Remix/server/node_modules/@img/sharp-libvips-darwin-x64/lib/libvips-cpp.42.dylib (0x140fe9340) and /Users/hateemjamshaid/Downloads/RUN-Remix/node_modules/@img/sharp-libvips-darwin-x64/lib/libvips-cpp.8.17.3.dylib (0x143ad8b30). This may cause spurious casting failures and mysterious crashes. One of the duplicates must be removed or renamed.
{"level":40,"time":1767363676539,"service":"run-apparel-api","correlationId":"aacb6bc3-476c-4f02-a672-cf7958cde736","msg":"[WARN err_18952687604853] internal: Unknown error (undefined)"}
{"level":50,"time":1767363676540,"service":"run-apparel-api","correlationId":"aacb6bc3-476c-4f02-a672-cf7958cde736","name":"Error","message":"Cannot set headers after they are sent to the client","stack":"Error: Cannot set headers after they are sent to the client\n    at ServerResponse.setHeader (node:_http_outgoing:699:11)\n    at ServerResponse.header (/Users/hateemjamshaid/Downloads/RUN-Remix/node_modules/express/lib/response.js:686:10)\n    at getMediaProxy (/Users/hateemjamshaid/Downloads/RUN-Remix/server/routes/media/handlers.ts:1514:9)\n    at processTicksAndRejections (node:internal/process/task_queues:105:5)","msg":"Proxy error:"}
{"level":30,"time":1767363676567,"service":"run-apparel-api","correlationId":"490aad76-2103-48d6-8577-89bbb7b217b8","msg":"[404 err_18952687678823] POST /api/products/batch"}
{"level":30,"time":1767363676571,"service":"run-apparel-api","correlationId":"c9ea919c-4f0d-40ee-b6f6-41c5b6e0fb5e","msg":"[404 err_18952687668398] POST /api/categories/batch"}
[2026-01-02 19:21:16.509 +0500] [33mWARN[39m: [36m[Email] Gmail credentials not configured - email notifications disabled [39m
    [35mservice[39m: "run-apparel-api"
[2026-01-02 19:21:16.515 +0500] [32mINFO[39m: [36m[TwoTierBatchCache] 🚀 Initialized: Delegating to UnifiedCache with SWR support [39m
    [35mservice[39m: "run-apparel-api"
[2026-01-02 19:21:16.515 +0500] [33mWARN[39m: [36m[AlertManager] GC monitoring enabled but --expose-gc flag not set. GC pause tracking unavailable. [39m
    [35mservice[39m: "run-apparel-api"
[2026-01-02 19:21:16.516 +0500] [32mINFO[39m: [36m[AlertManager] Initialized with thresholds: [39m
    [35mservice[39m: "run-apparel-api"
    [35mslowQuery[39m: {
      "durationMs": 500,
      "consecutiveCount": 3
    }
    [35merrorRate[39m: {
      "percentageThreshold": 10,
      "timeWindowMinutes": 5
    }
    [35mhttpErrorRate[39m: {
      "percentageThreshold": 5
    }
    [35mcircuitBreaker[39m: {
      "alertOnOpen": true,
      "alertOnHalfOpen": false
    }
    [35mmemory[39m: {
      "percentageThreshold": 80
    }
    [35mdbConnection[39m: {
      "alertOnError": true,
      "alertOnTimeout": true
    }
    [35mgcPause[39m: {
      "enabled": true,
      "thresholdMs": 100
    }
{"level":30,"time":1767363676576,"service":"run-apparel-api","correlationId":"e6cb4432-3a71-41b0-945e-d4b63d4d553e","msg":"[404 err_18952687670506] GET /api/metrics/performance"}
{"level":30,"time":1767363676579,"service":"run-apparel-api","correlationId":"5d102beb-387b-4425-851d-f43e05c6a1fd","msg":"[404 err_18952687697770] GET /api/categories"}
{"level":50,"time":1767363676580,"service":"run-apparel-api","correlationId":"5d102beb-387b-4425-851d-f43e05c6a1fd","code":"ERR_HTTP_HEADERS_SENT","msg":"Route: Error fetching categories:"}
{"level":30,"time":1767363676584,"service":"run-apparel-api","correlationId":"5b483601-2a7a-4af2-bb83-546ee70db6f2","msg":"[404 err_18952687648373] POST /api/categories"}
{"level":30,"time":1767363676585,"service":"run-apparel-api","correlationId":"87b89cfe-523c-488d-b4ef-f0fb456e1008","msg":"[404 err_18952687640669] POST /api/categories"}
{"level":30,"time":1767363676585,"service":"run-apparel-api","correlationId":"4e2cc341-5d08-46b6-b89e-d6b868a09af5","msg":"[404 err_18952687635103] POST /api/categories"}
{"level":30,"time":1767363676587,"service":"run-apparel-api","correlationId":"5e4494aa-7d6c-4e7b-b9d6-854f6370144a","msg":"[404 err_18952687691186] POST /api/categories"}
{"level":30,"time":1767363676590,"service":"run-apparel-api","correlationId":"11c420c1-5bb2-4124-9884-7be946682e7a","msg":"[404 err_18952687668511] POST /api/categories"}
{"level":30,"time":1767363676593,"service":"run-apparel-api","correlationId":"50b246d1-8539-43ec-8f83-78413e9082cc","msg":"[404 err_18952687637059] POST /api/categories"}
{"level":30,"time":1767363676599,"service":"run-apparel-api","correlationId":"df712aa7-7d41-415b-af1e-9e3186b97024","msg":"[404 err_18952687624532] GET /api/products/99999"}
{"level":50,"time":1767363676600,"service":"run-apparel-api","correlationId":"df712aa7-7d41-415b-af1e-9e3186b97024","code":"ERR_HTTP_HEADERS_SENT","msg":"Route: Error fetching product:"}
{"level":30,"time":1767363676606,"service":"run-apparel-api","correlationId":"ae495fa0-283c-41af-9d2e-4e8857acd33e","msg":"[404 err_18952687698911] POST /api/categories"}
{"level":30,"time":1767363676610,"service":"run-apparel-api","correlationId":"4b2cebc7-4f26-4358-932d-d9f4430d0099","msg":"[404 err_18952687658863] GET /api/homepage-hero"}
{"level":30,"time":1767363676613,"service":"run-apparel-api","correlationId":"42b55fff-d6e1-458e-a5c3-e2509299f895","msg":"[404 err_18952687636738] GET /api/homepage-sections"}
{"level":30,"time":1767363676616,"service":"run-apparel-api","correlationId":"28945c47-16a1-4405-ace9-3cc82d61bb6f","msg":"[404 err_18952687684937] GET /api/products"}
{"level":50,"time":1767363676616,"service":"run-apparel-api","correlationId":"28945c47-16a1-4405-ace9-3cc82d61bb6f","code":"ERR_HTTP_HEADERS_SENT","msg":"Route: Error fetching products:"}
objc[46972]: Class GNotificationCenterDelegate is implemented in both /Users/hateemjamshaid/Downloads/RUN-Remix/server/node_modules/@img/sharp-libvips-darwin-x64/lib/libvips-cpp.42.dylib (0x1617e9340) and /Users/hateemjamshaid/Downloads/RUN-Remix/node_modules/@img/sharp-libvips-darwin-x64/lib/libvips-cpp.8.17.3.dylib (0x1642d8b30). This may cause spurious casting failures and mysterious crashes. One of the duplicates must be removed or renamed.
{"level":30,"time":1767363676622,"service":"run-apparel-api","correlationId":"17722c4e-b340-4cb4-b03c-1c633b68e68f","msg":"[404 err_18952687612484] GET /api/categories"}
{"level":50,"time":1767363676623,"service":"run-apparel-api","correlationId":"17722c4e-b340-4cb4-b03c-1c633b68e68f","code":"ERR_HTTP_HEADERS_SENT","msg":"Route: Error fetching categories:"}
 [31m❯[39m tests/api.test.ts [2m([22m[2m21 tests[22m[2m | [22m[31m4 failed[39m[2m)[22m[33m 2072[2mms[22m[39m
       [32m✓[39m GET /api/homepage-hero - Should return hero content with proper structure[32m 44[2mms[22m[39m
       [32m✓[39m GET /api/homepage-sections - Should return sections array with mediaIds[32m 40[2mms[22m[39m
[31m       [31m×[31m GET /api/categories - Should return categories with pagination info[39m[32m 18[2mms[22m[39m
       [32m✓[39m POST /api/categories - Should create category with validation (UNPROTECTED - SECURITY ISSUE)[32m 15[2mms[22m[39m
       [32m✓[39m PATCH /api/categories/reorder - Should handle bulk reordering (Transaction Safety Test)[32m 9[2mms[22m[39m
[31m       [31m×[31m GET /api/products - Should return paginated results with hasMore flag[39m[32m 12[2mms[22m[39m
       [32m✓[39m GET /api/products/by-path - Should resolve hierarchical URLs[32m 4[2mms[22m[39m
       [32m✓[39m POST /api/products - Should create product (UNPROTECTED - SECURITY ISSUE)[32m 9[2mms[22m[39m
[31m       [31m×[31m GET /api/media - Should return paginated media with proper structure[39m[32m 12[2mms[22m[39m
       [32m✓[39m POST /api/media/batch - Should handle batch operations (Performance & Transaction Test)[32m 14[2mms[22m[39m
       [32m✓[39m GET /api/media/proxy/1 - Should serve media with proper headers[32m 16[2mms[22m[39m
       [32m✓[39m POST /api/products/batch - Should handle bulk product fetching[32m 18[2mms[22m[39m
       [32m✓[39m POST /api/categories/batch - Should handle bulk category fetching[32m 5[2mms[22m[39m
       [32m✓[39m GET /api/metrics/performance - Should return performance metrics[32m 3[2mms[22m[39m
       [32m✓[39m Cache Response Headers - Should include cache indicators[32m 3[2mms[22m[39m
       [32m✓[39m Rate Limiting - Should enforce rate limits on admin operations[32m 10[2mms[22m[39m
       [32m✓[39m Input Sanitization - Should handle malicious input[32m 3[2mms[22m[39m
[31m       [31m×[31m 404 Responses - Should return consistent error format[39m[32m 8[2mms[22m[39m
       [32m✓[39m 400 Validation Errors - Should return consistent format[32m 5[2mms[22m[39m
       [32m✓[39m TypeScript Schema Mismatch Detection[32m 9[2mms[22m[39m
       [32m✓[39m Database Connection Health[32m 7[2mms[22m[39m
[90mstdout[2m | tests/error-handling.integration.test.ts[2m > [22m[2mSystem-Wide Error Handling Integration Tests[2m > [22m[2m🔌 Resilience[2m > [22m[2mDatabase failure simulation (using Mock if possible or check handling)
[22m[39m[Routes] Imported ./media/index.js

{"level":30,"time":1767363676643,"service":"run-apparel-api","msg":"[RateLimiter] Shutting down rate limiters..."}
objc[46971]: Class GNotificationCenterDelegate is implemented in both /Users/hateemjamshaid/Downloads/RUN-Remix/server/node_modules/@img/sharp-libvips-darwin-x64/lib/libvips-cpp.42.dylib (0x180fe9340) and /Users/hateemjamshaid/Downloads/RUN-Remix/node_modules/@img/sharp-libvips-darwin-x64/lib/libvips-cpp.8.17.3.dylib (0x183ad8b30). This may cause spurious casting failures and mysterious crashes. One of the duplicates must be removed or renamed.
[90mstdout[2m | tests/error-handling.integration.test.ts[2m > [22m[2mSystem-Wide Error Handling Integration Tests[2m > [22m[2m🔌 Resilience[2m > [22m[2mDatabase failure simulation (using Mock if possible or check handling)
[22m[39m[Routes] Imported ./resources/index.js

{"level":30,"time":1767363676647,"service":"run-apparel-api","msg":"[Routes] Unified metrics endpoints registered: /api/metrics, /api/metrics/cache, /api/metrics/database, /api/metrics/http, /api/metrics/system, /api/metrics/errors, /api/metrics/alerts, /api/health/db, /api/cache/invalidation-time"}
{"level":30,"time":1767363676647,"service":"run-apparel-api","msg":"[Routes] ✅ All routes registered successfully (Centralized Auth)"}
{"level":30,"time":1767363676647,"service":"run-apparel-api","msg":"[Startup] Initializing SSR Handler..."}
[Routes] Imported ./media/index.js
{"level":50,"time":1767363676842,"service":"run-apparel-api","msg":"Failed to initialize SSR Handler:"}
{"level":50,"time":1767363676842,"service":"run-apparel-api","msg":"Failed to boot server"}
{"level":50,"time":1767363676842,"service":"run-apparel-api","msg":"[CRITICAL] Unhandled Promise Rejection:"}
{"level":50,"time":1767363676842,"service":"run-apparel-api","msg":"[CRITICAL] Promise:"}
{"level":30,"time":1767363676851,"service":"run-apparel-api","pooling":"enabled","driver":"Neon HTTP (stateless)","concurrencyTracking":"enabled","metricsEndpoint":"/api/metrics/database","msg":"[Database] ✅ Connection pool metrics initialized:"}
{"level":30,"time":1767363676851,"service":"run-apparel-api","msg":"[Database] ✅ NEON CONNECTION POOLING ENABLED - Production ready for 300+ concurrent users"}
[Routes] Imported ./resources/index.js
[Routes] Imported ./resources/index.js
objc[46973]: Class GNotificationCenterDelegate is implemented in both /Users/hateemjamshaid/Downloads/RUN-Remix/server/node_modules/@img/sharp-libvips-darwin-x64/lib/libvips-cpp.42.dylib (0x180fe9340) and /Users/hateemjamshaid/Downloads/RUN-Remix/node_modules/@img/sharp-libvips-darwin-x64/lib/libvips-cpp.8.17.3.dylib (0x183ad8b30). This may cause spurious casting failures and mysterious crashes. One of the duplicates must be removed or renamed.
objc[46974]: Class GNotificationCenterDelegate is implemented in both /Users/hateemjamshaid/Downloads/RUN-Remix/server/node_modules/@img/sharp-libvips-darwin-x64/lib/libvips-cpp.42.dylib (0x15cfe9340) and /Users/hateemjamshaid/Downloads/RUN-Remix/node_modules/@img/sharp-libvips-darwin-x64/lib/libvips-cpp.8.17.3.dylib (0x15fad8b30). This may cause spurious casting failures and mysterious crashes. One of the duplicates must be removed or renamed.
[Routes] Imported ./resources/index.js
{"level":30,"time":1767363676992,"service":"run-apparel-api","msg":"[Routes] Unified metrics endpoints registered: /api/metrics, /api/metrics/cache, /api/metrics/database, /api/metrics/http, /api/metrics/system, /api/metrics/errors, /api/metrics/alerts, /api/health/db, /api/cache/invalidation-time"}
{"level":30,"time":1767363676992,"service":"run-apparel-api","msg":"[Routes] ✅ All routes registered successfully (Centralized Auth)"}
{"level":30,"time":1767363676992,"service":"run-apparel-api","msg":"[Startup] Initializing SSR Handler..."}
[Routes] Imported ./media/index.js
[Routes] Imported ./media/index.js
[Routes] Imported ./resources/index.js
[Routes] Imported ./media/index.js
{"level":30,"time":1767363677033,"service":"run-apparel-api","msg":"[Routes] Unified metrics endpoints registered: /api/metrics, /api/metrics/cache, /api/metrics/database, /api/metrics/http, /api/metrics/system, /api/metrics/errors, /api/metrics/alerts, /api/health/db, /api/cache/invalidation-time"}
{"level":30,"time":1767363677034,"service":"run-apparel-api","msg":"[Routes] ✅ All routes registered successfully (Centralized Auth)"}
{"level":30,"time":1767363677034,"service":"run-apparel-api","msg":"[Startup] Initializing SSR Handler..."}
{"level":30,"time":1767363677034,"service":"run-apparel-api","msg":"[SSR] Loading Production Build from: /Users/hateemjamshaid/Downloads/RUN-Remix/dist/server/index.js"}
{"level":30,"time":1767363677034,"service":"run-apparel-api","msg":"[Startup] SSR Handler mounted successfully."}
{"level":30,"time":1767363677035,"service":"run-apparel-api","msg":"[Startup] Starting background services..."}
{"level":30,"time":1767363677035,"service":"run-apparel-api","msg":"[Backup] Using PostgreSQL automatic backups"}
{"level":30,"time":1767363677035,"service":"run-apparel-api","msg":"[Workflow] Workflow automation active"}
{"level":30,"time":1767363677035,"service":"run-apparel-api","enabled":true,"interval":"3600s","dryRun":false,"msg":"[Lifecycle] Scheduler initialized"}
{"level":30,"time":1767363677035,"service":"run-apparel-api","msg":"[Lifecycle] Starting scheduler (interval: 3600000ms)"}
{"level":30,"time":1767363677035,"service":"run-apparel-api","msg":"[Lifecycle] Starting cleanup run #1"}
{"level":30,"time":1767363677035,"service":"run-apparel-api","msg":"[Lifecycle] Starting temp uploads cleanup (maxAge: 24h, dryRun: false)"}
{"level":30,"time":1767363677036,"service":"run-apparel-api","msg":"[Lifecycle] Scheduler started successfully"}
{"level":30,"time":1767363677037,"service":"run-apparel-api","msg":"[DB Keep-Alive] ✅ Started (ping every 4 minutes to prevent auto-suspend)"}
{"level":30,"time":1767363677038,"service":"run-apparel-api","msg":"[DB] PostgreSQL optimization active"}
[2026-01-02 19:21:16.996 +0500] [32mINFO[39m: [36m[Routes] Unified metrics endpoints registered: /api/metrics, /api/metrics/cache, /api/metrics/database, /api/metrics/http, /api/metrics/system, /api/metrics/errors, /api/metrics/alerts, /api/health/db, /api/cache/invalidation-time [39m
    [35mservice[39m: "run-apparel-api"
[2026-01-02 19:21:16.996 +0500] [32mINFO[39m: [36m[Routes] ✅ All routes registered successfully (Centralized Auth) [39m
    [35mservice[39m: "run-apparel-api"
[2026-01-02 19:21:16.996 +0500] [32mINFO[39m: [36m[Startup] Initializing SSR Handler... [39m
    [35mservice[39m: "run-apparel-api"
[2026-01-02 19:21:17.019 +0500] [32mINFO[39m: [36m[Routes] Unified metrics endpoints registered: /api/metrics, /api/metrics/cache, /api/metrics/database, /api/metrics/http, /api/metrics/system, /api/metrics/errors, /api/metrics/alerts, /api/health/db, /api/cache/invalidation-time [39m
    [35mservice[39m: "run-apparel-api"
[2026-01-02 19:21:17.020 +0500] [32mINFO[39m: [36m[Routes] ✅ All routes registered successfully (Centralized Auth) [39m
    [35mservice[39m: "run-apparel-api"
[2026-01-02 19:21:17.020 +0500] [32mINFO[39m: [36m[Startup] Initializing SSR Handler... [39m
    [35mservice[39m: "run-apparel-api"
 [31m❯[39m tests/error-handling.integration.test.ts [2m([22m[2m5 tests[22m[2m | [22m[31m4 failed[39m[2m)[22m[33m 1379[2mms[22m[39m
[31m       [31m×[31m POST /api/products - Should validate payload using Zod[39m[32m 5[2mms[22m[39m
[31m       [31m×[31m 404 Handling - Should return standardized error envelope[39m[32m 2[2mms[22m[39m
[31m       [31m×[31m GET /metrics - Should expose Prometheus metrics[39m[32m 2[2mms[22m[39m
[31m       [31m×[31m GET /health/deep - Should return system health status[39m[32m 1[2mms[22m[39m
       [33m[2m✓[22m[39m Database failure simulation (using Mock if possible or check handling) [33m 1366[2mms[22m[39m
{"level":30,"time":1767363677365,"service":"run-apparel-api","msg":"[RateLimiter] Shutting down rate limiters..."}
{"level":30,"time":1767363677656,"service":"run-apparel-api","pooling":"enabled","driver":"Neon HTTP (stateless)","concurrencyTracking":"enabled","metricsEndpoint":"/api/metrics/database","msg":"[Database] ✅ Connection pool metrics initialized:"}
{"level":30,"time":1767363677656,"service":"run-apparel-api","msg":"[Database] ✅ NEON CONNECTION POOLING ENABLED - Production ready for 300+ concurrent users"}
{"level":30,"time":1767363677767,"service":"run-apparel-api","pooling":"enabled","driver":"Neon HTTP (stateless)","concurrencyTracking":"enabled","metricsEndpoint":"/api/metrics/database","msg":"[Database] ✅ Connection pool metrics initialized:"}
{"level":30,"time":1767363677767,"service":"run-apparel-api","msg":"[Database] ✅ NEON CONNECTION POOLING ENABLED - Production ready for 300+ concurrent users"}
{"level":30,"time":1767363678042,"service":"run-apparel-api","msg":"✅ Listed 0 assets with prefix: private/temp/uploads/"}
{"level":30,"time":1767363678043,"service":"run-apparel-api","msg":"[Lifecycle] No temp upload files found"}
{"level":30,"time":1767363678043,"service":"run-apparel-api","msg":"[Lifecycle] Starting orphaned files cleanup (directories: public/media/, public/thumbnails/, dryRun: false)"}
[2026-01-02 19:21:17.637 +0500] [32mINFO[39m: [36m[Database] ✅ Connection pool metrics initialized: [39m
    [35mservice[39m: "run-apparel-api"
    [35mpooling[39m: "enabled"
    [35mdriver[39m: "Neon HTTP (stateless)"
    [35mconcurrencyTracking[39m: "enabled"
    [35mmetricsEndpoint[39m: "/api/metrics/database"
[2026-01-02 19:21:17.638 +0500] [32mINFO[39m: [36m[Database] ✅ NEON CONNECTION POOLING ENABLED - Production ready for 300+ concurrent users [39m
    [35mservice[39m: "run-apparel-api"
[2026-01-02 19:21:17.864 +0500] [32mINFO[39m: [36m[Database] ✅ Connection pool metrics initialized: [39m
    [35mservice[39m: "run-apparel-api"
    [35mpooling[39m: "enabled"
    [35mdriver[39m: "Neon HTTP (stateless)"
    [35mconcurrencyTracking[39m: "enabled"
    [35mmetricsEndpoint[39m: "/api/metrics/database"
[2026-01-02 19:21:17.864 +0500] [32mINFO[39m: [36m[Database] ✅ NEON CONNECTION POOLING ENABLED - Production ready for 300+ concurrent users [39m
    [35mservice[39m: "run-apparel-api"
{"level":30,"time":1767363678288,"service":"run-apparel-api","msg":"[Lifecycle] Found 3 storage paths in database"}
{"level":30,"time":1767363678401,"service":"run-apparel-api","msg":"[Database] ✅ Database wakeup successful (1362ms)"}
{"level":30,"time":1767363678635,"service":"run-apparel-api","msg":"[Startup] Database health check passed"}
{"level":30,"time":1767363678635,"service":"run-apparel-api","msg":"[Startup] All services started."}
{"level":30,"time":1767363678636,"service":"run-apparel-api","msg":"Server running on port 0"}
{"level":30,"time":1767363678636,"service":"run-apparel-api","msg":"Environment: production"}
{"level":30,"time":1767363678712,"service":"run-apparel-api","msg":"[RateLimiter] Shutting down rate limiters..."}
{"level":30,"time":1767363678712,"service":"run-apparel-api","msg":"[DB Keep-Alive] ⏹️ Stopped"}
{"level":30,"time":1767363678712,"service":"run-apparel-api","msg":"[SIGTERM] Shutting down..."}
{"level":30,"time":1767363678712,"service":"run-apparel-api","msg":"[SIGTERM] Server closed"}
7:21:19 PM [vite] (client) Re-optimizing dependencies because vite config has changed
{"level":30,"time":1767363679106,"service":"run-apparel-api","msg":"[SSR] Initialized Vite Dev Server with React Router"}
[2026-01-02 19:21:19.065 +0500] [32mINFO[39m: [36m[SSR] Initialized Vite Dev Server with React Router [39m
    [35mservice[39m: "run-apparel-api"
[2026-01-02 19:21:19.065 +0500] [32mINFO[39m: [36m[Startup] SSR Handler mounted successfully. [39m
    [35mservice[39m: "run-apparel-api"
[2026-01-02 19:21:19.065 +0500] [32mINFO[39m: [36m[Startup] Starting background services... [39m
    [35mservice[39m: "run-apparel-api"
[2026-01-02 19:21:19.065 +0500] [32mINFO[39m: [36m[Workflow] Workflow automation active [39m
    [35mservice[39m: "run-apparel-api"
[2026-01-02 19:21:19.065 +0500] [32mINFO[39m: [36m[Lifecycle] Scheduler initialized [39m
    [35mservice[39m: "run-apparel-api"
    [35menabled[39m: true
    [35minterval[39m: "3600s"
    [35mdryRun[39m: false
[2026-01-02 19:21:19.065 +0500] [32mINFO[39m: [36m[Lifecycle] Starting scheduler (interval: 3600000ms) [39m
    [35mservice[39m: "run-apparel-api"
[2026-01-02 19:21:19.065 +0500] [32mINFO[39m: [36m[Lifecycle] Starting cleanup run #1 [39m
    [35mservice[39m: "run-apparel-api"
[2026-01-02 19:21:19.065 +0500] [32mINFO[39m: [36m[Lifecycle] Starting temp uploads cleanup (maxAge: 24h, dryRun: false) [39m
    [35mservice[39m: "run-apparel-api"
[2026-01-02 19:21:19.066 +0500] [32mINFO[39m: [36m[Lifecycle] Scheduler started successfully [39m
    [35mservice[39m: "run-apparel-api"
[2026-01-02 19:21:19.070 +0500] [32mINFO[39m: [36m[DB Keep-Alive] ✅ Started (ping every 4 minutes to prevent auto-suspend) [39m
    [35mservice[39m: "run-apparel-api"
[2026-01-02 19:21:19.070 +0500] [32mINFO[39m: [36m[DB] PostgreSQL optimization active [39m
    [35mservice[39m: "run-apparel-api"
{"level":30,"time":1767363679106,"service":"run-apparel-api","msg":"[Startup] SSR Handler mounted successfully."}
{"level":30,"time":1767363679106,"service":"run-apparel-api","msg":"[Startup] Starting background services..."}
{"level":30,"time":1767363679106,"service":"run-apparel-api","msg":"[Workflow] Workflow automation active"}
{"level":30,"time":1767363679106,"service":"run-apparel-api","enabled":true,"interval":"3600s","dryRun":false,"msg":"[Lifecycle] Scheduler initialized"}
{"level":30,"time":1767363679106,"service":"run-apparel-api","msg":"[Lifecycle] Starting scheduler (interval: 3600000ms)"}
{"level":30,"time":1767363679106,"service":"run-apparel-api","msg":"[Lifecycle] Starting cleanup run #1"}
{"level":30,"time":1767363679106,"service":"run-apparel-api","msg":"[Lifecycle] Starting temp uploads cleanup (maxAge: 24h, dryRun: false)"}
{"level":30,"time":1767363679107,"service":"run-apparel-api","msg":"[Lifecycle] Scheduler started successfully"}
{"level":30,"time":1767363679110,"service":"run-apparel-api","msg":"[DB Keep-Alive] ✅ Started (ping every 4 minutes to prevent auto-suspend)"}
{"level":30,"time":1767363679112,"service":"run-apparel-api","msg":"[DB] PostgreSQL optimization active"}
[2026-01-02 19:21:19.060 +0500] [32mINFO[39m: [36m[SSR] Initialized Vite Dev Server with React Router [39m
    [35mservice[39m: "run-apparel-api"
[2026-01-02 19:21:19.060 +0500] [32mINFO[39m: [36m[Startup] SSR Handler mounted successfully. [39m
    [35mservice[39m: "run-apparel-api"
[2026-01-02 19:21:19.060 +0500] [32mINFO[39m: [36m[Startup] Starting background services... [39m
    [35mservice[39m: "run-apparel-api"
[2026-01-02 19:21:19.060 +0500] [32mINFO[39m: [36m[Workflow] Workflow automation active [39m
    [35mservice[39m: "run-apparel-api"
[2026-01-02 19:21:19.060 +0500] [32mINFO[39m: [36m[Lifecycle] Scheduler initialized [39m
    [35mservice[39m: "run-apparel-api"
    [35menabled[39m: true
    [35minterval[39m: "3600s"
    [35mdryRun[39m: false
[2026-01-02 19:21:19.060 +0500] [32mINFO[39m: [36m[Lifecycle] Starting scheduler (interval: 3600000ms) [39m
    [35mservice[39m: "run-apparel-api"
[2026-01-02 19:21:19.060 +0500] [32mINFO[39m: [36m[Lifecycle] Starting cleanup run #1 [39m
    [35mservice[39m: "run-apparel-api"
[2026-01-02 19:21:19.061 +0500] [32mINFO[39m: [36m[Lifecycle] Starting temp uploads cleanup (maxAge: 24h, dryRun: false) [39m
    [35mservice[39m: "run-apparel-api"
[2026-01-02 19:21:19.062 +0500] [32mINFO[39m: [36m[Lifecycle] Scheduler started successfully [39m
    [35mservice[39m: "run-apparel-api"
[2026-01-02 19:21:19.063 +0500] [32mINFO[39m: [36m[DB Keep-Alive] ✅ Started (ping every 4 minutes to prevent auto-suspend) [39m
    [35mservice[39m: "run-apparel-api"
[2026-01-02 19:21:19.064 +0500] [32mINFO[39m: [36m[DB] PostgreSQL optimization active [39m
    [35mservice[39m: "run-apparel-api"
[2026-01-02 19:21:20.038 +0500] [32mINFO[39m: [36m[Database] ✅ Database wakeup successful (968ms) [39m
    [35mservice[39m: "run-apparel-api"
[2026-01-02 19:21:20.048 +0500] [32mINFO[39m: [36m[Database] ✅ Database wakeup successful (984ms) [39m
    [35mservice[39m: "run-apparel-api"
[2026-01-02 19:21:20.117 +0500] [32mINFO[39m: [36m✅ Listed 0 assets with prefix: private/temp/uploads/ [39m
    [35mservice[39m: "run-apparel-api"
[2026-01-02 19:21:20.118 +0500] [32mINFO[39m: [36m[Lifecycle] No temp upload files found [39m
    [35mservice[39m: "run-apparel-api"
[2026-01-02 19:21:20.118 +0500] [32mINFO[39m: [36m[Lifecycle] Starting orphaned files cleanup (directories: public/media/, public/thumbnails/, dryRun: false) [39m
    [35mservice[39m: "run-apparel-api"
[2026-01-02 19:21:20.271 +0500] [32mINFO[39m: [36m[Startup] Database health check passed [39m
    [35mservice[39m: "run-apparel-api"
[2026-01-02 19:21:20.271 +0500] [32mINFO[39m: [36m[Startup] All services started. [39m
    [35mservice[39m: "run-apparel-api"
[2026-01-02 19:21:20.272 +0500] [32mINFO[39m: [36mServer running on port 0 [39m
    [35mservice[39m: "run-apparel-api"
[2026-01-02 19:21:20.272 +0500] [32mINFO[39m: [36mEnvironment: development [39m
    [35mservice[39m: "run-apparel-api"
[2026-01-02 19:21:20.282 +0500] [32mINFO[39m: [36m[Startup] Database health check passed [39m
    [35mservice[39m: "run-apparel-api"
[2026-01-02 19:21:20.282 +0500] [32mINFO[39m: [36m[Startup] All services started. [39m
    [35mservice[39m: "run-apparel-api"
[2026-01-02 19:21:20.283 +0500] [32mINFO[39m: [36mServer running on port 0 [39m
    [35mservice[39m: "run-apparel-api"
[2026-01-02 19:21:20.283 +0500] [32mINFO[39m: [36mEnvironment: development [39m
    [35mservice[39m: "run-apparel-api"
[2026-01-02 19:21:20.358 +0500] [32mINFO[39m: [36m[Lifecycle] Found 3 storage paths in database [39m
    [35mservice[39m: "run-apparel-api"
[2026-01-02 19:21:20.382 +0500] [32mINFO[39m: [36m[RateLimiter] Shutting down rate limiters... [39m
    [35mservice[39m: "run-apparel-api"
[2026-01-02 19:21:20.384 +0500] [32mINFO[39m: [36m[DB Keep-Alive] ⏹️ Stopped [39m
    [35mservice[39m: "run-apparel-api"
[2026-01-02 19:21:20.384 +0500] [32mINFO[39m: [36m[SIGTERM] Shutting down... [39m
    [35mservice[39m: "run-apparel-api"
[2026-01-02 19:21:20.384 +0500] [32mINFO[39m: [36m[SIGTERM] Server closed [39m
    [35mservice[39m: "run-apparel-api"
{"level":30,"time":1767363680469,"service":"run-apparel-api","msg":"[Storage] Initialized Google Cloud Storage with bucket: run-media"}
{"level":30,"time":1767363680499,"service":"run-apparel-api","msg":"[Database] ✅ Database wakeup successful (1383ms)"}
[Upstash Redis] The 'url' property is missing or undefined in your Redis config.
[Upstash Redis] The 'token' property is missing or undefined in your Redis config.
!!! REAL storage-singleton INIT RUNNING !!!
{"level":30,"time":1767363680582,"service":"run-apparel-api","msg":"[Database] ✅ DATABASE_URL validation passed"}
{"level":40,"time":1767363680587,"service":"run-apparel-api","msg":"UPSTASH_REDIS_REST_URL or UPSTASH_REDIS_REST_TOKEN is missing. Rate limiting will fall back to in-memory storage."}
{"level":30,"time":1767363680588,"service":"run-apparel-api","msg":"[Cache] ⚠️ Unified In-Memory Cache initialized (L2 Redis disabled)"}
{"level":30,"time":1767363680588,"service":"run-apparel-api","msg":"DatabaseCircuitBreaker initialized with retry logic (max 3 attempts) and circuit breaker"}
{"level":30,"time":1767363680589,"service":"run-apparel-api","msg":"[StorageSingleton] Initializing Direct PostgreSQL Storage..."}
{"level":30,"time":1767363680589,"service":"run-apparel-api","msg":"[StorageSingleton] ✅ Direct PostgreSQL Storage initialized successfully"}
{"level":30,"time":1767363680611,"service":"run-apparel-api","effectiveOrigins":["*"],"msg":"[CORS] Middleware initialized for development"}
{"level":30,"time":1767363680699,"service":"run-apparel-api","msg":"[RateLimiter] Production-grade rate limiters initialized"}
{"level":30,"time":1767363680700,"service":"run-apparel-api","msg":"[RateLimiter] General: 100 req/900000ms"}
{"level":30,"time":1767363680700,"service":"run-apparel-api","msg":"[RateLimiter] Admin: 30 req/900000ms"}
{"level":30,"time":1767363680700,"service":"run-apparel-api","msg":"[RateLimiter] Diagnostic: 10 req/60000ms"}
[Routes] Importing ./core/categories.js...
[Routes] Importing ./core/products.js...
[Routes] Importing ./core/fabrics.js...
[Routes] Importing ./core/accessories.js...
[Routes] Importing ./core/certificates.js...
{"level":30,"time":1767363680713,"service":"run-apparel-api","msg":"[AuthService] ✅ Authentication configured"}
[Routes] Importing ./core/materials.js...
[Routes] Importing ./core/size-charts.js...
[Routes] Importing ./feature-flags.js...
[Routes] Importing ./inquiries.js...
[Routes] Importing ./media/folder-management.routes.js...
[Routes] Importing ./media/index.js...
[Routes] Importing ./resources/content-management-routes.js...
[Routes] Importing ./resources/index.js...
[Routes] Importing ./resources/page-content-routes.js...
[Routes] Importing ./auth.js...
[Routes] Importing ./admin/admin.js...
[Routes] Importing ./worker.js...
[Routes] Importing ./utilities/inquiry-admin.js...
[Routes] Importing ./utilities/footer-config.js...
[Routes] Importing ./utilities/api-based-population.js...
[Routes] Importing ./utilities/data-creation.js...
[Routes] Importing ./utilities/direct-postgres-population.js...
[Routes] Importing ./utilities/kv-diagnostics.js...
[Routes] Importing ./utilities/metrics.js...
[Routes] Importing ./utilities/migration-execution.js...
[Routes] Importing ./docs.js...
{"level":30,"time":1767363680713,"service":"run-apparel-api","msg":"[Auth] ✅ AuthService initialized (OIDC + PostgreSQL sessions)"}
{"level":30,"time":1767363680713,"service":"run-apparel-api","msg":"[Routes] Mounting API routes with flat structure (/api/*)"}
{"level":30,"time":1767363680733,"service":"run-apparel-api","msg":"[Startup] Database health check passed"}
{"level":30,"time":1767363680733,"service":"run-apparel-api","msg":"[Startup] All services started."}
{"level":30,"time":1767363680734,"service":"run-apparel-api","msg":"Server running on port 0"}
{"level":30,"time":1767363680734,"service":"run-apparel-api","msg":"Environment: development"}
[Routes] Imported ./feature-flags.js
[Routes] Imported ./inquiries.js
 [31m❯[39m tests/integration/slow-query.test.ts [2m([22m[2m1 test[22m[2m | [22m[31m1 failed[39m[2m)[22m[33m 7189[2mms[22m[39m
[31m     [31m×[31m should emit a [Slow Query] warning with duration context when query exceeds 1s[39m[33m 7188[2mms[22m[39m
[Routes] Imported ./auth.js
[Routes] Imported ./utilities/data-creation.js
[Routes] Imported ./utilities/direct-postgres-population.js
[Routes] Imported ./utilities/kv-diagnostics.js
[Routes] Imported ./utilities/api-based-population.js
{"level":30,"time":1767363680823,"service":"run-apparel-api","msg":"[DB Retry] Database retry logic initialized (maxRetries=3, backoffMs=50, exponential)"}
[Routes] Imported ./core/materials.js
[Routes] Imported ./core/size-charts.js
[Routes] Imported ./media/folder-management.routes.js
[Routes] Imported ./core/fabrics.js
[Routes] Imported ./admin/admin.js
[Routes] Imported ./core/certificates.js
[Routes] Imported ./resources/content-management-routes.js
[Routes] Imported ./utilities/footer-config.js
[Routes] Imported ./core/accessories.js
[Routes] Imported ./utilities/inquiry-admin.js
[Routes] Imported ./resources/page-content-routes.js
[Routes] Imported ./utilities/migration-execution.js
[Routes] Imported ./core/categories.js
[Routes] Imported ./core/products.js
[Routes] Imported ./docs.js
{"level":40,"time":1767363680883,"service":"run-apparel-api","msg":"[Email] Gmail credentials not configured - email notifications disabled"}
[Routes] Imported ./worker.js
[Routes] Imported ./utilities/metrics.js
{"level":30,"time":1767363680883,"service":"run-apparel-api","msg":"[TwoTierBatchCache] 🚀 Initialized: Delegating to UnifiedCache with SWR support"}
{"level":40,"time":1767363680883,"service":"run-apparel-api","msg":"[AlertManager] GC monitoring enabled but --expose-gc flag not set. GC pause tracking unavailable."}
{"level":30,"time":1767363680883,"service":"run-apparel-api","slowQuery":{"durationMs":500,"consecutiveCount":3},"errorRate":{"percentageThreshold":10,"timeWindowMinutes":5},"httpErrorRate":{"percentageThreshold":5},"circuitBreaker":{"alertOnOpen":true,"alertOnHalfOpen":false},"memory":{"percentageThreshold":80},"dbConnection":{"alertOnError":true,"alertOnTimeout":true},"gcPause":{"enabled":true,"thresholdMs":100},"msg":"[AlertManager] Initialized with thresholds:"}
objc[47032]: Class GNotificationCenterDelegate is implemented in both /Users/hateemjamshaid/Downloads/RUN-Remix/server/node_modules/@img/sharp-libvips-darwin-x64/lib/libvips-cpp.42.dylib (0x15efe9340) and /Users/hateemjamshaid/Downloads/RUN-Remix/node_modules/@img/sharp-libvips-darwin-x64/lib/libvips-cpp.8.17.3.dylib (0x161ad8b30). This may cause spurious casting failures and mysterious crashes. One of the duplicates must be removed or renamed.
[2026-01-02 19:21:21.019 +0500] [32mINFO[39m: [36m[AdminNotifier] ✅ Listening for real-time cache invalidation [39m
    [35mservice[39m: "run-apparel-api"
[2026-01-02 19:21:21.114 +0500] [32mINFO[39m: [36m✅ Listed 0 assets with prefix: private/temp/uploads/ [39m
    [35mservice[39m: "run-apparel-api"
[2026-01-02 19:21:21.114 +0500] [32mINFO[39m: [36m[Lifecycle] No temp upload files found [39m
    [35mservice[39m: "run-apparel-api"
[2026-01-02 19:21:21.114 +0500] [32mINFO[39m: [36m[Lifecycle] Starting orphaned files cleanup (directories: public/media/, public/thumbnails/, dryRun: false) [39m
    [35mservice[39m: "run-apparel-api"
[2026-01-02 19:21:21.375 +0500] [32mINFO[39m: [36m[Lifecycle] Found 3 storage paths in database [39m
    [35mservice[39m: "run-apparel-api"
[Routes] Imported ./media/index.js
[Routes] Imported ./resources/index.js
{"level":30,"time":1767363681444,"service":"run-apparel-api","msg":"[Routes] Unified metrics endpoints registered: /api/metrics, /api/metrics/cache, /api/metrics/database, /api/metrics/http, /api/metrics/system, /api/metrics/errors, /api/metrics/alerts, /api/health/db, /api/cache/invalidation-time"}
{"level":30,"time":1767363681445,"service":"run-apparel-api","msg":"[Routes] ✅ All routes registered successfully (Centralized Auth)"}
{"level":30,"time":1767363681445,"service":"run-apparel-api","msg":"[Startup] Initializing SSR Handler..."}
{"level":30,"time":1767363681783,"service":"run-apparel-api","pooling":"enabled","driver":"Neon HTTP (stateless)","concurrencyTracking":"enabled","metricsEndpoint":"/api/metrics/database","msg":"[Database] ✅ Connection pool metrics initialized:"}
{"level":30,"time":1767363681783,"service":"run-apparel-api","msg":"[Database] ✅ NEON CONNECTION POOLING ENABLED - Production ready for 300+ concurrent users"}
[2026-01-02 19:21:21.652 +0500] [32mINFO[39m: [36m✅ Listed 0 assets with prefix: public/media/ [39m
    [35mservice[39m: "run-apparel-api"
[2026-01-02 19:21:21.652 +0500] [32mINFO[39m: [36m[Lifecycle] Found 0 files in public/media/ [39m
    [35mservice[39m: "run-apparel-api"
[2026-01-02 19:21:21.652 +0500] [32mINFO[39m: [36m[Lifecycle] Processed public/media/: 0 orphaned files deleted (0 files checked) [39m
    [35mservice[39m: "run-apparel-api"
{"level":30,"time":1767363682233,"service":"run-apparel-api","msg":"[RateLimiter] Production-grade rate limiters initialized"}
{"level":30,"time":1767363682233,"service":"run-apparel-api","msg":"[RateLimiter] General: 100 req/900000ms"}
{"level":30,"time":1767363682233,"service":"run-apparel-api","msg":"[RateLimiter] Admin: 30 req/900000ms"}
{"level":30,"time":1767363682233,"service":"run-apparel-api","msg":"[RateLimiter] Diagnostic: 10 req/60000ms"}
[90mstdout[2m | server/tests/auth-integration.test.ts[2m > [22m[2mAuth Integration Flow[2m > [22m[2mshould block unauthorized access to protected routes
[22m[39m[Routes] Importing ./core/categories.js...
[Routes] Importing ./core/products.js...
[Routes] Importing ./core/fabrics.js...
[Routes] Importing ./core/accessories.js...
[Routes] Importing ./core/certificates.js...
[Routes] Importing ./core/materials.js...
[Routes] Importing ./core/size-charts.js...
[Routes] Importing ./feature-flags.js...
[Routes] Importing ./inquiries.js...
[Routes] Importing ./media/folder-management.routes.js...
[Routes] Importing ./media/index.js...
[Routes] Importing ./resources/content-management-routes.js...
[Routes] Importing ./resources/index.js...
[Routes] Importing ./resources/page-content-routes.js...
[Routes] Importing ./auth.js...
[Routes] Importing ./admin/admin.js...
[Routes] Importing ./worker.js...
[Routes] Importing ./utilities/inquiry-admin.js...
[Routes] Importing ./utilities/footer-config.js...
[Routes] Importing ./utilities/api-based-population.js...
[Routes] Importing ./utilities/data-creation.js...
[Routes] Importing ./utilities/direct-postgres-population.js...
[Routes] Importing ./utilities/kv-diagnostics.js...
[Routes] Importing ./utilities/metrics.js...
[Routes] Importing ./utilities/migration-execution.js...
[Routes] Importing ./docs.js...

{"level":30,"time":1767363682238,"service":"run-apparel-api","msg":"[Auth] ✅ AuthService initialized (OIDC + PostgreSQL sessions)"}
{"level":30,"time":1767363682239,"service":"run-apparel-api","msg":"[Routes] Mounting API routes with flat structure (/api/*)"}
{"level":40,"time":1767363682247,"service":"run-apparel-api","msg":"[AuthService] Google Auth credentials missing."}
[90mstdout[2m | tests/infrastructure.test.ts[2m > [22m[2mInfrastructure Remediation Verification[2m > [22m[2mshould reject contact submission without reCAPTCHA token in production
[22m[39m[Routes] Importing ./core/categories.js...
[Routes] Importing ./core/products.js...
[Routes] Importing ./core/fabrics.js...
[Routes] Importing ./core/accessories.js...
[Routes] Importing ./core/certificates.js...
[Routes] Importing ./core/materials.js...
[Routes] Importing ./core/size-charts.js...
[Routes] Importing ./feature-flags.js...
[Routes] Importing ./inquiries.js...
[Routes] Importing ./media/folder-management.routes.js...
[Routes] Importing ./media/index.js...
[Routes] Importing ./resources/content-management-routes.js...
[Routes] Importing ./resources/index.js...
[Routes] Importing ./resources/page-content-routes.js...
[Routes] Importing ./auth.js...
[Routes] Importing ./admin/admin.js...
[Routes] Importing ./worker.js...
[Routes] Importing ./utilities/inquiry-admin.js...
[Routes] Importing ./utilities/footer-config.js...
[Routes] Importing ./utilities/api-based-population.js...
[Routes] Importing ./utilities/data-creation.js...
[Routes] Importing ./utilities/direct-postgres-population.js...
[Routes] Importing ./utilities/kv-diagnostics.js...
[Routes] Importing ./utilities/metrics.js...
[Routes] Importing ./utilities/migration-execution.js...
[Routes] Importing ./docs.js...

{"level":30,"time":1767363682248,"service":"run-apparel-api","msg":"[Auth] ✅ AuthService initialized (OIDC + PostgreSQL sessions)"}
{"level":30,"time":1767363682250,"service":"run-apparel-api","msg":"[Routes] Mounting API routes with flat structure (/api/*)"}
[90mstdout[2m | server/tests/auth-integration.test.ts[2m > [22m[2mAuth Integration Flow[2m > [22m[2mshould block unauthorized access to protected routes
[22m[39m[Routes] Imported ./feature-flags.js

[90mstdout[2m | tests/infrastructure.test.ts[2m > [22m[2mInfrastructure Remediation Verification[2m > [22m[2mshould reject contact submission without reCAPTCHA token in production
[22m[39m[Routes] Imported ./feature-flags.js

[90mstdout[2m | tests/infrastructure.test.ts[2m > [22m[2mInfrastructure Remediation Verification[2m > [22m[2mshould reject contact submission without reCAPTCHA token in production
[22m[39m[Routes] Imported ./utilities/api-based-population.js

[90mstdout[2m | tests/infrastructure.test.ts[2m > [22m[2mInfrastructure Remediation Verification[2m > [22m[2mshould reject contact submission without reCAPTCHA token in production
[22m[39m[Routes] Imported ./auth.js

[90mstdout[2m | server/tests/auth-integration.test.ts[2m > [22m[2mAuth Integration Flow[2m > [22m[2mshould block unauthorized access to protected routes
[22m[39m[Routes] Imported ./utilities/api-based-population.js
[Routes] Imported ./utilities/kv-diagnostics.js

[90mstdout[2m | server/tests/auth-integration.test.ts[2m > [22m[2mAuth Integration Flow[2m > [22m[2mshould block unauthorized access to protected routes
[22m[39m[Routes] Imported ./utilities/data-creation.js

[90mstdout[2m | server/tests/auth-integration.test.ts[2m > [22m[2mAuth Integration Flow[2m > [22m[2mshould block unauthorized access to protected routes
[22m[39m[Routes] Imported ./inquiries.js

[90mstdout[2m | tests/infrastructure.test.ts[2m > [22m[2mInfrastructure Remediation Verification[2m > [22m[2mshould reject contact submission without reCAPTCHA token in production
[22m[39m[Routes] Imported ./inquiries.js
[Routes] Imported ./worker.js

[90mstdout[2m | tests/infrastructure.test.ts[2m > [22m[2mInfrastructure Remediation Verification[2m > [22m[2mshould reject contact submission without reCAPTCHA token in production
[22m[39m[Routes] Imported ./utilities/kv-diagnostics.js

[90mstdout[2m | tests/infrastructure.test.ts[2m > [22m[2mInfrastructure Remediation Verification[2m > [22m[2mshould reject contact submission without reCAPTCHA token in production
[22m[39m[Routes] Imported ./utilities/data-creation.js

[90mstdout[2m | server/tests/auth-integration.test.ts[2m > [22m[2mAuth Integration Flow[2m > [22m[2mshould block unauthorized access to protected routes
[22m[39m[Routes] Imported ./utilities/inquiry-admin.js

[90mstdout[2m | server/tests/auth-integration.test.ts[2m > [22m[2mAuth Integration Flow[2m > [22m[2mshould block unauthorized access to protected routes
[22m[39m[Routes] Imported ./admin/admin.js

[90mstdout[2m | tests/infrastructure.test.ts[2m > [22m[2mInfrastructure Remediation Verification[2m > [22m[2mshould reject contact submission without reCAPTCHA token in production
[22m[39m[Routes] Imported ./admin/admin.js

{"level":40,"time":1767363682339,"service":"run-apparel-api","msg":"[Email] Gmail credentials not configured - email notifications disabled"}
[90mstdout[2m | server/tests/auth-integration.test.ts[2m > [22m[2mAuth Integration Flow[2m > [22m[2mshould block unauthorized access to protected routes
[22m[39m[Routes] Imported ./worker.js

[90mstdout[2m | server/tests/auth-integration.test.ts[2m > [22m[2mAuth Integration Flow[2m > [22m[2mshould block unauthorized access to protected routes
[22m[39m[Routes] Imported ./docs.js

{"level":40,"time":1767363682414,"service":"run-apparel-api","msg":"UPSTASH_REDIS_REST_URL or UPSTASH_REDIS_REST_TOKEN is missing. Rate limiting will fall back to in-memory storage."}
[90mstderr[2m | tests/infrastructure.test.ts[2m > [22m[2mInfrastructure Remediation Verification[2m > [22m[2mshould reject contact submission without reCAPTCHA token in production
[22m[39m[Upstash Redis] The 'url' property is missing or undefined in your Redis config.
[Upstash Redis] The 'token' property is missing or undefined in your Redis config.

[90mstdout[2m | tests/infrastructure.test.ts[2m > [22m[2mInfrastructure Remediation Verification[2m > [22m[2mshould reject contact submission without reCAPTCHA token in production
[22m[39m[Routes] Imported ./utilities/inquiry-admin.js

{"level":30,"time":1767363682416,"service":"run-apparel-api","msg":"[Cache] ⚠️ Unified In-Memory Cache initialized (L2 Redis disabled)"}
{"level":30,"time":1767363682416,"service":"run-apparel-api","msg":"[TwoTierBatchCache] 🚀 Initialized: Delegating to UnifiedCache with SWR support"}
[90mstdout[2m | server/tests/auth-integration.test.ts[2m > [22m[2mAuth Integration Flow[2m > [22m[2mshould block unauthorized access to protected routes
[22m[39m[Routes] Imported ./auth.js

[Upstash Redis] The 'url' property is missing or undefined in your Redis config.
[Upstash Redis] The 'token' property is missing or undefined in your Redis config.
!!! REAL storage-singleton INIT RUNNING !!!
 [32m✓[39m tests/technology/api-integration.test.ts [2m([22m[2m3 tests[22m[2m)[22m[32m 6[2mms[22m[39m
 [32m✓[39m client/src/hooks/__tests__/use-global-error-filter.test.ts [2m([22m[2m5 tests[22m[2m)[22m[32m 9[2mms[22m[39m
[Routes] Importing ./core/categories.js...
[Routes] Importing ./core/products.js...
[Routes] Importing ./core/fabrics.js...
[Routes] Importing ./core/accessories.js...
[Routes] Importing ./core/certificates.js...
[Routes] Importing ./core/materials.js...
[Routes] Importing ./core/size-charts.js...
[Routes] Importing ./feature-flags.js...
[Routes] Importing ./inquiries.js...
[Routes] Importing ./media/folder-management.routes.js...
[Routes] Importing ./media/index.js...
[Routes] Importing ./resources/content-management-routes.js...
[Routes] Importing ./resources/index.js...
[Routes] Importing ./resources/page-content-routes.js...
[Routes] Importing ./auth.js...
[Routes] Importing ./admin/admin.js...
[Routes] Importing ./worker.js...
[Routes] Importing ./utilities/inquiry-admin.js...
[Routes] Importing ./utilities/footer-config.js...
[Routes] Importing ./utilities/api-based-population.js...
[Routes] Importing ./utilities/data-creation.js...
[Routes] Importing ./utilities/direct-postgres-population.js...
[Routes] Importing ./utilities/kv-diagnostics.js...
[Routes] Importing ./utilities/metrics.js...
[Routes] Importing ./utilities/migration-execution.js...
[Routes] Importing ./docs.js...
 [32m✓[39m tests/unit/route-manifest.test.ts [2m([22m[2m2 tests[22m[2m)[22m[32m 6[2mms[22m[39m
[Routes] Imported ./feature-flags.js
[Routes] Imported ./inquiries.js
[2026-01-02 19:21:22.360 +0500] [32mINFO[39m: [36m[Storage] Initialized Google Cloud Storage with bucket: run-media [39m
    [35mservice[39m: "run-apparel-api"
[Routes] Imported ./auth.js
[2026-01-02 19:21:22.477 +0500] [32mINFO[39m: [36m[Database] ✅ DATABASE_URL validation passed [39m
    [35mservice[39m: "run-apparel-api"
[2026-01-02 19:21:22.482 +0500] [33mWARN[39m: [36mUPSTASH_REDIS_REST_URL or UPSTASH_REDIS_REST_TOKEN is missing. Rate limiting will fall back to in-memory storage. [39m
    [35mservice[39m: "run-apparel-api"
[2026-01-02 19:21:22.484 +0500] [32mINFO[39m: [36m[Cache] ⚠️ Unified In-Memory Cache initialized (L2 Redis disabled) [39m
    [35mservice[39m: "run-apparel-api"
[2026-01-02 19:21:22.484 +0500] [32mINFO[39m: [36mDatabaseCircuitBreaker initialized with retry logic (max 3 attempts) and circuit breaker [39m
    [35mservice[39m: "run-apparel-api"
[2026-01-02 19:21:22.484 +0500] [32mINFO[39m: [36m[StorageSingleton] Initializing Direct PostgreSQL Storage... [39m
    [35mservice[39m: "run-apparel-api"
[2026-01-02 19:21:22.484 +0500] [32mINFO[39m: [36m[StorageSingleton] ✅ Direct PostgreSQL Storage initialized successfully [39m
    [35mservice[39m: "run-apparel-api"
[2026-01-02 19:21:22.505 +0500] [32mINFO[39m: [36m[CORS] Middleware initialized for development [39m
    [35mservice[39m: "run-apparel-api"
    [35meffectiveOrigins[39m: [
      "*"
    ]
[2026-01-02 19:21:22.587 +0500] [32mINFO[39m: [36m[RateLimiter] Production-grade rate limiters initialized [39m
    [35mservice[39m: "run-apparel-api"
[2026-01-02 19:21:22.588 +0500] [32mINFO[39m: [36m[RateLimiter] General: 100 req/900000ms [39m
    [35mservice[39m: "run-apparel-api"
[2026-01-02 19:21:22.588 +0500] [32mINFO[39m: [36m[RateLimiter] Admin: 30 req/900000ms [39m
    [35mservice[39m: "run-apparel-api"
[2026-01-02 19:21:22.588 +0500] [32mINFO[39m: [36m[RateLimiter] Diagnostic: 10 req/60000ms [39m
    [35mservice[39m: "run-apparel-api"
[2026-01-02 19:21:22.596 +0500] [32mINFO[39m: [36m[AuthService] ✅ Authentication configured [39m
    [35mservice[39m: "run-apparel-api"
[2026-01-02 19:21:22.596 +0500] [32mINFO[39m: [36m[Auth] ✅ AuthService initialized (OIDC + PostgreSQL sessions) [39m
    [35mservice[39m: "run-apparel-api"
[2026-01-02 19:21:22.597 +0500] [32mINFO[39m: [36m[Routes] Mounting API routes with flat structure (/api/*) [39m
    [35mservice[39m: "run-apparel-api"
{"level":40,"time":1767363682652,"service":"run-apparel-api","msg":"[Storage] GCS_BUCKET_NAME environment variable is not set. Storage operations will fail."}
{"level":40,"time":1767363682654,"service":"run-apparel-api","msg":"[AlertManager] GC monitoring enabled but --expose-gc flag not set. GC pause tracking unavailable."}
[90mstdout[2m | tests/infrastructure.test.ts[2m > [22m[2mInfrastructure Remediation Verification[2m > [22m[2mshould reject contact submission without reCAPTCHA token in production
[22m[39m[Routes] Imported ./utilities/metrics.js

{"level":30,"time":1767363682654,"service":"run-apparel-api","slowQuery":{"durationMs":500,"consecutiveCount":3},"errorRate":{"percentageThreshold":10,"timeWindowMinutes":5},"httpErrorRate":{"percentageThreshold":5},"circuitBreaker":{"alertOnOpen":true,"alertOnHalfOpen":false},"memory":{"percentageThreshold":80},"dbConnection":{"alertOnError":true,"alertOnTimeout":true},"gcPause":{"enabled":true,"thresholdMs":100},"msg":"[AlertManager] Initialized with thresholds:"}
[Routes] Imported ./resources/content-management-routes.js
[Routes] Imported ./core/fabrics.js
[Routes] Imported ./core/certificates.js
[Routes] Imported ./core/materials.js
[Routes] Imported ./core/size-charts.js
[Routes] Imported ./media/folder-management.routes.js
[Routes] Imported ./admin/admin.js
[Routes] Imported ./core/accessories.js
[Routes] Imported ./utilities/footer-config.js
[Routes] Imported ./utilities/migration-execution.js
[Routes] Imported ./utilities/inquiry-admin.js
[Routes] Imported ./utilities/data-creation.js
[Routes] Imported ./utilities/direct-postgres-population.js
[Routes] Imported ./utilities/kv-diagnostics.js
[Routes] Imported ./utilities/api-based-population.js
[2026-01-02 19:21:22.665 +0500] [32mINFO[39m: [36m[DB Retry] Database retry logic initialized (maxRetries=3, backoffMs=50, exponential) [39m
    [35mservice[39m: "run-apparel-api"
[Routes] Imported ./core/categories.js
[Routes] Imported ./core/products.js
[Routes] Imported ./docs.js
[Routes] Imported ./resources/page-content-routes.js
[Routes] Imported ./worker.js
[Routes] Imported ./utilities/metrics.js
{"level":30,"time":1767363682728,"service":"run-apparel-api","msg":"[Storage] Initialized Google Cloud Storage with bucket: run-media"}
[90mstdout[2m | tests/infrastructure.test.ts[2m > [22m[2mInfrastructure Remediation Verification[2m > [22m[2mshould reject contact submission without reCAPTCHA token in production
[22m[39m[Routes] Imported ./docs.js

[90mstdout[2m | tests/infrastructure.test.ts[2m > [22m[2mInfrastructure Remediation Verification[2m > [22m[2mshould reject contact submission without reCAPTCHA token in production
[22m[39m[Routes] Imported ./utilities/direct-postgres-population.js

[90mstdout[2m | tests/infrastructure.test.ts[2m > [22m[2mInfrastructure Remediation Verification[2m > [22m[2mshould reject contact submission without reCAPTCHA token in production
[22m[39m[Routes] Imported ./core/size-charts.js
[Routes] Imported ./media/folder-management.routes.js

[2026-01-02 19:21:22.723 +0500] [33mWARN[39m: [36m[Email] Gmail credentials not configured - email notifications disabled [39m
    [35mservice[39m: "run-apparel-api"
[2026-01-02 19:21:22.723 +0500] [32mINFO[39m: [36m[TwoTierBatchCache] 🚀 Initialized: Delegating to UnifiedCache with SWR support [39m
    [35mservice[39m: "run-apparel-api"
[2026-01-02 19:21:22.723 +0500] [33mWARN[39m: [36m[AlertManager] GC monitoring enabled but --expose-gc flag not set. GC pause tracking unavailable. [39m
    [35mservice[39m: "run-apparel-api"
[2026-01-02 19:21:22.724 +0500] [32mINFO[39m: [36m[AlertManager] Initialized with thresholds: [39m
    [35mservice[39m: "run-apparel-api"
    [35mslowQuery[39m: {
      "durationMs": 500,
      "consecutiveCount": 3
    }
    [35merrorRate[39m: {
      "percentageThreshold": 10,
      "timeWindowMinutes": 5
    }
    [35mhttpErrorRate[39m: {
      "percentageThreshold": 5
    }
    [35mcircuitBreaker[39m: {
      "alertOnOpen": true,
      "alertOnHalfOpen": false
    }
    [35mmemory[39m: {
      "percentageThreshold": 80
    }
    [35mdbConnection[39m: {
      "alertOnError": true,
      "alertOnTimeout": true
    }
    [35mgcPause[39m: {
      "enabled": true,
      "thresholdMs": 100
    }
{"level":30,"time":1767363682754,"service":"run-apparel-api","msg":"[DB Retry] Database retry logic initialized (maxRetries=3, backoffMs=50, exponential)"}
[90mstdout[2m | tests/infrastructure.test.ts[2m > [22m[2mInfrastructure Remediation Verification[2m > [22m[2mshould reject contact submission without reCAPTCHA token in production
[22m[39m[Routes] Imported ./utilities/migration-execution.js

[90mstdout[2m | tests/infrastructure.test.ts[2m > [22m[2mInfrastructure Remediation Verification[2m > [22m[2mshould reject contact submission without reCAPTCHA token in production
[22m[39m[Routes] Imported ./core/fabrics.js
[Routes] Imported ./core/materials.js

[90mstdout[2m | tests/infrastructure.test.ts[2m > [22m[2mInfrastructure Remediation Verification[2m > [22m[2mshould reject contact submission without reCAPTCHA token in production
[22m[39m[Routes] Imported ./core/products.js

[90mstdout[2m | tests/infrastructure.test.ts[2m > [22m[2mInfrastructure Remediation Verification[2m > [22m[2mshould reject contact submission without reCAPTCHA token in production
[22m[39m[Routes] Imported ./utilities/footer-config.js

[90mstdout[2m | tests/infrastructure.test.ts[2m > [22m[2mInfrastructure Remediation Verification[2m > [22m[2mshould reject contact submission without reCAPTCHA token in production
[22m[39m[Routes] Imported ./resources/content-management-routes.js
[Routes] Imported ./core/certificates.js

{"level":30,"time":1767363682763,"service":"run-apparel-api","msg":"DatabaseCircuitBreaker initialized with retry logic (max 3 attempts) and circuit breaker"}
[90mstdout[2m | tests/infrastructure.test.ts[2m > [22m[2mInfrastructure Remediation Verification[2m > [22m[2mshould reject contact submission without reCAPTCHA token in production
[22m[39m[Routes] Imported ./core/categories.js

[90mstdout[2m | tests/infrastructure.test.ts[2m > [22m[2mInfrastructure Remediation Verification[2m > [22m[2mshould reject contact submission without reCAPTCHA token in production
[22m[39m[Routes] Imported ./resources/page-content-routes.js

[90mstdout[2m | tests/infrastructure.test.ts[2m > [22m[2mInfrastructure Remediation Verification[2m > [22m[2mshould reject contact submission without reCAPTCHA token in production
[22m[39m[Routes] Imported ./core/accessories.js

objc[47059]: Class GNotificationCenterDelegate is implemented in both /Users/hateemjamshaid/Downloads/RUN-Remix/server/node_modules/@img/sharp-libvips-darwin-x64/lib/libvips-cpp.42.dylib (0x13cfe9340) and /Users/hateemjamshaid/Downloads/RUN-Remix/node_modules/@img/sharp-libvips-darwin-x64/lib/libvips-cpp.8.17.3.dylib (0x13fad8b30). This may cause spurious casting failures and mysterious crashes. One of the duplicates must be removed or renamed.
{"level":30,"time":1767363682856,"service":"run-apparel-api","msg":"[Database] ✅ DATABASE_URL validation passed"}
[90mstderr[2m | server/tests/auth-integration.test.ts[2m > [22m[2mAuth Integration Flow[2m > [22m[2mshould block unauthorized access to protected routes
[22m[39m          
        ************************************************************
        *                                                          *
        *  WARNING: Running SQL directly from the browser can have *
        *  security implications. Even if your database is         *
        *  protected by Row-Level Security (RLS), use it at your   *
        *  own risk. This approach is great for fast prototyping,  *
        *  but ensure proper safeguards are in place to prevent    *
        *  misuse or execution of expensive SQL queries by your    *
        *  end users.                                              *
        *                                                          *
        *  If you've assessed the risks, suppress this message     *
        *  using the disableWarningInBrowsers configuration        *
        *  parameter.                                              *
        *                                                          *
        ************************************************************

[90mstdout[2m | server/tests/auth-integration.test.ts[2m > [22m[2mAuth Integration Flow[2m > [22m[2mshould block unauthorized access to protected routes
[22m[39m[Routes] Imported ./utilities/direct-postgres-population.js

[90mstdout[2m | server/tests/auth-integration.test.ts[2m > [22m[2mAuth Integration Flow[2m > [22m[2mshould block unauthorized access to protected routes
[22m[39m[Routes] Imported ./core/size-charts.js
[Routes] Imported ./media/folder-management.routes.js

{"level":30,"time":1767363682889,"service":"run-apparel-api","msg":"[DB Retry] Database retry logic initialized (maxRetries=3, backoffMs=50, exponential)"}
[90mstdout[2m | server/tests/auth-integration.test.ts[2m > [22m[2mAuth Integration Flow[2m > [22m[2mshould block unauthorized access to protected routes
[22m[39m[Routes] Imported ./utilities/migration-execution.js

[90mstdout[2m | server/tests/auth-integration.test.ts[2m > [22m[2mAuth Integration Flow[2m > [22m[2mshould block unauthorized access to protected routes
[22m[39m[Routes] Imported ./core/fabrics.js
[Routes] Imported ./core/materials.js

[90mstdout[2m | server/tests/auth-integration.test.ts[2m > [22m[2mAuth Integration Flow[2m > [22m[2mshould block unauthorized access to protected routes
[22m[39m[Routes] Imported ./core/products.js

{"level":30,"time":1767363682890,"service":"run-apparel-api","msg":"[TwoTierBatchCache] 🚀 Initialized: Delegating to UnifiedCache with SWR support"}
[90mstdout[2m | server/tests/auth-integration.test.ts[2m > [22m[2mAuth Integration Flow[2m > [22m[2mshould block unauthorized access to protected routes
[22m[39m[Routes] Imported ./utilities/footer-config.js

[90mstdout[2m | server/tests/auth-integration.test.ts[2m > [22m[2mAuth Integration Flow[2m > [22m[2mshould block unauthorized access to protected routes
[22m[39m[Routes] Imported ./core/certificates.js
[Routes] Imported ./resources/content-management-routes.js

{"level":30,"time":1767363682901,"service":"run-apparel-api","msg":"DatabaseCircuitBreaker initialized with retry logic (max 3 attempts) and circuit breaker"}
[90mstdout[2m | server/tests/auth-integration.test.ts[2m > [22m[2mAuth Integration Flow[2m > [22m[2mshould block unauthorized access to protected routes
[22m[39m[Routes] Imported ./core/categories.js

[90mstdout[2m | server/tests/auth-integration.test.ts[2m > [22m[2mAuth Integration Flow[2m > [22m[2mshould block unauthorized access to protected routes
[22m[39m[Routes] Imported ./resources/page-content-routes.js

[90mstdout[2m | server/tests/auth-integration.test.ts[2m > [22m[2mAuth Integration Flow[2m > [22m[2mshould block unauthorized access to protected routes
[22m[39m[Routes] Imported ./core/accessories.js

{"level":40,"time":1767363682910,"service":"run-apparel-api","msg":"[AlertManager] GC monitoring enabled but --expose-gc flag not set. GC pause tracking unavailable."}
[90mstdout[2m | server/tests/auth-integration.test.ts[2m > [22m[2mAuth Integration Flow[2m > [22m[2mshould block unauthorized access to protected routes
[22m[39m[Routes] Imported ./utilities/metrics.js

{"level":30,"time":1767363682911,"service":"run-apparel-api","slowQuery":{"durationMs":500,"consecutiveCount":3},"errorRate":{"percentageThreshold":10,"timeWindowMinutes":5},"httpErrorRate":{"percentageThreshold":5},"circuitBreaker":{"alertOnOpen":true,"alertOnHalfOpen":false},"memory":{"percentageThreshold":80},"dbConnection":{"alertOnError":true,"alertOnTimeout":true},"gcPause":{"enabled":true,"thresholdMs":100},"msg":"[AlertManager] Initialized with thresholds:"}
[90mstdout[2m | tests/infrastructure.test.ts[2m > [22m[2mInfrastructure Remediation Verification[2m > [22m[2mshould reject contact submission without reCAPTCHA token in production
[22m[39m[Routes] Imported ./media/index.js

[90mstdout[2m | tests/infrastructure.test.ts[2m > [22m[2mInfrastructure Remediation Verification[2m > [22m[2mshould reject contact submission without reCAPTCHA token in production
[22m[39m[Routes] Imported ./resources/index.js

{"level":30,"time":1767363682915,"service":"run-apparel-api","msg":"[Routes] Unified metrics endpoints registered: /api/metrics, /api/metrics/cache, /api/metrics/database, /api/metrics/http, /api/metrics/system, /api/metrics/errors, /api/metrics/alerts, /api/health/db, /api/cache/invalidation-time"}
{"level":30,"time":1767363682916,"service":"run-apparel-api","msg":"[Routes] ✅ All routes registered successfully (Centralized Auth)"}
objc[47060]: Class GNotificationCenterDelegate is implemented in both /Users/hateemjamshaid/Downloads/RUN-Remix/server/node_modules/@img/sharp-libvips-darwin-x64/lib/libvips-cpp.42.dylib (0x13efe9340) and /Users/hateemjamshaid/Downloads/RUN-Remix/node_modules/@img/sharp-libvips-darwin-x64/lib/libvips-cpp.8.17.3.dylib (0x141ad8b30). This may cause spurious casting failures and mysterious crashes. One of the duplicates must be removed or renamed.
[2026-01-02 19:21:22.638 +0500] [32mINFO[39m: [36m✅ Listed 0 assets with prefix: public/thumbnails/ [39m
    [35mservice[39m: "run-apparel-api"
[2026-01-02 19:21:22.638 +0500] [32mINFO[39m: [36m[Lifecycle] Found 0 files in public/thumbnails/ [39m
    [35mservice[39m: "run-apparel-api"
[2026-01-02 19:21:22.638 +0500] [32mINFO[39m: [36m[Lifecycle] Processed public/thumbnails/: 0 orphaned files deleted (0 files checked) [39m
    [35mservice[39m: "run-apparel-api"
[2026-01-02 19:21:22.638 +0500] [32mINFO[39m: [36m[Lifecycle] Orphaned files cleanup complete: 0 deleted, ~0.00MB freed, 0 errors, 0 files checked [39m
    [35mservice[39m: "run-apparel-api"
[2026-01-02 19:21:22.639 +0500] [32mINFO[39m: [36m[Lifecycle] Cleanup run complete [39m
    [35mservice[39m: "run-apparel-api"
    [35mduration[39m: "3574ms"
    [35mtotalFilesDeleted[39m: 0
    [35mtotalStorageFreedMB[39m: "0.00"
{"level":40,"time":1767363682940,"service":"run-apparel-api","msg":"[Contact] Missing reCAPTCHA token from ::ffff:127.0.0.1"}
 [32m✓[39m dist/shared/tests/contract.test.js [2m([22m[2m2 tests[22m[2m)[22m[32m 3[2mms[22m[39m
{"level":40,"time":1767363682946,"service":"run-apparel-api","msg":"[AuthService] Google Auth credentials missing."}
[90mstdout[2m | tests/infrastructure.test.ts[2m > [22m[2mInfrastructure Remediation Verification[2m > [22m[2mshould process worker email task correctly
[22m[39m[Routes] Importing ./core/categories.js...
[Routes] Importing ./core/products.js...
[Routes] Importing ./core/fabrics.js...
[Routes] Importing ./core/accessories.js...
[Routes] Importing ./core/certificates.js...
[Routes] Importing ./core/materials.js...
[Routes] Importing ./core/size-charts.js...
[Routes] Importing ./feature-flags.js...
[Routes] Importing ./inquiries.js...
[Routes] Importing ./media/folder-management.routes.js...
[Routes] Importing ./media/index.js...
[Routes] Importing ./resources/content-management-routes.js...
[Routes] Importing ./resources/index.js...
[Routes] Importing ./resources/page-content-routes.js...
[Routes] Importing ./auth.js...
[Routes] Importing ./admin/admin.js...
[Routes] Importing ./worker.js...
[Routes] Importing ./utilities/inquiry-admin.js...
[Routes] Importing ./utilities/footer-config.js...
[Routes] Importing ./utilities/api-based-population.js...
[Routes] Importing ./utilities/data-creation.js...
[Routes] Importing ./utilities/direct-postgres-population.js...
[Routes] Importing ./utilities/kv-diagnostics.js...
[Routes] Importing ./utilities/metrics.js...
[Routes] Importing ./utilities/migration-execution.js...
[Routes] Importing ./docs.js...

{"level":30,"time":1767363682946,"service":"run-apparel-api","msg":"[Auth] ✅ AuthService initialized (OIDC + PostgreSQL sessions)"}
{"level":30,"time":1767363682947,"service":"run-apparel-api","msg":"[Routes] Mounting API routes with flat structure (/api/*)"}
[90mstdout[2m | tests/infrastructure.test.ts[2m > [22m[2mInfrastructure Remediation Verification[2m > [22m[2mshould process worker email task correctly
[22m[39m[Routes] Imported ./core/categories.js
[Routes] Imported ./core/products.js
[Routes] Imported ./core/fabrics.js
[Routes] Imported ./core/accessories.js
[Routes] Imported ./core/certificates.js
[Routes] Imported ./core/materials.js
[Routes] Imported ./core/size-charts.js
[Routes] Imported ./feature-flags.js
[Routes] Imported ./inquiries.js
[Routes] Imported ./media/folder-management.routes.js
[Routes] Imported ./media/index.js
[Routes] Imported ./resources/content-management-routes.js
[Routes] Imported ./resources/index.js
[Routes] Imported ./resources/page-content-routes.js
[Routes] Imported ./auth.js
[Routes] Imported ./admin/admin.js
[Routes] Imported ./worker.js
[Routes] Imported ./utilities/inquiry-admin.js
[Routes] Imported ./utilities/footer-config.js
[Routes] Imported ./utilities/api-based-population.js

[90mstdout[2m | tests/infrastructure.test.ts[2m > [22m[2mInfrastructure Remediation Verification[2m > [22m[2mshould process worker email task correctly
[22m[39m[Routes] Imported ./utilities/data-creation.js
[Routes] Imported ./utilities/direct-postgres-population.js
[Routes] Imported ./utilities/kv-diagnostics.js
[Routes] Imported ./utilities/metrics.js
[Routes] Imported ./utilities/migration-execution.js
[Routes] Imported ./docs.js

{"level":30,"time":1767363682950,"service":"run-apparel-api","msg":"[Routes] Unified metrics endpoints registered: /api/metrics, /api/metrics/cache, /api/metrics/database, /api/metrics/http, /api/metrics/system, /api/metrics/errors, /api/metrics/alerts, /api/health/db, /api/cache/invalidation-time"}
{"level":30,"time":1767363682950,"service":"run-apparel-api","msg":"[Routes] ✅ All routes registered successfully (Centralized Auth)"}
{"level":30,"time":1767363682964,"service":"run-apparel-api","msg":"[Worker] Processing email task for inquiry #123"}
{"level":30,"time":1767363682964,"service":"run-apparel-api","msg":"[Worker] Admin notification sent for inquiry #123"}
{"level":30,"time":1767363682964,"service":"run-apparel-api","msg":"[Worker] Customer confirmation sent to test@example.com"}
 [32m✓[39m tests/verification/slow-query.test.ts [2m([22m[2m1 test[22m[2m)[22m[32m 2[2mms[22m[39m
[90mstdout[2m | tests/infrastructure.test.ts[2m > [22m[2mInfrastructure Remediation Verification[2m > [22m[2mshould reject worker access without Cloud Tasks header in production
[22m[39m[Routes] Importing ./core/categories.js...
[Routes] Importing ./core/products.js...
[Routes] Importing ./core/fabrics.js...
[Routes] Importing ./core/accessories.js...
[Routes] Importing ./core/certificates.js...
[Routes] Importing ./core/materials.js...
[Routes] Importing ./core/size-charts.js...
[Routes] Importing ./feature-flags.js...
[Routes] Importing ./inquiries.js...
[Routes] Importing ./media/folder-management.routes.js...
[Routes] Importing ./media/index.js...
[Routes] Importing ./resources/content-management-routes.js...
[Routes] Importing ./resources/index.js...
[Routes] Importing ./resources/page-content-routes.js...
[Routes] Importing ./auth.js...
[Routes] Importing ./admin/admin.js...
[Routes] Importing ./worker.js...
[Routes] Importing ./utilities/inquiry-admin.js...
[Routes] Importing ./utilities/footer-config.js...
[Routes] Importing ./utilities/api-based-population.js...
[Routes] Importing ./utilities/data-creation.js...
[Routes] Importing ./utilities/direct-postgres-population.js...
[Routes] Importing ./utilities/kv-diagnostics.js...
[Routes] Importing ./utilities/metrics.js...
[Routes] Importing ./utilities/migration-execution.js...
[Routes] Importing ./docs.js...

{"level":40,"time":1767363682970,"service":"run-apparel-api","msg":"[AuthService] Google Auth credentials missing."}
{"level":30,"time":1767363682970,"service":"run-apparel-api","msg":"[Auth] ✅ AuthService initialized (OIDC + PostgreSQL sessions)"}
{"level":30,"time":1767363682970,"service":"run-apparel-api","msg":"[Routes] Mounting API routes with flat structure (/api/*)"}
[90mstdout[2m | tests/infrastructure.test.ts[2m > [22m[2mInfrastructure Remediation Verification[2m > [22m[2mshould reject worker access without Cloud Tasks header in production
[22m[39m[Routes] Imported ./core/categories.js
[Routes] Imported ./core/products.js
[Routes] Imported ./core/fabrics.js
[Routes] Imported ./core/accessories.js
[Routes] Imported ./core/certificates.js
[Routes] Imported ./core/materials.js
[Routes] Imported ./core/size-charts.js
[Routes] Imported ./feature-flags.js
[Routes] Imported ./inquiries.js
[Routes] Imported ./media/folder-management.routes.js
[Routes] Imported ./media/index.js
[Routes] Imported ./resources/content-management-routes.js
[Routes] Imported ./resources/index.js
[Routes] Imported ./resources/page-content-routes.js
[Routes] Imported ./auth.js
[Routes] Imported ./admin/admin.js
[Routes] Imported ./worker.js
[Routes] Imported ./utilities/inquiry-admin.js
[Routes] Imported ./utilities/footer-config.js
[Routes] Imported ./utilities/api-based-population.js

[90mstdout[2m | tests/infrastructure.test.ts[2m > [22m[2mInfrastructure Remediation Verification[2m > [22m[2mshould reject worker access without Cloud Tasks header in production
[22m[39m[Routes] Imported ./utilities/data-creation.js
[Routes] Imported ./utilities/direct-postgres-population.js
[Routes] Imported ./utilities/kv-diagnostics.js
[Routes] Imported ./utilities/metrics.js
[Routes] Imported ./utilities/migration-execution.js
[Routes] Imported ./docs.js

{"level":30,"time":1767363682972,"service":"run-apparel-api","msg":"[Routes] Unified metrics endpoints registered: /api/metrics, /api/metrics/cache, /api/metrics/database, /api/metrics/http, /api/metrics/system, /api/metrics/errors, /api/metrics/alerts, /api/health/db, /api/cache/invalidation-time"}
{"level":30,"time":1767363682973,"service":"run-apparel-api","msg":"[Routes] ✅ All routes registered successfully (Centralized Auth)"}
{"level":40,"time":1767363682977,"service":"run-apparel-api","msg":"[Worker] Unauthorized access attempt to email worker"}
 [32m✓[39m tests/infrastructure.test.ts [2m([22m[2m3 tests[22m[2m)[22m[33m 840[2mms[22m[39m
     [33m[2m✓[22m[39m should reject contact submission without reCAPTCHA token in production [33m 803[2mms[22m[39m
[Routes] Imported ./resources/index.js
[90mstdout[2m | server/tests/auth-integration.test.ts[2m > [22m[2mAuth Integration Flow[2m > [22m[2mshould block unauthorized access to protected routes
[22m[39m[Routes] Imported ./media/index.js

objc[47050]: Class GNotificationCenterDelegate is implemented in both /Users/hateemjamshaid/Downloads/RUN-Remix/server/node_modules/@img/sharp-libvips-darwin-x64/lib/libvips-cpp.42.dylib (0x17d7e9340) and /Users/hateemjamshaid/Downloads/RUN-Remix/node_modules/@img/sharp-libvips-darwin-x64/lib/libvips-cpp.8.17.3.dylib (0x1802d8b30). This may cause spurious casting failures and mysterious crashes. One of the duplicates must be removed or renamed.
[Routes] Imported ./media/index.js
 [32m✓[39m shared/tests/contract.test.ts [2m([22m[2m2 tests[22m[2m)[22m[32m 3[2mms[22m[39m
{"level":30,"time":1767363683098,"service":"run-apparel-api","msg":"[SSR] Initialized Vite Dev Server with React Router"}
{"level":30,"time":1767363683098,"service":"run-apparel-api","msg":"[Startup] SSR Handler mounted successfully."}
{"level":30,"time":1767363683098,"service":"run-apparel-api","msg":"[Startup] Starting background services..."}
{"level":30,"time":1767363683098,"service":"run-apparel-api","msg":"[Workflow] Workflow automation active"}
{"level":30,"time":1767363683098,"service":"run-apparel-api","enabled":true,"interval":"3600s","dryRun":false,"msg":"[Lifecycle] Scheduler initialized"}
{"level":30,"time":1767363683098,"service":"run-apparel-api","msg":"[Lifecycle] Starting scheduler (interval: 3600000ms)"}
{"level":30,"time":1767363683098,"service":"run-apparel-api","msg":"[Lifecycle] Starting cleanup run #1"}
{"level":30,"time":1767363683098,"service":"run-apparel-api","msg":"[Lifecycle] Starting temp uploads cleanup (maxAge: 24h, dryRun: false)"}
{"level":30,"time":1767363683100,"service":"run-apparel-api","msg":"[Lifecycle] Scheduler started successfully"}
{"level":30,"time":1767363683101,"service":"run-apparel-api","msg":"[DB Keep-Alive] ✅ Started (ping every 4 minutes to prevent auto-suspend)"}
{"level":30,"time":1767363683102,"service":"run-apparel-api","msg":"[DB] PostgreSQL optimization active"}
 [32m✓[39m shared/dist/tests/contract.test.js [2m([22m[2m2 tests[22m[2m)[22m[32m 2[2mms[22m[39m
[90mstdout[2m | server/tests/auth-integration.test.ts[2m > [22m[2mAuth Integration Flow[2m > [22m[2mshould block unauthorized access to protected routes
[22m[39m[Routes] Imported ./resources/index.js

{"level":30,"time":1767363683145,"service":"run-apparel-api","msg":"[Routes] Unified metrics endpoints registered: /api/metrics, /api/metrics/cache, /api/metrics/database, /api/metrics/http, /api/metrics/system, /api/metrics/errors, /api/metrics/alerts, /api/health/db, /api/cache/invalidation-time"}
{"level":30,"time":1767363683145,"service":"run-apparel-api","msg":"[Routes] ✅ All routes registered successfully (Centralized Auth)"}
{"level":30,"time":1767363683160,"service":"run-apparel-api","msg":"[Auth] ✅ AuthService initialized (OIDC + PostgreSQL sessions)"}
[90mstdout[2m | server/tests/auth-integration.test.ts[2m > [22m[2mAuth Integration Flow[2m > [22m[2mshould allow admin access with proper credentials (mocked)
[22m[39m[Routes] Importing ./core/categories.js...
[Routes] Importing ./core/products.js...
[Routes] Importing ./core/fabrics.js...
[Routes] Importing ./core/accessories.js...
[Routes] Importing ./core/certificates.js...
[Routes] Importing ./core/materials.js...
[Routes] Importing ./core/size-charts.js...
[Routes] Importing ./feature-flags.js...
[Routes] Importing ./inquiries.js...
[Routes] Importing ./media/folder-management.routes.js...
[Routes] Importing ./media/index.js...
[Routes] Importing ./resources/content-management-routes.js...
[Routes] Importing ./resources/index.js...
[Routes] Importing ./resources/page-content-routes.js...
[Routes] Importing ./auth.js...
[Routes] Importing ./admin/admin.js...
[Routes] Importing ./worker.js...
[Routes] Importing ./utilities/inquiry-admin.js...
[Routes] Importing ./utilities/footer-config.js...
[Routes] Importing ./utilities/api-based-population.js...
[Routes] Importing ./utilities/data-creation.js...
[Routes] Importing ./utilities/direct-postgres-population.js...
[Routes] Importing ./utilities/kv-diagnostics.js...
[Routes] Importing ./utilities/metrics.js...
[Routes] Importing ./utilities/migration-execution.js...
[Routes] Importing ./docs.js...

{"level":30,"time":1767363683160,"service":"run-apparel-api","msg":"[Routes] Mounting API routes with flat structure (/api/*)"}
[90mstdout[2m | server/tests/auth-integration.test.ts[2m > [22m[2mAuth Integration Flow[2m > [22m[2mshould allow admin access with proper credentials (mocked)
[22m[39m[Routes] Imported ./core/categories.js
[Routes] Imported ./core/products.js
[Routes] Imported ./core/fabrics.js
[Routes] Imported ./core/accessories.js
[Routes] Imported ./core/certificates.js
[Routes] Imported ./core/materials.js
[Routes] Imported ./core/size-charts.js
[Routes] Imported ./feature-flags.js
[Routes] Imported ./inquiries.js
[Routes] Imported ./media/folder-management.routes.js
[Routes] Imported ./media/index.js
[Routes] Imported ./resources/content-management-routes.js
[Routes] Imported ./resources/index.js
[Routes] Imported ./resources/page-content-routes.js
[Routes] Imported ./auth.js
[Routes] Imported ./admin/admin.js
[Routes] Imported ./worker.js
[Routes] Imported ./utilities/inquiry-admin.js
[Routes] Imported ./utilities/footer-config.js
[Routes] Imported ./utilities/api-based-population.js

[90mstdout[2m | server/tests/auth-integration.test.ts[2m > [22m[2mAuth Integration Flow[2m > [22m[2mshould allow admin access with proper credentials (mocked)
[22m[39m[Routes] Imported ./utilities/data-creation.js
[Routes] Imported ./utilities/direct-postgres-population.js
[Routes] Imported ./utilities/kv-diagnostics.js
[Routes] Imported ./utilities/metrics.js
[Routes] Imported ./utilities/migration-execution.js
[Routes] Imported ./docs.js

{"level":30,"time":1767363683163,"service":"run-apparel-api","msg":"[Routes] Unified metrics endpoints registered: /api/metrics, /api/metrics/cache, /api/metrics/database, /api/metrics/http, /api/metrics/system, /api/metrics/errors, /api/metrics/alerts, /api/health/db, /api/cache/invalidation-time"}
{"level":30,"time":1767363683164,"service":"run-apparel-api","msg":"[Routes] ✅ All routes registered successfully (Centralized Auth)"}
{"level":30,"time":1767363683177,"service":"run-apparel-api","msg":"[Auth] ✅ AuthService initialized (OIDC + PostgreSQL sessions)"}
[90mstdout[2m | server/tests/auth-integration.test.ts[2m > [22m[2mAuth Integration Flow[2m > [22m[2mshould return 401 for unauthenticated public routes requiring login
[22m[39m[Routes] Importing ./core/categories.js...
[Routes] Importing ./core/products.js...
[Routes] Importing ./core/fabrics.js...
[Routes] Importing ./core/accessories.js...
[Routes] Importing ./core/certificates.js...
[Routes] Importing ./core/materials.js...
[Routes] Importing ./core/size-charts.js...
[Routes] Importing ./feature-flags.js...
[Routes] Importing ./inquiries.js...
[Routes] Importing ./media/folder-management.routes.js...
[Routes] Importing ./media/index.js...
[Routes] Importing ./resources/content-management-routes.js...
[Routes] Importing ./resources/index.js...
[Routes] Importing ./resources/page-content-routes.js...
[Routes] Importing ./auth.js...
[Routes] Importing ./admin/admin.js...
[Routes] Importing ./worker.js...
[Routes] Importing ./utilities/inquiry-admin.js...
[Routes] Importing ./utilities/footer-config.js...
[Routes] Importing ./utilities/api-based-population.js...
[Routes] Importing ./utilities/data-creation.js...
[Routes] Importing ./utilities/direct-postgres-population.js...
[Routes] Importing ./utilities/kv-diagnostics.js...
[Routes] Importing ./utilities/metrics.js...
[Routes] Importing ./utilities/migration-execution.js...
[Routes] Importing ./docs.js...

{"level":30,"time":1767363683177,"service":"run-apparel-api","msg":"[Routes] Mounting API routes with flat structure (/api/*)"}
[90mstdout[2m | server/tests/auth-integration.test.ts[2m > [22m[2mAuth Integration Flow[2m > [22m[2mshould return 401 for unauthenticated public routes requiring login
[22m[39m[Routes] Imported ./core/categories.js
[Routes] Imported ./core/products.js
[Routes] Imported ./core/fabrics.js
[Routes] Imported ./core/accessories.js
[Routes] Imported ./core/certificates.js
[Routes] Imported ./core/materials.js
[Routes] Imported ./core/size-charts.js
[Routes] Imported ./feature-flags.js
[Routes] Imported ./inquiries.js
[Routes] Imported ./media/folder-management.routes.js
[Routes] Imported ./media/index.js
[Routes] Imported ./resources/content-management-routes.js
[Routes] Imported ./resources/index.js

[90mstdout[2m | server/tests/auth-integration.test.ts[2m > [22m[2mAuth Integration Flow[2m > [22m[2mshould return 401 for unauthenticated public routes requiring login
[22m[39m[Routes] Imported ./resources/page-content-routes.js
[Routes] Imported ./auth.js
[Routes] Imported ./admin/admin.js
[Routes] Imported ./worker.js
[Routes] Imported ./utilities/inquiry-admin.js
[Routes] Imported ./utilities/footer-config.js
[Routes] Imported ./utilities/api-based-population.js
[Routes] Imported ./utilities/data-creation.js
[Routes] Imported ./utilities/direct-postgres-population.js
[Routes] Imported ./utilities/kv-diagnostics.js
[Routes] Imported ./utilities/metrics.js
[Routes] Imported ./utilities/migration-execution.js
[Routes] Imported ./docs.js

{"level":30,"time":1767363683180,"service":"run-apparel-api","msg":"[Routes] Unified metrics endpoints registered: /api/metrics, /api/metrics/cache, /api/metrics/database, /api/metrics/http, /api/metrics/system, /api/metrics/errors, /api/metrics/alerts, /api/health/db, /api/cache/invalidation-time"}
{"level":30,"time":1767363683180,"service":"run-apparel-api","msg":"[Routes] ✅ All routes registered successfully (Centralized Auth)"}
 [32m✓[39m server/tests/auth-integration.test.ts [2m([22m[2m3 tests[22m[2m)[22m[33m 960[2mms[22m[39m
     [33m[2m✓[22m[39m should block unauthorized access to protected routes [33m 933[2mms[22m[39m
{"level":30,"time":1767363683189,"service":"run-apparel-api","msg":"[RateLimiter] Shutting down rate limiters..."}
[2026-01-02 19:21:23.085 +0500] [32mINFO[39m: [36m[Routes] Unified metrics endpoints registered: /api/metrics, /api/metrics/cache, /api/metrics/database, /api/metrics/http, /api/metrics/system, /api/metrics/errors, /api/metrics/alerts, /api/health/db, /api/cache/invalidation-time [39m
    [35mservice[39m: "run-apparel-api"
[2026-01-02 19:21:23.086 +0500] [32mINFO[39m: [36m[Routes] ✅ All routes registered successfully (Centralized Auth) [39m
    [35mservice[39m: "run-apparel-api"
[2026-01-02 19:21:23.086 +0500] [32mINFO[39m: [36m[Startup] Initializing SSR Handler... [39m
    [35mservice[39m: "run-apparel-api"
 [32m✓[39m tests/technology/performance-benchmark.test.ts [2m([22m[2m4 tests[22m[2m)[22m[33m 1062[2mms[22m[39m
     [33m[2m✓[22m[39m should handle 3D model loading without blocking page render [33m 1005[2mms[22m[39m
{"level":30,"time":1767363683570,"service":"run-apparel-api","msg":"[Storage] Initialized Google Cloud Storage with bucket: run-media"}
{"level":30,"time":1767363683648,"service":"run-apparel-api","pooling":"enabled","driver":"Neon HTTP (stateless)","concurrencyTracking":"enabled","metricsEndpoint":"/api/metrics/database","msg":"[Database] ✅ Connection pool metrics initialized:"}
{"level":30,"time":1767363683648,"service":"run-apparel-api","msg":"[Database] ✅ NEON CONNECTION POOLING ENABLED - Production ready for 300+ concurrent users"}
{"level":30,"time":1767363683876,"service":"run-apparel-api","msg":"[Database] ✅ Database wakeup successful (774ms)"}
{"level":30,"time":1767363683895,"service":"run-apparel-api","msg":"[Database] ✅ DATABASE_URL validation passed"}
[90mstderr[2m | tests/integration/contract-compliance.test.ts
[22m[39m          
        ************************************************************
        *                                                          *
        *  WARNING: Running SQL directly from the browser can have *
        *  security implications. Even if your database is         *
        *  protected by Row-Level Security (RLS), use it at your   *
        *  own risk. This approach is great for fast prototyping,  *
        *  but ensure proper safeguards are in place to prevent    *
        *  misuse or execution of expensive SQL queries by your    *
        *  end users.                                              *
        *                                                          *
        *  If you've assessed the risks, suppress this message     *
        *  using the disableWarningInBrowsers configuration        *
        *  parameter.                                              *
        *                                                          *
        ************************************************************

{"level":40,"time":1767363683936,"service":"run-apparel-api","msg":"UPSTASH_REDIS_REST_URL or UPSTASH_REDIS_REST_TOKEN is missing. Rate limiting will fall back to in-memory storage."}
[90mstderr[2m | tests/integration/contract-compliance.test.ts
[22m[39m[Upstash Redis] The 'url' property is missing or undefined in your Redis config.
[Upstash Redis] The 'token' property is missing or undefined in your Redis config.

{"level":30,"time":1767363683937,"service":"run-apparel-api","msg":"[Cache] ⚠️ Unified In-Memory Cache initialized (L2 Redis disabled)"}
{"level":30,"time":1767363683937,"service":"run-apparel-api","msg":"[DB Retry] Database retry logic initialized (maxRetries=3, backoffMs=50, exponential)"}
{"level":30,"time":1767363683940,"service":"run-apparel-api","effectiveOrigins":["*"],"msg":"[CORS] Middleware initialized for development"}
 [2m[90m↓[39m[22m tests/integration/contract-compliance.test.ts [2m([22m[2m3 tests[22m[2m | [22m[33m3 skipped[39m[2m)[22m
{"level":30,"time":1767363684167,"service":"run-apparel-api","msg":"[Startup] Database health check passed"}
{"level":30,"time":1767363684167,"service":"run-apparel-api","msg":"[Startup] All services started."}
{"level":30,"time":1767363684168,"service":"run-apparel-api","msg":"Server running on port 0"}
{"level":30,"time":1767363684168,"service":"run-apparel-api","msg":"Environment: development"}
{"level":30,"time":1767363684204,"service":"run-apparel-api","msg":"[RateLimiter] Shutting down rate limiters..."}
{"level":30,"time":1767363684204,"service":"run-apparel-api","msg":"[DB Keep-Alive] ⏹️ Stopped"}
{"level":30,"time":1767363684205,"service":"run-apparel-api","msg":"[SIGTERM] Shutting down..."}
{"level":30,"time":1767363684205,"service":"run-apparel-api","msg":"[SIGTERM] Server closed"}
7:21:24 PM [vite] (client) Re-optimizing dependencies because vite config has changed
[2026-01-02 19:21:24.261 +0500] [32mINFO[39m: [36m[SSR] Initialized Vite Dev Server with React Router [39m
    [35mservice[39m: "run-apparel-api"
[2026-01-02 19:21:24.261 +0500] [32mINFO[39m: [36m[Startup] SSR Handler mounted successfully. [39m
    [35mservice[39m: "run-apparel-api"
[2026-01-02 19:21:24.261 +0500] [32mINFO[39m: [36m[Startup] Starting background services... [39m
    [35mservice[39m: "run-apparel-api"
[2026-01-02 19:21:24.261 +0500] [32mINFO[39m: [36m[Workflow] Workflow automation active [39m
    [35mservice[39m: "run-apparel-api"
[2026-01-02 19:21:24.261 +0500] [32mINFO[39m: [36m[Lifecycle] Scheduler initialized [39m
    [35mservice[39m: "run-apparel-api"
    [35menabled[39m: true
    [35minterval[39m: "3600s"
    [35mdryRun[39m: false
[2026-01-02 19:21:24.261 +0500] [32mINFO[39m: [36m[Lifecycle] Starting scheduler (interval: 3600000ms) [39m
    [35mservice[39m: "run-apparel-api"
[2026-01-02 19:21:24.261 +0500] [32mINFO[39m: [36m[Lifecycle] Starting cleanup run #1 [39m
    [35mservice[39m: "run-apparel-api"
[2026-01-02 19:21:24.262 +0500] [32mINFO[39m: [36m[Lifecycle] Starting temp uploads cleanup (maxAge: 24h, dryRun: false) [39m
    [35mservice[39m: "run-apparel-api"
[2026-01-02 19:21:24.263 +0500] [32mINFO[39m: [36m[Lifecycle] Scheduler started successfully [39m
    [35mservice[39m: "run-apparel-api"
[2026-01-02 19:21:24.264 +0500] [32mINFO[39m: [36m[DB Keep-Alive] ✅ Started (ping every 4 minutes to prevent auto-suspend) [39m
    [35mservice[39m: "run-apparel-api"
[2026-01-02 19:21:24.265 +0500] [32mINFO[39m: [36m[DB] PostgreSQL optimization active [39m
    [35mservice[39m: "run-apparel-api"
[2026-01-02 19:21:24.281 +0500] [32mINFO[39m: [36m[Database] ✅ Connection pool metrics initialized: [39m
    [35mservice[39m: "run-apparel-api"
    [35mpooling[39m: "enabled"
    [35mdriver[39m: "Neon HTTP (stateless)"
    [35mconcurrencyTracking[39m: "enabled"
    [35mmetricsEndpoint[39m: "/api/metrics/database"
[2026-01-02 19:21:24.281 +0500] [32mINFO[39m: [36m[Database] ✅ NEON CONNECTION POOLING ENABLED - Production ready for 300+ concurrent users [39m
    [35mservice[39m: "run-apparel-api"
{"level":30,"time":1767363685266,"service":"run-apparel-api","msg":"[Storage] Initialized Google Cloud Storage with bucket: run-media"}
[2026-01-02 19:21:24.979 +0500] [32mINFO[39m: [36m[Database] ✅ Database wakeup successful (710ms) [39m
    [35mservice[39m: "run-apparel-api"
[2026-01-02 19:21:25.216 +0500] [32mINFO[39m: [36m[Startup] Database health check passed [39m
    [35mservice[39m: "run-apparel-api"
[2026-01-02 19:21:25.216 +0500] [32mINFO[39m: [36m[Startup] All services started. [39m
    [35mservice[39m: "run-apparel-api"
[2026-01-02 19:21:25.217 +0500] [32mINFO[39m: [36mServer running on port 0 [39m
    [35mservice[39m: "run-apparel-api"
[2026-01-02 19:21:25.217 +0500] [32mINFO[39m: [36mEnvironment: development [39m
    [35mservice[39m: "run-apparel-api"
[Upstash Redis] The 'url' property is missing or undefined in your Redis config.
[Upstash Redis] The 'token' property is missing or undefined in your Redis config.
!!! REAL storage-singleton INIT RUNNING !!!
{"level":30,"time":1767363685339,"service":"run-apparel-api","msg":"[Database] ✅ DATABASE_URL validation passed"}
{"level":40,"time":1767363685343,"service":"run-apparel-api","msg":"UPSTASH_REDIS_REST_URL or UPSTASH_REDIS_REST_TOKEN is missing. Rate limiting will fall back to in-memory storage."}
{"level":30,"time":1767363685344,"service":"run-apparel-api","msg":"[Cache] ⚠️ Unified In-Memory Cache initialized (L2 Redis disabled)"}
{"level":30,"time":1767363685344,"service":"run-apparel-api","msg":"DatabaseCircuitBreaker initialized with retry logic (max 3 attempts) and circuit breaker"}
{"level":30,"time":1767363685345,"service":"run-apparel-api","msg":"[StorageSingleton] Initializing Direct PostgreSQL Storage..."}
{"level":30,"time":1767363685345,"service":"run-apparel-api","msg":"[StorageSingleton] ✅ Direct PostgreSQL Storage initialized successfully"}
{"level":30,"time":1767363685358,"service":"run-apparel-api","effectiveOrigins":["*"],"msg":"[CORS] Middleware initialized for development"}
[2026-01-02 19:21:25.371 +0500] [32mINFO[39m: [36m[RateLimiter] Shutting down rate limiters... [39m
    [35mservice[39m: "run-apparel-api"
[2026-01-02 19:21:25.372 +0500] [32mINFO[39m: [36m[DB Keep-Alive] ⏹️ Stopped [39m
    [35mservice[39m: "run-apparel-api"
[2026-01-02 19:21:25.372 +0500] [32mINFO[39m: [36m[SIGTERM] Shutting down... [39m
    [35mservice[39m: "run-apparel-api"
[2026-01-02 19:21:25.372 +0500] [32mINFO[39m: [36m[SIGTERM] Server closed [39m
    [35mservice[39m: "run-apparel-api"
{"level":30,"time":1767363685407,"service":"run-apparel-api","msg":"[RateLimiter] Production-grade rate limiters initialized"}
{"level":30,"time":1767363685407,"service":"run-apparel-api","msg":"[RateLimiter] General: 100 req/900000ms"}
{"level":30,"time":1767363685408,"service":"run-apparel-api","msg":"[RateLimiter] Admin: 30 req/900000ms"}
{"level":30,"time":1767363685408,"service":"run-apparel-api","msg":"[RateLimiter] Diagnostic: 10 req/60000ms"}
{"level":30,"time":1767363685412,"service":"run-apparel-api","msg":"[AuthService] ✅ Authentication configured"}
[Routes] Importing ./core/categories.js...
[Routes] Importing ./core/products.js...
[Routes] Importing ./core/fabrics.js...
[Routes] Importing ./core/accessories.js...
[Routes] Importing ./core/certificates.js...
[Routes] Importing ./core/materials.js...
[Routes] Importing ./core/size-charts.js...
[Routes] Importing ./feature-flags.js...
[Routes] Importing ./inquiries.js...
[Routes] Importing ./media/folder-management.routes.js...
[Routes] Importing ./media/index.js...
[Routes] Importing ./resources/content-management-routes.js...
[Routes] Importing ./resources/index.js...
[Routes] Importing ./resources/page-content-routes.js...
[Routes] Importing ./auth.js...
[Routes] Importing ./admin/admin.js...
[Routes] Importing ./worker.js...
[Routes] Importing ./utilities/inquiry-admin.js...
[Routes] Importing ./utilities/footer-config.js...
[Routes] Importing ./utilities/api-based-population.js...
[Routes] Importing ./utilities/data-creation.js...
[Routes] Importing ./utilities/direct-postgres-population.js...
[Routes] Importing ./utilities/kv-diagnostics.js...
[Routes] Importing ./utilities/metrics.js...
[Routes] Importing ./utilities/migration-execution.js...
[Routes] Importing ./docs.js...
{"level":30,"time":1767363685413,"service":"run-apparel-api","msg":"[Auth] ✅ AuthService initialized (OIDC + PostgreSQL sessions)"}
{"level":30,"time":1767363685413,"service":"run-apparel-api","msg":"[Routes] Mounting API routes with flat structure (/api/*)"}
[Routes] Imported ./feature-flags.js
[Routes] Imported ./inquiries.js
[Routes] Imported ./auth.js
[Routes] Imported ./utilities/data-creation.js
[Routes] Imported ./utilities/direct-postgres-population.js
[Routes] Imported ./utilities/kv-diagnostics.js
[Routes] Imported ./utilities/api-based-population.js
{"level":30,"time":1767363685460,"service":"run-apparel-api","msg":"[DB Retry] Database retry logic initialized (maxRetries=3, backoffMs=50, exponential)"}
[Routes] Imported ./media/folder-management.routes.js
[Routes] Imported ./core/size-charts.js
[Routes] Imported ./admin/admin.js
[Routes] Imported ./core/materials.js
[Routes] Imported ./core/fabrics.js
[Routes] Imported ./resources/content-management-routes.js
[Routes] Imported ./core/certificates.js
[Routes] Imported ./utilities/footer-config.js
[Routes] Imported ./utilities/inquiry-admin.js
[Routes] Imported ./resources/page-content-routes.js
[Routes] Imported ./core/accessories.js
[Routes] Imported ./utilities/migration-execution.js
{"level":40,"time":1767363685492,"service":"run-apparel-api","msg":"[Email] Gmail credentials not configured - email notifications disabled"}
[Routes] Imported ./core/products.js
[Routes] Imported ./core/categories.js
[Routes] Imported ./worker.js
[Routes] Imported ./utilities/metrics.js
[Routes] Imported ./docs.js
{"level":30,"time":1767363685493,"service":"run-apparel-api","msg":"[TwoTierBatchCache] 🚀 Initialized: Delegating to UnifiedCache with SWR support"}
{"level":40,"time":1767363685493,"service":"run-apparel-api","msg":"[AlertManager] GC monitoring enabled but --expose-gc flag not set. GC pause tracking unavailable."}
{"level":30,"time":1767363685493,"service":"run-apparel-api","slowQuery":{"durationMs":500,"consecutiveCount":3},"errorRate":{"percentageThreshold":10,"timeWindowMinutes":5},"httpErrorRate":{"percentageThreshold":5},"circuitBreaker":{"alertOnOpen":true,"alertOnHalfOpen":false},"memory":{"percentageThreshold":80},"dbConnection":{"alertOnError":true,"alertOnTimeout":true},"gcPause":{"enabled":true,"thresholdMs":100},"msg":"[AlertManager] Initialized with thresholds:"}
objc[47083]: Class GNotificationCenterDelegate is implemented in both /Users/hateemjamshaid/Downloads/RUN-Remix/server/node_modules/@img/sharp-libvips-darwin-x64/lib/libvips-cpp.42.dylib (0x160fe9340) and /Users/hateemjamshaid/Downloads/RUN-Remix/node_modules/@img/sharp-libvips-darwin-x64/lib/libvips-cpp.8.17.3.dylib (0x163ad8b30). This may cause spurious casting failures and mysterious crashes. One of the duplicates must be removed or renamed.
[Routes] Imported ./resources/index.js
[Routes] Imported ./media/index.js
{"level":30,"time":1767363685829,"service":"run-apparel-api","msg":"[Routes] Unified metrics endpoints registered: /api/metrics, /api/metrics/cache, /api/metrics/database, /api/metrics/http, /api/metrics/system, /api/metrics/errors, /api/metrics/alerts, /api/health/db, /api/cache/invalidation-time"}
{"level":30,"time":1767363685830,"service":"run-apparel-api","msg":"[Routes] ✅ All routes registered successfully (Centralized Auth)"}
{"level":30,"time":1767363685830,"service":"run-apparel-api","msg":"[Startup] Initializing SSR Handler..."}
[2026-01-02 19:21:25.342 +0500] [32mINFO[39m: [36m[RateLimiter] Shutting down rate limiters... [39m
    [35mservice[39m: "run-apparel-api"
[2026-01-02 19:21:25.343 +0500] [32mINFO[39m: [36m[DB Keep-Alive] ⏹️ Stopped [39m
    [35mservice[39m: "run-apparel-api"
[2026-01-02 19:21:25.343 +0500] [32mINFO[39m: [36m[SIGTERM] Shutting down... [39m
    [35mservice[39m: "run-apparel-api"
[2026-01-02 19:21:25.343 +0500] [32mINFO[39m: [36m[SIGTERM] Server closed [39m
    [35mservice[39m: "run-apparel-api"
[Upstash Redis] The 'url' property is missing or undefined in your Redis config.
[Upstash Redis] The 'token' property is missing or undefined in your Redis config.
!!! REAL storage-singleton INIT RUNNING !!!
[Upstash Redis] The 'url' property is missing or undefined in your Redis config.
[Upstash Redis] The 'token' property is missing or undefined in your Redis config.
!!! REAL storage-singleton INIT RUNNING !!!
[2026-01-02 19:21:26.507 +0500] [32mINFO[39m: [36m[Storage] Initialized Google Cloud Storage with bucket: run-media [39m
    [35mservice[39m: "run-apparel-api"
[2026-01-02 19:21:26.588 +0500] [32mINFO[39m: [36m[Database] ✅ DATABASE_URL validation passed [39m
    [35mservice[39m: "run-apparel-api"
[2026-01-02 19:21:26.592 +0500] [33mWARN[39m: [36mUPSTASH_REDIS_REST_URL or UPSTASH_REDIS_REST_TOKEN is missing. Rate limiting will fall back to in-memory storage. [39m
    [35mservice[39m: "run-apparel-api"
[2026-01-02 19:21:26.593 +0500] [32mINFO[39m: [36m[Cache] ⚠️ Unified In-Memory Cache initialized (L2 Redis disabled) [39m
    [35mservice[39m: "run-apparel-api"
[2026-01-02 19:21:26.593 +0500] [32mINFO[39m: [36mDatabaseCircuitBreaker initialized with retry logic (max 3 attempts) and circuit breaker [39m
    [35mservice[39m: "run-apparel-api"
[2026-01-02 19:21:26.593 +0500] [32mINFO[39m: [36m[StorageSingleton] Initializing Direct PostgreSQL Storage... [39m
    [35mservice[39m: "run-apparel-api"
[2026-01-02 19:21:26.593 +0500] [32mINFO[39m: [36m[StorageSingleton] ✅ Direct PostgreSQL Storage initialized successfully [39m
    [35mservice[39m: "run-apparel-api"
[2026-01-02 19:21:26.607 +0500] [32mINFO[39m: [36m[CORS] Middleware initialized for development [39m
    [35mservice[39m: "run-apparel-api"
    [35meffectiveOrigins[39m: [
      "*"
    ]
[2026-01-02 19:21:26.661 +0500] [32mINFO[39m: [36m[RateLimiter] Production-grade rate limiters initialized [39m
    [35mservice[39m: "run-apparel-api"
[Routes] Importing ./core/categories.js...
[Routes] Importing ./core/products.js...
[Routes] Importing ./core/fabrics.js...
[Routes] Importing ./core/accessories.js...
[Routes] Importing ./core/certificates.js...
[Routes] Importing ./core/materials.js...
[Routes] Importing ./core/size-charts.js...
[Routes] Importing ./feature-flags.js...
[Routes] Importing ./inquiries.js...
[Routes] Importing ./media/folder-management.routes.js...
[Routes] Importing ./media/index.js...
[Routes] Importing ./resources/content-management-routes.js...
[Routes] Importing ./resources/index.js...
[Routes] Importing ./resources/page-content-routes.js...
[Routes] Importing ./auth.js...
[Routes] Importing ./admin/admin.js...
[Routes] Importing ./worker.js...
[Routes] Importing ./utilities/inquiry-admin.js...
[Routes] Importing ./utilities/footer-config.js...
[Routes] Importing ./utilities/api-based-population.js...
[Routes] Importing ./utilities/data-creation.js...
[Routes] Importing ./utilities/direct-postgres-population.js...
[Routes] Importing ./utilities/kv-diagnostics.js...
[Routes] Importing ./utilities/metrics.js...
[Routes] Importing ./utilities/migration-execution.js...
[Routes] Importing ./docs.js...
[2026-01-02 19:21:26.661 +0500] [32mINFO[39m: [36m[RateLimiter] General: 100 req/900000ms [39m
    [35mservice[39m: "run-apparel-api"
[2026-01-02 19:21:26.661 +0500] [32mINFO[39m: [36m[RateLimiter] Admin: 30 req/900000ms [39m
    [35mservice[39m: "run-apparel-api"
[2026-01-02 19:21:26.661 +0500] [32mINFO[39m: [36m[RateLimiter] Diagnostic: 10 req/60000ms [39m
    [35mservice[39m: "run-apparel-api"
[2026-01-02 19:21:26.666 +0500] [32mINFO[39m: [36m[AuthService] ✅ Authentication configured [39m
    [35mservice[39m: "run-apparel-api"
[2026-01-02 19:21:26.666 +0500] [32mINFO[39m: [36m[Auth] ✅ AuthService initialized (OIDC + PostgreSQL sessions) [39m
    [35mservice[39m: "run-apparel-api"
[2026-01-02 19:21:26.667 +0500] [32mINFO[39m: [36m[Routes] Mounting API routes with flat structure (/api/*) [39m
    [35mservice[39m: "run-apparel-api"
[Routes] Imported ./feature-flags.js
[Routes] Imported ./inquiries.js
[Routes] Imported ./auth.js
[Routes] Imported ./utilities/data-creation.js
[Routes] Imported ./utilities/direct-postgres-population.js
[Routes] Imported ./utilities/kv-diagnostics.js
[Routes] Imported ./utilities/api-based-population.js
[2026-01-02 19:21:26.562 +0500] [32mINFO[39m: [36m[Storage] Initialized Google Cloud Storage with bucket: run-media [39m
    [35mservice[39m: "run-apparel-api"
[2026-01-02 19:21:26.637 +0500] [32mINFO[39m: [36m[Database] ✅ DATABASE_URL validation passed [39m
    [35mservice[39m: "run-apparel-api"
[2026-01-02 19:21:26.642 +0500] [33mWARN[39m: [36mUPSTASH_REDIS_REST_URL or UPSTASH_REDIS_REST_TOKEN is missing. Rate limiting will fall back to in-memory storage. [39m
    [35mservice[39m: "run-apparel-api"
[2026-01-02 19:21:26.646 +0500] [32mINFO[39m: [36m[Cache] ⚠️ Unified In-Memory Cache initialized (L2 Redis disabled) [39m
    [35mservice[39m: "run-apparel-api"
[2026-01-02 19:21:26.646 +0500] [32mINFO[39m: [36mDatabaseCircuitBreaker initialized with retry logic (max 3 attempts) and circuit breaker [39m
    [35mservice[39m: "run-apparel-api"
[2026-01-02 19:21:26.647 +0500] [32mINFO[39m: [36m[StorageSingleton] Initializing Direct PostgreSQL Storage... [39m
    [35mservice[39m: "run-apparel-api"
[2026-01-02 19:21:26.647 +0500] [32mINFO[39m: [36m[StorageSingleton] ✅ Direct PostgreSQL Storage initialized successfully [39m
    [35mservice[39m: "run-apparel-api"
[2026-01-02 19:21:26.661 +0500] [32mINFO[39m: [36m[CORS] Middleware initialized for development [39m
    [35mservice[39m: "run-apparel-api"
    [35meffectiveOrigins[39m: [
      "*"
    ]
[Routes] Imported ./resources/content-management-routes.js
[Routes] Imported ./media/folder-management.routes.js
[Routes] Imported ./core/certificates.js
[Routes] Imported ./core/size-charts.js
[Routes] Imported ./admin/admin.js
[Routes] Importing ./core/categories.js...
[Routes] Importing ./core/products.js...
[Routes] Importing ./core/fabrics.js...
[Routes] Importing ./core/accessories.js...
[Routes] Importing ./core/certificates.js...
[Routes] Importing ./core/materials.js...
[Routes] Importing ./core/size-charts.js...
[Routes] Importing ./feature-flags.js...
[Routes] Importing ./inquiries.js...
[Routes] Importing ./media/folder-management.routes.js...
[Routes] Importing ./media/index.js...
[Routes] Importing ./resources/content-management-routes.js...
[Routes] Importing ./resources/index.js...
[Routes] Importing ./resources/page-content-routes.js...
[Routes] Importing ./auth.js...
[Routes] Importing ./admin/admin.js...
[Routes] Importing ./worker.js...
[Routes] Importing ./utilities/inquiry-admin.js...
[Routes] Importing ./utilities/footer-config.js...
[Routes] Importing ./utilities/api-based-population.js...
[Routes] Importing ./utilities/data-creation.js...
[Routes] Importing ./utilities/direct-postgres-population.js...
[Routes] Importing ./utilities/kv-diagnostics.js...
[Routes] Importing ./utilities/metrics.js...
[Routes] Importing ./utilities/migration-execution.js...
[Routes] Importing ./docs.js...
[2026-01-02 19:21:26.713 +0500] [32mINFO[39m: [36m[RateLimiter] Production-grade rate limiters initialized [39m
    [35mservice[39m: "run-apparel-api"
[Routes] Imported ./resources/page-content-routes.js
[Routes] Imported ./core/materials.js
[Routes] Imported ./core/fabrics.js
[Routes] Imported ./core/accessories.js
[Routes] Imported ./utilities/footer-config.js
[Routes] Imported ./utilities/inquiry-admin.js
[2026-01-02 19:21:26.714 +0500] [32mINFO[39m: [36m[RateLimiter] General: 100 req/900000ms [39m
    [35mservice[39m: "run-apparel-api"
[2026-01-02 19:21:26.714 +0500] [32mINFO[39m: [36m[RateLimiter] Admin: 30 req/900000ms [39m
    [35mservice[39m: "run-apparel-api"
[2026-01-02 19:21:26.714 +0500] [32mINFO[39m: [36m[RateLimiter] Diagnostic: 10 req/60000ms [39m
    [35mservice[39m: "run-apparel-api"
[2026-01-02 19:21:26.718 +0500] [32mINFO[39m: [36m[AuthService] ✅ Authentication configured [39m
    [35mservice[39m: "run-apparel-api"
[2026-01-02 19:21:26.718 +0500] [32mINFO[39m: [36m[Auth] ✅ AuthService initialized (OIDC + PostgreSQL sessions) [39m
    [35mservice[39m: "run-apparel-api"
[2026-01-02 19:21:26.719 +0500] [32mINFO[39m: [36m[Routes] Mounting API routes with flat structure (/api/*) [39m
    [35mservice[39m: "run-apparel-api"
[Routes] Imported ./feature-flags.js
[Routes] Imported ./inquiries.js
[Routes] Imported ./core/products.js
[Routes] Imported ./core/categories.js
[2026-01-02 19:21:26.724 +0500] [32mINFO[39m: [36m[DB Retry] Database retry logic initialized (maxRetries=3, backoffMs=50, exponential) [39m
    [35mservice[39m: "run-apparel-api"
[Routes] Imported ./auth.js
[Routes] Imported ./utilities/api-based-population.js
[Routes] Imported ./docs.js
[Routes] Imported ./utilities/data-creation.js
[Routes] Imported ./utilities/direct-postgres-population.js
[Routes] Imported ./utilities/migration-execution.js
[Routes] Imported ./utilities/kv-diagnostics.js
[Routes] Imported ./core/size-charts.js
[Routes] Imported ./media/folder-management.routes.js
[Routes] Imported ./admin/admin.js
[Routes] Imported ./core/certificates.js
[Routes] Imported ./resources/content-management-routes.js
[Routes] Imported ./worker.js
[Routes] Imported ./utilities/metrics.js
[Routes] Imported ./utilities/footer-config.js
[Routes] Imported ./utilities/inquiry-admin.js
[2026-01-02 19:21:26.764 +0500] [33mWARN[39m: [36m[Email] Gmail credentials not configured - email notifications disabled [39m
    [35mservice[39m: "run-apparel-api"
[2026-01-02 19:21:26.764 +0500] [32mINFO[39m: [36m[TwoTierBatchCache] 🚀 Initialized: Delegating to UnifiedCache with SWR support [39m
    [35mservice[39m: "run-apparel-api"
[2026-01-02 19:21:26.764 +0500] [33mWARN[39m: [36m[AlertManager] GC monitoring enabled but --expose-gc flag not set. GC pause tracking unavailable. [39m
    [35mservice[39m: "run-apparel-api"
[2026-01-02 19:21:26.764 +0500] [32mINFO[39m: [36m[AlertManager] Initialized with thresholds: [39m
    [35mservice[39m: "run-apparel-api"
    [35mslowQuery[39m: {
      "durationMs": 500,
      "consecutiveCount": 3
    }
    [35merrorRate[39m: {
      "percentageThreshold": 10,
      "timeWindowMinutes": 5
    }
    [35mhttpErrorRate[39m: {
      "percentageThreshold": 5
    }
    [35mcircuitBreaker[39m: {
      "alertOnOpen": true,
      "alertOnHalfOpen": false
    }
    [35mmemory[39m: {
      "percentageThreshold": 80
    }
    [35mdbConnection[39m: {
      "alertOnError": true,
      "alertOnTimeout": true
    }
    [35mgcPause[39m: {
      "enabled": true,
      "thresholdMs": 100
    }
[Routes] Imported ./core/fabrics.js
[Routes] Imported ./core/materials.js
[Routes] Imported ./core/accessories.js
[Routes] Imported ./resources/page-content-routes.js
[Routes] Imported ./core/products.js
[Routes] Imported ./core/categories.js
[Routes] Imported ./docs.js
[2026-01-02 19:21:26.780 +0500] [32mINFO[39m: [36m[DB Retry] Database retry logic initialized (maxRetries=3, backoffMs=50, exponential) [39m
    [35mservice[39m: "run-apparel-api"
[Routes] Imported ./utilities/migration-execution.js
[Routes] Imported ./worker.js
[Routes] Imported ./utilities/metrics.js
{"level":30,"time":1767363686821,"service":"run-apparel-api","pooling":"enabled","driver":"Neon HTTP (stateless)","concurrencyTracking":"enabled","metricsEndpoint":"/api/metrics/database","msg":"[Database] ✅ Connection pool metrics initialized:"}
{"level":30,"time":1767363686821,"service":"run-apparel-api","msg":"[Database] ✅ NEON CONNECTION POOLING ENABLED - Production ready for 300+ concurrent users"}
[2026-01-02 19:21:26.810 +0500] [33mWARN[39m: [36m[Email] Gmail credentials not configured - email notifications disabled [39m
    [35mservice[39m: "run-apparel-api"
[2026-01-02 19:21:26.810 +0500] [32mINFO[39m: [36m[TwoTierBatchCache] 🚀 Initialized: Delegating to UnifiedCache with SWR support [39m
    [35mservice[39m: "run-apparel-api"
[2026-01-02 19:21:26.810 +0500] [33mWARN[39m: [36m[AlertManager] GC monitoring enabled but --expose-gc flag not set. GC pause tracking unavailable. [39m
    [35mservice[39m: "run-apparel-api"
[2026-01-02 19:21:26.810 +0500] [32mINFO[39m: [36m[AlertManager] Initialized with thresholds: [39m
    [35mservice[39m: "run-apparel-api"
    [35mslowQuery[39m: {
      "durationMs": 500,
      "consecutiveCount": 3
    }
    [35merrorRate[39m: {
      "percentageThreshold": 10,
      "timeWindowMinutes": 5
    }
    [35mhttpErrorRate[39m: {
      "percentageThreshold": 5
    }
    [35mcircuitBreaker[39m: {
      "alertOnOpen": true,
      "alertOnHalfOpen": false
    }
    [35mmemory[39m: {
      "percentageThreshold": 80
    }
    [35mdbConnection[39m: {
      "alertOnError": true,
      "alertOnTimeout": true
    }
    [35mgcPause[39m: {
      "enabled": true,
      "thresholdMs": 100
    }
objc[47086]: Class GNotificationCenterDelegate is implemented in both /Users/hateemjamshaid/Downloads/RUN-Remix/server/node_modules/@img/sharp-libvips-darwin-x64/lib/libvips-cpp.42.dylib (0x17d7e9340) and /Users/hateemjamshaid/Downloads/RUN-Remix/node_modules/@img/sharp-libvips-darwin-x64/lib/libvips-cpp.8.17.3.dylib (0x1802d8b30). This may cause spurious casting failures and mysterious crashes. One of the duplicates must be removed or renamed.
7:21:27 PM [vite] (client) Re-optimizing dependencies because vite config has changed
[Routes] Imported ./resources/index.js
{"level":30,"time":1767363687064,"service":"run-apparel-api","msg":"[SSR] Initialized Vite Dev Server with React Router"}
[Routes] Imported ./resources/index.js
[Routes] Imported ./media/index.js
{"level":30,"time":1767363687064,"service":"run-apparel-api","msg":"[Startup] SSR Handler mounted successfully."}
{"level":30,"time":1767363687064,"service":"run-apparel-api","msg":"[Startup] Starting background services..."}
{"level":30,"time":1767363687064,"service":"run-apparel-api","msg":"[Workflow] Workflow automation active"}
{"level":30,"time":1767363687064,"service":"run-apparel-api","enabled":true,"interval":"3600s","dryRun":false,"msg":"[Lifecycle] Scheduler initialized"}
{"level":30,"time":1767363687064,"service":"run-apparel-api","msg":"[Lifecycle] Starting scheduler (interval: 3600000ms)"}
{"level":30,"time":1767363687064,"service":"run-apparel-api","msg":"[Lifecycle] Starting cleanup run #1"}
{"level":30,"time":1767363687064,"service":"run-apparel-api","msg":"[Lifecycle] Starting temp uploads cleanup (maxAge: 24h, dryRun: false)"}
{"level":30,"time":1767363687066,"service":"run-apparel-api","msg":"[Lifecycle] Scheduler started successfully"}
{"level":30,"time":1767363687067,"service":"run-apparel-api","msg":"[DB Keep-Alive] ✅ Started (ping every 4 minutes to prevent auto-suspend)"}
{"level":30,"time":1767363687068,"service":"run-apparel-api","msg":"[DB] PostgreSQL optimization active"}
objc[47087]: Class GNotificationCenterDelegate is implemented in both /Users/hateemjamshaid/Downloads/RUN-Remix/server/node_modules/@img/sharp-libvips-darwin-x64/lib/libvips-cpp.42.dylib (0x17cfe9340) and /Users/hateemjamshaid/Downloads/RUN-Remix/node_modules/@img/sharp-libvips-darwin-x64/lib/libvips-cpp.8.17.3.dylib (0x17fad8b30). This may cause spurious casting failures and mysterious crashes. One of the duplicates must be removed or renamed.
[Routes] Imported ./media/index.js
[2026-01-02 19:21:27.065 +0500] [32mINFO[39m: [36m[Routes] Unified metrics endpoints registered: /api/metrics, /api/metrics/cache, /api/metrics/database, /api/metrics/http, /api/metrics/system, /api/metrics/errors, /api/metrics/alerts, /api/health/db, /api/cache/invalidation-time [39m
    [35mservice[39m: "run-apparel-api"
[2026-01-02 19:21:27.066 +0500] [32mINFO[39m: [36m[Routes] ✅ All routes registered successfully (Centralized Auth) [39m
    [35mservice[39m: "run-apparel-api"
[2026-01-02 19:21:27.066 +0500] [32mINFO[39m: [36m[Startup] Initializing SSR Handler... [39m
    [35mservice[39m: "run-apparel-api"
[2026-01-02 19:21:27.142 +0500] [32mINFO[39m: [36m[Routes] Unified metrics endpoints registered: /api/metrics, /api/metrics/cache, /api/metrics/database, /api/metrics/http, /api/metrics/system, /api/metrics/errors, /api/metrics/alerts, /api/health/db, /api/cache/invalidation-time [39m
    [35mservice[39m: "run-apparel-api"
[2026-01-02 19:21:27.142 +0500] [32mINFO[39m: [36m[Routes] ✅ All routes registered successfully (Centralized Auth) [39m
    [35mservice[39m: "run-apparel-api"
[2026-01-02 19:21:27.142 +0500] [32mINFO[39m: [36m[Startup] Initializing SSR Handler... [39m
    [35mservice[39m: "run-apparel-api"
{"level":30,"time":1767363687842,"service":"run-apparel-api","msg":"[Database] ✅ Database wakeup successful (770ms)"}
{"level":30,"time":1767363688075,"service":"run-apparel-api","msg":"[Startup] Database health check passed"}
{"level":30,"time":1767363688075,"service":"run-apparel-api","msg":"[Startup] All services started."}
{"level":30,"time":1767363688076,"service":"run-apparel-api","msg":"Server running on port 0"}
{"level":30,"time":1767363688076,"service":"run-apparel-api","msg":"Environment: development"}
{"level":30,"time":1767363688111,"service":"run-apparel-api","msg":"[RateLimiter] Shutting down rate limiters..."}
{"level":30,"time":1767363688112,"service":"run-apparel-api","msg":"[DB Keep-Alive] ⏹️ Stopped"}
{"level":30,"time":1767363688112,"service":"run-apparel-api","msg":"[SIGTERM] Shutting down..."}
{"level":30,"time":1767363688112,"service":"run-apparel-api","msg":"[SIGTERM] Server closed"}
7:21:28 PM [vite] (client) Re-optimizing dependencies because vite config has changed
[2026-01-02 19:21:27.989 +0500] [32mINFO[39m: [36m[Database] ✅ Connection pool metrics initialized: [39m
    [35mservice[39m: "run-apparel-api"
    [35mpooling[39m: "enabled"
    [35mdriver[39m: "Neon HTTP (stateless)"
    [35mconcurrencyTracking[39m: "enabled"
    [35mmetricsEndpoint[39m: "/api/metrics/database"
[2026-01-02 19:21:27.989 +0500] [32mINFO[39m: [36m[Database] ✅ NEON CONNECTION POOLING ENABLED - Production ready for 300+ concurrent users [39m
    [35mservice[39m: "run-apparel-api"
[2026-01-02 19:21:28.239 +0500] [32mINFO[39m: [36m[SSR] Initialized Vite Dev Server with React Router [39m
    [35mservice[39m: "run-apparel-api"
[2026-01-02 19:21:28.239 +0500] [32mINFO[39m: [36m[Startup] SSR Handler mounted successfully. [39m
    [35mservice[39m: "run-apparel-api"
[2026-01-02 19:21:28.239 +0500] [32mINFO[39m: [36m[Startup] Starting background services... [39m
    [35mservice[39m: "run-apparel-api"
[2026-01-02 19:21:28.239 +0500] [32mINFO[39m: [36m[Workflow] Workflow automation active [39m
    [35mservice[39m: "run-apparel-api"
[2026-01-02 19:21:28.239 +0500] [32mINFO[39m: [36m[Lifecycle] Scheduler initialized [39m
    [35mservice[39m: "run-apparel-api"
    [35menabled[39m: true
    [35minterval[39m: "3600s"
    [35mdryRun[39m: false
[2026-01-02 19:21:28.239 +0500] [32mINFO[39m: [36m[Lifecycle] Starting scheduler (interval: 3600000ms) [39m
    [35mservice[39m: "run-apparel-api"
[2026-01-02 19:21:28.239 +0500] [32mINFO[39m: [36m[Lifecycle] Starting cleanup run #1 [39m
    [35mservice[39m: "run-apparel-api"
[2026-01-02 19:21:28.240 +0500] [32mINFO[39m: [36m[Lifecycle] Starting temp uploads cleanup (maxAge: 24h, dryRun: false) [39m
    [35mservice[39m: "run-apparel-api"
[2026-01-02 19:21:28.240 +0500] [32mINFO[39m: [36m[Lifecycle] Scheduler started successfully [39m
    [35mservice[39m: "run-apparel-api"
[2026-01-02 19:21:28.242 +0500] [32mINFO[39m: [36m[DB Keep-Alive] ✅ Started (ping every 4 minutes to prevent auto-suspend) [39m
    [35mservice[39m: "run-apparel-api"
[2026-01-02 19:21:28.242 +0500] [32mINFO[39m: [36m[DB] PostgreSQL optimization active [39m
    [35mservice[39m: "run-apparel-api"
[2026-01-02 19:21:27.978 +0500] [32mINFO[39m: [36m[Database] ✅ Connection pool metrics initialized: [39m
    [35mservice[39m: "run-apparel-api"
    [35mpooling[39m: "enabled"
    [35mdriver[39m: "Neon HTTP (stateless)"
    [35mconcurrencyTracking[39m: "enabled"
    [35mmetricsEndpoint[39m: "/api/metrics/database"
[2026-01-02 19:21:27.979 +0500] [32mINFO[39m: [36m[Database] ✅ NEON CONNECTION POOLING ENABLED - Production ready for 300+ concurrent users [39m
    [35mservice[39m: "run-apparel-api"
[2026-01-02 19:21:28.649 +0500] [32mINFO[39m: [36m[SSR] Initialized Vite Dev Server with React Router [39m
    [35mservice[39m: "run-apparel-api"
[2026-01-02 19:21:28.649 +0500] [32mINFO[39m: [36m[Startup] SSR Handler mounted successfully. [39m
    [35mservice[39m: "run-apparel-api"
[2026-01-02 19:21:28.649 +0500] [32mINFO[39m: [36m[Startup] Starting background services... [39m
    [35mservice[39m: "run-apparel-api"
[2026-01-02 19:21:28.649 +0500] [32mINFO[39m: [36m[Workflow] Workflow automation active [39m
    [35mservice[39m: "run-apparel-api"
[2026-01-02 19:21:28.649 +0500] [32mINFO[39m: [36m[Lifecycle] Scheduler initialized [39m
    [35mservice[39m: "run-apparel-api"
    [35menabled[39m: true
    [35minterval[39m: "3600s"
    [35mdryRun[39m: false
[2026-01-02 19:21:28.649 +0500] [32mINFO[39m: [36m[Lifecycle] Starting scheduler (interval: 3600000ms) [39m
    [35mservice[39m: "run-apparel-api"
[2026-01-02 19:21:28.649 +0500] [32mINFO[39m: [36m[Lifecycle] Starting cleanup run #1 [39m
    [35mservice[39m: "run-apparel-api"
[2026-01-02 19:21:28.649 +0500] [32mINFO[39m: [36m[Lifecycle] Starting temp uploads cleanup (maxAge: 24h, dryRun: false) [39m
    [35mservice[39m: "run-apparel-api"
[2026-01-02 19:21:28.650 +0500] [32mINFO[39m: [36m[Lifecycle] Scheduler started successfully [39m
    [35mservice[39m: "run-apparel-api"
[2026-01-02 19:21:28.652 +0500] [32mINFO[39m: [36m[DB Keep-Alive] ✅ Started (ping every 4 minutes to prevent auto-suspend) [39m
    [35mservice[39m: "run-apparel-api"
[2026-01-02 19:21:28.652 +0500] [32mINFO[39m: [36m[DB] PostgreSQL optimization active [39m
    [35mservice[39m: "run-apparel-api"
{"level":30,"time":1767363689227,"service":"run-apparel-api","msg":"[Storage] Initialized Google Cloud Storage with bucket: run-media"}
[Upstash Redis] The 'url' property is missing or undefined in your Redis config.
[Upstash Redis] The 'token' property is missing or undefined in your Redis config.
!!! REAL storage-singleton INIT RUNNING !!!
{"level":30,"time":1767363689301,"service":"run-apparel-api","msg":"[Database] ✅ DATABASE_URL validation passed"}
{"level":40,"time":1767363689305,"service":"run-apparel-api","msg":"UPSTASH_REDIS_REST_URL or UPSTASH_REDIS_REST_TOKEN is missing. Rate limiting will fall back to in-memory storage."}
{"level":30,"time":1767363689306,"service":"run-apparel-api","msg":"[Cache] ⚠️ Unified In-Memory Cache initialized (L2 Redis disabled)"}
{"level":30,"time":1767363689306,"service":"run-apparel-api","msg":"DatabaseCircuitBreaker initialized with retry logic (max 3 attempts) and circuit breaker"}
{"level":30,"time":1767363689306,"service":"run-apparel-api","msg":"[StorageSingleton] Initializing Direct PostgreSQL Storage..."}
{"level":30,"time":1767363689306,"service":"run-apparel-api","msg":"[StorageSingleton] ✅ Direct PostgreSQL Storage initialized successfully"}
{"level":30,"time":1767363689319,"service":"run-apparel-api","effectiveOrigins":["*"],"msg":"[CORS] Middleware initialized for development"}
[2026-01-02 19:21:28.951 +0500] [32mINFO[39m: [36m[Database] ✅ Database wakeup successful (705ms) [39m
    [35mservice[39m: "run-apparel-api"
[2026-01-02 19:21:29.191 +0500] [32mINFO[39m: [36m[Startup] Database health check passed [39m
    [35mservice[39m: "run-apparel-api"
[2026-01-02 19:21:29.191 +0500] [32mINFO[39m: [36m[Startup] All services started. [39m
    [35mservice[39m: "run-apparel-api"
[2026-01-02 19:21:29.191 +0500] [32mINFO[39m: [36mServer running on port 0 [39m
    [35mservice[39m: "run-apparel-api"
[2026-01-02 19:21:29.191 +0500] [32mINFO[39m: [36mEnvironment: development [39m
    [35mservice[39m: "run-apparel-api"
{"level":30,"time":1767363689364,"service":"run-apparel-api","msg":"[RateLimiter] Production-grade rate limiters initialized"}
{"level":30,"time":1767363689364,"service":"run-apparel-api","msg":"[RateLimiter] General: 100 req/900000ms"}
{"level":30,"time":1767363689364,"service":"run-apparel-api","msg":"[RateLimiter] Admin: 30 req/900000ms"}
{"level":30,"time":1767363689364,"service":"run-apparel-api","msg":"[RateLimiter] Diagnostic: 10 req/60000ms"}
{"level":30,"time":1767363689368,"service":"run-apparel-api","msg":"[AuthService] ✅ Authentication configured"}
[Routes] Importing ./core/categories.js...
[Routes] Importing ./core/products.js...
[Routes] Importing ./core/fabrics.js...
[Routes] Importing ./core/accessories.js...
[Routes] Importing ./core/certificates.js...
[Routes] Importing ./core/materials.js...
[Routes] Importing ./core/size-charts.js...
[Routes] Importing ./feature-flags.js...
[Routes] Importing ./inquiries.js...
[Routes] Importing ./media/folder-management.routes.js...
[Routes] Importing ./media/index.js...
[Routes] Importing ./resources/content-management-routes.js...
[Routes] Importing ./resources/index.js...
[Routes] Importing ./resources/page-content-routes.js...
[Routes] Importing ./auth.js...
[Routes] Importing ./admin/admin.js...
[Routes] Importing ./worker.js...
[Routes] Importing ./utilities/inquiry-admin.js...
[Routes] Importing ./utilities/footer-config.js...
[Routes] Importing ./utilities/api-based-population.js...
[Routes] Importing ./utilities/data-creation.js...
[Routes] Importing ./utilities/direct-postgres-population.js...
[Routes] Importing ./utilities/kv-diagnostics.js...
[Routes] Importing ./utilities/metrics.js...
[Routes] Importing ./utilities/migration-execution.js...
[Routes] Importing ./docs.js...
{"level":30,"time":1767363689368,"service":"run-apparel-api","msg":"[Auth] ✅ AuthService initialized (OIDC + PostgreSQL sessions)"}
{"level":30,"time":1767363689369,"service":"run-apparel-api","msg":"[Routes] Mounting API routes with flat structure (/api/*)"}
[Routes] Imported ./feature-flags.js
[Routes] Imported ./inquiries.js
[Routes] Imported ./auth.js
[Routes] Imported ./utilities/data-creation.js
[Routes] Imported ./utilities/direct-postgres-population.js
[Routes] Imported ./utilities/api-based-population.js
[Routes] Imported ./resources/content-management-routes.js
[Routes] Imported ./utilities/footer-config.js
[Routes] Imported ./utilities/inquiry-admin.js
[Routes] Imported ./utilities/kv-diagnostics.js
{"level":30,"time":1767363689415,"service":"run-apparel-api","msg":"[DB Retry] Database retry logic initialized (maxRetries=3, backoffMs=50, exponential)"}
[Routes] Imported ./core/certificates.js
[Routes] Imported ./core/size-charts.js
[Routes] Imported ./media/folder-management.routes.js
[Routes] Imported ./admin/admin.js
[Routes] Imported ./core/materials.js
[Routes] Imported ./core/fabrics.js
[Routes] Imported ./core/accessories.js
[Routes] Imported ./resources/page-content-routes.js
[Routes] Imported ./utilities/migration-execution.js
{"level":40,"time":1767363689442,"service":"run-apparel-api","msg":"[Email] Gmail credentials not configured - email notifications disabled"}
[Routes] Imported ./core/products.js
[Routes] Imported ./core/categories.js
[Routes] Imported ./worker.js
[Routes] Imported ./utilities/metrics.js
[Routes] Imported ./docs.js
{"level":30,"time":1767363689442,"service":"run-apparel-api","msg":"[TwoTierBatchCache] 🚀 Initialized: Delegating to UnifiedCache with SWR support"}
{"level":40,"time":1767363689442,"service":"run-apparel-api","msg":"[AlertManager] GC monitoring enabled but --expose-gc flag not set. GC pause tracking unavailable."}
{"level":30,"time":1767363689442,"service":"run-apparel-api","slowQuery":{"durationMs":500,"consecutiveCount":3},"errorRate":{"percentageThreshold":10,"timeWindowMinutes":5},"httpErrorRate":{"percentageThreshold":5},"circuitBreaker":{"alertOnOpen":true,"alertOnHalfOpen":false},"memory":{"percentageThreshold":80},"dbConnection":{"alertOnError":true,"alertOnTimeout":true},"gcPause":{"enabled":true,"thresholdMs":100},"msg":"[AlertManager] Initialized with thresholds:"}
[Routes] Imported ./resources/index.js
objc[47100]: Class GNotificationCenterDelegate is implemented in both /Users/hateemjamshaid/Downloads/RUN-Remix/server/node_modules/@img/sharp-libvips-darwin-x64/lib/libvips-cpp.42.dylib (0x1617e9340) and /Users/hateemjamshaid/Downloads/RUN-Remix/node_modules/@img/sharp-libvips-darwin-x64/lib/libvips-cpp.8.17.3.dylib (0x1642d8b30). This may cause spurious casting failures and mysterious crashes. One of the duplicates must be removed or renamed.
[Routes] Imported ./media/index.js
{"level":30,"time":1767363689719,"service":"run-apparel-api","msg":"[Routes] Unified metrics endpoints registered: /api/metrics, /api/metrics/cache, /api/metrics/database, /api/metrics/http, /api/metrics/system, /api/metrics/errors, /api/metrics/alerts, /api/health/db, /api/cache/invalidation-time"}
{"level":30,"time":1767363689719,"service":"run-apparel-api","msg":"[Routes] ✅ All routes registered successfully (Centralized Auth)"}
{"level":30,"time":1767363689719,"service":"run-apparel-api","msg":"[Startup] Initializing SSR Handler..."}
[2026-01-02 19:21:29.416 +0500] [32mINFO[39m: [36m[Database] ✅ Database wakeup successful (763ms) [39m
    [35mservice[39m: "run-apparel-api"
[2026-01-02 19:21:29.649 +0500] [32mINFO[39m: [36m[Startup] Database health check passed [39m
    [35mservice[39m: "run-apparel-api"
[2026-01-02 19:21:29.649 +0500] [32mINFO[39m: [36m[Startup] All services started. [39m
    [35mservice[39m: "run-apparel-api"
[2026-01-02 19:21:29.650 +0500] [32mINFO[39m: [36mServer running on port 0 [39m
    [35mservice[39m: "run-apparel-api"
[2026-01-02 19:21:29.650 +0500] [32mINFO[39m: [36mEnvironment: development [39m
    [35mservice[39m: "run-apparel-api"
[2026-01-02 19:21:29.703 +0500] [32mINFO[39m: [36m✅ Listed 0 assets with prefix: private/temp/uploads/ [39m
    [35mservice[39m: "run-apparel-api"
[2026-01-02 19:21:29.703 +0500] [32mINFO[39m: [36m[Lifecycle] No temp upload files found [39m
    [35mservice[39m: "run-apparel-api"
[2026-01-02 19:21:29.703 +0500] [32mINFO[39m: [36m[Lifecycle] Starting orphaned files cleanup (directories: public/media/, public/thumbnails/, dryRun: false) [39m
    [35mservice[39m: "run-apparel-api"
 [31m❯[39m tests/integration/proxy.test.ts [2m([22m[2m3 tests[22m[2m | [22m[31m3 failed[39m[2m)[22m[33m 16359[2mms[22m[39m
[31m     [31m×[31m should allow request from localhost (default behavior)[39m[33m 6777[2mms[22m[39m
[31m     [31m×[31m should IGNORE spoofed X-Forwarded-For header and ALLOW valid localhost connection[39m[33m 4992[2mms[22m[39m
[31m     [31m×[31m should ALLOW request if X-Forwarded-For is 127.0.0.1 (Spoofing Vulnerability Check)[39m[33m 4590[2mms[22m[39m
[2026-01-02 19:21:29.933 +0500] [32mINFO[39m: [36m[AdminNotifier] ✅ Listening for real-time cache invalidation [39m
    [35mservice[39m: "run-apparel-api"
[2026-01-02 19:21:30.229 +0500] [32mINFO[39m: [36m✅ Listed 0 assets with prefix: private/temp/uploads/ [39m
    [35mservice[39m: "run-apparel-api"
[2026-01-02 19:21:30.229 +0500] [32mINFO[39m: [36m[Lifecycle] No temp upload files found [39m
    [35mservice[39m: "run-apparel-api"
[2026-01-02 19:21:30.229 +0500] [32mINFO[39m: [36m[Lifecycle] Starting orphaned files cleanup (directories: public/media/, public/thumbnails/, dryRun: false) [39m
    [35mservice[39m: "run-apparel-api"
[2026-01-02 19:21:30.466 +0500] [32mINFO[39m: [36m[Lifecycle] Found 3 storage paths in database [39m
    [35mservice[39m: "run-apparel-api"
[2026-01-02 19:21:30.739 +0500] [32mINFO[39m: [36m✅ Listed 0 assets with prefix: public/media/ [39m
    [35mservice[39m: "run-apparel-api"
[2026-01-02 19:21:30.739 +0500] [32mINFO[39m: [36m[Lifecycle] Found 0 files in public/media/ [39m
    [35mservice[39m: "run-apparel-api"
[2026-01-02 19:21:30.739 +0500] [32mINFO[39m: [36m[Lifecycle] Processed public/media/: 0 orphaned files deleted (0 files checked) [39m
    [35mservice[39m: "run-apparel-api"
7:21:30 PM [vite] (client) Re-optimizing dependencies because vite config has changed
{"level":30,"time":1767363690802,"service":"run-apparel-api","pooling":"enabled","driver":"Neon HTTP (stateless)","concurrencyTracking":"enabled","metricsEndpoint":"/api/metrics/database","msg":"[Database] ✅ Connection pool metrics initialized:"}
{"level":30,"time":1767363690802,"service":"run-apparel-api","msg":"[Database] ✅ NEON CONNECTION POOLING ENABLED - Production ready for 300+ concurrent users"}
{"level":30,"time":1767363690814,"service":"run-apparel-api","msg":"[SSR] Initialized Vite Dev Server with React Router"}
{"level":30,"time":1767363690814,"service":"run-apparel-api","msg":"[Startup] SSR Handler mounted successfully."}
{"level":30,"time":1767363690814,"service":"run-apparel-api","msg":"[Startup] Starting background services..."}
{"level":30,"time":1767363690814,"service":"run-apparel-api","msg":"[Workflow] Workflow automation active"}
{"level":30,"time":1767363690814,"service":"run-apparel-api","enabled":true,"interval":"3600s","dryRun":false,"msg":"[Lifecycle] Scheduler initialized"}
{"level":30,"time":1767363690814,"service":"run-apparel-api","msg":"[Lifecycle] Starting scheduler (interval: 3600000ms)"}
{"level":30,"time":1767363690814,"service":"run-apparel-api","msg":"[Lifecycle] Starting cleanup run #1"}
{"level":30,"time":1767363690814,"service":"run-apparel-api","msg":"[Lifecycle] Starting temp uploads cleanup (maxAge: 24h, dryRun: false)"}
{"level":30,"time":1767363690815,"service":"run-apparel-api","msg":"[Lifecycle] Scheduler started successfully"}
{"level":30,"time":1767363690816,"service":"run-apparel-api","msg":"[DB Keep-Alive] ✅ Started (ping every 4 minutes to prevent auto-suspend)"}
{"level":30,"time":1767363690817,"service":"run-apparel-api","msg":"[DB] PostgreSQL optimization active"}
{"level":30,"time":1767363691529,"service":"run-apparel-api","msg":"[Database] ✅ Database wakeup successful (709ms)"}
{"level":30,"time":1767363691768,"service":"run-apparel-api","msg":"[Startup] Database health check passed"}
{"level":30,"time":1767363691769,"service":"run-apparel-api","msg":"[Startup] All services started."}
{"level":30,"time":1767363691772,"service":"run-apparel-api","msg":"Server running on port 0"}
{"level":30,"time":1767363691772,"service":"run-apparel-api","msg":"Environment: development"}
[2026-01-02 19:21:31.728 +0500] [32mINFO[39m: [36m✅ Listed 0 assets with prefix: public/thumbnails/ [39m
    [35mservice[39m: "run-apparel-api"
[2026-01-02 19:21:31.728 +0500] [32mINFO[39m: [36m[Lifecycle] Found 0 files in public/thumbnails/ [39m
    [35mservice[39m: "run-apparel-api"
[2026-01-02 19:21:31.728 +0500] [32mINFO[39m: [36m[Lifecycle] Processed public/thumbnails/: 0 orphaned files deleted (0 files checked) [39m
    [35mservice[39m: "run-apparel-api"
[2026-01-02 19:21:31.728 +0500] [32mINFO[39m: [36m[Lifecycle] Orphaned files cleanup complete: 0 deleted, ~0.00MB freed, 0 errors, 0 files checked [39m
    [35mservice[39m: "run-apparel-api"
[2026-01-02 19:21:31.729 +0500] [32mINFO[39m: [36m[Lifecycle] Cleanup run complete [39m
    [35mservice[39m: "run-apparel-api"
    [35mduration[39m: "3490ms"
    [35mtotalFilesDeleted[39m: 0
    [35mtotalStorageFreedMB[39m: "0.00"
{"level":30,"time":1767363691817,"service":"run-apparel-api","msg":"[RateLimiter] Shutting down rate limiters..."}
{"level":30,"time":1767363691818,"service":"run-apparel-api","msg":"[DB Keep-Alive] ⏹️ Stopped"}
{"level":30,"time":1767363691818,"service":"run-apparel-api","msg":"[SIGTERM] Shutting down..."}
{"level":30,"time":1767363691818,"service":"run-apparel-api","msg":"[SIGTERM] Server closed"}
{"level":30,"time":1767363692872,"service":"run-apparel-api","msg":"[Storage] Initialized Google Cloud Storage with bucket: run-media"}
[Upstash Redis] The 'url' property is missing or undefined in your Redis config.
[Upstash Redis] The 'token' property is missing or undefined in your Redis config.
!!! REAL storage-singleton INIT RUNNING !!!
{"level":30,"time":1767363692946,"service":"run-apparel-api","msg":"[Database] ✅ DATABASE_URL validation passed"}
{"level":40,"time":1767363692950,"service":"run-apparel-api","msg":"UPSTASH_REDIS_REST_URL or UPSTASH_REDIS_REST_TOKEN is missing. Rate limiting will fall back to in-memory storage."}
{"level":30,"time":1767363692951,"service":"run-apparel-api","msg":"[Cache] ⚠️ Unified In-Memory Cache initialized (L2 Redis disabled)"}
{"level":30,"time":1767363692951,"service":"run-apparel-api","msg":"DatabaseCircuitBreaker initialized with retry logic (max 3 attempts) and circuit breaker"}
{"level":30,"time":1767363692951,"service":"run-apparel-api","msg":"[StorageSingleton] Initializing Direct PostgreSQL Storage..."}
{"level":30,"time":1767363692951,"service":"run-apparel-api","msg":"[StorageSingleton] ✅ Direct PostgreSQL Storage initialized successfully"}
{"level":30,"time":1767363692963,"service":"run-apparel-api","effectiveOrigins":["*"],"msg":"[CORS] Middleware initialized for production"}
{"level":30,"time":1767363693009,"service":"run-apparel-api","msg":"[RateLimiter] Production-grade rate limiters initialized"}
{"level":30,"time":1767363693010,"service":"run-apparel-api","msg":"[RateLimiter] General: 100 req/900000ms"}
{"level":30,"time":1767363693010,"service":"run-apparel-api","msg":"[RateLimiter] Admin: 30 req/900000ms"}
{"level":30,"time":1767363693010,"service":"run-apparel-api","msg":"[RateLimiter] Diagnostic: 10 req/60000ms"}
{"level":30,"time":1767363693015,"service":"run-apparel-api","msg":"[AuthService] ✅ Authentication configured"}
[Routes] Importing ./core/categories.js...
[Routes] Importing ./core/products.js...
[Routes] Importing ./core/fabrics.js...
[Routes] Importing ./core/accessories.js...
[Routes] Importing ./core/certificates.js...
[Routes] Importing ./core/materials.js...
[Routes] Importing ./core/size-charts.js...
[Routes] Importing ./feature-flags.js...
[Routes] Importing ./inquiries.js...
[Routes] Importing ./media/folder-management.routes.js...
[Routes] Importing ./media/index.js...
[Routes] Importing ./resources/content-management-routes.js...
[Routes] Importing ./resources/index.js...
[Routes] Importing ./resources/page-content-routes.js...
[Routes] Importing ./auth.js...
[Routes] Importing ./admin/admin.js...
[Routes] Importing ./worker.js...
[Routes] Importing ./utilities/inquiry-admin.js...
[Routes] Importing ./utilities/footer-config.js...
[Routes] Importing ./utilities/api-based-population.js...
[Routes] Importing ./utilities/data-creation.js...
[Routes] Importing ./utilities/direct-postgres-population.js...
[Routes] Importing ./utilities/kv-diagnostics.js...
[Routes] Importing ./utilities/metrics.js...
[Routes] Importing ./utilities/migration-execution.js...
[Routes] Importing ./docs.js...
{"level":30,"time":1767363693015,"service":"run-apparel-api","msg":"[Auth] ✅ AuthService initialized (OIDC + PostgreSQL sessions)"}
{"level":30,"time":1767363693015,"service":"run-apparel-api","msg":"[Routes] Mounting API routes with flat structure (/api/*)"}
[Routes] Imported ./feature-flags.js
[Routes] Imported ./inquiries.js
[Routes] Imported ./auth.js
[Routes] Imported ./utilities/direct-postgres-population.js
[Routes] Imported ./utilities/kv-diagnostics.js
[Routes] Imported ./utilities/data-creation.js
[Routes] Imported ./utilities/api-based-population.js
{"level":30,"time":1767363693060,"service":"run-apparel-api","msg":"[DB Retry] Database retry logic initialized (maxRetries=3, backoffMs=50, exponential)"}
[Routes] Imported ./core/size-charts.js
[Routes] Imported ./media/folder-management.routes.js
[Routes] Imported ./admin/admin.js
[Routes] Imported ./core/certificates.js
[Routes] Imported ./resources/content-management-routes.js
[Routes] Imported ./core/materials.js
[Routes] Imported ./core/fabrics.js
[Routes] Imported ./core/accessories.js
[Routes] Imported ./core/products.js
[Routes] Imported ./core/categories.js
[Routes] Imported ./utilities/footer-config.js
[Routes] Imported ./docs.js
[Routes] Imported ./utilities/inquiry-admin.js
[Routes] Imported ./resources/page-content-routes.js
[Routes] Imported ./utilities/migration-execution.js
{"level":40,"time":1767363693093,"service":"run-apparel-api","msg":"[Email] Gmail credentials not configured - email notifications disabled"}
[Routes] Imported ./worker.js
[Routes] Imported ./utilities/metrics.js
{"level":30,"time":1767363693093,"service":"run-apparel-api","msg":"[TwoTierBatchCache] 🚀 Initialized: Delegating to UnifiedCache with SWR support"}
{"level":40,"time":1767363693093,"service":"run-apparel-api","msg":"[AlertManager] GC monitoring enabled but --expose-gc flag not set. GC pause tracking unavailable."}
{"level":30,"time":1767363693093,"service":"run-apparel-api","slowQuery":{"durationMs":500,"consecutiveCount":3},"errorRate":{"percentageThreshold":10,"timeWindowMinutes":5},"httpErrorRate":{"percentageThreshold":5},"circuitBreaker":{"alertOnOpen":true,"alertOnHalfOpen":false},"memory":{"percentageThreshold":80},"dbConnection":{"alertOnError":true,"alertOnTimeout":true},"gcPause":{"enabled":true,"thresholdMs":100},"msg":"[AlertManager] Initialized with thresholds:"}
objc[47107]: Class GNotificationCenterDelegate is implemented in both /Users/hateemjamshaid/Downloads/RUN-Remix/server/node_modules/@img/sharp-libvips-darwin-x64/lib/libvips-cpp.42.dylib (0x15cfe9340) and /Users/hateemjamshaid/Downloads/RUN-Remix/node_modules/@img/sharp-libvips-darwin-x64/lib/libvips-cpp.8.17.3.dylib (0x15fad8b30). This may cause spurious casting failures and mysterious crashes. One of the duplicates must be removed or renamed.
[Routes] Imported ./resources/index.js
[Routes] Imported ./media/index.js
{"level":30,"time":1767363693377,"service":"run-apparel-api","msg":"[Routes] Unified metrics endpoints registered: /api/metrics, /api/metrics/cache, /api/metrics/database, /api/metrics/http, /api/metrics/system, /api/metrics/errors, /api/metrics/alerts, /api/health/db, /api/cache/invalidation-time"}
{"level":30,"time":1767363693377,"service":"run-apparel-api","msg":"[Routes] ✅ All routes registered successfully (Centralized Auth)"}
{"level":30,"time":1767363693377,"service":"run-apparel-api","msg":"[Startup] Initializing SSR Handler..."}
{"level":30,"time":1767363693377,"service":"run-apparel-api","msg":"[SSR] Loading Production Build from: /Users/hateemjamshaid/Downloads/RUN-Remix/dist/server/index.js"}
{"level":30,"time":1767363693377,"service":"run-apparel-api","msg":"[Startup] SSR Handler mounted successfully."}
{"level":30,"time":1767363693377,"service":"run-apparel-api","msg":"[Startup] Starting background services..."}
{"level":30,"time":1767363693377,"service":"run-apparel-api","msg":"[Backup] Using PostgreSQL automatic backups"}
{"level":30,"time":1767363693377,"service":"run-apparel-api","msg":"[Workflow] Workflow automation active"}
{"level":30,"time":1767363693377,"service":"run-apparel-api","enabled":true,"interval":"3600s","dryRun":false,"msg":"[Lifecycle] Scheduler initialized"}
{"level":30,"time":1767363693377,"service":"run-apparel-api","msg":"[Lifecycle] Starting scheduler (interval: 3600000ms)"}
{"level":30,"time":1767363693378,"service":"run-apparel-api","msg":"[Lifecycle] Starting cleanup run #1"}
{"level":30,"time":1767363693378,"service":"run-apparel-api","msg":"[Lifecycle] Starting temp uploads cleanup (maxAge: 24h, dryRun: false)"}
{"level":30,"time":1767363693379,"service":"run-apparel-api","msg":"[Lifecycle] Scheduler started successfully"}
{"level":30,"time":1767363693380,"service":"run-apparel-api","msg":"[DB Keep-Alive] ✅ Started (ping every 4 minutes to prevent auto-suspend)"}
{"level":30,"time":1767363693380,"service":"run-apparel-api","msg":"[DB] PostgreSQL optimization active"}
{"level":30,"time":1767363694138,"service":"run-apparel-api","pooling":"enabled","driver":"Neon HTTP (stateless)","concurrencyTracking":"enabled","metricsEndpoint":"/api/metrics/database","msg":"[Database] ✅ Connection pool metrics initialized:"}
{"level":30,"time":1767363694138,"service":"run-apparel-api","msg":"[Database] ✅ NEON CONNECTION POOLING ENABLED - Production ready for 300+ concurrent users"}
{"level":30,"time":1767363694139,"service":"run-apparel-api","msg":"[Database] ✅ Database wakeup successful (759ms)"}
{"level":30,"time":1767363694307,"service":"run-apparel-api","msg":"✅ Listed 0 assets with prefix: private/temp/uploads/"}
{"level":30,"time":1767363694307,"service":"run-apparel-api","msg":"[Lifecycle] No temp upload files found"}
{"level":30,"time":1767363694308,"service":"run-apparel-api","msg":"[Lifecycle] Starting orphaned files cleanup (directories: public/media/, public/thumbnails/, dryRun: false)"}
 [31m❯[39m tests/integration/crash.test.ts [2m([22m[2m2 tests[22m[2m | [22m[31m2 failed[39m[2m)[22m[33m 20794[2mms[22m[39m
[31m     [31m×[31m should exit with code 1 on uncaught exception[39m[33m 11737[2mms[22m[39m
[31m     [31m×[31m should exit with code 1 on unhandled rejection[39m[33m 9056[2mms[22m[39m
{"level":30,"time":1767363694552,"service":"run-apparel-api","msg":"[Lifecycle] Found 3 storage paths in database"}
{"level":30,"time":1767363694827,"service":"run-apparel-api","msg":"✅ Listed 0 assets with prefix: public/media/"}
{"level":30,"time":1767363694827,"service":"run-apparel-api","msg":"[Lifecycle] Found 0 files in public/media/"}
{"level":30,"time":1767363694827,"service":"run-apparel-api","msg":"[Lifecycle] Processed public/media/: 0 orphaned files deleted (0 files checked)"}
{"level":30,"time":1767363694897,"service":"run-apparel-api","msg":"[Startup] Database health check passed"}
{"level":30,"time":1767363694898,"service":"run-apparel-api","msg":"[Startup] All services started."}
{"level":30,"time":1767363694900,"service":"run-apparel-api","msg":"Server running on port 0"}
{"level":30,"time":1767363694900,"service":"run-apparel-api","msg":"Environment: production"}
{"level":30,"time":1767363694936,"service":"run-apparel-api","msg":"[RateLimiter] Shutting down rate limiters..."}
{"level":30,"time":1767363694936,"service":"run-apparel-api","msg":"[DB Keep-Alive] ⏹️ Stopped"}
{"level":30,"time":1767363694936,"service":"run-apparel-api","msg":"[SIGTERM] Shutting down..."}
{"level":30,"time":1767363694937,"service":"run-apparel-api","msg":"[SIGTERM] Server closed"}
{"level":30,"time":1767363695956,"service":"run-apparel-api","msg":"[Storage] Initialized Google Cloud Storage with bucket: run-media"}
[Upstash Redis] The 'url' property is missing or undefined in your Redis config.
[Upstash Redis] The 'token' property is missing or undefined in your Redis config.
!!! REAL storage-singleton INIT RUNNING !!!
{"level":30,"time":1767363696021,"service":"run-apparel-api","msg":"[Database] ✅ DATABASE_URL validation passed"}
{"level":40,"time":1767363696024,"service":"run-apparel-api","msg":"UPSTASH_REDIS_REST_URL or UPSTASH_REDIS_REST_TOKEN is missing. Rate limiting will fall back to in-memory storage."}
{"level":30,"time":1767363696025,"service":"run-apparel-api","msg":"[Cache] ⚠️ Unified In-Memory Cache initialized (L2 Redis disabled)"}
{"level":30,"time":1767363696025,"service":"run-apparel-api","msg":"DatabaseCircuitBreaker initialized with retry logic (max 3 attempts) and circuit breaker"}
{"level":30,"time":1767363696025,"service":"run-apparel-api","msg":"[StorageSingleton] Initializing Direct PostgreSQL Storage..."}
{"level":30,"time":1767363696025,"service":"run-apparel-api","msg":"[StorageSingleton] ✅ Direct PostgreSQL Storage initialized successfully"}
{"level":30,"time":1767363696036,"service":"run-apparel-api","effectiveOrigins":["*"],"msg":"[CORS] Middleware initialized for production"}
{"level":30,"time":1767363696091,"service":"run-apparel-api","msg":"[RateLimiter] Production-grade rate limiters initialized"}
{"level":30,"time":1767363696092,"service":"run-apparel-api","msg":"[RateLimiter] General: 100 req/900000ms"}
{"level":30,"time":1767363696092,"service":"run-apparel-api","msg":"[RateLimiter] Admin: 30 req/900000ms"}
{"level":30,"time":1767363696092,"service":"run-apparel-api","msg":"[RateLimiter] Diagnostic: 10 req/60000ms"}
{"level":30,"time":1767363696096,"service":"run-apparel-api","msg":"[AuthService] ✅ Authentication configured"}
[Routes] Importing ./core/categories.js...
[Routes] Importing ./core/products.js...
[Routes] Importing ./core/fabrics.js...
[Routes] Importing ./core/accessories.js...
[Routes] Importing ./core/certificates.js...
[Routes] Importing ./core/materials.js...
[Routes] Importing ./core/size-charts.js...
[Routes] Importing ./feature-flags.js...
[Routes] Importing ./inquiries.js...
[Routes] Importing ./media/folder-management.routes.js...
[Routes] Importing ./media/index.js...
[Routes] Importing ./resources/content-management-routes.js...
[Routes] Importing ./resources/index.js...
[Routes] Importing ./resources/page-content-routes.js...
[Routes] Importing ./auth.js...
[Routes] Importing ./admin/admin.js...
[Routes] Importing ./worker.js...
[Routes] Importing ./utilities/inquiry-admin.js...
[Routes] Importing ./utilities/footer-config.js...
[Routes] Importing ./utilities/api-based-population.js...
[Routes] Importing ./utilities/data-creation.js...
[Routes] Importing ./utilities/direct-postgres-population.js...
[Routes] Importing ./utilities/kv-diagnostics.js...
[Routes] Importing ./utilities/metrics.js...
[Routes] Importing ./utilities/migration-execution.js...
[Routes] Importing ./docs.js...
{"level":30,"time":1767363696096,"service":"run-apparel-api","msg":"[Auth] ✅ AuthService initialized (OIDC + PostgreSQL sessions)"}
{"level":30,"time":1767363696097,"service":"run-apparel-api","msg":"[Routes] Mounting API routes with flat structure (/api/*)"}
[Routes] Imported ./feature-flags.js
[Routes] Imported ./inquiries.js
[Routes] Imported ./auth.js
[Routes] Imported ./utilities/data-creation.js
[Routes] Imported ./utilities/direct-postgres-population.js
[Routes] Imported ./utilities/api-based-population.js
[Routes] Imported ./utilities/kv-diagnostics.js
{"level":30,"time":1767363696136,"service":"run-apparel-api","msg":"[DB Retry] Database retry logic initialized (maxRetries=3, backoffMs=50, exponential)"}
[Routes] Imported ./core/size-charts.js
[Routes] Imported ./core/materials.js
[Routes] Imported ./media/folder-management.routes.js
[Routes] Imported ./core/fabrics.js
[Routes] Imported ./admin/admin.js
[Routes] Imported ./core/certificates.js
[Routes] Imported ./resources/content-management-routes.js
[Routes] Imported ./core/accessories.js
[Routes] Imported ./utilities/footer-config.js
[Routes] Imported ./utilities/inquiry-admin.js
[Routes] Imported ./core/products.js
[Routes] Imported ./core/categories.js
[Routes] Imported ./docs.js
[Routes] Imported ./resources/page-content-routes.js
[Routes] Imported ./utilities/migration-execution.js
{"level":40,"time":1767363696174,"service":"run-apparel-api","msg":"[Email] Gmail credentials not configured - email notifications disabled"}
[Routes] Imported ./worker.js
[Routes] Imported ./utilities/metrics.js
{"level":30,"time":1767363696174,"service":"run-apparel-api","msg":"[TwoTierBatchCache] 🚀 Initialized: Delegating to UnifiedCache with SWR support"}
{"level":40,"time":1767363696174,"service":"run-apparel-api","msg":"[AlertManager] GC monitoring enabled but --expose-gc flag not set. GC pause tracking unavailable."}
{"level":30,"time":1767363696174,"service":"run-apparel-api","slowQuery":{"durationMs":500,"consecutiveCount":3},"errorRate":{"percentageThreshold":10,"timeWindowMinutes":5},"httpErrorRate":{"percentageThreshold":5},"circuitBreaker":{"alertOnOpen":true,"alertOnHalfOpen":false},"memory":{"percentageThreshold":80},"dbConnection":{"alertOnError":true,"alertOnTimeout":true},"gcPause":{"enabled":true,"thresholdMs":100},"msg":"[AlertManager] Initialized with thresholds:"}
objc[47114]: Class GNotificationCenterDelegate is implemented in both /Users/hateemjamshaid/Downloads/RUN-Remix/server/node_modules/@img/sharp-libvips-darwin-x64/lib/libvips-cpp.42.dylib (0x15cfe9340) and /Users/hateemjamshaid/Downloads/RUN-Remix/node_modules/@img/sharp-libvips-darwin-x64/lib/libvips-cpp.8.17.3.dylib (0x15fad8b30). This may cause spurious casting failures and mysterious crashes. One of the duplicates must be removed or renamed.
[Routes] Imported ./resources/index.js
[Routes] Imported ./media/index.js
{"level":30,"time":1767363696464,"service":"run-apparel-api","msg":"[Routes] Unified metrics endpoints registered: /api/metrics, /api/metrics/cache, /api/metrics/database, /api/metrics/http, /api/metrics/system, /api/metrics/errors, /api/metrics/alerts, /api/health/db, /api/cache/invalidation-time"}
{"level":30,"time":1767363696464,"service":"run-apparel-api","msg":"[Routes] ✅ All routes registered successfully (Centralized Auth)"}
{"level":30,"time":1767363696464,"service":"run-apparel-api","msg":"[Startup] Initializing SSR Handler..."}
{"level":30,"time":1767363696464,"service":"run-apparel-api","msg":"[SSR] Loading Production Build from: /Users/hateemjamshaid/Downloads/RUN-Remix/dist/server/index.js"}
{"level":30,"time":1767363696464,"service":"run-apparel-api","msg":"[Startup] SSR Handler mounted successfully."}
{"level":30,"time":1767363696465,"service":"run-apparel-api","msg":"[Startup] Starting background services..."}
{"level":30,"time":1767363696465,"service":"run-apparel-api","msg":"[Backup] Using PostgreSQL automatic backups"}
{"level":30,"time":1767363696465,"service":"run-apparel-api","msg":"[Workflow] Workflow automation active"}
{"level":30,"time":1767363696465,"service":"run-apparel-api","enabled":true,"interval":"3600s","dryRun":false,"msg":"[Lifecycle] Scheduler initialized"}
{"level":30,"time":1767363696465,"service":"run-apparel-api","msg":"[Lifecycle] Starting scheduler (interval: 3600000ms)"}
{"level":30,"time":1767363696465,"service":"run-apparel-api","msg":"[Lifecycle] Starting cleanup run #1"}
{"level":30,"time":1767363696465,"service":"run-apparel-api","msg":"[Lifecycle] Starting temp uploads cleanup (maxAge: 24h, dryRun: false)"}
{"level":30,"time":1767363696466,"service":"run-apparel-api","msg":"[Lifecycle] Scheduler started successfully"}
{"level":30,"time":1767363696467,"service":"run-apparel-api","msg":"[DB Keep-Alive] ✅ Started (ping every 4 minutes to prevent auto-suspend)"}
{"level":30,"time":1767363696468,"service":"run-apparel-api","msg":"[DB] PostgreSQL optimization active"}
{"level":30,"time":1767363697546,"service":"run-apparel-api","msg":"[Database] ✅ Database wakeup successful (1078ms)"}
{"level":30,"time":1767363697551,"service":"run-apparel-api","pooling":"enabled","driver":"Neon HTTP (stateless)","concurrencyTracking":"enabled","metricsEndpoint":"/api/metrics/database","msg":"[Database] ✅ Connection pool metrics initialized:"}
{"level":30,"time":1767363697551,"service":"run-apparel-api","msg":"[Database] ✅ NEON CONNECTION POOLING ENABLED - Production ready for 300+ concurrent users"}
{"level":30,"time":1767363697808,"service":"run-apparel-api","msg":"[Startup] Database health check passed"}
{"level":30,"time":1767363697808,"service":"run-apparel-api","msg":"[Startup] All services started."}
{"level":30,"time":1767363697810,"service":"run-apparel-api","msg":"Server running on port 0"}
{"level":30,"time":1767363697810,"service":"run-apparel-api","msg":"Environment: production"}
{"level":30,"time":1767363697849,"service":"run-apparel-api","msg":"[RateLimiter] Shutting down rate limiters..."}
{"level":30,"time":1767363697849,"service":"run-apparel-api","msg":"[DB Keep-Alive] ⏹️ Stopped"}
{"level":30,"time":1767363697849,"service":"run-apparel-api","msg":"[SIGTERM] Shutting down..."}
{"level":30,"time":1767363697849,"service":"run-apparel-api","msg":"[SIGTERM] Server closed"}
{"level":30,"time":1767363698864,"service":"run-apparel-api","msg":"[Storage] Initialized Google Cloud Storage with bucket: run-media"}
[Upstash Redis] The 'url' property is missing or undefined in your Redis config.
[Upstash Redis] The 'token' property is missing or undefined in your Redis config.
!!! REAL storage-singleton INIT RUNNING !!!
{"level":30,"time":1767363698935,"service":"run-apparel-api","msg":"[Database] ✅ DATABASE_URL validation passed"}
{"level":40,"time":1767363698938,"service":"run-apparel-api","msg":"UPSTASH_REDIS_REST_URL or UPSTASH_REDIS_REST_TOKEN is missing. Rate limiting will fall back to in-memory storage."}
{"level":30,"time":1767363698939,"service":"run-apparel-api","msg":"[Cache] ⚠️ Unified In-Memory Cache initialized (L2 Redis disabled)"}
{"level":30,"time":1767363698939,"service":"run-apparel-api","msg":"DatabaseCircuitBreaker initialized with retry logic (max 3 attempts) and circuit breaker"}
{"level":30,"time":1767363698940,"service":"run-apparel-api","msg":"[StorageSingleton] Initializing Direct PostgreSQL Storage..."}
{"level":30,"time":1767363698940,"service":"run-apparel-api","msg":"[StorageSingleton] ✅ Direct PostgreSQL Storage initialized successfully"}
{"level":30,"time":1767363698951,"service":"run-apparel-api","effectiveOrigins":["*"],"msg":"[CORS] Middleware initialized for production"}
{"level":30,"time":1767363698997,"service":"run-apparel-api","msg":"[RateLimiter] Production-grade rate limiters initialized"}
{"level":30,"time":1767363698998,"service":"run-apparel-api","msg":"[RateLimiter] General: 100 req/900000ms"}
{"level":30,"time":1767363698998,"service":"run-apparel-api","msg":"[RateLimiter] Admin: 30 req/900000ms"}
{"level":30,"time":1767363698998,"service":"run-apparel-api","msg":"[RateLimiter] Diagnostic: 10 req/60000ms"}
{"level":30,"time":1767363699003,"service":"run-apparel-api","msg":"[AuthService] ✅ Authentication configured"}
[Routes] Importing ./core/categories.js...
[Routes] Importing ./core/products.js...
[Routes] Importing ./core/fabrics.js...
[Routes] Importing ./core/accessories.js...
[Routes] Importing ./core/certificates.js...
[Routes] Importing ./core/materials.js...
[Routes] Importing ./core/size-charts.js...
[Routes] Importing ./feature-flags.js...
[Routes] Importing ./inquiries.js...
[Routes] Importing ./media/folder-management.routes.js...
[Routes] Importing ./media/index.js...
[Routes] Importing ./resources/content-management-routes.js...
[Routes] Importing ./resources/index.js...
[Routes] Importing ./resources/page-content-routes.js...
[Routes] Importing ./auth.js...
[Routes] Importing ./admin/admin.js...
[Routes] Importing ./worker.js...
[Routes] Importing ./utilities/inquiry-admin.js...
[Routes] Importing ./utilities/footer-config.js...
[Routes] Importing ./utilities/api-based-population.js...
[Routes] Importing ./utilities/data-creation.js...
[Routes] Importing ./utilities/direct-postgres-population.js...
[Routes] Importing ./utilities/kv-diagnostics.js...
[Routes] Importing ./utilities/metrics.js...
[Routes] Importing ./utilities/migration-execution.js...
[Routes] Importing ./docs.js...
{"level":30,"time":1767363699003,"service":"run-apparel-api","msg":"[Auth] ✅ AuthService initialized (OIDC + PostgreSQL sessions)"}
{"level":30,"time":1767363699003,"service":"run-apparel-api","msg":"[Routes] Mounting API routes with flat structure (/api/*)"}
[Routes] Imported ./feature-flags.js
[Routes] Imported ./inquiries.js
[Routes] Imported ./auth.js
[Routes] Imported ./utilities/data-creation.js
[Routes] Imported ./utilities/direct-postgres-population.js
[Routes] Imported ./utilities/kv-diagnostics.js
[Routes] Imported ./utilities/api-based-population.js
{"level":30,"time":1767363699039,"service":"run-apparel-api","msg":"[DB Retry] Database retry logic initialized (maxRetries=3, backoffMs=50, exponential)"}
[Routes] Imported ./resources/content-management-routes.js
[Routes] Imported ./core/certificates.js
[Routes] Imported ./core/size-charts.js
[Routes] Imported ./media/folder-management.routes.js
[Routes] Imported ./admin/admin.js
[Routes] Imported ./core/materials.js
[Routes] Imported ./core/fabrics.js
[Routes] Imported ./utilities/footer-config.js
[Routes] Imported ./utilities/inquiry-admin.js
[Routes] Imported ./core/accessories.js
[Routes] Imported ./resources/page-content-routes.js
[Routes] Imported ./core/products.js
[Routes] Imported ./core/categories.js
[Routes] Imported ./docs.js
{"level":40,"time":1767363699088,"service":"run-apparel-api","msg":"[Email] Gmail credentials not configured - email notifications disabled"}
[Routes] Imported ./utilities/migration-execution.js
[Routes] Imported ./worker.js
{"level":30,"time":1767363699090,"service":"run-apparel-api","msg":"[TwoTierBatchCache] 🚀 Initialized: Delegating to UnifiedCache with SWR support"}
[Routes] Imported ./utilities/metrics.js
{"level":40,"time":1767363699090,"service":"run-apparel-api","msg":"[AlertManager] GC monitoring enabled but --expose-gc flag not set. GC pause tracking unavailable."}
{"level":30,"time":1767363699090,"service":"run-apparel-api","slowQuery":{"durationMs":500,"consecutiveCount":3},"errorRate":{"percentageThreshold":10,"timeWindowMinutes":5},"httpErrorRate":{"percentageThreshold":5},"circuitBreaker":{"alertOnOpen":true,"alertOnHalfOpen":false},"memory":{"percentageThreshold":80},"dbConnection":{"alertOnError":true,"alertOnTimeout":true},"gcPause":{"enabled":true,"thresholdMs":100},"msg":"[AlertManager] Initialized with thresholds:"}
objc[47117]: Class GNotificationCenterDelegate is implemented in both /Users/hateemjamshaid/Downloads/RUN-Remix/server/node_modules/@img/sharp-libvips-darwin-x64/lib/libvips-cpp.42.dylib (0x160fe9340) and /Users/hateemjamshaid/Downloads/RUN-Remix/node_modules/@img/sharp-libvips-darwin-x64/lib/libvips-cpp.8.17.3.dylib (0x163ad8b30). This may cause spurious casting failures and mysterious crashes. One of the duplicates must be removed or renamed.
[Routes] Imported ./media/index.js
[Routes] Imported ./resources/index.js
{"level":30,"time":1767363699390,"service":"run-apparel-api","msg":"[Routes] Unified metrics endpoints registered: /api/metrics, /api/metrics/cache, /api/metrics/database, /api/metrics/http, /api/metrics/system, /api/metrics/errors, /api/metrics/alerts, /api/health/db, /api/cache/invalidation-time"}
{"level":30,"time":1767363699391,"service":"run-apparel-api","msg":"[Routes] ✅ All routes registered successfully (Centralized Auth)"}
{"level":30,"time":1767363699391,"service":"run-apparel-api","msg":"[Startup] Initializing SSR Handler..."}
{"level":30,"time":1767363699391,"service":"run-apparel-api","msg":"[SSR] Loading Production Build from: /Users/hateemjamshaid/Downloads/RUN-Remix/dist/server/index.js"}
{"level":30,"time":1767363699391,"service":"run-apparel-api","msg":"[Startup] SSR Handler mounted successfully."}
{"level":30,"time":1767363699391,"service":"run-apparel-api","msg":"[Startup] Starting background services..."}
{"level":30,"time":1767363699391,"service":"run-apparel-api","msg":"[Backup] Using PostgreSQL automatic backups"}
{"level":30,"time":1767363699391,"service":"run-apparel-api","msg":"[Workflow] Workflow automation active"}
{"level":30,"time":1767363699391,"service":"run-apparel-api","enabled":true,"interval":"3600s","dryRun":false,"msg":"[Lifecycle] Scheduler initialized"}
{"level":30,"time":1767363699391,"service":"run-apparel-api","msg":"[Lifecycle] Starting scheduler (interval: 3600000ms)"}
{"level":30,"time":1767363699391,"service":"run-apparel-api","msg":"[Lifecycle] Starting cleanup run #1"}
{"level":30,"time":1767363699391,"service":"run-apparel-api","msg":"[Lifecycle] Starting temp uploads cleanup (maxAge: 24h, dryRun: false)"}
{"level":30,"time":1767363699393,"service":"run-apparel-api","msg":"[Lifecycle] Scheduler started successfully"}
{"level":30,"time":1767363699394,"service":"run-apparel-api","msg":"[DB Keep-Alive] ✅ Started (ping every 4 minutes to prevent auto-suspend)"}
{"level":30,"time":1767363699395,"service":"run-apparel-api","msg":"[DB] PostgreSQL optimization active"}
{"level":30,"time":1767363700140,"service":"run-apparel-api","pooling":"enabled","driver":"Neon HTTP (stateless)","concurrencyTracking":"enabled","metricsEndpoint":"/api/metrics/database","msg":"[Database] ✅ Connection pool metrics initialized:"}
{"level":30,"time":1767363700140,"service":"run-apparel-api","msg":"[Database] ✅ NEON CONNECTION POOLING ENABLED - Production ready for 300+ concurrent users"}
{"level":30,"time":1767363700143,"service":"run-apparel-api","msg":"[Database] ✅ Database wakeup successful (748ms)"}
{"level":30,"time":1767363700429,"service":"run-apparel-api","msg":"[Startup] Database health check passed"}
{"level":30,"time":1767363700429,"service":"run-apparel-api","msg":"[Startup] All services started."}
{"level":30,"time":1767363700432,"service":"run-apparel-api","msg":"Server running on port 0"}
{"level":30,"time":1767363700432,"service":"run-apparel-api","msg":"Environment: production"}
 [31m❯[39m tests/integration/security.test.ts [2m([22m[2m7 tests[22m[2m | [22m[31m7 failed[39m[2m)[22m[33m 26869[2mms[22m[39m
[31m     [31m×[31m should RETURN_404 for /api/debug/crash in PRODUCTION mode[39m[33m 5104[2mms[22m[39m
[31m     [31m×[31m should RETURN_404 for /api/debug/crash in TEST mode if ENABLE_DEBUG_ROUTES is missing[39m[33m 5496[2mms[22m[39m
[31m     [31m×[31m should RETURN_404 if Token is missing (even if enabled)[39m[33m 3907[2mms[22m[39m
[31m     [31m×[31m should RETURN_404 if Token is incorrect[39m[33m 3706[2mms[22m[39m
[31m     [31m×[31m should BLOCK .map files with 404 in PRODUCTION[39m[33m 3119[2mms[22m[39m
[31m     [31m×[31m should REMOVE X-Powered-By header in PRODUCTION[39m[33m 2912[2mms[22m[39m
[31m     [31m×[31m should ENFORCE Content-Security-Policy header in PRODUCTION[39m[33m 2625[2mms[22m[39m

[31m⎯⎯⎯⎯⎯⎯[39m[1m[41m Failed Suites 32 [49m[22m[31m⎯⎯⎯⎯⎯⎯[39m

[41m[1m FAIL [22m[49m e2e/accessibility.spec.ts[2m [ e2e/accessibility.spec.ts ][22m
[31m[1mError[22m: Failed to resolve import "@axe-core/playwright" from "e2e/accessibility.spec.ts". Does the file exist?[39m
  Plugin: [35mvite:import-analysis[39m
  File: [36m/Users/hateemjamshaid/Downloads/RUN-Remix/e2e/accessibility.spec.ts[39m:9:23
[33m  1  |  import AxeBuilder from "@axe-core/playwright";
     |                          ^
  2  |  import { expect, test } from "@playwright/test";
  3  |  const _axeConfig = {[39m
[90m [2m❯[22m TransformPluginContext._formatLog node_modules/vite/dist/node/chunks/config.js:[2m28998:43[22m[39m
[90m [2m❯[22m TransformPluginContext.error node_modules/vite/dist/node/chunks/config.js:[2m28995:14[22m[39m
[90m [2m❯[22m normalizeUrl node_modules/vite/dist/node/chunks/config.js:[2m27118:18[22m[39m
[90m [2m❯[22m node_modules/vite/dist/node/chunks/config.js:[2m27176:32[22m[39m
[90m [2m❯[22m TransformPluginContext.transform node_modules/vite/dist/node/chunks/config.js:[2m27144:4[22m[39m
[90m [2m❯[22m EnvironmentPluginContainer.transform node_modules/vite/dist/node/chunks/config.js:[2m28796:14[22m[39m
[90m [2m❯[22m loadAndTransform node_modules/vite/dist/node/chunks/config.js:[2m22669:26[22m[39m

[31m[2m⎯⎯⎯⎯⎯⎯⎯⎯⎯⎯⎯⎯⎯⎯⎯⎯⎯⎯⎯⎯⎯⎯⎯[1/53]⎯[22m[39m

[41m[1m FAIL [22m[49m e2e/footer-remediation.spec.ts[2m [ e2e/footer-remediation.spec.ts ][22m
[31m[1mError[22m: Playwright Test did not expect test.describe() to be called here.
Most common reasons include:
- You are calling test.describe() in a configuration file.
- You are calling test.describe() in a file that is imported by the configuration file.
- You have two different versions of @playwright/test. This usually happens
  when one of the dependencies in your package.json depends on @playwright/test.[39m
[90m [2m❯[22m TestTypeImpl._currentSuite node_modules/playwright/lib/common/testType.js:[2m75:13[22m[39m
[90m [2m❯[22m TestTypeImpl._describe node_modules/playwright/lib/common/testType.js:[2m115:24[22m[39m
[90m [2m❯[22m Function.describe node_modules/playwright/lib/transform/transform.js:[2m275:12[22m[39m
[36m [2m❯[22m e2e/footer-remediation.spec.ts:[2m3:6[22m[39m
    [90m  1| [39m[35mimport[39m { expect[33m,[39m test } [35mfrom[39m [32m"@playwright/test"[39m[33m;[39m
    [90m  2| [39m
    [90m  3| [39mtest[33m.[39m[34mdescribe[39m([32m"Footer Remediation Verification"[39m[33m,[39m () [33m=>[39m {
    [90m   | [39m     [31m^[39m
    [90m  4| [39m  test("Footer content is reachable on short laptop screens (1366x768)…
    [90m  5| [39m    [90m// 1. Set viewport to standard laptop resolution[39m

[31m[2m⎯⎯⎯⎯⎯⎯⎯⎯⎯⎯⎯⎯⎯⎯⎯⎯⎯⎯⎯⎯⎯⎯⎯[2/53]⎯[22m[39m

[41m[1m FAIL [22m[49m e2e/forensic-audit.spec.ts[2m [ e2e/forensic-audit.spec.ts ][22m
[31m[1mError[22m: Playwright Test did not expect test.describe() to be called here.
Most common reasons include:
- You are calling test.describe() in a configuration file.
- You are calling test.describe() in a file that is imported by the configuration file.
- You have two different versions of @playwright/test. This usually happens
  when one of the dependencies in your package.json depends on @playwright/test.[39m
[90m [2m❯[22m TestTypeImpl._currentSuite node_modules/playwright/lib/common/testType.js:[2m75:13[22m[39m
[90m [2m❯[22m TestTypeImpl._describe node_modules/playwright/lib/common/testType.js:[2m115:24[22m[39m
[90m [2m❯[22m Function.describe node_modules/playwright/lib/transform/transform.js:[2m275:12[22m[39m
[36m [2m❯[22m e2e/forensic-audit.spec.ts:[2m40:6[22m[39m
    [90m 38| [39m][33m;[39m
    [90m 39| [39m
    [90m 40| [39mtest[33m.[39m[34mdescribe[39m([32m"Forensic UI Audit"[39m[33m,[39m () [33m=>[39m {
    [90m   | [39m     [31m^[39m
    [90m 41| [39m  [90m// Disable animations and normalize environment[39m
    [90m 42| [39m  test[33m.[39m[34mbeforeEach[39m([35masync[39m ({ page }) [33m=>[39m {

[31m[2m⎯⎯⎯⎯⎯⎯⎯⎯⎯⎯⎯⎯⎯⎯⎯⎯⎯⎯⎯⎯⎯⎯⎯[3/53]⎯[22m[39m

[41m[1m FAIL [22m[49m e2e/forensic-execution.spec.ts[2m [ e2e/forensic-execution.spec.ts ][22m
[31m[1mError[22m: Playwright Test did not expect test.describe() to be called here.
Most common reasons include:
- You are calling test.describe() in a configuration file.
- You are calling test.describe() in a file that is imported by the configuration file.
- You have two different versions of @playwright/test. This usually happens
  when one of the dependencies in your package.json depends on @playwright/test.[39m
[90m [2m❯[22m TestTypeImpl._currentSuite node_modules/playwright/lib/common/testType.js:[2m75:13[22m[39m
[90m [2m❯[22m TestTypeImpl._describe node_modules/playwright/lib/common/testType.js:[2m115:24[22m[39m
[90m [2m❯[22m Function.describe node_modules/playwright/lib/transform/transform.js:[2m275:12[22m[39m
[36m [2m❯[22m e2e/forensic-execution.spec.ts:[2m63:6[22m[39m
    [90m 61| [39m[35mconst[39m [33mCOLOR_SCHEMES[39m [33m=[39m [[32m"light"[39m[33m,[39m [32m"dark"[39m] [35mas[39m [35mconst[39m[33m;[39m
    [90m 62| [39m
    [90m 63| [39mtest[33m.[39m[34mdescribe[39m([32m"Forensic UI Audit"[39m[33m,[39m () [33m=>[39m {
    [90m   | [39m     [31m^[39m
    [90m 64| [39m  [90m// Global Setup for Forensic Stability[39m
    [90m 65| [39m  test[33m.[39m[34mbeforeEach[39m([35masync[39m ({ page }) [33m=>[39m {

[31m[2m⎯⎯⎯⎯⎯⎯⎯⎯⎯⎯⎯⎯⎯⎯⎯⎯⎯⎯⎯⎯⎯⎯⎯[4/53]⎯[22m[39m

[41m[1m FAIL [22m[49m e2e/homepage-visual.spec.ts[2m [ e2e/homepage-visual.spec.ts ][22m
[31m[1mError[22m: Playwright Test did not expect test.describe() to be called here.
Most common reasons include:
- You are calling test.describe() in a configuration file.
- You are calling test.describe() in a file that is imported by the configuration file.
- You have two different versions of @playwright/test. This usually happens
  when one of the dependencies in your package.json depends on @playwright/test.[39m
[90m [2m❯[22m TestTypeImpl._currentSuite node_modules/playwright/lib/common/testType.js:[2m75:13[22m[39m
[90m [2m❯[22m TestTypeImpl._describe node_modules/playwright/lib/common/testType.js:[2m115:24[22m[39m
[90m [2m❯[22m Function.describe node_modules/playwright/lib/transform/transform.js:[2m275:12[22m[39m
[36m [2m❯[22m e2e/homepage-visual.spec.ts:[2m6:6[22m[39m
    [90m  4| [39m[35mconst[39m [33mROUTES[39m [33m=[39m [[32m"/"[39m[33m,[39m [32m"/products"[39m[33m,[39m [32m"/about"[39m[33m,[39m [32m"/contact"[39m[33m,[39m [32m"/categories"[39m][33m;[39m
    [90m  5| [39m
    [90m  6| [39mtest[33m.[39m[34mdescribe[39m([32m"Visual Regression"[39m[33m,[39m () [33m=>[39m {
    [90m   | [39m     [31m^[39m
    [90m  7| [39m  [35mfor[39m ([35mconst[39m route [35mof[39m [33mROUTES[39m) {
    [90m  8| [39m    [35mconst[39m name [33m=[39m route [33m===[39m [32m"/"[39m [33m?[39m [32m"homepage"[39m [33m:[39m route[33m.[39m[34mreplace[39m([32m"/"[39m[33m,[39m [32m""[39m)[33m;[39m

[31m[2m⎯⎯⎯⎯⎯⎯⎯⎯⎯⎯⎯⎯⎯⎯⎯⎯⎯⎯⎯⎯⎯⎯⎯[5/53]⎯[22m[39m

[41m[1m FAIL [22m[49m e2e/hydration.spec.ts[2m [ e2e/hydration.spec.ts ][22m
[31m[1mError[22m: Playwright Test did not expect test.describe() to be called here.
Most common reasons include:
- You are calling test.describe() in a configuration file.
- You are calling test.describe() in a file that is imported by the configuration file.
- You have two different versions of @playwright/test. This usually happens
  when one of the dependencies in your package.json depends on @playwright/test.[39m
[90m [2m❯[22m TestTypeImpl._currentSuite node_modules/playwright/lib/common/testType.js:[2m75:13[22m[39m
[90m [2m❯[22m TestTypeImpl._describe node_modules/playwright/lib/common/testType.js:[2m115:24[22m[39m
[90m [2m❯[22m Function.describe node_modules/playwright/lib/transform/transform.js:[2m275:12[22m[39m
[36m [2m❯[22m e2e/hydration.spec.ts:[2m3:6[22m[39m
    [90m  1| [39m[35mimport[39m { expect[33m,[39m test } [35mfrom[39m [32m"@playwright/test"[39m[33m;[39m
    [90m  2| [39m
    [90m  3| [39mtest[33m.[39m[34mdescribe[39m([32m"Hydration & SSR Safety"[39m[33m,[39m () [33m=>[39m {
    [90m   | [39m     [31m^[39m
    [90m  4| [39m  test("should not have any hydration mismatches or console errors on …
    [90m  5| [39m    page[33m,[39m

[31m[2m⎯⎯⎯⎯⎯⎯⎯⎯⎯⎯⎯⎯⎯⎯⎯⎯⎯⎯⎯⎯⎯⎯⎯[6/53]⎯[22m[39m

[41m[1m FAIL [22m[49m e2e/interaction-refs.spec.ts[2m [ e2e/interaction-refs.spec.ts ][22m
[31m[1mError[22m: Playwright Test did not expect test.describe() to be called here.
Most common reasons include:
- You are calling test.describe() in a configuration file.
- You are calling test.describe() in a file that is imported by the configuration file.
- You have two different versions of @playwright/test. This usually happens
  when one of the dependencies in your package.json depends on @playwright/test.[39m
[90m [2m❯[22m TestTypeImpl._currentSuite node_modules/playwright/lib/common/testType.js:[2m75:13[22m[39m
[90m [2m❯[22m TestTypeImpl._describe node_modules/playwright/lib/common/testType.js:[2m115:24[22m[39m
[90m [2m❯[22m Function.describe node_modules/playwright/lib/transform/transform.js:[2m275:12[22m[39m
[36m [2m❯[22m e2e/interaction-refs.spec.ts:[2m3:6[22m[39m
    [90m  1| [39m[35mimport[39m { expect[33m,[39m test } [35mfrom[39m [32m"@playwright/test"[39m[33m;[39m
    [90m  2| [39m
    [90m  3| [39mtest[33m.[39m[34mdescribe[39m([32m"Component Interaction & Ref Integrity"[39m[33m,[39m () [33m=>[39m {
    [90m   | [39m     [31m^[39m
    [90m  4| [39m  test("should verify button receives events and updates styles on hov…
    [90m  5| [39m    [35mawait[39m page[33m.[39m[34mgoto[39m([32m"/"[39m)[33m;[39m

[31m[2m⎯⎯⎯⎯⎯⎯⎯⎯⎯⎯⎯⎯⎯⎯⎯⎯⎯⎯⎯⎯⎯⎯⎯[7/53]⎯[22m[39m

[41m[1m FAIL [22m[49m e2e/product-detail.spec.ts[2m [ e2e/product-detail.spec.ts ][22m
[31m[1mError[22m: Playwright Test did not expect test.describe() to be called here.
Most common reasons include:
- You are calling test.describe() in a configuration file.
- You are calling test.describe() in a file that is imported by the configuration file.
- You have two different versions of @playwright/test. This usually happens
  when one of the dependencies in your package.json depends on @playwright/test.[39m
[90m [2m❯[22m TestTypeImpl._currentSuite node_modules/playwright/lib/common/testType.js:[2m75:13[22m[39m
[90m [2m❯[22m TestTypeImpl._describe node_modules/playwright/lib/common/testType.js:[2m115:24[22m[39m
[90m [2m❯[22m Function.describe node_modules/playwright/lib/transform/transform.js:[2m275:12[22m[39m
[36m [2m❯[22m e2e/product-detail.spec.ts:[2m5:6[22m[39m
    [90m  3| [39m[35mconst[39m [33mBASE_URL[39m [33m=[39m process[33m.[39menv[33m.[39m[33mE2E_BASE_URL[39m [33m||[39m [32m"http://127.0.0.1:5001"[39m[33m;[39m
    [90m  4| [39m
    [90m  5| [39mtest[33m.[39m[34mdescribe[39m([32m"🛒 Product Detail Verification"[39m[33m,[39m () [33m=>[39m {
    [90m   | [39m     [31m^[39m
    [90m  6| [39m  [34mtest[39m([32m"Dynamic Product Detail Load"[39m[33m,[39m [35masync[39m ({ page[33m,[39m request }) [33m=>[39m {
    [90m  7| [39m    [90m// 1. Fetch products from API to find a valid target[39m

[31m[2m⎯⎯⎯⎯⎯⎯⎯⎯⎯⎯⎯⎯⎯⎯⎯⎯⎯⎯⎯⎯⎯⎯⎯[8/53]⎯[22m[39m

[41m[1m FAIL [22m[49m e2e/regression-guardrails.spec.ts[2m [ e2e/regression-guardrails.spec.ts ][22m
[31m[1mError[22m: Playwright Test did not expect test.describe() to be called here.
Most common reasons include:
- You are calling test.describe() in a configuration file.
- You are calling test.describe() in a file that is imported by the configuration file.
- You have two different versions of @playwright/test. This usually happens
  when one of the dependencies in your package.json depends on @playwright/test.[39m
[90m [2m❯[22m TestTypeImpl._currentSuite node_modules/playwright/lib/common/testType.js:[2m75:13[22m[39m
[90m [2m❯[22m TestTypeImpl._describe node_modules/playwright/lib/common/testType.js:[2m115:24[22m[39m
[90m [2m❯[22m Function.describe node_modules/playwright/lib/transform/transform.js:[2m275:12[22m[39m
[36m [2m❯[22m e2e/regression-guardrails.spec.ts:[2m3:6[22m[39m
    [90m  1| [39m[35mimport[39m { expect[33m,[39m test } [35mfrom[39m [32m"@playwright/test"[39m[33m;[39m
    [90m  2| [39m
    [90m  3| [39mtest[33m.[39m[34mdescribe[39m([32m"Critical Route Regression Guardrails"[39m[33m,[39m () [33m=>[39m {
    [90m   | [39m     [31m^[39m
    [90m  4| [39m  [34mtest[39m([32m"Homepage loads without critical errors"[39m[33m,[39m [35masync[39m ({ page }) [33m=>[39m {
    [90m  5| [39m    [90m// Navigate to homepage[39m

[31m[2m⎯⎯⎯⎯⎯⎯⎯⎯⎯⎯⎯⎯⎯⎯⎯⎯⎯⎯⎯⎯⎯⎯⎯[9/53]⎯[22m[39m

[41m[1m FAIL [22m[49m e2e/regression-verification.spec.ts[2m [ e2e/regression-verification.spec.ts ][22m
[31m[1mError[22m: Playwright Test did not expect test.describe() to be called here.
Most common reasons include:
- You are calling test.describe() in a configuration file.
- You are calling test.describe() in a file that is imported by the configuration file.
- You have two different versions of @playwright/test. This usually happens
  when one of the dependencies in your package.json depends on @playwright/test.[39m
[90m [2m❯[22m TestTypeImpl._currentSuite node_modules/playwright/lib/common/testType.js:[2m75:13[22m[39m
[90m [2m❯[22m TestTypeImpl._describe node_modules/playwright/lib/common/testType.js:[2m115:24[22m[39m
[90m [2m❯[22m Function.describe node_modules/playwright/lib/transform/transform.js:[2m275:12[22m[39m
[36m [2m❯[22m e2e/regression-verification.spec.ts:[2m14:6[22m[39m
    [90m 12| [39m][33m;[39m
    [90m 13| [39m
    [90m 14| [39mtest[33m.[39m[34mdescribe[39m([32m"UI/UX Regression Verification"[39m[33m,[39m () [33m=>[39m {
    [90m   | [39m     [31m^[39m
    [90m 15| [39m  [90m// 1. Light/Dark Mode Toggle & Persistence[39m
    [90m 16| [39m  test("Theme toggle functionality and persistence", async ({ page }) …

[31m[2m⎯⎯⎯⎯⎯⎯⎯⎯⎯⎯⎯⎯⎯⎯⎯⎯⎯⎯⎯⎯⎯⎯[10/53]⎯[22m[39m

[41m[1m FAIL [22m[49m e2e/release-verification.spec.ts[2m [ e2e/release-verification.spec.ts ][22m
[31m[1mError[22m: Playwright Test did not expect test.describe() to be called here.
Most common reasons include:
- You are calling test.describe() in a configuration file.
- You are calling test.describe() in a file that is imported by the configuration file.
- You have two different versions of @playwright/test. This usually happens
  when one of the dependencies in your package.json depends on @playwright/test.[39m
[90m [2m❯[22m TestTypeImpl._currentSuite node_modules/playwright/lib/common/testType.js:[2m75:13[22m[39m
[90m [2m❯[22m TestTypeImpl._describe node_modules/playwright/lib/common/testType.js:[2m115:24[22m[39m
[90m [2m❯[22m Function.describe node_modules/playwright/lib/transform/transform.js:[2m275:12[22m[39m
[36m [2m❯[22m e2e/release-verification.spec.ts:[2m21:6[22m[39m
    [90m 19| [39m}[33m;[39m
    [90m 20| [39m
    [90m 21| [39mtest[33m.[39m[34mdescribe[39m([32m"Release Verification Suite"[39m[33m,[39m () [33m=>[39m {
    [90m   | [39m     [31m^[39m
    [90m 22| [39m  [90m// Global Stabilization[39m
    [90m 23| [39m  test[33m.[39m[34mbeforeEach[39m([35masync[39m ({ page }) [33m=>[39m {

[31m[2m⎯⎯⎯⎯⎯⎯⎯⎯⎯⎯⎯⎯⎯⎯⎯⎯⎯⎯⎯⎯⎯⎯[11/53]⎯[22m[39m

[41m[1m FAIL [22m[49m e2e/smoke.spec.ts[2m [ e2e/smoke.spec.ts ][22m
[31m[1mError[22m: Playwright Test did not expect test.describe() to be called here.
Most common reasons include:
- You are calling test.describe() in a configuration file.
- You are calling test.describe() in a file that is imported by the configuration file.
- You have two different versions of @playwright/test. This usually happens
  when one of the dependencies in your package.json depends on @playwright/test.[39m
[90m [2m❯[22m TestTypeImpl._currentSuite node_modules/playwright/lib/common/testType.js:[2m75:13[22m[39m
[90m [2m❯[22m TestTypeImpl._describe node_modules/playwright/lib/common/testType.js:[2m115:24[22m[39m
[90m [2m❯[22m Function.describe node_modules/playwright/lib/transform/transform.js:[2m275:12[22m[39m
[36m [2m❯[22m e2e/smoke.spec.ts:[2m5:6[22m[39m
    [90m  3| [39m[35mconst[39m [33mBASE_URL[39m [33m=[39m process[33m.[39menv[33m.[39m[33mE2E_BASE_URL[39m [33m||[39m [32m"http://localhost:5001"[39m[33m;[39m
    [90m  4| [39m
    [90m  5| [39mtest[33m.[39m[34mdescribe[39m([32m"🔥 Smoke & Regression Guardrails"[39m[33m,[39m () [33m=>[39m {
    [90m   | [39m     [31m^[39m
    [90m  6| [39m  test("P0/P1: SSR Critical Route & Hydration (Contact)", async ({ pag…
    [90m  7| [39m    [90m// 1. Visit Critical Route[39m

[31m[2m⎯⎯⎯⎯⎯⎯⎯⎯⎯⎯⎯⎯⎯⎯⎯⎯⎯⎯⎯⎯⎯⎯[12/53]⎯[22m[39m

[41m[1m FAIL [22m[49m e2e/ssr-hydration.spec.ts[2m [ e2e/ssr-hydration.spec.ts ][22m
[31m[1mError[22m: Playwright Test did not expect test.describe() to be called here.
Most common reasons include:
- You are calling test.describe() in a configuration file.
- You are calling test.describe() in a file that is imported by the configuration file.
- You have two different versions of @playwright/test. This usually happens
  when one of the dependencies in your package.json depends on @playwright/test.[39m
[90m [2m❯[22m TestTypeImpl._currentSuite node_modules/playwright/lib/common/testType.js:[2m75:13[22m[39m
[90m [2m❯[22m TestTypeImpl._describe node_modules/playwright/lib/common/testType.js:[2m115:24[22m[39m
[90m [2m❯[22m Function.describe node_modules/playwright/lib/transform/transform.js:[2m275:12[22m[39m
[36m [2m❯[22m e2e/ssr-hydration.spec.ts:[2m6:6[22m[39m
    [90m  4| [39m[35mconst[39m [33mBASE_URL[39m [33m=[39m process[33m.[39menv[33m.[39m[33mE2E_BASE_URL[39m [33m||[39m [32m"http://localhost:5001"[39m[33m;[39m
    [90m  5| [39m
    [90m  6| [39mtest[33m.[39m[34mdescribe[39m([32m"SSR & Hydration Regressions"[39m[33m,[39m () [33m=>[39m {
    [90m   | [39m     [31m^[39m
    [90m  7| [39m  test[33m.[39m[34mbeforeEach[39m([35masync[39m ({ page }) [33m=>[39m {
    [90m  8| [39m    [90m// Strict Hydration Monitor[39m

[31m[2m⎯⎯⎯⎯⎯⎯⎯⎯⎯⎯⎯⎯⎯⎯⎯⎯⎯⎯⎯⎯⎯⎯[13/53]⎯[22m[39m

[41m[1m FAIL [22m[49m e2e/verify-ui.spec.ts[2m [ e2e/verify-ui.spec.ts ][22m
[31m[1mError[22m: Playwright Test did not expect test.describe() to be called here.
Most common reasons include:
- You are calling test.describe() in a configuration file.
- You are calling test.describe() in a file that is imported by the configuration file.
- You have two different versions of @playwright/test. This usually happens
  when one of the dependencies in your package.json depends on @playwright/test.[39m
[90m [2m❯[22m TestTypeImpl._currentSuite node_modules/playwright/lib/common/testType.js:[2m75:13[22m[39m
[90m [2m❯[22m TestTypeImpl._describe node_modules/playwright/lib/common/testType.js:[2m115:24[22m[39m
[90m [2m❯[22m Function.describe node_modules/playwright/lib/transform/transform.js:[2m275:12[22m[39m
[36m [2m❯[22m e2e/verify-ui.spec.ts:[2m3:6[22m[39m
    [90m  1| [39m[35mimport[39m { expect[33m,[39m test } [35mfrom[39m [32m"@playwright/test"[39m[33m;[39m
    [90m  2| [39m
    [90m  3| [39mtest[33m.[39m[34mdescribe[39m([32m"Phase 5: Forensic UI Proof"[39m[33m,[39m () [33m=>[39m {
    [90m   | [39m     [31m^[39m
    [90m  4| [39m  [35mconst[39m [33mBASE_URL[39m [33m=[39m [32m"http://localhost:5001"[39m[33m;[39m
    [90m  5| [39m

[31m[2m⎯⎯⎯⎯⎯⎯⎯⎯⎯⎯⎯⎯⎯⎯⎯⎯⎯⎯⎯⎯⎯⎯[14/53]⎯[22m[39m

[41m[1m FAIL [22m[49m e2e/visual-bugs.spec.ts[2m [ e2e/visual-bugs.spec.ts ][22m
[31m[1mError[22m: Playwright Test did not expect test.describe() to be called here.
Most common reasons include:
- You are calling test.describe() in a configuration file.
- You are calling test.describe() in a file that is imported by the configuration file.
- You have two different versions of @playwright/test. This usually happens
  when one of the dependencies in your package.json depends on @playwright/test.[39m
[90m [2m❯[22m TestTypeImpl._currentSuite node_modules/playwright/lib/common/testType.js:[2m75:13[22m[39m
[90m [2m❯[22m TestTypeImpl._describe node_modules/playwright/lib/common/testType.js:[2m115:24[22m[39m
[90m [2m❯[22m Function.describe node_modules/playwright/lib/transform/transform.js:[2m275:12[22m[39m
[36m [2m❯[22m e2e/visual-bugs.spec.ts:[2m3:6[22m[39m
    [90m  1| [39m[35mimport[39m { expect[33m,[39m test } [35mfrom[39m [32m"@playwright/test"[39m[33m;[39m
    [90m  2| [39m
    [90m  3| [39mtest[33m.[39m[34mdescribe[39m([32m"UI/UX Visual Audit Hardening"[39m[33m,[39m () [33m=>[39m {
    [90m   | [39m     [31m^[39m
    [90m  4| [39m  test[33m.[39m[34muse[39m({ colorScheme[33m:[39m [32m"light"[39m })[33m;[39m
    [90m  5| [39m

[31m[2m⎯⎯⎯⎯⎯⎯⎯⎯⎯⎯⎯⎯⎯⎯⎯⎯⎯⎯⎯⎯⎯⎯[15/53]⎯[22m[39m

[41m[1m FAIL [22m[49m e2e/visual-regression-audit.spec.ts[2m [ e2e/visual-regression-audit.spec.ts ][22m
[31m[1mError[22m: Playwright Test did not expect test.describe() to be called here.
Most common reasons include:
- You are calling test.describe() in a configuration file.
- You are calling test.describe() in a file that is imported by the configuration file.
- You have two different versions of @playwright/test. This usually happens
  when one of the dependencies in your package.json depends on @playwright/test.[39m
[90m [2m❯[22m TestTypeImpl._currentSuite node_modules/playwright/lib/common/testType.js:[2m75:13[22m[39m
[90m [2m❯[22m TestTypeImpl._describe node_modules/playwright/lib/common/testType.js:[2m115:24[22m[39m
[90m [2m❯[22m Function.describe node_modules/playwright/lib/transform/transform.js:[2m275:12[22m[39m
[36m [2m❯[22m e2e/visual-regression-audit.spec.ts:[2m137:6[22m[39m
    [90m135| [39m}
    [90m136| [39m
    [90m137| [39mtest[33m.[39m[34mdescribe[39m([32m"Visual Regression Audit - Public Routes"[39m[33m,[39m () [33m=>[39m {
    [90m   | [39m     [31m^[39m
    [90m138| [39m  [35mfor[39m ([35mconst[39m route [35mof[39m [33mPUBLIC_ROUTES[39m) {
    [90m139| [39m    for (const [breakpointName, viewport] of Object.entries(BREAKPOINT…

[31m[2m⎯⎯⎯⎯⎯⎯⎯⎯⎯⎯⎯⎯⎯⎯⎯⎯⎯⎯⎯⎯⎯⎯[16/53]⎯[22m[39m

[41m[1m FAIL [22m[49m e2e/visual-tokens.spec.ts[2m [ e2e/visual-tokens.spec.ts ][22m
[31m[1mError[22m: Playwright Test did not expect test.describe() to be called here.
Most common reasons include:
- You are calling test.describe() in a configuration file.
- You are calling test.describe() in a file that is imported by the configuration file.
- You have two different versions of @playwright/test. This usually happens
  when one of the dependencies in your package.json depends on @playwright/test.[39m
[90m [2m❯[22m TestTypeImpl._currentSuite node_modules/playwright/lib/common/testType.js:[2m75:13[22m[39m
[90m [2m❯[22m TestTypeImpl._describe node_modules/playwright/lib/common/testType.js:[2m115:24[22m[39m
[90m [2m❯[22m Function.describe node_modules/playwright/lib/transform/transform.js:[2m275:12[22m[39m
[36m [2m❯[22m e2e/visual-tokens.spec.ts:[2m3:6[22m[39m
    [90m  1| [39m[35mimport[39m { expect[33m,[39m test } [35mfrom[39m [32m"@playwright/test"[39m[33m;[39m
    [90m  2| [39m
    [90m  3| [39mtest[33m.[39m[34mdescribe[39m([32m"Visual Tokens Smoke Test"[39m[33m,[39m () [33m=>[39m {
    [90m   | [39m     [31m^[39m
    [90m  4| [39m  test("should verify luxury theme tokens are applied", async ({ page …
    [90m  5| [39m    [90m// Navigate to homepage[39m

[31m[2m⎯⎯⎯⎯⎯⎯⎯⎯⎯⎯⎯⎯⎯⎯⎯⎯⎯⎯⎯⎯⎯⎯[17/53]⎯[22m[39m

[41m[1m FAIL [22m[49m e2e/failure/error-boundary.spec.ts[2m [ e2e/failure/error-boundary.spec.ts ][22m
[31m[1mError[22m: Playwright Test did not expect test.describe() to be called here.
Most common reasons include:
- You are calling test.describe() in a configuration file.
- You are calling test.describe() in a file that is imported by the configuration file.
- You have two different versions of @playwright/test. This usually happens
  when one of the dependencies in your package.json depends on @playwright/test.[39m
[90m [2m❯[22m TestTypeImpl._currentSuite node_modules/playwright/lib/common/testType.js:[2m75:13[22m[39m
[90m [2m❯[22m TestTypeImpl._describe node_modules/playwright/lib/common/testType.js:[2m115:24[22m[39m
[90m [2m❯[22m Function.describe node_modules/playwright/lib/transform/transform.js:[2m275:12[22m[39m
[36m [2m❯[22m e2e/failure/error-boundary.spec.ts:[2m3:6[22m[39m
    [90m  1| [39m[35mimport[39m { expect[33m,[39m test } [35mfrom[39m [32m"@playwright/test"[39m[33m;[39m
    [90m  2| [39m
    [90m  3| [39mtest[33m.[39m[34mdescribe[39m([32m"Resilience & Error Handling"[39m[33m,[39m () [33m=>[39m {
    [90m   | [39m     [31m^[39m
    [90m  4| [39m  test("should gracefully handle 500 API errors with a Try Again UI", …
    [90m  5| [39m    // 1. Mock a 500 error for the initial page load (or key data fetc…

[31m[2m⎯⎯⎯⎯⎯⎯⎯⎯⎯⎯⎯⎯⎯⎯⎯⎯⎯⎯⎯⎯⎯⎯[18/53]⎯[22m[39m

[41m[1m FAIL [22m[49m e2e/visual/fix-verification.spec.ts[2m [ e2e/visual/fix-verification.spec.ts ][22m
[31m[1mError[22m: Playwright Test did not expect test.describe() to be called here.
Most common reasons include:
- You are calling test.describe() in a configuration file.
- You are calling test.describe() in a file that is imported by the configuration file.
- You have two different versions of @playwright/test. This usually happens
  when one of the dependencies in your package.json depends on @playwright/test.[39m
[90m [2m❯[22m TestTypeImpl._currentSuite node_modules/playwright/lib/common/testType.js:[2m75:13[22m[39m
[90m [2m❯[22m TestTypeImpl._describe node_modules/playwright/lib/common/testType.js:[2m115:24[22m[39m
[90m [2m❯[22m Function.describe node_modules/playwright/lib/transform/transform.js:[2m275:12[22m[39m
[36m [2m❯[22m e2e/visual/fix-verification.spec.ts:[2m16:6[22m[39m
    [90m 14| [39m][33m;[39m
    [90m 15| [39m
    [90m 16| [39mtest[33m.[39m[34mdescribe[39m([32m"Tailwind v4 Fix Verification"[39m[33m,[39m () [33m=>[39m {
    [90m   | [39m     [31m^[39m
    [90m 17| [39m  [35mfor[39m ([35mconst[39m viewport [35mof[39m [33mVIEWPORTS[39m) {
    [90m 18| [39m    [35mfor[39m ([35mconst[39m route [35mof[39m [33mROUTES[39m) {

[31m[2m⎯⎯⎯⎯⎯⎯⎯⎯⎯⎯⎯⎯⎯⎯⎯⎯⎯⎯⎯⎯⎯⎯[19/53]⎯[22m[39m

[41m[1m FAIL [22m[49m e2e/visual/regression.spec.ts[2m [ e2e/visual/regression.spec.ts ][22m
[31m[1mError[22m: Playwright Test did not expect test.describe() to be called here.
Most common reasons include:
- You are calling test.describe() in a configuration file.
- You are calling test.describe() in a file that is imported by the configuration file.
- You have two different versions of @playwright/test. This usually happens
  when one of the dependencies in your package.json depends on @playwright/test.[39m
[90m [2m❯[22m TestTypeImpl._currentSuite node_modules/playwright/lib/common/testType.js:[2m75:13[22m[39m
[90m [2m❯[22m TestTypeImpl._describe node_modules/playwright/lib/common/testType.js:[2m115:24[22m[39m
[90m [2m❯[22m Function.describe node_modules/playwright/lib/transform/transform.js:[2m275:12[22m[39m
[36m [2m❯[22m e2e/visual/regression.spec.ts:[2m17:6[22m[39m
    [90m 15| [39m][33m;[39m
    [90m 16| [39m
    [90m 17| [39mtest[33m.[39m[34mdescribe[39m([32m"Visual Regression Safeguards"[39m[33m,[39m () [33m=>[39m {
    [90m   | [39m     [31m^[39m
    [90m 18| [39m  [35mfor[39m ([35mconst[39m route [35mof[39m [33mROUTES[39m) {
    [90m 19| [39m    [34mtest[39m([32m`Snapshot: [39m[36m${[39mroute[33m.[39mname[36m}[39m[32m`[39m[33m,[39m [35masync[39m ({ page }) [33m=>[39m {

[31m[2m⎯⎯⎯⎯⎯⎯⎯⎯⎯⎯⎯⎯⎯⎯⎯⎯⎯⎯⎯⎯⎯⎯[20/53]⎯[22m[39m

[41m[1m FAIL [22m[49m e2e/visual/tailwind-audit.spec.ts[2m [ e2e/visual/tailwind-audit.spec.ts ][22m
[31m[1mError[22m: Playwright Test did not expect test.describe() to be called here.
Most common reasons include:
- You are calling test.describe() in a configuration file.
- You are calling test.describe() in a file that is imported by the configuration file.
- You have two different versions of @playwright/test. This usually happens
  when one of the dependencies in your package.json depends on @playwright/test.[39m
[90m [2m❯[22m TestTypeImpl._currentSuite node_modules/playwright/lib/common/testType.js:[2m75:13[22m[39m
[90m [2m❯[22m TestTypeImpl._describe node_modules/playwright/lib/common/testType.js:[2m115:24[22m[39m
[90m [2m❯[22m Function.describe node_modules/playwright/lib/transform/transform.js:[2m275:12[22m[39m
[36m [2m❯[22m e2e/visual/tailwind-audit.spec.ts:[2m4:6[22m[39m
    [90m  2| [39m[35mimport[39m { [33mGOLDEN_ROUTES[39m } [35mfrom[39m [32m"./golden-routes"[39m[33m;[39m
    [90m  3| [39m
    [90m  4| [39mtest[33m.[39m[34mdescribe[39m([32m"Tailwind v4 Visual Regression Audit"[39m[33m,[39m () [33m=>[39m {
    [90m   | [39m     [31m^[39m
    [90m  5| [39m  [90m// Use a fixed viewport for consistent snapshots[39m
    [90m  6| [39m  test[33m.[39m[34muse[39m({

[31m[2m⎯⎯⎯⎯⎯⎯⎯⎯⎯⎯⎯⎯⎯⎯⎯⎯⎯⎯⎯⎯⎯⎯[21/53]⎯[22m[39m

[41m[1m FAIL [22m[49m server/test/media-system-integration.test.ts[2m [ server/test/media-system-integration.test.ts ][22m
[31m[1mError[22m: Failed to resolve import "../lib/asset-health-monitor.js" from "server/test/media-system-integration.test.ts". Does the file exist?[39m
  Plugin: [35mvite:import-analysis[39m
  File: [36m/Users/hateemjamshaid/Downloads/RUN-Remix/server/test/media-system-integration.test.ts[39m:16:35
[33m  2  |  import request from "supertest";
  3  |  import { afterAll, beforeAll, describe, expect, it } from "vitest";
  4  |  import { assetHealthMonitor } from "../lib/asset-health-monitor.js";
     |                                      ^
  5  |  import { mediaPerformanceMonitor } from "../lib/media-performance-monitor.js";
  6  |  import { getStorage } from "../lib/storage-singleton.js";[39m
[90m [2m❯[22m TransformPluginContext._formatLog node_modules/vite/dist/node/chunks/config.js:[2m28998:43[22m[39m
[90m [2m❯[22m TransformPluginContext.error node_modules/vite/dist/node/chunks/config.js:[2m28995:14[22m[39m
[90m [2m❯[22m normalizeUrl node_modules/vite/dist/node/chunks/config.js:[2m27118:18[22m[39m
[90m [2m❯[22m node_modules/vite/dist/node/chunks/config.js:[2m27176:32[22m[39m
[90m [2m❯[22m TransformPluginContext.transform node_modules/vite/dist/node/chunks/config.js:[2m27144:4[22m[39m
[90m [2m❯[22m EnvironmentPluginContainer.transform node_modules/vite/dist/node/chunks/config.js:[2m28796:14[22m[39m
[90m [2m❯[22m loadAndTransform node_modules/vite/dist/node/chunks/config.js:[2m22669:26[22m[39m

[31m[2m⎯⎯⎯⎯⎯⎯⎯⎯⎯⎯⎯⎯⎯⎯⎯⎯⎯⎯⎯⎯⎯⎯[22/53]⎯[22m[39m

[41m[1m FAIL [22m[49m tests/e2e/a11y.spec.ts[2m [ tests/e2e/a11y.spec.ts ][22m
[31m[1mError[22m: Failed to resolve import "@axe-core/playwright" from "tests/e2e/a11y.spec.ts". Does the file exist?[39m
  Plugin: [35mvite:import-analysis[39m
  File: [36m/Users/hateemjamshaid/Downloads/RUN-Remix/tests/e2e/a11y.spec.ts[39m:1:23
[33m  1  |  import AxeBuilder from "@axe-core/playwright";
     |                          ^
  2  |  import { expect, test } from "@playwright/test";
  3  |  test.describe("Accessibility (A11y)", () => {[39m
[90m [2m❯[22m TransformPluginContext._formatLog node_modules/vite/dist/node/chunks/config.js:[2m28998:43[22m[39m
[90m [2m❯[22m TransformPluginContext.error node_modules/vite/dist/node/chunks/config.js:[2m28995:14[22m[39m
[90m [2m❯[22m normalizeUrl node_modules/vite/dist/node/chunks/config.js:[2m27118:18[22m[39m
[90m [2m❯[22m node_modules/vite/dist/node/chunks/config.js:[2m27176:32[22m[39m
[90m [2m❯[22m TransformPluginContext.transform node_modules/vite/dist/node/chunks/config.js:[2m27144:4[22m[39m
[90m [2m❯[22m EnvironmentPluginContainer.transform node_modules/vite/dist/node/chunks/config.js:[2m28796:14[22m[39m
[90m [2m❯[22m loadAndTransform node_modules/vite/dist/node/chunks/config.js:[2m22669:26[22m[39m

[31m[2m⎯⎯⎯⎯⎯⎯⎯⎯⎯⎯⎯⎯⎯⎯⎯⎯⎯⎯⎯⎯⎯⎯[23/53]⎯[22m[39m

[41m[1m FAIL [22m[49m tests/e2e/regression-guardrails.spec.ts[2m [ tests/e2e/regression-guardrails.spec.ts ][22m
[31m[1mError[22m: Playwright Test did not expect test.describe() to be called here.
Most common reasons include:
- You are calling test.describe() in a configuration file.
- You are calling test.describe() in a file that is imported by the configuration file.
- You have two different versions of @playwright/test. This usually happens
  when one of the dependencies in your package.json depends on @playwright/test.[39m
[90m [2m❯[22m TestTypeImpl._currentSuite node_modules/playwright/lib/common/testType.js:[2m75:13[22m[39m
[90m [2m❯[22m TestTypeImpl._describe node_modules/playwright/lib/common/testType.js:[2m115:24[22m[39m
[90m [2m❯[22m Function.describe node_modules/playwright/lib/transform/transform.js:[2m275:12[22m[39m
[36m [2m❯[22m tests/e2e/regression-guardrails.spec.ts:[2m3:6[22m[39m
    [90m  1| [39m[35mimport[39m { expect[33m,[39m test } [35mfrom[39m [32m"@playwright/test"[39m[33m;[39m
    [90m  2| [39m
    [90m  3| [39mtest[33m.[39m[34mdescribe[39m([32m"UI/UX Regression Guardrails"[39m[33m,[39m () [33m=>[39m {
    [90m   | [39m     [31m^[39m
    [90m  4| [39m  test("Homepage loads without FOUC and Hydration Errors", async ({ pa…
    [90m  5| [39m    [90m// 1. Monitor console for hydration errors[39m

[31m[2m⎯⎯⎯⎯⎯⎯⎯⎯⎯⎯⎯⎯⎯⎯⎯⎯⎯⎯⎯⎯⎯⎯[24/53]⎯[22m[39m

[41m[1m FAIL [22m[49m tests/unit/unified-memory-cache.test.ts[2m [ tests/unit/unified-memory-cache.test.ts ][22m
[31m[1mError[22m: Failed to resolve import "../../server/lib/unified-cache.js" from "tests/unit/unified-memory-cache.test.ts". Does the file exist?[39m
  Plugin: [35mvite:import-analysis[39m
  File: [36m/Users/hateemjamshaid/Downloads/RUN-Remix/tests/unit/unified-memory-cache.test.ts[39m:2:29
[33m  1  |  import { beforeEach, describe, expect, it, vi } from "vitest";
  2  |  import { unifiedCache } from "../../server/lib/unified-cache.js";
     |                                ^
  3  |  import { unifiedMemoryCache } from "../../server/lib/unified-memory-cache.js";
  4  |  describe("UnifiedMemoryCache", () => {[39m
[90m [2m❯[22m TransformPluginContext._formatLog node_modules/vite/dist/node/chunks/config.js:[2m28998:43[22m[39m
[90m [2m❯[22m TransformPluginContext.error node_modules/vite/dist/node/chunks/config.js:[2m28995:14[22m[39m
[90m [2m❯[22m normalizeUrl node_modules/vite/dist/node/chunks/config.js:[2m27118:18[22m[39m
[90m [2m❯[22m node_modules/vite/dist/node/chunks/config.js:[2m27176:32[22m[39m
[90m [2m❯[22m TransformPluginContext.transform node_modules/vite/dist/node/chunks/config.js:[2m27144:4[22m[39m
[90m [2m❯[22m EnvironmentPluginContainer.transform node_modules/vite/dist/node/chunks/config.js:[2m28796:14[22m[39m
[90m [2m❯[22m loadAndTransform node_modules/vite/dist/node/chunks/config.js:[2m22669:26[22m[39m

[31m[2m⎯⎯⎯⎯⎯⎯⎯⎯⎯⎯⎯⎯⎯⎯⎯⎯⎯⎯⎯⎯⎯⎯[25/53]⎯[22m[39m

[41m[1m FAIL [22m[49m tests/technology/equipment-management.test.tsx[2m [ tests/technology/equipment-management.test.tsx ][22m
[41m[1m FAIL [22m[49m tests/technology/gradient-settings.test.tsx[2m [ tests/technology/gradient-settings.test.tsx ][22m
[41m[1m FAIL [22m[49m tests/technology/innovation-management.test.tsx[2m [ tests/technology/innovation-management.test.tsx ][22m
[41m[1m FAIL [22m[49m tests/technology/technology-component.test.tsx[2m [ tests/technology/technology-component.test.tsx ][22m
[41m[1m FAIL [22m[49m tests/technology/technology-sync.test.tsx[2m [ tests/technology/technology-sync.test.tsx ][22m
[31m[1mError[22m: Cannot find module '@testing-library/dom'
Require stack:
- /Users/hateemjamshaid/Downloads/RUN-Remix/node_modules/@testing-library/react/dist/pure.js[39m
[90m [2m❯[22m Object.<anonymous> node_modules/@testing-library/react/dist/pure.js:[2m46:12[22m[39m

[31m[2m⎯⎯⎯⎯⎯⎯⎯⎯⎯⎯⎯⎯⎯⎯⎯⎯⎯⎯⎯⎯⎯⎯[26/53]⎯[22m[39m

[41m[1m FAIL [22m[49m tests/technology/research-management.test.tsx[2m [ tests/technology/research-management.test.tsx ][22m
[31m[1mError[22m: No test suite found in file /Users/hateemjamshaid/Downloads/RUN-Remix/tests/technology/research-management.test.tsx[39m
[31m[2m⎯⎯⎯⎯⎯⎯⎯⎯⎯⎯⎯⎯⎯⎯⎯⎯⎯⎯⎯⎯⎯⎯[27/53]⎯[22m[39m

[41m[1m FAIL [22m[49m tests/technology/roadmap-management.test.tsx[2m [ tests/technology/roadmap-management.test.tsx ][22m
[31m[1mError[22m: No test suite found in file /Users/hateemjamshaid/Downloads/RUN-Remix/tests/technology/roadmap-management.test.tsx[39m
[31m[2m⎯⎯⎯⎯⎯⎯⎯⎯⎯⎯⎯⎯⎯⎯⎯⎯⎯⎯⎯⎯⎯⎯[28/53]⎯[22m[39m


[31m⎯⎯⎯⎯⎯⎯[39m[1m[41m Failed Tests 21 [49m[22m[31m⎯⎯⎯⎯⎯⎯⎯[39m

[41m[1m FAIL [22m[49m tests/api.test.ts[2m > [22mFORENSIC API TESTS - Critical Endpoint Validation[2m > [22m📂 Categories API - CRUD & Hierarchy Testing[2m > [22mGET /api/categories - Should return categories with pagination info
[31m[1mAssertionError[22m: expected [ 200, 304, 401, 403 ] to include 404[39m
[36m [2m❯[22m tests/api.test.ts:[2m203:36[22m[39m
    [90m201| [39m      const response = await request(app).get("/api/categories").expec…
    [90m202| [39m
    [90m203| [39m      [34mexpect[39m([[34m200[39m[33m,[39m [34m304[39m[33m,[39m [34m401[39m[33m,[39m [34m403[39m])[33m.[39m[34mtoContain[39m(response[33m.[39mstatus)[33m;[39m
    [90m   | [39m                                   [31m^[39m
    [90m204| [39m
    [90m205| [39m      [35mif[39m (response[33m.[39mstatus [33m===[39m [34m200[39m) {

[31m[2m⎯⎯⎯⎯⎯⎯⎯⎯⎯⎯⎯⎯⎯⎯⎯⎯⎯⎯⎯⎯⎯⎯[29/53]⎯[22m[39m

[41m[1m FAIL [22m[49m tests/api.test.ts[2m > [22mFORENSIC API TESTS - Critical Endpoint Validation[2m > [22m🛍️ Products API - Pagination & Search Testing[2m > [22mGET /api/products - Should return paginated results with hasMore flag
[31m[1mAssertionError[22m: expected [ 200, 429, 401, 403 ] to include 404[39m
[36m [2m❯[22m tests/api.test.ts:[2m277:36[22m[39m
    [90m275| [39m        [33m.[39m[34mexpect[39m([32m"Content-Type"[39m[33m,[39m [36m/json/[39m)[33m;[39m
    [90m276| [39m
    [90m277| [39m      [34mexpect[39m([[34m200[39m[33m,[39m [34m429[39m[33m,[39m [34m401[39m[33m,[39m [34m403[39m])[33m.[39m[34mtoContain[39m(response[33m.[39mstatus)[33m;[39m
    [90m   | [39m                                   [31m^[39m
    [90m278| [39m
    [90m279| [39m      [35mif[39m (response[33m.[39mstatus [33m===[39m [34m200[39m) {

[31m[2m⎯⎯⎯⎯⎯⎯⎯⎯⎯⎯⎯⎯⎯⎯⎯⎯⎯⎯⎯⎯⎯⎯[30/53]⎯[22m[39m

[41m[1m FAIL [22m[49m tests/api.test.ts[2m > [22mFORENSIC API TESTS - Critical Endpoint Validation[2m > [22m🎯 Media Management API - Security & Processing Testing[2m > [22mGET /api/media - Should return paginated media with proper structure
[31m[1mAssertionError[22m: expected [ 200, 304, 401, 403 ] to include 404[39m
[36m [2m❯[22m tests/api.test.ts:[2m345:36[22m[39m
    [90m343| [39m        [33m.[39m[34mexpect[39m([32m"Content-Type"[39m[33m,[39m [36m/json/[39m)[33m;[39m
    [90m344| [39m
    [90m345| [39m      [34mexpect[39m([[34m200[39m[33m,[39m [34m304[39m[33m,[39m [34m401[39m[33m,[39m [34m403[39m])[33m.[39m[34mtoContain[39m(response[33m.[39mstatus)[33m;[39m
    [90m   | [39m                                   [31m^[39m
    [90m346| [39m
    [90m347| [39m      [35mif[39m (response[33m.[39mstatus [33m===[39m [34m200[39m) {

[31m[2m⎯⎯⎯⎯⎯⎯⎯⎯⎯⎯⎯⎯⎯⎯⎯⎯⎯⎯⎯⎯⎯⎯[31/53]⎯[22m[39m

[41m[1m FAIL [22m[49m tests/api.test.ts[2m > [22mFORENSIC API TESTS - Critical Endpoint Validation[2m > [22m🚨 Error Handling Consistency Tests[2m > [22m404 Responses - Should return consistent error format
[31m[1mAssertionError[22m: expected true to have property "message"[39m
[36m [2m❯[22m tests/api.test.ts:[2m556:37[22m[39m
    [90m554| [39m      [34mexpect[39m(response[33m.[39mstatus)[33m.[39m[34mtoBe[39m([34m404[39m)[33m;[39m
    [90m555| [39m      [35mif[39m (response[33m.[39mbody[33m.[39merror) {
    [90m556| [39m        [34mexpect[39m(response[33m.[39mbody[33m.[39merror)[33m.[39m[34mtoHaveProperty[39m([32m"message"[39m)[33m;[39m
    [90m   | [39m                                    [31m^[39m
    [90m557| [39m        [34mexpect[39m([35mtypeof[39m response[33m.[39mbody[33m.[39merror[33m.[39mmessage)[33m.[39m[34mtoBe[39m([32m"string"[39m)[33m;[39m
    [90m558| [39m      } [35melse[39m {

[31m[2m⎯⎯⎯⎯⎯⎯⎯⎯⎯⎯⎯⎯⎯⎯⎯⎯⎯⎯⎯⎯⎯⎯[32/53]⎯[22m[39m

[41m[1m FAIL [22m[49m tests/error-handling.integration.test.ts[2m > [22mSystem-Wide Error Handling Integration Tests[2m > [22m🛡️ Security & Validation[2m > [22mPOST /api/products - Should validate payload using Zod
[31m[1mTypeError[22m: Cannot read properties of undefined (reading 'address')[39m
[90m [2m❯[22m Test.serverAddress node_modules/supertest/lib/test.js:[2m61:22[22m[39m
[90m [2m❯[22m new Test node_modules/supertest/lib/test.js:[2m49:14[22m[39m
[90m [2m❯[22m Object.obj.<computed> [as post] node_modules/supertest/index.js:[2m39:18[22m[39m
[36m [2m❯[22m tests/error-handling.integration.test.ts:[2m23:10[22m[39m
    [90m 21| [39m
    [90m 22| [39m      [35mconst[39m response [33m=[39m [35mawait[39m [34mrequest[39m(app)
    [90m 23| [39m        [33m.[39m[34mpost[39m([32m"/api/products"[39m)
    [90m   | [39m         [31m^[39m
    [90m 24| [39m        [33m.[39m[34msend[39m(invalidProduct)
    [90m 25| [39m        [33m.[39m[35mset[39m([32m"Content-Type"[39m[33m,[39m [32m"application/json"[39m)[33m;[39m

[31m[2m⎯⎯⎯⎯⎯⎯⎯⎯⎯⎯⎯⎯⎯⎯⎯⎯⎯⎯⎯⎯⎯⎯[33/53]⎯[22m[39m

[41m[1m FAIL [22m[49m tests/error-handling.integration.test.ts[2m > [22mSystem-Wide Error Handling Integration Tests[2m > [22m🛡️ Security & Validation[2m > [22m404 Handling - Should return standardized error envelope
[31m[1mTypeError[22m: Cannot read properties of undefined (reading 'address')[39m
[90m [2m❯[22m Test.serverAddress node_modules/supertest/lib/test.js:[2m61:22[22m[39m
[90m [2m❯[22m new Test node_modules/supertest/lib/test.js:[2m49:14[22m[39m
[90m [2m❯[22m Object.obj.<computed> [as get] node_modules/supertest/index.js:[2m39:18[22m[39m
[36m [2m❯[22m tests/error-handling.integration.test.ts:[2m38:43[22m[39m
    [90m 36| [39m
    [90m 37| [39m    test("404 Handling - Should return standardized error envelope", a…
    [90m 38| [39m      const response = await request(app).get("/api/unknown-route-1234…
    [90m   | [39m                                          [31m^[39m
    [90m 39| [39m
    [90m 40| [39m      [34mexpect[39m(response[33m.[39mstatus)[33m.[39m[34mtoBe[39m([34m404[39m)[33m;[39m

[31m[2m⎯⎯⎯⎯⎯⎯⎯⎯⎯⎯⎯⎯⎯⎯⎯⎯⎯⎯⎯⎯⎯⎯[34/53]⎯[22m[39m

[41m[1m FAIL [22m[49m tests/error-handling.integration.test.ts[2m > [22mSystem-Wide Error Handling Integration Tests[2m > [22m🧠 Observability & Metrics[2m > [22mGET /metrics - Should expose Prometheus metrics
[31m[1mTypeError[22m: Cannot read properties of undefined (reading 'address')[39m
[90m [2m❯[22m Test.serverAddress node_modules/supertest/lib/test.js:[2m61:22[22m[39m
[90m [2m❯[22m new Test node_modules/supertest/lib/test.js:[2m49:14[22m[39m
[90m [2m❯[22m Object.obj.<computed> [as get] node_modules/supertest/index.js:[2m39:18[22m[39m
[36m [2m❯[22m tests/error-handling.integration.test.ts:[2m49:43[22m[39m
    [90m 47| [39m  [34mdescribe[39m([32m"🧠 Observability & Metrics"[39m[33m,[39m () [33m=>[39m {
    [90m 48| [39m    test("GET /metrics - Should expose Prometheus metrics", async () =…
    [90m 49| [39m      [35mconst[39m response [33m=[39m [35mawait[39m [34mrequest[39m(app)[33m.[39m[35mget[39m([32m"/metrics"[39m)[33m;[39m
    [90m   | [39m                                          [31m^[39m
    [90m 50| [39m
    [90m 51| [39m      // Should generally be 200, but metrics might be protected or no…

[31m[2m⎯⎯⎯⎯⎯⎯⎯⎯⎯⎯⎯⎯⎯⎯⎯⎯⎯⎯⎯⎯⎯⎯[35/53]⎯[22m[39m

[41m[1m FAIL [22m[49m tests/error-handling.integration.test.ts[2m > [22mSystem-Wide Error Handling Integration Tests[2m > [22m🧠 Observability & Metrics[2m > [22mGET /health/deep - Should return system health status
[31m[1mTypeError[22m: Cannot read properties of undefined (reading 'address')[39m
[90m [2m❯[22m Test.serverAddress node_modules/supertest/lib/test.js:[2m61:22[22m[39m
[90m [2m❯[22m new Test node_modules/supertest/lib/test.js:[2m49:14[22m[39m
[90m [2m❯[22m Object.obj.<computed> [as get] node_modules/supertest/index.js:[2m39:18[22m[39m
[36m [2m❯[22m tests/error-handling.integration.test.ts:[2m66:43[22m[39m
    [90m 64| [39m
    [90m 65| [39m    test("GET /health/deep - Should return system health status", asyn…
    [90m 66| [39m      [35mconst[39m response [33m=[39m [35mawait[39m [34mrequest[39m(app)[33m.[39m[35mget[39m([32m"/api/health/deep"[39m)[33m;[39m
    [90m   | [39m                                          [31m^[39m
    [90m 67| [39m      // I created routes/core/health.ts, assuming it's mounted under …
    [90m 68| [39m      [90m// server/index.ts usually mounts routes/index.ts.[39m

[31m[2m⎯⎯⎯⎯⎯⎯⎯⎯⎯⎯⎯⎯⎯⎯⎯⎯⎯⎯⎯⎯⎯⎯[36/53]⎯[22m[39m

[41m[1m FAIL [22m[49m tests/integration/crash.test.ts[2m > [22mProcess Crash Integrity (Integration Tier)[2m > [22mshould exit with code 1 on uncaught exception
[31m[1mAssertionError[22m: expected -1 to be 1 // Object.is equality[39m

[32m- Expected[39m
[31m+ Received[39m

[32m- 1[39m
[31m+ -1[39m

[36m [2m❯[22m tests/integration/crash.test.ts:[2m37:22[22m[39m
    [90m 35| [39m    })[33m;[39m
    [90m 36| [39m
    [90m 37| [39m    [34mexpect[39m(exitCode)[33m.[39m[34mtoBe[39m([34m1[39m)[33m;[39m
    [90m   | [39m                     [31m^[39m
    [90m 38| [39m  }[33m,[39m [34m20000[39m)[33m;[39m
    [90m 39| [39m

[31m[2m⎯⎯⎯⎯⎯⎯⎯⎯⎯⎯⎯⎯⎯⎯⎯⎯⎯⎯⎯⎯⎯⎯[37/53]⎯[22m[39m

[41m[1m FAIL [22m[49m tests/integration/crash.test.ts[2m > [22mProcess Crash Integrity (Integration Tier)[2m > [22mshould exit with code 1 on unhandled rejection
[31m[1mAssertionError[22m: expected -1 to be 1 // Object.is equality[39m

[32m- Expected[39m
[31m+ Received[39m

[32m- 1[39m
[31m+ -1[39m

[36m [2m❯[22m tests/integration/crash.test.ts:[2m55:22[22m[39m
    [90m 53| [39m    })[33m;[39m
    [90m 54| [39m
    [90m 55| [39m    [34mexpect[39m(exitCode)[33m.[39m[34mtoBe[39m([34m1[39m)[33m;[39m
    [90m   | [39m                     [31m^[39m
    [90m 56| [39m  }[33m,[39m [34m20000[39m)[33m;[39m
    [90m 57| [39m})[33m;[39m

[31m[2m⎯⎯⎯⎯⎯⎯⎯⎯⎯⎯⎯⎯⎯⎯⎯⎯⎯⎯⎯⎯⎯⎯[38/53]⎯[22m[39m

[41m[1m FAIL [22m[49m tests/integration/proxy.test.ts[2m > [22mProxy & IP Security (Integration Tier)[2m > [22mshould allow request from localhost (default behavior)
[31m[1mTypeError[22m: fetch failed[39m
[36m [2m❯[22m tests/integration/proxy.test.ts:[2m23:17[22m[39m
    [90m 21| [39m
    [90m 22| [39m  it("should allow request from localhost (default behavior)", async (…
    [90m 23| [39m    const res = await fetch(`${server.baseUrl}/api/debug/slow-query?du…
    [90m   | [39m                [31m^[39m
    [90m 24| [39m      method[33m:[39m [32m"POST"[39m[33m,[39m
    [90m 25| [39m      headers[33m:[39m { [32m"X-RUN-DEBUG-TOKEN"[39m[33m:[39m [33mDEBUG_TOKEN[39m }[33m,[39m

{
  stack: 'AggregateError: \n' +
    '    at internalConnectMultiple (node:net:1139:18)\n' +
    '    at internalConnectMultiple (node:net:1215:5)\n' +
    '    at internalConnectMultiple (node:net:1215:5)\n' +
    '    at defaultTriggerAsyncIdScope (node:internal/async_hooks:464:18)\n' +
    '    at GetAddrInfoReqWrap.emitLookup [as callback] (node:net:1549:7)\n' +
    '    at GetAddrInfoReqWrap.onlookupall [as oncomplete] (node:dns:132:8)',
  errors: [
    {
      stack: 'Error: connect EADDRNOTAVAIL ::1 - Local (:::63907)\n' +
        '    at internalConnectMultiple (node:net:1211:16)\n' +
        '    at defaultTriggerAsyncIdScope (node:internal/async_hooks:464:18)\n' +
        '    at GetAddrInfoReqWrap.emitLookup [as callback] (node:net:1549:7)\n' +
        '    at GetAddrInfoReqWrap.onlookupall [as oncomplete] (node:dns:132:8)',
      message: 'connect EADDRNOTAVAIL ::1 - Local (:::63907)',
      errno: -49,
      code: 'EADDRNOTAVAIL',
      syscall: 'connect',
      address: '::1',
      constructor: 'Function<Error>',
      name: 'Error',
      toString: 'Function<toString>'
    },
    {
      stack: 'Error: connect EADDRNOTAVAIL 127.0.0.1 - Local (0.0.0.0:63908)\n' +
        '    at internalConnectMultiple (node:net:1211:16)\n' +
        '    at internalConnectMultiple (node:net:1215:5)\n' +
        '    at defaultTriggerAsyncIdScope (node:internal/async_hooks:464:18)\n' +
        '    at GetAddrInfoReqWrap.emitLookup [as callback] (node:net:1549:7)\n' +
        '    at GetAddrInfoReqWrap.onlookupall [as oncomplete] (node:dns:132:8)',
      message: 'connect EADDRNOTAVAIL 127.0.0.1 - Local (0.0.0.0:63908)',
      errno: -49,
      code: 'EADDRNOTAVAIL',
      syscall: 'connect',
      address: '127.0.0.1',
      constructor: 'Function<Error>',
      name: 'Error',
      toString: 'Function<toString>'
    }
  ],
  code: 'EADDRNOTAVAIL',
  constructor: 'Function<AggregateError>',
  name: 'Caused by: AggregateError',
  message: '',
  toString: 'Function<toString>',
  stacks: []
}
[31m[2m⎯⎯⎯⎯⎯⎯⎯⎯⎯⎯⎯⎯⎯⎯⎯⎯⎯⎯⎯⎯⎯⎯⎯⎯⎯⎯⎯⎯⎯⎯[22m[39m
[31m[1mSerialized Error:[22m[39m [90m{ errors: [ { stack: 'Error: connect EADDRNOTAVAIL ::1 - Local (:::63907)\n    at internalConnectMultiple (node:net:1211:16)\n    at defaultTriggerAsyncIdScope (node:internal/async_hooks:464:18)\n    at GetAddrInfoReqWrap.emitLookup [as callback] (node:net:1549:7)\n    at GetAddrInfoReqWrap.onlookupall [as oncomplete] (node:dns:132:8)', message: 'connect EADDRNOTAVAIL ::1 - Local (:::63907)', errno: -49, code: 'EADDRNOTAVAIL', syscall: 'connect', address: '::1', constructor: 'Function<Error>', name: 'Error', toString: 'Function<toString>' }, { stack: 'Error: connect EADDRNOTAVAIL 127.0.0.1 - Local (0.0.0.0:63908)\n    at internalConnectMultiple (node:net:1211:16)\n    at internalConnectMultiple (node:net:1215:5)\n    at defaultTriggerAsyncIdScope (node:internal/async_hooks:464:18)\n    at GetAddrInfoReqWrap.emitLookup [as callback] (node:net:1549:7)\n    at GetAddrInfoReqWrap.onlookupall [as oncomplete] (node:dns:132:8)', message: 'connect EADDRNOTAVAIL 127.0.0.1 - Local (0.0.0.0:63908)', errno: -49, code: 'EADDRNOTAVAIL', syscall: 'connect', address: '127.0.0.1', constructor: 'Function<Error>', name: 'Error', toString: 'Function<toString>' } ], code: 'EADDRNOTAVAIL' }[39m
[31m[2m⎯⎯⎯⎯⎯⎯⎯⎯⎯⎯⎯⎯⎯⎯⎯⎯⎯⎯⎯⎯⎯⎯[39/53]⎯[22m[39m

[41m[1m FAIL [22m[49m tests/integration/proxy.test.ts[2m > [22mProxy & IP Security (Integration Tier)[2m > [22mshould IGNORE spoofed X-Forwarded-For header and ALLOW valid localhost connection
[31m[1mTypeError[22m: fetch failed[39m
[36m [2m❯[22m tests/integration/proxy.test.ts:[2m33:17[22m[39m
    [90m 31| [39m    [90m// We now verify physical connection.[39m
    [90m 32| [39m    // Even if header says 1.2.3.4, we are PHYSICALLY localhost, so we…
    [90m 33| [39m    const res = await fetch(`${server.baseUrl}/api/debug/slow-query?du…
    [90m   | [39m                [31m^[39m
    [90m 34| [39m      method[33m:[39m [32m"POST"[39m[33m,[39m
    [90m 35| [39m      headers[33m:[39m {

{
  stack: 'AggregateError: \n' +
    '    at internalConnectMultiple (node:net:1139:18)\n' +
    '    at internalConnectMultiple (node:net:1215:5)\n' +
    '    at internalConnectMultiple (node:net:1215:5)\n' +
    '    at defaultTriggerAsyncIdScope (node:internal/async_hooks:464:18)\n' +
    '    at GetAddrInfoReqWrap.emitLookup [as callback] (node:net:1549:7)\n' +
    '    at GetAddrInfoReqWrap.onlookupall [as oncomplete] (node:dns:132:8)',
  errors: [
    {
      stack: 'Error: connect EADDRNOTAVAIL ::1 - Local (:::63962)\n' +
        '    at internalConnectMultiple (node:net:1211:16)\n' +
        '    at defaultTriggerAsyncIdScope (node:internal/async_hooks:464:18)\n' +
        '    at GetAddrInfoReqWrap.emitLookup [as callback] (node:net:1549:7)\n' +
        '    at GetAddrInfoReqWrap.onlookupall [as oncomplete] (node:dns:132:8)',
      message: 'connect EADDRNOTAVAIL ::1 - Local (:::63962)',
      errno: -49,
      code: 'EADDRNOTAVAIL',
      syscall: 'connect',
      address: '::1',
      constructor: 'Function<Error>',
      name: 'Error',
      toString: 'Function<toString>'
    },
    {
      stack: 'Error: connect EADDRNOTAVAIL 127.0.0.1 - Local (0.0.0.0:63963)\n' +
        '    at internalConnectMultiple (node:net:1211:16)\n' +
        '    at internalConnectMultiple (node:net:1215:5)\n' +
        '    at defaultTriggerAsyncIdScope (node:internal/async_hooks:464:18)\n' +
        '    at GetAddrInfoReqWrap.emitLookup [as callback] (node:net:1549:7)\n' +
        '    at GetAddrInfoReqWrap.onlookupall [as oncomplete] (node:dns:132:8)',
      message: 'connect EADDRNOTAVAIL 127.0.0.1 - Local (0.0.0.0:63963)',
      errno: -49,
      code: 'EADDRNOTAVAIL',
      syscall: 'connect',
      address: '127.0.0.1',
      constructor: 'Function<Error>',
      name: 'Error',
      toString: 'Function<toString>'
    }
  ],
  code: 'EADDRNOTAVAIL',
  constructor: 'Function<AggregateError>',
  name: 'Caused by: AggregateError',
  message: '',
  toString: 'Function<toString>',
  stacks: []
}
[31m[2m⎯⎯⎯⎯⎯⎯⎯⎯⎯⎯⎯⎯⎯⎯⎯⎯⎯⎯⎯⎯⎯⎯⎯⎯⎯⎯⎯⎯⎯⎯[22m[39m
[31m[1mSerialized Error:[22m[39m [90m{ errors: [ { stack: 'Error: connect EADDRNOTAVAIL ::1 - Local (:::63962)\n    at internalConnectMultiple (node:net:1211:16)\n    at defaultTriggerAsyncIdScope (node:internal/async_hooks:464:18)\n    at GetAddrInfoReqWrap.emitLookup [as callback] (node:net:1549:7)\n    at GetAddrInfoReqWrap.onlookupall [as oncomplete] (node:dns:132:8)', message: 'connect EADDRNOTAVAIL ::1 - Local (:::63962)', errno: -49, code: 'EADDRNOTAVAIL', syscall: 'connect', address: '::1', constructor: 'Function<Error>', name: 'Error', toString: 'Function<toString>' }, { stack: 'Error: connect EADDRNOTAVAIL 127.0.0.1 - Local (0.0.0.0:63963)\n    at internalConnectMultiple (node:net:1211:16)\n    at internalConnectMultiple (node:net:1215:5)\n    at defaultTriggerAsyncIdScope (node:internal/async_hooks:464:18)\n    at GetAddrInfoReqWrap.emitLookup [as callback] (node:net:1549:7)\n    at GetAddrInfoReqWrap.onlookupall [as oncomplete] (node:dns:132:8)', message: 'connect EADDRNOTAVAIL 127.0.0.1 - Local (0.0.0.0:63963)', errno: -49, code: 'EADDRNOTAVAIL', syscall: 'connect', address: '127.0.0.1', constructor: 'Function<Error>', name: 'Error', toString: 'Function<toString>' } ], code: 'EADDRNOTAVAIL' }[39m
[31m[2m⎯⎯⎯⎯⎯⎯⎯⎯⎯⎯⎯⎯⎯⎯⎯⎯⎯⎯⎯⎯⎯⎯[40/53]⎯[22m[39m

[41m[1m FAIL [22m[49m tests/integration/proxy.test.ts[2m > [22mProxy & IP Security (Integration Tier)[2m > [22mshould ALLOW request if X-Forwarded-For is 127.0.0.1 (Spoofing Vulnerability Check)
[31m[1mTypeError[22m: fetch failed[39m
[36m [2m❯[22m tests/integration/proxy.test.ts:[2m48:17[22m[39m
    [90m 46| [39m    // This demonstrates the vulnerability. If this passes (200), it m…
    [90m 47| [39m    // anyone can bypass the IP check by sending this header if trust …
    [90m 48| [39m    const res = await fetch(`${server.baseUrl}/api/debug/slow-query?du…
    [90m   | [39m                [31m^[39m
    [90m 49| [39m      method[33m:[39m [32m"POST"[39m[33m,[39m
    [90m 50| [39m      headers[33m:[39m {

{
  stack: 'AggregateError: \n' +
    '    at internalConnectMultiple (node:net:1139:18)\n' +
    '    at internalConnectMultiple (node:net:1215:5)\n' +
    '    at internalConnectMultiple (node:net:1215:5)\n' +
    '    at defaultTriggerAsyncIdScope (node:internal/async_hooks:464:18)\n' +
    '    at GetAddrInfoReqWrap.emitLookup [as callback] (node:net:1549:7)\n' +
    '    at GetAddrInfoReqWrap.onlookupall [as oncomplete] (node:dns:132:8)',
  errors: [
    {
      stack: 'Error: connect EADDRNOTAVAIL ::1 - Local (:::63993)\n' +
        '    at internalConnectMultiple (node:net:1211:16)\n' +
        '    at defaultTriggerAsyncIdScope (node:internal/async_hooks:464:18)\n' +
        '    at GetAddrInfoReqWrap.emitLookup [as callback] (node:net:1549:7)\n' +
        '    at GetAddrInfoReqWrap.onlookupall [as oncomplete] (node:dns:132:8)',
      message: 'connect EADDRNOTAVAIL ::1 - Local (:::63993)',
      errno: -49,
      code: 'EADDRNOTAVAIL',
      syscall: 'connect',
      address: '::1',
      constructor: 'Function<Error>',
      name: 'Error',
      toString: 'Function<toString>'
    },
    {
      stack: 'Error: connect EADDRNOTAVAIL 127.0.0.1 - Local (0.0.0.0:63994)\n' +
        '    at internalConnectMultiple (node:net:1211:16)\n' +
        '    at internalConnectMultiple (node:net:1215:5)\n' +
        '    at defaultTriggerAsyncIdScope (node:internal/async_hooks:464:18)\n' +
        '    at GetAddrInfoReqWrap.emitLookup [as callback] (node:net:1549:7)\n' +
        '    at GetAddrInfoReqWrap.onlookupall [as oncomplete] (node:dns:132:8)',
      message: 'connect EADDRNOTAVAIL 127.0.0.1 - Local (0.0.0.0:63994)',
      errno: -49,
      code: 'EADDRNOTAVAIL',
      syscall: 'connect',
      address: '127.0.0.1',
      constructor: 'Function<Error>',
      name: 'Error',
      toString: 'Function<toString>'
    }
  ],
  code: 'EADDRNOTAVAIL',
  constructor: 'Function<AggregateError>',
  name: 'Caused by: AggregateError',
  message: '',
  toString: 'Function<toString>',
  stacks: []
}
[31m[2m⎯⎯⎯⎯⎯⎯⎯⎯⎯⎯⎯⎯⎯⎯⎯⎯⎯⎯⎯⎯⎯⎯⎯⎯⎯⎯⎯⎯⎯⎯[22m[39m
[31m[1mSerialized Error:[22m[39m [90m{ errors: [ { stack: 'Error: connect EADDRNOTAVAIL ::1 - Local (:::63993)\n    at internalConnectMultiple (node:net:1211:16)\n    at defaultTriggerAsyncIdScope (node:internal/async_hooks:464:18)\n    at GetAddrInfoReqWrap.emitLookup [as callback] (node:net:1549:7)\n    at GetAddrInfoReqWrap.onlookupall [as oncomplete] (node:dns:132:8)', message: 'connect EADDRNOTAVAIL ::1 - Local (:::63993)', errno: -49, code: 'EADDRNOTAVAIL', syscall: 'connect', address: '::1', constructor: 'Function<Error>', name: 'Error', toString: 'Function<toString>' }, { stack: 'Error: connect EADDRNOTAVAIL 127.0.0.1 - Local (0.0.0.0:63994)\n    at internalConnectMultiple (node:net:1211:16)\n    at internalConnectMultiple (node:net:1215:5)\n    at defaultTriggerAsyncIdScope (node:internal/async_hooks:464:18)\n    at GetAddrInfoReqWrap.emitLookup [as callback] (node:net:1549:7)\n    at GetAddrInfoReqWrap.onlookupall [as oncomplete] (node:dns:132:8)', message: 'connect EADDRNOTAVAIL 127.0.0.1 - Local (0.0.0.0:63994)', errno: -49, code: 'EADDRNOTAVAIL', syscall: 'connect', address: '127.0.0.1', constructor: 'Function<Error>', name: 'Error', toString: 'Function<toString>' } ], code: 'EADDRNOTAVAIL' }[39m
[31m[2m⎯⎯⎯⎯⎯⎯⎯⎯⎯⎯⎯⎯⎯⎯⎯⎯⎯⎯⎯⎯⎯⎯[41/53]⎯[22m[39m

[41m[1m FAIL [22m[49m tests/integration/security.test.ts[2m > [22mSecurity Hardening (Integration Tier)[2m > [22mshould RETURN_404 for /api/debug/crash in PRODUCTION mode
[31m[1mTypeError[22m: fetch failed[39m
[36m [2m❯[22m tests/integration/security.test.ts:[2m19:17[22m[39m
    [90m 17| [39m    })[33m;[39m
    [90m 18| [39m
    [90m 19| [39m    [35mconst[39m res [33m=[39m [35mawait[39m [34mfetch[39m([32m`[39m[36m${[39mserver[33m.[39mbaseUrl[36m}[39m[32m/api/debug/crash`[39m[33m,[39m {
    [90m   | [39m                [31m^[39m
    [90m 20| [39m      method[33m:[39m [32m"POST"[39m[33m,[39m
    [90m 21| [39m    })[33m;[39m

{
  stack: 'AggregateError: \n' +
    '    at internalConnectMultiple (node:net:1139:18)\n' +
    '    at internalConnectMultiple (node:net:1215:5)\n' +
    '    at internalConnectMultiple (node:net:1215:5)\n' +
    '    at defaultTriggerAsyncIdScope (node:internal/async_hooks:464:18)\n' +
    '    at GetAddrInfoReqWrap.emitLookup [as callback] (node:net:1549:7)\n' +
    '    at GetAddrInfoReqWrap.onlookupall [as oncomplete] (node:dns:132:8)',
  errors: [
    {
      stack: 'Error: connect EADDRNOTAVAIL ::1 - Local (:::63857)\n' +
        '    at internalConnectMultiple (node:net:1211:16)\n' +
        '    at defaultTriggerAsyncIdScope (node:internal/async_hooks:464:18)\n' +
        '    at GetAddrInfoReqWrap.emitLookup [as callback] (node:net:1549:7)\n' +
        '    at GetAddrInfoReqWrap.onlookupall [as oncomplete] (node:dns:132:8)',
      message: 'connect EADDRNOTAVAIL ::1 - Local (:::63857)',
      errno: -49,
      code: 'EADDRNOTAVAIL',
      syscall: 'connect',
      address: '::1',
      constructor: 'Function<Error>',
      name: 'Error',
      toString: 'Function<toString>'
    },
    {
      stack: 'Error: connect EADDRNOTAVAIL 127.0.0.1 - Local (0.0.0.0:63858)\n' +
        '    at internalConnectMultiple (node:net:1211:16)\n' +
        '    at internalConnectMultiple (node:net:1215:5)\n' +
        '    at defaultTriggerAsyncIdScope (node:internal/async_hooks:464:18)\n' +
        '    at GetAddrInfoReqWrap.emitLookup [as callback] (node:net:1549:7)\n' +
        '    at GetAddrInfoReqWrap.onlookupall [as oncomplete] (node:dns:132:8)',
      message: 'connect EADDRNOTAVAIL 127.0.0.1 - Local (0.0.0.0:63858)',
      errno: -49,
      code: 'EADDRNOTAVAIL',
      syscall: 'connect',
      address: '127.0.0.1',
      constructor: 'Function<Error>',
      name: 'Error',
      toString: 'Function<toString>'
    }
  ],
  code: 'EADDRNOTAVAIL',
  constructor: 'Function<AggregateError>',
  name: 'Caused by: AggregateError',
  message: '',
  toString: 'Function<toString>',
  stacks: []
}
[31m[2m⎯⎯⎯⎯⎯⎯⎯⎯⎯⎯⎯⎯⎯⎯⎯⎯⎯⎯⎯⎯⎯⎯⎯⎯⎯⎯⎯⎯⎯⎯[22m[39m
[31m[1mSerialized Error:[22m[39m [90m{ errors: [ { stack: 'Error: connect EADDRNOTAVAIL ::1 - Local (:::63857)\n    at internalConnectMultiple (node:net:1211:16)\n    at defaultTriggerAsyncIdScope (node:internal/async_hooks:464:18)\n    at GetAddrInfoReqWrap.emitLookup [as callback] (node:net:1549:7)\n    at GetAddrInfoReqWrap.onlookupall [as oncomplete] (node:dns:132:8)', message: 'connect EADDRNOTAVAIL ::1 - Local (:::63857)', errno: -49, code: 'EADDRNOTAVAIL', syscall: 'connect', address: '::1', constructor: 'Function<Error>', name: 'Error', toString: 'Function<toString>' }, { stack: 'Error: connect EADDRNOTAVAIL 127.0.0.1 - Local (0.0.0.0:63858)\n    at internalConnectMultiple (node:net:1211:16)\n    at internalConnectMultiple (node:net:1215:5)\n    at defaultTriggerAsyncIdScope (node:internal/async_hooks:464:18)\n    at GetAddrInfoReqWrap.emitLookup [as callback] (node:net:1549:7)\n    at GetAddrInfoReqWrap.onlookupall [as oncomplete] (node:dns:132:8)', message: 'connect EADDRNOTAVAIL 127.0.0.1 - Local (0.0.0.0:63858)', errno: -49, code: 'EADDRNOTAVAIL', syscall: 'connect', address: '127.0.0.1', constructor: 'Function<Error>', name: 'Error', toString: 'Function<toString>' } ], code: 'EADDRNOTAVAIL' }[39m
[31m[2m⎯⎯⎯⎯⎯⎯⎯⎯⎯⎯⎯⎯⎯⎯⎯⎯⎯⎯⎯⎯⎯⎯[42/53]⎯[22m[39m

[41m[1m FAIL [22m[49m tests/integration/security.test.ts[2m > [22mSecurity Hardening (Integration Tier)[2m > [22mshould RETURN_404 for /api/debug/crash in TEST mode if ENABLE_DEBUG_ROUTES is missing
[31m[1mTypeError[22m: fetch failed[39m
[36m [2m❯[22m tests/integration/security.test.ts:[2m31:17[22m[39m
    [90m 29| [39m    })[33m;[39m
    [90m 30| [39m
    [90m 31| [39m    [35mconst[39m res [33m=[39m [35mawait[39m [34mfetch[39m([32m`[39m[36m${[39mserver[33m.[39mbaseUrl[36m}[39m[32m/api/debug/crash`[39m[33m,[39m {
    [90m   | [39m                [31m^[39m
    [90m 32| [39m      method[33m:[39m [32m"POST"[39m[33m,[39m
    [90m 33| [39m    })[33m;[39m

{
  stack: 'AggregateError: \n' +
    '    at internalConnectMultiple (node:net:1139:18)\n' +
    '    at internalConnectMultiple (node:net:1215:5)\n' +
    '    at internalConnectMultiple (node:net:1215:5)\n' +
    '    at defaultTriggerAsyncIdScope (node:internal/async_hooks:464:18)\n' +
    '    at GetAddrInfoReqWrap.emitLookup [as callback] (node:net:1549:7)\n' +
    '    at GetAddrInfoReqWrap.onlookupall [as oncomplete] (node:dns:132:8)',
  errors: [
    {
      stack: 'Error: connect EADDRNOTAVAIL ::1 - Local (:::63953)\n' +
        '    at internalConnectMultiple (node:net:1211:16)\n' +
        '    at defaultTriggerAsyncIdScope (node:internal/async_hooks:464:18)\n' +
        '    at GetAddrInfoReqWrap.emitLookup [as callback] (node:net:1549:7)\n' +
        '    at GetAddrInfoReqWrap.onlookupall [as oncomplete] (node:dns:132:8)',
      message: 'connect EADDRNOTAVAIL ::1 - Local (:::63953)',
      errno: -49,
      code: 'EADDRNOTAVAIL',
      syscall: 'connect',
      address: '::1',
      constructor: 'Function<Error>',
      name: 'Error',
      toString: 'Function<toString>'
    },
    {
      stack: 'Error: connect EADDRNOTAVAIL 127.0.0.1 - Local (0.0.0.0:63954)\n' +
        '    at internalConnectMultiple (node:net:1211:16)\n' +
        '    at internalConnectMultiple (node:net:1215:5)\n' +
        '    at defaultTriggerAsyncIdScope (node:internal/async_hooks:464:18)\n' +
        '    at GetAddrInfoReqWrap.emitLookup [as callback] (node:net:1549:7)\n' +
        '    at GetAddrInfoReqWrap.onlookupall [as oncomplete] (node:dns:132:8)',
      message: 'connect EADDRNOTAVAIL 127.0.0.1 - Local (0.0.0.0:63954)',
      errno: -49,
      code: 'EADDRNOTAVAIL',
      syscall: 'connect',
      address: '127.0.0.1',
      constructor: 'Function<Error>',
      name: 'Error',
      toString: 'Function<toString>'
    }
  ],
  code: 'EADDRNOTAVAIL',
  constructor: 'Function<AggregateError>',
  name: 'Caused by: AggregateError',
  message: '',
  toString: 'Function<toString>',
  stacks: []
}
[31m[2m⎯⎯⎯⎯⎯⎯⎯⎯⎯⎯⎯⎯⎯⎯⎯⎯⎯⎯⎯⎯⎯⎯⎯⎯⎯⎯⎯⎯⎯⎯[22m[39m
[31m[1mSerialized Error:[22m[39m [90m{ errors: [ { stack: 'Error: connect EADDRNOTAVAIL ::1 - Local (:::63953)\n    at internalConnectMultiple (node:net:1211:16)\n    at defaultTriggerAsyncIdScope (node:internal/async_hooks:464:18)\n    at GetAddrInfoReqWrap.emitLookup [as callback] (node:net:1549:7)\n    at GetAddrInfoReqWrap.onlookupall [as oncomplete] (node:dns:132:8)', message: 'connect EADDRNOTAVAIL ::1 - Local (:::63953)', errno: -49, code: 'EADDRNOTAVAIL', syscall: 'connect', address: '::1', constructor: 'Function<Error>', name: 'Error', toString: 'Function<toString>' }, { stack: 'Error: connect EADDRNOTAVAIL 127.0.0.1 - Local (0.0.0.0:63954)\n    at internalConnectMultiple (node:net:1211:16)\n    at internalConnectMultiple (node:net:1215:5)\n    at defaultTriggerAsyncIdScope (node:internal/async_hooks:464:18)\n    at GetAddrInfoReqWrap.emitLookup [as callback] (node:net:1549:7)\n    at GetAddrInfoReqWrap.onlookupall [as oncomplete] (node:dns:132:8)', message: 'connect EADDRNOTAVAIL 127.0.0.1 - Local (0.0.0.0:63954)', errno: -49, code: 'EADDRNOTAVAIL', syscall: 'connect', address: '127.0.0.1', constructor: 'Function<Error>', name: 'Error', toString: 'Function<toString>' } ], code: 'EADDRNOTAVAIL' }[39m
[31m[2m⎯⎯⎯⎯⎯⎯⎯⎯⎯⎯⎯⎯⎯⎯⎯⎯⎯⎯⎯⎯⎯⎯[43/53]⎯[22m[39m

[41m[1m FAIL [22m[49m tests/integration/security.test.ts[2m > [22mSecurity Hardening (Integration Tier)[2m > [22mshould RETURN_404 if Token is missing (even if enabled)
[31m[1mTypeError[22m: fetch failed[39m
[36m [2m❯[22m tests/integration/security.test.ts:[2m44:17[22m[39m
    [90m 42| [39m    })[33m;[39m
    [90m 43| [39m
    [90m 44| [39m    [35mconst[39m res [33m=[39m [35mawait[39m [34mfetch[39m([32m`[39m[36m${[39mserver[33m.[39mbaseUrl[36m}[39m[32m/api/debug/crash`[39m[33m,[39m {
    [90m   | [39m                [31m^[39m
    [90m 45| [39m      method[33m:[39m [32m"POST"[39m[33m,[39m
    [90m 46| [39m    })[33m;[39m

{
  stack: 'AggregateError: \n' +
    '    at internalConnectMultiple (node:net:1139:18)\n' +
    '    at internalConnectMultiple (node:net:1215:5)\n' +
    '    at internalConnectMultiple (node:net:1215:5)\n' +
    '    at defaultTriggerAsyncIdScope (node:internal/async_hooks:464:18)\n' +
    '    at GetAddrInfoReqWrap.emitLookup [as callback] (node:net:1549:7)\n' +
    '    at GetAddrInfoReqWrap.onlookupall [as oncomplete] (node:dns:132:8)',
  errors: [
    {
      stack: 'Error: connect EADDRNOTAVAIL ::1 - Local (:::63975)\n' +
        '    at internalConnectMultiple (node:net:1211:16)\n' +
        '    at defaultTriggerAsyncIdScope (node:internal/async_hooks:464:18)\n' +
        '    at GetAddrInfoReqWrap.emitLookup [as callback] (node:net:1549:7)\n' +
        '    at GetAddrInfoReqWrap.onlookupall [as oncomplete] (node:dns:132:8)',
      message: 'connect EADDRNOTAVAIL ::1 - Local (:::63975)',
      errno: -49,
      code: 'EADDRNOTAVAIL',
      syscall: 'connect',
      address: '::1',
      constructor: 'Function<Error>',
      name: 'Error',
      toString: 'Function<toString>'
    },
    {
      stack: 'Error: connect EADDRNOTAVAIL 127.0.0.1 - Local (0.0.0.0:63976)\n' +
        '    at internalConnectMultiple (node:net:1211:16)\n' +
        '    at internalConnectMultiple (node:net:1215:5)\n' +
        '    at defaultTriggerAsyncIdScope (node:internal/async_hooks:464:18)\n' +
        '    at GetAddrInfoReqWrap.emitLookup [as callback] (node:net:1549:7)\n' +
        '    at GetAddrInfoReqWrap.onlookupall [as oncomplete] (node:dns:132:8)',
      message: 'connect EADDRNOTAVAIL 127.0.0.1 - Local (0.0.0.0:63976)',
      errno: -49,
      code: 'EADDRNOTAVAIL',
      syscall: 'connect',
      address: '127.0.0.1',
      constructor: 'Function<Error>',
      name: 'Error',
      toString: 'Function<toString>'
    }
  ],
  code: 'EADDRNOTAVAIL',
  constructor: 'Function<AggregateError>',
  name: 'Caused by: AggregateError',
  message: '',
  toString: 'Function<toString>',
  stacks: []
}
[31m[2m⎯⎯⎯⎯⎯⎯⎯⎯⎯⎯⎯⎯⎯⎯⎯⎯⎯⎯⎯⎯⎯⎯⎯⎯⎯⎯⎯⎯⎯⎯[22m[39m
[31m[1mSerialized Error:[22m[39m [90m{ errors: [ { stack: 'Error: connect EADDRNOTAVAIL ::1 - Local (:::63975)\n    at internalConnectMultiple (node:net:1211:16)\n    at defaultTriggerAsyncIdScope (node:internal/async_hooks:464:18)\n    at GetAddrInfoReqWrap.emitLookup [as callback] (node:net:1549:7)\n    at GetAddrInfoReqWrap.onlookupall [as oncomplete] (node:dns:132:8)', message: 'connect EADDRNOTAVAIL ::1 - Local (:::63975)', errno: -49, code: 'EADDRNOTAVAIL', syscall: 'connect', address: '::1', constructor: 'Function<Error>', name: 'Error', toString: 'Function<toString>' }, { stack: 'Error: connect EADDRNOTAVAIL 127.0.0.1 - Local (0.0.0.0:63976)\n    at internalConnectMultiple (node:net:1211:16)\n    at internalConnectMultiple (node:net:1215:5)\n    at defaultTriggerAsyncIdScope (node:internal/async_hooks:464:18)\n    at GetAddrInfoReqWrap.emitLookup [as callback] (node:net:1549:7)\n    at GetAddrInfoReqWrap.onlookupall [as oncomplete] (node:dns:132:8)', message: 'connect EADDRNOTAVAIL 127.0.0.1 - Local (0.0.0.0:63976)', errno: -49, code: 'EADDRNOTAVAIL', syscall: 'connect', address: '127.0.0.1', constructor: 'Function<Error>', name: 'Error', toString: 'Function<toString>' } ], code: 'EADDRNOTAVAIL' }[39m
[31m[2m⎯⎯⎯⎯⎯⎯⎯⎯⎯⎯⎯⎯⎯⎯⎯⎯⎯⎯⎯⎯⎯⎯[44/53]⎯[22m[39m

[41m[1m FAIL [22m[49m tests/integration/security.test.ts[2m > [22mSecurity Hardening (Integration Tier)[2m > [22mshould RETURN_404 if Token is incorrect
[31m[1mTypeError[22m: fetch failed[39m
[36m [2m❯[22m tests/integration/security.test.ts:[2m57:17[22m[39m
    [90m 55| [39m    })[33m;[39m
    [90m 56| [39m
    [90m 57| [39m    [35mconst[39m res [33m=[39m [35mawait[39m [34mfetch[39m([32m`[39m[36m${[39mserver[33m.[39mbaseUrl[36m}[39m[32m/api/debug/crash`[39m[33m,[39m {
    [90m   | [39m                [31m^[39m
    [90m 58| [39m      method[33m:[39m [32m"POST"[39m[33m,[39m
    [90m 59| [39m      headers[33m:[39m { [32m"X-RUN-DEBUG-TOKEN"[39m[33m:[39m [32m"wrong-token"[39m }[33m,[39m

{
  stack: 'AggregateError: \n' +
    '    at internalConnectMultiple (node:net:1139:18)\n' +
    '    at internalConnectMultiple (node:net:1215:5)\n' +
    '    at internalConnectMultiple (node:net:1215:5)\n' +
    '    at defaultTriggerAsyncIdScope (node:internal/async_hooks:464:18)\n' +
    '    at GetAddrInfoReqWrap.emitLookup [as callback] (node:net:1549:7)\n' +
    '    at GetAddrInfoReqWrap.onlookupall [as oncomplete] (node:dns:132:8)',
  errors: [
    {
      stack: 'Error: connect EADDRNOTAVAIL ::1 - Local (:::64004)\n' +
        '    at internalConnectMultiple (node:net:1211:16)\n' +
        '    at defaultTriggerAsyncIdScope (node:internal/async_hooks:464:18)\n' +
        '    at GetAddrInfoReqWrap.emitLookup [as callback] (node:net:1549:7)\n' +
        '    at GetAddrInfoReqWrap.onlookupall [as oncomplete] (node:dns:132:8)',
      message: 'connect EADDRNOTAVAIL ::1 - Local (:::64004)',
      errno: -49,
      code: 'EADDRNOTAVAIL',
      syscall: 'connect',
      address: '::1',
      constructor: 'Function<Error>',
      name: 'Error',
      toString: 'Function<toString>'
    },
    {
      stack: 'Error: connect EADDRNOTAVAIL 127.0.0.1 - Local (0.0.0.0:64005)\n' +
        '    at internalConnectMultiple (node:net:1211:16)\n' +
        '    at internalConnectMultiple (node:net:1215:5)\n' +
        '    at defaultTriggerAsyncIdScope (node:internal/async_hooks:464:18)\n' +
        '    at GetAddrInfoReqWrap.emitLookup [as callback] (node:net:1549:7)\n' +
        '    at GetAddrInfoReqWrap.onlookupall [as oncomplete] (node:dns:132:8)',
      message: 'connect EADDRNOTAVAIL 127.0.0.1 - Local (0.0.0.0:64005)',
      errno: -49,
      code: 'EADDRNOTAVAIL',
      syscall: 'connect',
      address: '127.0.0.1',
      constructor: 'Function<Error>',
      name: 'Error',
      toString: 'Function<toString>'
    }
  ],
  code: 'EADDRNOTAVAIL',
  constructor: 'Function<AggregateError>',
  name: 'Caused by: AggregateError',
  message: '',
  toString: 'Function<toString>',
  stacks: []
}
[31m[2m⎯⎯⎯⎯⎯⎯⎯⎯⎯⎯⎯⎯⎯⎯⎯⎯⎯⎯⎯⎯⎯⎯⎯⎯⎯⎯⎯⎯⎯⎯[22m[39m
[31m[1mSerialized Error:[22m[39m [90m{ errors: [ { stack: 'Error: connect EADDRNOTAVAIL ::1 - Local (:::64004)\n    at internalConnectMultiple (node:net:1211:16)\n    at defaultTriggerAsyncIdScope (node:internal/async_hooks:464:18)\n    at GetAddrInfoReqWrap.emitLookup [as callback] (node:net:1549:7)\n    at GetAddrInfoReqWrap.onlookupall [as oncomplete] (node:dns:132:8)', message: 'connect EADDRNOTAVAIL ::1 - Local (:::64004)', errno: -49, code: 'EADDRNOTAVAIL', syscall: 'connect', address: '::1', constructor: 'Function<Error>', name: 'Error', toString: 'Function<toString>' }, { stack: 'Error: connect EADDRNOTAVAIL 127.0.0.1 - Local (0.0.0.0:64005)\n    at internalConnectMultiple (node:net:1211:16)\n    at internalConnectMultiple (node:net:1215:5)\n    at defaultTriggerAsyncIdScope (node:internal/async_hooks:464:18)\n    at GetAddrInfoReqWrap.emitLookup [as callback] (node:net:1549:7)\n    at GetAddrInfoReqWrap.onlookupall [as oncomplete] (node:dns:132:8)', message: 'connect EADDRNOTAVAIL 127.0.0.1 - Local (0.0.0.0:64005)', errno: -49, code: 'EADDRNOTAVAIL', syscall: 'connect', address: '127.0.0.1', constructor: 'Function<Error>', name: 'Error', toString: 'Function<toString>' } ], code: 'EADDRNOTAVAIL' }[39m
[31m[2m⎯⎯⎯⎯⎯⎯⎯⎯⎯⎯⎯⎯⎯⎯⎯⎯⎯⎯⎯⎯⎯⎯[45/53]⎯[22m[39m

[41m[1m FAIL [22m[49m tests/integration/security.test.ts[2m > [22mSecurity Hardening (Integration Tier)[2m > [22mshould BLOCK .map files with 404 in PRODUCTION
[31m[1mTypeError[22m: fetch failed[39m
[36m [2m❯[22m tests/integration/security.test.ts:[2m70:17[22m[39m
    [90m 68| [39m
    [90m 69| [39m    // Even if we don't request a real file, middleware should block a…
    [90m 70| [39m    [35mconst[39m res [33m=[39m [35mawait[39m [34mfetch[39m([32m`[39m[36m${[39mserver[33m.[39mbaseUrl[36m}[39m[32m/assets/main.js.map`[39m)[33m;[39m
    [90m   | [39m                [31m^[39m
    [90m 71| [39m    [34mexpect[39m(res[33m.[39mstatus)[33m.[39m[34mtoBe[39m([34m404[39m)[33m;[39m
    [90m 72| [39m

{
  stack: 'AggregateError: \n' +
    '    at internalConnectMultiple (node:net:1139:18)\n' +
    '    at internalConnectMultiple (node:net:1215:5)\n' +
    '    at internalConnectMultiple (node:net:1215:5)\n' +
    '    at defaultTriggerAsyncIdScope (node:internal/async_hooks:464:18)\n' +
    '    at GetAddrInfoReqWrap.emitLookup [as callback] (node:net:1549:7)\n' +
    '    at GetAddrInfoReqWrap.onlookupall [as oncomplete] (node:dns:132:8)',
  errors: [
    {
      stack: 'Error: connect EADDRNOTAVAIL ::1 - Local (:::64015)\n' +
        '    at internalConnectMultiple (node:net:1211:16)\n' +
        '    at defaultTriggerAsyncIdScope (node:internal/async_hooks:464:18)\n' +
        '    at GetAddrInfoReqWrap.emitLookup [as callback] (node:net:1549:7)\n' +
        '    at GetAddrInfoReqWrap.onlookupall [as oncomplete] (node:dns:132:8)',
      message: 'connect EADDRNOTAVAIL ::1 - Local (:::64015)',
      errno: -49,
      code: 'EADDRNOTAVAIL',
      syscall: 'connect',
      address: '::1',
      constructor: 'Function<Error>',
      name: 'Error',
      toString: 'Function<toString>'
    },
    {
      stack: 'Error: connect EADDRNOTAVAIL 127.0.0.1 - Local (0.0.0.0:64016)\n' +
        '    at internalConnectMultiple (node:net:1211:16)\n' +
        '    at internalConnectMultiple (node:net:1215:5)\n' +
        '    at defaultTriggerAsyncIdScope (node:internal/async_hooks:464:18)\n' +
        '    at GetAddrInfoReqWrap.emitLookup [as callback] (node:net:1549:7)\n' +
        '    at GetAddrInfoReqWrap.onlookupall [as oncomplete] (node:dns:132:8)',
      message: 'connect EADDRNOTAVAIL 127.0.0.1 - Local (0.0.0.0:64016)',
      errno: -49,
      code: 'EADDRNOTAVAIL',
      syscall: 'connect',
      address: '127.0.0.1',
      constructor: 'Function<Error>',
      name: 'Error',
      toString: 'Function<toString>'
    }
  ],
  code: 'EADDRNOTAVAIL',
  constructor: 'Function<AggregateError>',
  name: 'Caused by: AggregateError',
  message: '',
  toString: 'Function<toString>',
  stacks: []
}
[31m[2m⎯⎯⎯⎯⎯⎯⎯⎯⎯⎯⎯⎯⎯⎯⎯⎯⎯⎯⎯⎯⎯⎯⎯⎯⎯⎯⎯⎯⎯⎯[22m[39m
[31m[1mSerialized Error:[22m[39m [90m{ errors: [ { stack: 'Error: connect EADDRNOTAVAIL ::1 - Local (:::64015)\n    at internalConnectMultiple (node:net:1211:16)\n    at defaultTriggerAsyncIdScope (node:internal/async_hooks:464:18)\n    at GetAddrInfoReqWrap.emitLookup [as callback] (node:net:1549:7)\n    at GetAddrInfoReqWrap.onlookupall [as oncomplete] (node:dns:132:8)', message: 'connect EADDRNOTAVAIL ::1 - Local (:::64015)', errno: -49, code: 'EADDRNOTAVAIL', syscall: 'connect', address: '::1', constructor: 'Function<Error>', name: 'Error', toString: 'Function<toString>' }, { stack: 'Error: connect EADDRNOTAVAIL 127.0.0.1 - Local (0.0.0.0:64016)\n    at internalConnectMultiple (node:net:1211:16)\n    at internalConnectMultiple (node:net:1215:5)\n    at defaultTriggerAsyncIdScope (node:internal/async_hooks:464:18)\n    at GetAddrInfoReqWrap.emitLookup [as callback] (node:net:1549:7)\n    at GetAddrInfoReqWrap.onlookupall [as oncomplete] (node:dns:132:8)', message: 'connect EADDRNOTAVAIL 127.0.0.1 - Local (0.0.0.0:64016)', errno: -49, code: 'EADDRNOTAVAIL', syscall: 'connect', address: '127.0.0.1', constructor: 'Function<Error>', name: 'Error', toString: 'Function<toString>' } ], code: 'EADDRNOTAVAIL' }[39m
[31m[2m⎯⎯⎯⎯⎯⎯⎯⎯⎯⎯⎯⎯⎯⎯⎯⎯⎯⎯⎯⎯⎯⎯[46/53]⎯[22m[39m

[41m[1m FAIL [22m[49m tests/integration/security.test.ts[2m > [22mSecurity Hardening (Integration Tier)[2m > [22mshould REMOVE X-Powered-By header in PRODUCTION
[31m[1mTypeError[22m: fetch failed[39m
[36m [2m❯[22m tests/integration/security.test.ts:[2m87:17[22m[39m
    [90m 85| [39m    })[33m;[39m
    [90m 86| [39m
    [90m 87| [39m    [35mconst[39m res [33m=[39m [35mawait[39m [34mfetch[39m([32m`[39m[36m${[39mserver[33m.[39mbaseUrl[36m}[39m[32m/health`[39m)[33m;[39m
    [90m   | [39m                [31m^[39m
    [90m 88| [39m    [34mexpect[39m(res[33m.[39mheaders[33m.[39m[35mget[39m([32m"x-powered-by"[39m))[33m.[39m[34mtoBeNull[39m()[33m;[39m
    [90m 89| [39m  })[33m;[39m

{
  stack: 'AggregateError: \n' +
    '    at internalConnectMultiple (node:net:1139:18)\n' +
    '    at internalConnectMultiple (node:net:1215:5)\n' +
    '    at internalConnectMultiple (node:net:1215:5)\n' +
    '    at defaultTriggerAsyncIdScope (node:internal/async_hooks:464:18)\n' +
    '    at GetAddrInfoReqWrap.emitLookup [as callback] (node:net:1549:7)\n' +
    '    at GetAddrInfoReqWrap.onlookupall [as oncomplete] (node:dns:132:8)',
  errors: [
    {
      stack: 'Error: connect EADDRNOTAVAIL ::1 - Local (:::64029)\n' +
        '    at internalConnectMultiple (node:net:1211:16)\n' +
        '    at defaultTriggerAsyncIdScope (node:internal/async_hooks:464:18)\n' +
        '    at GetAddrInfoReqWrap.emitLookup [as callback] (node:net:1549:7)\n' +
        '    at GetAddrInfoReqWrap.onlookupall [as oncomplete] (node:dns:132:8)',
      message: 'connect EADDRNOTAVAIL ::1 - Local (:::64029)',
      errno: -49,
      code: 'EADDRNOTAVAIL',
      syscall: 'connect',
      address: '::1',
      constructor: 'Function<Error>',
      name: 'Error',
      toString: 'Function<toString>'
    },
    {
      stack: 'Error: connect EADDRNOTAVAIL 127.0.0.1 - Local (0.0.0.0:64030)\n' +
        '    at internalConnectMultiple (node:net:1211:16)\n' +
        '    at internalConnectMultiple (node:net:1215:5)\n' +
        '    at defaultTriggerAsyncIdScope (node:internal/async_hooks:464:18)\n' +
        '    at GetAddrInfoReqWrap.emitLookup [as callback] (node:net:1549:7)\n' +
        '    at GetAddrInfoReqWrap.onlookupall [as oncomplete] (node:dns:132:8)',
      message: 'connect EADDRNOTAVAIL 127.0.0.1 - Local (0.0.0.0:64030)',
      errno: -49,
      code: 'EADDRNOTAVAIL',
      syscall: 'connect',
      address: '127.0.0.1',
      constructor: 'Function<Error>',
      name: 'Error',
      toString: 'Function<toString>'
    }
  ],
  code: 'EADDRNOTAVAIL',
  constructor: 'Function<AggregateError>',
  name: 'Caused by: AggregateError',
  message: '',
  toString: 'Function<toString>',
  stacks: []
}
[31m[2m⎯⎯⎯⎯⎯⎯⎯⎯⎯⎯⎯⎯⎯⎯⎯⎯⎯⎯⎯⎯⎯⎯⎯⎯⎯⎯⎯⎯⎯⎯[22m[39m
[31m[1mSerialized Error:[22m[39m [90m{ errors: [ { stack: 'Error: connect EADDRNOTAVAIL ::1 - Local (:::64029)\n    at internalConnectMultiple (node:net:1211:16)\n    at defaultTriggerAsyncIdScope (node:internal/async_hooks:464:18)\n    at GetAddrInfoReqWrap.emitLookup [as callback] (node:net:1549:7)\n    at GetAddrInfoReqWrap.onlookupall [as oncomplete] (node:dns:132:8)', message: 'connect EADDRNOTAVAIL ::1 - Local (:::64029)', errno: -49, code: 'EADDRNOTAVAIL', syscall: 'connect', address: '::1', constructor: 'Function<Error>', name: 'Error', toString: 'Function<toString>' }, { stack: 'Error: connect EADDRNOTAVAIL 127.0.0.1 - Local (0.0.0.0:64030)\n    at internalConnectMultiple (node:net:1211:16)\n    at internalConnectMultiple (node:net:1215:5)\n    at defaultTriggerAsyncIdScope (node:internal/async_hooks:464:18)\n    at GetAddrInfoReqWrap.emitLookup [as callback] (node:net:1549:7)\n    at GetAddrInfoReqWrap.onlookupall [as oncomplete] (node:dns:132:8)', message: 'connect EADDRNOTAVAIL 127.0.0.1 - Local (0.0.0.0:64030)', errno: -49, code: 'EADDRNOTAVAIL', syscall: 'connect', address: '127.0.0.1', constructor: 'Function<Error>', name: 'Error', toString: 'Function<toString>' } ], code: 'EADDRNOTAVAIL' }[39m
[31m[2m⎯⎯⎯⎯⎯⎯⎯⎯⎯⎯⎯⎯⎯⎯⎯⎯⎯⎯⎯⎯⎯⎯[47/53]⎯[22m[39m

[41m[1m FAIL [22m[49m tests/integration/security.test.ts[2m > [22mSecurity Hardening (Integration Tier)[2m > [22mshould ENFORCE Content-Security-Policy header in PRODUCTION
[31m[1mTypeError[22m: fetch failed[39m
[36m [2m❯[22m tests/integration/security.test.ts:[2m96:17[22m[39m
    [90m 94| [39m    })[33m;[39m
    [90m 95| [39m
    [90m 96| [39m    [35mconst[39m res [33m=[39m [35mawait[39m [34mfetch[39m([32m`[39m[36m${[39mserver[33m.[39mbaseUrl[36m}[39m[32m/health`[39m)[33m;[39m
    [90m   | [39m                [31m^[39m
    [90m 97| [39m    [35mconst[39m csp [33m=[39m res[33m.[39mheaders[33m.[39m[35mget[39m([32m"content-security-policy"[39m)[33m;[39m
    [90m 98| [39m    [34mexpect[39m(csp)[33m.[39m[34mtoBeDefined[39m()[33m;[39m

{
  stack: 'AggregateError: \n' +
    '    at internalConnectMultiple (node:net:1139:18)\n' +
    '    at internalConnectMultiple (node:net:1215:5)\n' +
    '    at internalConnectMultiple (node:net:1215:5)\n' +
    '    at defaultTriggerAsyncIdScope (node:internal/async_hooks:464:18)\n' +
    '    at GetAddrInfoReqWrap.emitLookup [as callback] (node:net:1549:7)\n' +
    '    at GetAddrInfoReqWrap.onlookupall [as oncomplete] (node:dns:132:8)',
  errors: [
    {
      stack: 'Error: connect EADDRNOTAVAIL ::1 - Local (:::64039)\n' +
        '    at internalConnectMultiple (node:net:1211:16)\n' +
        '    at defaultTriggerAsyncIdScope (node:internal/async_hooks:464:18)\n' +
        '    at GetAddrInfoReqWrap.emitLookup [as callback] (node:net:1549:7)\n' +
        '    at GetAddrInfoReqWrap.onlookupall [as oncomplete] (node:dns:132:8)',
      message: 'connect EADDRNOTAVAIL ::1 - Local (:::64039)',
      errno: -49,
      code: 'EADDRNOTAVAIL',
      syscall: 'connect',
      address: '::1',
      constructor: 'Function<Error>',
      name: 'Error',
      toString: 'Function<toString>'
    },
    {
      stack: 'Error: connect EADDRNOTAVAIL 127.0.0.1 - Local (0.0.0.0:64040)\n' +
        '    at internalConnectMultiple (node:net:1211:16)\n' +
        '    at internalConnectMultiple (node:net:1215:5)\n' +
        '    at defaultTriggerAsyncIdScope (node:internal/async_hooks:464:18)\n' +
        '    at GetAddrInfoReqWrap.emitLookup [as callback] (node:net:1549:7)\n' +
        '    at GetAddrInfoReqWrap.onlookupall [as oncomplete] (node:dns:132:8)',
      message: 'connect EADDRNOTAVAIL 127.0.0.1 - Local (0.0.0.0:64040)',
      errno: -49,
      code: 'EADDRNOTAVAIL',
      syscall: 'connect',
      address: '127.0.0.1',
      constructor: 'Function<Error>',
      name: 'Error',
      toString: 'Function<toString>'
    }
  ],
  code: 'EADDRNOTAVAIL',
  constructor: 'Function<AggregateError>',
  name: 'Caused by: AggregateError',
  message: '',
  toString: 'Function<toString>',
  stacks: []
}
[31m[2m⎯⎯⎯⎯⎯⎯⎯⎯⎯⎯⎯⎯⎯⎯⎯⎯⎯⎯⎯⎯⎯⎯⎯⎯⎯⎯⎯⎯⎯⎯[22m[39m
[31m[1mSerialized Error:[22m[39m [90m{ errors: [ { stack: 'Error: connect EADDRNOTAVAIL ::1 - Local (:::64039)\n    at internalConnectMultiple (node:net:1211:16)\n    at defaultTriggerAsyncIdScope (node:internal/async_hooks:464:18)\n    at GetAddrInfoReqWrap.emitLookup [as callback] (node:net:1549:7)\n    at GetAddrInfoReqWrap.onlookupall [as oncomplete] (node:dns:132:8)', message: 'connect EADDRNOTAVAIL ::1 - Local (:::64039)', errno: -49, code: 'EADDRNOTAVAIL', syscall: 'connect', address: '::1', constructor: 'Function<Error>', name: 'Error', toString: 'Function<toString>' }, { stack: 'Error: connect EADDRNOTAVAIL 127.0.0.1 - Local (0.0.0.0:64040)\n    at internalConnectMultiple (node:net:1211:16)\n    at internalConnectMultiple (node:net:1215:5)\n    at defaultTriggerAsyncIdScope (node:internal/async_hooks:464:18)\n    at GetAddrInfoReqWrap.emitLookup [as callback] (node:net:1549:7)\n    at GetAddrInfoReqWrap.onlookupall [as oncomplete] (node:dns:132:8)', message: 'connect EADDRNOTAVAIL 127.0.0.1 - Local (0.0.0.0:64040)', errno: -49, code: 'EADDRNOTAVAIL', syscall: 'connect', address: '127.0.0.1', constructor: 'Function<Error>', name: 'Error', toString: 'Function<toString>' } ], code: 'EADDRNOTAVAIL' }[39m
[31m[2m⎯⎯⎯⎯⎯⎯⎯⎯⎯⎯⎯⎯⎯⎯⎯⎯⎯⎯⎯⎯⎯⎯[48/53]⎯[22m[39m

[41m[1m FAIL [22m[49m tests/integration/slow-query.test.ts[2m > [22mSlow Query Logging (Integration Tier)[2m > [22mshould emit a [Slow Query] warning with duration context when query exceeds 1s
[31m[1mTypeError[22m: fetch failed[39m
[36m [2m❯[22m tests/integration/slow-query.test.ts:[2m39:17[22m[39m
    [90m 37| [39m
    [90m 38| [39m  it("should emit a [Slow Query] warning with duration context when qu…
    [90m 39| [39m    const res = await fetch(`${server.baseUrl}/api/debug/slow-query?du…
    [90m   | [39m                [31m^[39m
    [90m 40| [39m      method[33m:[39m [32m"POST"[39m[33m,[39m
    [90m 41| [39m      headers[33m:[39m { [32m"X-RUN-DEBUG-TOKEN"[39m[33m:[39m [33mDEBUG_TOKEN[39m }[33m,[39m

{
  stack: 'AggregateError: \n' +
    '    at internalConnectMultiple (node:net:1139:18)\n' +
    '    at internalConnectMultiple (node:net:1215:5)\n' +
    '    at internalConnectMultiple (node:net:1215:5)\n' +
    '    at defaultTriggerAsyncIdScope (node:internal/async_hooks:464:18)\n' +
    '    at GetAddrInfoReqWrap.emitLookup [as callback] (node:net:1549:7)\n' +
    '    at GetAddrInfoReqWrap.onlookupall [as oncomplete] (node:dns:132:8)',
  errors: [
    {
      stack: 'Error: connect EADDRNOTAVAIL ::1 - Local (:::63913)\n' +
        '    at internalConnectMultiple (node:net:1211:16)\n' +
        '    at defaultTriggerAsyncIdScope (node:internal/async_hooks:464:18)\n' +
        '    at GetAddrInfoReqWrap.emitLookup [as callback] (node:net:1549:7)\n' +
        '    at GetAddrInfoReqWrap.onlookupall [as oncomplete] (node:dns:132:8)',
      message: 'connect EADDRNOTAVAIL ::1 - Local (:::63913)',
      errno: -49,
      code: 'EADDRNOTAVAIL',
      syscall: 'connect',
      address: '::1',
      constructor: 'Function<Error>',
      name: 'Error',
      toString: 'Function<toString>'
    },
    {
      stack: 'Error: connect EADDRNOTAVAIL 127.0.0.1 - Local (0.0.0.0:63914)\n' +
        '    at internalConnectMultiple (node:net:1211:16)\n' +
        '    at internalConnectMultiple (node:net:1215:5)\n' +
        '    at defaultTriggerAsyncIdScope (node:internal/async_hooks:464:18)\n' +
        '    at GetAddrInfoReqWrap.emitLookup [as callback] (node:net:1549:7)\n' +
        '    at GetAddrInfoReqWrap.onlookupall [as oncomplete] (node:dns:132:8)',
      message: 'connect EADDRNOTAVAIL 127.0.0.1 - Local (0.0.0.0:63914)',
      errno: -49,
      code: 'EADDRNOTAVAIL',
      syscall: 'connect',
      address: '127.0.0.1',
      constructor: 'Function<Error>',
      name: 'Error',
      toString: 'Function<toString>'
    }
  ],
  code: 'EADDRNOTAVAIL',
  constructor: 'Function<AggregateError>',
  name: 'Caused by: AggregateError',
  message: '',
  toString: 'Function<toString>',
  stacks: []
}
[31m[2m⎯⎯⎯⎯⎯⎯⎯⎯⎯⎯⎯⎯⎯⎯⎯⎯⎯⎯⎯⎯⎯⎯⎯⎯⎯⎯⎯⎯⎯⎯[22m[39m
[31m[1mSerialized Error:[22m[39m [90m{ errors: [ { stack: 'Error: connect EADDRNOTAVAIL ::1 - Local (:::63913)\n    at internalConnectMultiple (node:net:1211:16)\n    at defaultTriggerAsyncIdScope (node:internal/async_hooks:464:18)\n    at GetAddrInfoReqWrap.emitLookup [as callback] (node:net:1549:7)\n    at GetAddrInfoReqWrap.onlookupall [as oncomplete] (node:dns:132:8)', message: 'connect EADDRNOTAVAIL ::1 - Local (:::63913)', errno: -49, code: 'EADDRNOTAVAIL', syscall: 'connect', address: '::1', constructor: 'Function<Error>', name: 'Error', toString: 'Function<toString>' }, { stack: 'Error: connect EADDRNOTAVAIL 127.0.0.1 - Local (0.0.0.0:63914)\n    at internalConnectMultiple (node:net:1211:16)\n    at internalConnectMultiple (node:net:1215:5)\n    at defaultTriggerAsyncIdScope (node:internal/async_hooks:464:18)\n    at GetAddrInfoReqWrap.emitLookup [as callback] (node:net:1549:7)\n    at GetAddrInfoReqWrap.onlookupall [as oncomplete] (node:dns:132:8)', message: 'connect EADDRNOTAVAIL 127.0.0.1 - Local (0.0.0.0:63914)', errno: -49, code: 'EADDRNOTAVAIL', syscall: 'connect', address: '127.0.0.1', constructor: 'Function<Error>', name: 'Error', toString: 'Function<toString>' } ], code: 'EADDRNOTAVAIL' }[39m
[31m[2m⎯⎯⎯⎯⎯⎯⎯⎯⎯⎯⎯⎯⎯⎯⎯⎯⎯⎯⎯⎯⎯⎯[49/53]⎯[22m[39m


[2m Test Files [22m [1m[31m38 failed[39m[22m[2m | [22m[1m[32m10 passed[39m[22m[2m | [22m[33m1 skipped[39m[90m (49)[39m
[2m      Tests [22m [1m[31m21 failed[39m[22m[2m | [22m[1m[32m45 passed[39m[22m[2m | [22m[33m3 skipped[39m[90m (69)[39m
[2m   Start at [22m 19:21:12
[2m   Duration [22m 28.23s[2m (transform 5.57s, setup 4.85s, import 6.86s, tests 77.56s, environment 32.99s)[22m

{"level":30,"time":1767363700475,"service":"run-apparel-api","msg":"[RateLimiter] Shutting down rate limiters..."}
{"level":30,"time":1767363700475,"service":"run-apparel-api","msg":"[DB Keep-Alive] ⏹️ Stopped"}
{"level":30,"time":1767363700475,"service":"run-apparel-api","msg":"[SIGTERM] Shutting down..."}
{"level":30,"time":1767363700475,"service":"run-apparel-api","msg":"[SIGTERM] Server closed"}
