lib/db/repositories/media-repository.ts(262,9): error TS2554: Expected 0-1 arguments, but got 2.
lib/db/repositories/media-repository.ts(315,36): error TS2345: Argument of type 'number' is not assignable to parameter of type 'string'.
lib/db/repositories/page-content-repository.ts(1059,17): error TS2322: Type '{ id: number; description: string | null; isActive: boolean | null; createdAt: Date | null; updatedAt: Date | null; title: string; imageId: number | null; subtitle: string | null; videoId: number | null; } | null' is not assignable to type '{ id: number; description: string | null; isActive: boolean | null; createdAt: Date | null; updatedAt: Date | null; title: string; imageId: number | null; subtitle: string | null; videoId: number | null; } | undefined'.
  Type 'null' is not assignable to type '{ id: number; description: string | null; isActive: boolean | null; createdAt: Date | null; updatedAt: Date | null; title: string; imageId: number | null; subtitle: string | null; videoId: number | null; } | undefined'.
lib/db/repositories/page-content-repository.ts(1078,7): error TS2554: Expected 2 arguments, but got 1.
lib/db/repositories/page-content-repository.ts(1079,7): error TS2322: Type '{ id: number; title: string; subtitle: string | null; description: string | null; imageId: number | null; videoId: number | null; isActive: boolean | null; createdAt: Date | null; updatedAt: Date | null; } | undefined' is not assignable to type '{ id: number; description: string | null; isActive: boolean | null; createdAt: Date | null; updatedAt: Date | null; title: string; imageId: number | null; subtitle: string | null; videoId: number | null; }'.
  Type 'undefined' is not assignable to type '{ id: number; description: string | null; isActive: boolean | null; createdAt: Date | null; updatedAt: Date | null; title: string; imageId: number | null; subtitle: string | null; videoId: number | null; }'.
lib/db/repositories/page-content-repository.ts(1081,68): error TS2769: No overload matches this call.
  Overload 1 of 2, '(value: { title: string | SQL<unknown> | Placeholder<string, any>; id?: number | SQL<unknown> | Placeholder<string, any> | undefined; description?: string | SQL<...> | Placeholder<...> | null | undefined; ... 5 more ...; videoId?: number | ... 3 more ... | undefined; }): PgInsertBase<...>', gave the following error.
    Argument of type 'Partial<{ title: string; id?: number | undefined; description?: string | null | undefined; isActive?: boolean | null | undefined; createdAt?: Date | null | undefined; updatedAt?: Date | null | undefined; imageId?: number | ... 1 more ... | undefined; subtitle?: string | ... 1 more ... | undefined; videoId?: number |...' is not assignable to parameter of type '{ title: string | SQL<unknown> | Placeholder<string, any>; id?: number | SQL<unknown> | Placeholder<string, any> | undefined; description?: string | SQL<unknown> | Placeholder<...> | null | undefined; ... 5 more ...; videoId?: number | ... 3 more ... | undefined; }'.
      Property 'title' is optional in type 'Partial<{ title: string; id?: number | undefined; description?: string | null | undefined; isActive?: boolean | null | undefined; createdAt?: Date | null | undefined; updatedAt?: Date | null | undefined; imageId?: number | ... 1 more ... | undefined; subtitle?: string | ... 1 more ... | undefined; videoId?: number |...' but required in type '{ title: string | SQL<unknown> | Placeholder<string, any>; id?: number | SQL<unknown> | Placeholder<string, any> | undefined; description?: string | SQL<unknown> | Placeholder<...> | null | undefined; ... 5 more ...; videoId?: number | ... 3 more ... | undefined; }'.
  Overload 2 of 2, '(values: { title: string | SQL<unknown> | Placeholder<string, any>; id?: number | SQL<unknown> | Placeholder<string, any> | undefined; description?: string | SQL<...> | Placeholder<...> | null | undefined; ... 5 more ...; videoId?: number | ... 3 more ... | undefined; }[]): PgInsertBase<...>', gave the following error.
    Argument of type 'Partial<{ title: string; id?: number | undefined; description?: string | null | undefined; isActive?: boolean | null | undefined; createdAt?: Date | null | undefined; updatedAt?: Date | null | undefined; imageId?: number | ... 1 more ... | undefined; subtitle?: string | ... 1 more ... | undefined; videoId?: number |...' is not assignable to parameter of type '{ title: string | SQL<unknown> | Placeholder<string, any>; id?: number | SQL<unknown> | Placeholder<string, any> | undefined; description?: string | SQL<unknown> | Placeholder<...> | null | undefined; ... 5 more ...; videoId?: number | ... 3 more ... | undefined; }[]'.
      Type 'Partial<{ title: string; id?: number | undefined; description?: string | null | undefined; isActive?: boolean | null | undefined; createdAt?: Date | null | undefined; updatedAt?: Date | null | undefined; imageId?: number | ... 1 more ... | undefined; subtitle?: string | ... 1 more ... | undefined; videoId?: number |...' is missing the following properties from type '{ title: string | SQL<unknown> | Placeholder<string, any>; id?: number | SQL<unknown> | Placeholder<string, any> | undefined; description?: string | SQL<unknown> | Placeholder<...> | null | undefined; ... 5 more ...; videoId?: number | ... 3 more ... | undefined; }[]': length, pop, push, concat, and 29 more.
lib/db/repositories/page-content-repository.ts(1083,7): error TS2554: Expected 2 arguments, but got 1.
lib/db/repositories/page-content-repository.ts(1084,7): error TS2322: Type '{ id: number; description: string | null; isActive: boolean | null; createdAt: Date | null; updatedAt: Date | null; title: string; imageId: number | null; subtitle: string | null; videoId: number | null; } | undefined' is not assignable to type '{ id: number; description: string | null; isActive: boolean | null; createdAt: Date | null; updatedAt: Date | null; title: string; imageId: number | null; subtitle: string | null; videoId: number | null; }'.
  Type 'undefined' is not assignable to type '{ id: number; description: string | null; isActive: boolean | null; createdAt: Date | null; updatedAt: Date | null; title: string; imageId: number | null; subtitle: string | null; videoId: number | null; }'.
lib/db/repositories/page-content-repository.ts(1102,14): error TS2769: No overload matches this call.
  Overload 1 of 3, '(left: PgColumn<{ name: "id"; tableName: "sustainability_goals"; dataType: "number"; columnType: "PgSerial"; data: number; driverParam: number; notNull: true; hasDefault: true; isPrimaryKey: true; isAutoincrement: false; ... 4 more ...; generated: undefined; }, {}, {}>, right: number | SQLWrapper): SQL<...>', gave the following error.
    Argument of type 'string' is not assignable to parameter of type 'number | SQLWrapper'.
  Overload 2 of 3, '(left: Aliased<string>, right: string | SQLWrapper): SQL<unknown>', gave the following error.
    Argument of type 'PgColumn<{ name: "id"; tableName: "sustainability_goals"; dataType: "number"; columnType: "PgSerial"; data: number; driverParam: number; notNull: true; hasDefault: true; isPrimaryKey: true; isAutoincrement: false; ... 4 more ...; generated: undefined; }, {}, {}>' is not assignable to parameter of type 'Aliased<string>'.
      Type 'PgColumn<{ name: "id"; tableName: "sustainability_goals"; dataType: "number"; columnType: "PgSerial"; data: number; driverParam: number; notNull: true; hasDefault: true; isPrimaryKey: true; isAutoincrement: false; ... 4 more ...; generated: undefined; }, {}, {}>' is missing the following properties from type 'Aliased<string>': sql, fieldAlias
  Overload 3 of 3, '(left: never, right: unknown): SQL<unknown>', gave the following error.
    Argument of type 'PgColumn<{ name: "id"; tableName: "sustainability_goals"; dataType: "number"; columnType: "PgSerial"; data: number; driverParam: number; notNull: true; hasDefault: true; isPrimaryKey: true; isAutoincrement: false; ... 4 more ...; generated: undefined; }, {}, {}>' is not assignable to parameter of type 'never'.
lib/db/repositories/page-content-repository.ts(1111,22): error TS2365: Operator '+' cannot be applied to types '{}' and 'number'.
lib/db/repositories/page-content-repository.ts(1119,5): error TS2554: Expected 2 arguments, but got 1.
lib/db/repositories/page-content-repository.ts(1120,5): error TS2322: Type '{ id: number; description: string | null; isActive: boolean | null; createdAt: Date | null; updatedAt: Date | null; title: string; category: string | null; unit: string | null; ... 7 more ...; priority: string | null; } | undefined' is not assignable to type '{ id: number; description: string | null; isActive: boolean | null; createdAt: Date | null; updatedAt: Date | null; title: string; category: string | null; unit: string | null; ... 7 more ...; priority: string | null; }'.
  Type 'undefined' is not assignable to type '{ id: number; description: string | null; isActive: boolean | null; createdAt: Date | null; updatedAt: Date | null; title: string; category: string | null; unit: string | null; ... 7 more ...; priority: string | null; }'.
lib/db/repositories/page-content-repository.ts(1127,14): error TS2769: No overload matches this call.
  Overload 1 of 3, '(left: PgColumn<{ name: "id"; tableName: "sustainability_goals"; dataType: "number"; columnType: "PgSerial"; data: number; driverParam: number; notNull: true; hasDefault: true; isPrimaryKey: true; isAutoincrement: false; ... 4 more ...; generated: undefined; }, {}, {}>, right: number | SQLWrapper): SQL<...>', gave the following error.
    Argument of type 'string' is not assignable to parameter of type 'number | SQLWrapper'.
  Overload 2 of 3, '(left: Aliased<string>, right: string | SQLWrapper): SQL<unknown>', gave the following error.
    Argument of type 'PgColumn<{ name: "id"; tableName: "sustainability_goals"; dataType: "number"; columnType: "PgSerial"; data: number; driverParam: number; notNull: true; hasDefault: true; isPrimaryKey: true; isAutoincrement: false; ... 4 more ...; generated: undefined; }, {}, {}>' is not assignable to parameter of type 'Aliased<string>'.
      Type 'PgColumn<{ name: "id"; tableName: "sustainability_goals"; dataType: "number"; columnType: "PgSerial"; data: number; driverParam: number; notNull: true; hasDefault: true; isPrimaryKey: true; isAutoincrement: false; ... 4 more ...; generated: undefined; }, {}, {}>' is missing the following properties from type 'Aliased<string>': sql, fieldAlias
  Overload 3 of 3, '(left: never, right: unknown): SQL<unknown>', gave the following error.
    Argument of type 'PgColumn<{ name: "id"; tableName: "sustainability_goals"; dataType: "number"; columnType: "PgSerial"; data: number; driverParam: number; notNull: true; hasDefault: true; isPrimaryKey: true; isAutoincrement: false; ... 4 more ...; generated: undefined; }, {}, {}>' is not assignable to parameter of type 'never'.
lib/db/repositories/page-content-repository.ts(1131,5): error TS2554: Expected 2 arguments, but got 1.
lib/db/repositories/page-content-repository.ts(1132,5): error TS2322: Type '{ id: number; title: string; description: string | null; target: string | null; currentProgress: string | null; currentValue: string | null; targetValue: string | null; targetYear: number | null; ... 7 more ...; updatedAt: Date | null; } | undefined' is not assignable to type '{ id: number; description: string | null; isActive: boolean | null; createdAt: Date | null; updatedAt: Date | null; title: string; category: string | null; unit: string | null; ... 7 more ...; priority: string | null; }'.
  Type 'undefined' is not assignable to type '{ id: number; description: string | null; isActive: boolean | null; createdAt: Date | null; updatedAt: Date | null; title: string; category: string | null; unit: string | null; ... 7 more ...; priority: string | null; }'.
lib/db/repositories/page-content-repository.ts(1136,48): error TS2769: No overload matches this call.
  Overload 1 of 3, '(left: PgColumn<{ name: "id"; tableName: "sustainability_goals"; dataType: "number"; columnType: "PgSerial"; data: number; driverParam: number; notNull: true; hasDefault: true; isPrimaryKey: true; isAutoincrement: false; ... 4 more ...; generated: undefined; }, {}, {}>, right: number | SQLWrapper): SQL<...>', gave the following error.
    Argument of type 'string' is not assignable to parameter of type 'number | SQLWrapper'.
  Overload 2 of 3, '(left: Aliased<string>, right: string | SQLWrapper): SQL<unknown>', gave the following error.
    Argument of type 'PgColumn<{ name: "id"; tableName: "sustainability_goals"; dataType: "number"; columnType: "PgSerial"; data: number; driverParam: number; notNull: true; hasDefault: true; isPrimaryKey: true; isAutoincrement: false; ... 4 more ...; generated: undefined; }, {}, {}>' is not assignable to parameter of type 'Aliased<string>'.
      Type 'PgColumn<{ name: "id"; tableName: "sustainability_goals"; dataType: "number"; columnType: "PgSerial"; data: number; driverParam: number; notNull: true; hasDefault: true; isPrimaryKey: true; isAutoincrement: false; ... 4 more ...; generated: undefined; }, {}, {}>' is missing the following properties from type 'Aliased<string>': sql, fieldAlias
  Overload 3 of 3, '(left: never, right: unknown): SQL<unknown>', gave the following error.
    Argument of type 'PgColumn<{ name: "id"; tableName: "sustainability_goals"; dataType: "number"; columnType: "PgSerial"; data: number; driverParam: number; notNull: true; hasDefault: true; isPrimaryKey: true; isAutoincrement: false; ... 4 more ...; generated: undefined; }, {}, {}>' is not assignable to parameter of type 'never'.
lib/db/repositories/page-content-repository.ts(1138,5): error TS2554: Expected 2 arguments, but got 1.
lib/db/repositories/page-content-repository.ts(1148,18): error TS2769: No overload matches this call.
  Overload 1 of 3, '(left: PgColumn<{ name: "id"; tableName: "sustainability_goals"; dataType: "number"; columnType: "PgSerial"; data: number; driverParam: number; notNull: true; hasDefault: true; isPrimaryKey: true; isAutoincrement: false; ... 4 more ...; generated: undefined; }, {}, {}>, right: number | SQLWrapper): SQL<...>', gave the following error.
    Argument of type 'string | undefined' is not assignable to parameter of type 'number | SQLWrapper'.
      Type 'undefined' is not assignable to type 'number | SQLWrapper'.
  Overload 2 of 3, '(left: Aliased<string | undefined>, right: string | SQLWrapper | undefined): SQL<unknown>', gave the following error.
    Argument of type 'PgColumn<{ name: "id"; tableName: "sustainability_goals"; dataType: "number"; columnType: "PgSerial"; data: number; driverParam: number; notNull: true; hasDefault: true; isPrimaryKey: true; isAutoincrement: false; ... 4 more ...; generated: undefined; }, {}, {}>' is not assignable to parameter of type 'Aliased<string | undefined>'.
      Type 'PgColumn<{ name: "id"; tableName: "sustainability_goals"; dataType: "number"; columnType: "PgSerial"; data: number; driverParam: number; notNull: true; hasDefault: true; isPrimaryKey: true; isAutoincrement: false; ... 4 more ...; generated: undefined; }, {}, {}>' is missing the following properties from type 'Aliased<string | undefined>': sql, fieldAlias
  Overload 3 of 3, '(left: never, right: unknown): SQL<unknown>', gave the following error.
    Argument of type 'PgColumn<{ name: "id"; tableName: "sustainability_goals"; dataType: "number"; columnType: "PgSerial"; data: number; driverParam: number; notNull: true; hasDefault: true; isPrimaryKey: true; isAutoincrement: false; ... 4 more ...; generated: undefined; }, {}, {}>' is not assignable to parameter of type 'never'.
lib/db/repositories/page-content-repository.ts(1152,5): error TS2554: Expected 2 arguments, but got 1.
lib/db/repositories/page-content-repository.ts(1158,17): error TS2322: Type '{ id: number; name: string; description: string | null; isActive: boolean | null; createdAt: Date | null; updatedAt: Date | null; category: string | null; unit: string | null; sortOrder: number | null; value: string; iconName: string | null; }[] | null' is not assignable to type '{ id: number; name: string; description: string | null; isActive: boolean | null; createdAt: Date | null; updatedAt: Date | null; category: string | null; unit: string | null; sortOrder: number | null; value: string; iconName: string | null; }[]'.
  Type 'null' is not assignable to type '{ id: number; name: string; description: string | null; isActive: boolean | null; createdAt: Date | null; updatedAt: Date | null; category: string | null; unit: string | null; sortOrder: number | null; value: string; iconName: string | null; }[]'.
lib/db/repositories/page-content-repository.ts(1174,14): error TS2769: No overload matches this call.
  Overload 1 of 3, '(left: PgColumn<{ name: "id"; tableName: "sustainability_metrics"; dataType: "number"; columnType: "PgSerial"; data: number; driverParam: number; notNull: true; hasDefault: true; isPrimaryKey: true; isAutoincrement: false; ... 4 more ...; generated: undefined; }, {}, {}>, right: number | SQLWrapper): SQL<...>', gave the following error.
    Argument of type 'string' is not assignable to parameter of type 'number | SQLWrapper'.
  Overload 2 of 3, '(left: Aliased<string>, right: string | SQLWrapper): SQL<unknown>', gave the following error.
    Argument of type 'PgColumn<{ name: "id"; tableName: "sustainability_metrics"; dataType: "number"; columnType: "PgSerial"; data: number; driverParam: number; notNull: true; hasDefault: true; isPrimaryKey: true; isAutoincrement: false; ... 4 more ...; generated: undefined; }, {}, {}>' is not assignable to parameter of type 'Aliased<string>'.
      Type 'PgColumn<{ name: "id"; tableName: "sustainability_metrics"; dataType: "number"; columnType: "PgSerial"; data: number; driverParam: number; notNull: true; hasDefault: true; isPrimaryKey: true; isAutoincrement: false; ... 4 more ...; generated: undefined; }, {}, {}>' is missing the following properties from type 'Aliased<string>': sql, fieldAlias
  Overload 3 of 3, '(left: never, right: unknown): SQL<unknown>', gave the following error.
    Argument of type 'PgColumn<{ name: "id"; tableName: "sustainability_metrics"; dataType: "number"; columnType: "PgSerial"; data: number; driverParam: number; notNull: true; hasDefault: true; isPrimaryKey: true; isAutoincrement: false; ... 4 more ...; generated: undefined; }, {}, {}>' is not assignable to parameter of type 'never'.
lib/db/repositories/page-content-repository.ts(1183,22): error TS2365: Operator '+' cannot be applied to types '{}' and 'number'.
lib/db/repositories/page-content-repository.ts(1191,5): error TS2554: Expected 2 arguments, but got 1.
lib/db/repositories/page-content-repository.ts(1192,5): error TS2322: Type '{ id: number; name: string; description: string | null; isActive: boolean | null; createdAt: Date | null; updatedAt: Date | null; category: string | null; unit: string | null; sortOrder: number | null; value: string; iconName: string | null; } | undefined' is not assignable to type '{ id: number; name: string; description: string | null; isActive: boolean | null; createdAt: Date | null; updatedAt: Date | null; category: string | null; unit: string | null; sortOrder: number | null; value: string; iconName: string | null; }'.
  Type 'undefined' is not assignable to type '{ id: number; name: string; description: string | null; isActive: boolean | null; createdAt: Date | null; updatedAt: Date | null; category: string | null; unit: string | null; sortOrder: number | null; value: string; iconName: string | null; }'.
lib/db/repositories/page-content-repository.ts(1199,14): error TS2769: No overload matches this call.
  Overload 1 of 3, '(left: PgColumn<{ name: "id"; tableName: "sustainability_metrics"; dataType: "number"; columnType: "PgSerial"; data: number; driverParam: number; notNull: true; hasDefault: true; isPrimaryKey: true; isAutoincrement: false; ... 4 more ...; generated: undefined; }, {}, {}>, right: number | SQLWrapper): SQL<...>', gave the following error.
    Argument of type 'string' is not assignable to parameter of type 'number | SQLWrapper'.
  Overload 2 of 3, '(left: Aliased<string>, right: string | SQLWrapper): SQL<unknown>', gave the following error.
    Argument of type 'PgColumn<{ name: "id"; tableName: "sustainability_metrics"; dataType: "number"; columnType: "PgSerial"; data: number; driverParam: number; notNull: true; hasDefault: true; isPrimaryKey: true; isAutoincrement: false; ... 4 more ...; generated: undefined; }, {}, {}>' is not assignable to parameter of type 'Aliased<string>'.
      Type 'PgColumn<{ name: "id"; tableName: "sustainability_metrics"; dataType: "number"; columnType: "PgSerial"; data: number; driverParam: number; notNull: true; hasDefault: true; isPrimaryKey: true; isAutoincrement: false; ... 4 more ...; generated: undefined; }, {}, {}>' is missing the following properties from type 'Aliased<string>': sql, fieldAlias
  Overload 3 of 3, '(left: never, right: unknown): SQL<unknown>', gave the following error.
    Argument of type 'PgColumn<{ name: "id"; tableName: "sustainability_metrics"; dataType: "number"; columnType: "PgSerial"; data: number; driverParam: number; notNull: true; hasDefault: true; isPrimaryKey: true; isAutoincrement: false; ... 4 more ...; generated: undefined; }, {}, {}>' is not assignable to parameter of type 'never'.
lib/db/repositories/page-content-repository.ts(1203,5): error TS2554: Expected 2 arguments, but got 1.
lib/db/repositories/page-content-repository.ts(1204,5): error TS2322: Type '{ id: number; name: string; value: string; unit: string | null; description: string | null; category: string | null; iconName: string | null; isActive: boolean | null; sortOrder: number | null; createdAt: Date | null; updatedAt: Date | null; } | undefined' is not assignable to type '{ id: number; name: string; description: string | null; isActive: boolean | null; createdAt: Date | null; updatedAt: Date | null; category: string | null; unit: string | null; sortOrder: number | null; value: string; iconName: string | null; }'.
  Type 'undefined' is not assignable to type '{ id: number; name: string; description: string | null; isActive: boolean | null; createdAt: Date | null; updatedAt: Date | null; category: string | null; unit: string | null; sortOrder: number | null; value: string; iconName: string | null; }'.
lib/db/repositories/page-content-repository.ts(1208,50): error TS2769: No overload matches this call.
  Overload 1 of 3, '(left: PgColumn<{ name: "id"; tableName: "sustainability_metrics"; dataType: "number"; columnType: "PgSerial"; data: number; driverParam: number; notNull: true; hasDefault: true; isPrimaryKey: true; isAutoincrement: false; ... 4 more ...; generated: undefined; }, {}, {}>, right: number | SQLWrapper): SQL<...>', gave the following error.
    Argument of type 'string' is not assignable to parameter of type 'number | SQLWrapper'.
  Overload 2 of 3, '(left: Aliased<string>, right: string | SQLWrapper): SQL<unknown>', gave the following error.
    Argument of type 'PgColumn<{ name: "id"; tableName: "sustainability_metrics"; dataType: "number"; columnType: "PgSerial"; data: number; driverParam: number; notNull: true; hasDefault: true; isPrimaryKey: true; isAutoincrement: false; ... 4 more ...; generated: undefined; }, {}, {}>' is not assignable to parameter of type 'Aliased<string>'.
      Type 'PgColumn<{ name: "id"; tableName: "sustainability_metrics"; dataType: "number"; columnType: "PgSerial"; data: number; driverParam: number; notNull: true; hasDefault: true; isPrimaryKey: true; isAutoincrement: false; ... 4 more ...; generated: undefined; }, {}, {}>' is missing the following properties from type 'Aliased<string>': sql, fieldAlias
  Overload 3 of 3, '(left: never, right: unknown): SQL<unknown>', gave the following error.
    Argument of type 'PgColumn<{ name: "id"; tableName: "sustainability_metrics"; dataType: "number"; columnType: "PgSerial"; data: number; driverParam: number; notNull: true; hasDefault: true; isPrimaryKey: true; isAutoincrement: false; ... 4 more ...; generated: undefined; }, {}, {}>' is not assignable to parameter of type 'never'.
lib/db/repositories/page-content-repository.ts(1210,5): error TS2554: Expected 2 arguments, but got 1.
lib/db/repositories/page-content-repository.ts(1220,18): error TS2769: No overload matches this call.
  Overload 1 of 3, '(left: PgColumn<{ name: "id"; tableName: "sustainability_metrics"; dataType: "number"; columnType: "PgSerial"; data: number; driverParam: number; notNull: true; hasDefault: true; isPrimaryKey: true; isAutoincrement: false; ... 4 more ...; generated: undefined; }, {}, {}>, right: number | SQLWrapper): SQL<...>', gave the following error.
    Argument of type 'string | undefined' is not assignable to parameter of type 'number | SQLWrapper'.
      Type 'undefined' is not assignable to type 'number | SQLWrapper'.
  Overload 2 of 3, '(left: Aliased<string | undefined>, right: string | SQLWrapper | undefined): SQL<unknown>', gave the following error.
    Argument of type 'PgColumn<{ name: "id"; tableName: "sustainability_metrics"; dataType: "number"; columnType: "PgSerial"; data: number; driverParam: number; notNull: true; hasDefault: true; isPrimaryKey: true; isAutoincrement: false; ... 4 more ...; generated: undefined; }, {}, {}>' is not assignable to parameter of type 'Aliased<string | undefined>'.
      Type 'PgColumn<{ name: "id"; tableName: "sustainability_metrics"; dataType: "number"; columnType: "PgSerial"; data: number; driverParam: number; notNull: true; hasDefault: true; isPrimaryKey: true; isAutoincrement: false; ... 4 more ...; generated: undefined; }, {}, {}>' is missing the following properties from type 'Aliased<string | undefined>': sql, fieldAlias
  Overload 3 of 3, '(left: never, right: unknown): SQL<unknown>', gave the following error.
    Argument of type 'PgColumn<{ name: "id"; tableName: "sustainability_metrics"; dataType: "number"; columnType: "PgSerial"; data: number; driverParam: number; notNull: true; hasDefault: true; isPrimaryKey: true; isAutoincrement: false; ... 4 more ...; generated: undefined; }, {}, {}>' is not assignable to parameter of type 'never'.
lib/db/repositories/page-content-repository.ts(1224,5): error TS2554: Expected 2 arguments, but got 1.
lib/db/repositories/page-content-repository.ts(1241,14): error TS2769: No overload matches this call.
  Overload 1 of 3, '(left: PgColumn<{ name: "id"; tableName: "sustainability_initiatives"; dataType: "number"; columnType: "PgSerial"; data: number; driverParam: number; notNull: true; hasDefault: true; isPrimaryKey: true; ... 5 more ...; generated: undefined; }, {}, {}>, right: number | SQLWrapper): SQL<...>', gave the following error.
    Argument of type 'string' is not assignable to parameter of type 'number | SQLWrapper'.
  Overload 2 of 3, '(left: Aliased<string>, right: string | SQLWrapper): SQL<unknown>', gave the following error.
    Argument of type 'PgColumn<{ name: "id"; tableName: "sustainability_initiatives"; dataType: "number"; columnType: "PgSerial"; data: number; driverParam: number; notNull: true; hasDefault: true; isPrimaryKey: true; isAutoincrement: false; ... 4 more ...; generated: undefined; }, {}, {}>' is not assignable to parameter of type 'Aliased<string>'.
      Type 'PgColumn<{ name: "id"; tableName: "sustainability_initiatives"; dataType: "number"; columnType: "PgSerial"; data: number; driverParam: number; notNull: true; hasDefault: true; isPrimaryKey: true; isAutoincrement: false; ... 4 more ...; generated: undefined; }, {}, {}>' is missing the following properties from type 'Aliased<string>': sql, fieldAlias
  Overload 3 of 3, '(left: never, right: unknown): SQL<unknown>', gave the following error.
    Argument of type 'PgColumn<{ name: "id"; tableName: "sustainability_initiatives"; dataType: "number"; columnType: "PgSerial"; data: number; driverParam: number; notNull: true; hasDefault: true; isPrimaryKey: true; isAutoincrement: false; ... 4 more ...; generated: undefined; }, {}, {}>' is not assignable to parameter of type 'never'.
lib/db/repositories/page-content-repository.ts(1250,22): error TS2365: Operator '+' cannot be applied to types '{}' and 'number'.
lib/db/repositories/page-content-repository.ts(1258,5): error TS2554: Expected 2 arguments, but got 1.
lib/db/repositories/page-content-repository.ts(1259,5): error TS2322: Type '{ id: number; description: string | null; isActive: boolean | null; createdAt: Date | null; updatedAt: Date | null; title: string; status: string | null; imageId: number | null; ... 6 more ...; targetDate: Date | null; } | undefined' is not assignable to type '{ id: number; description: string | null; isActive: boolean | null; createdAt: Date | null; updatedAt: Date | null; title: string; status: string | null; imageId: number | null; ... 6 more ...; targetDate: Date | null; }'.
  Type 'undefined' is not assignable to type '{ id: number; description: string | null; isActive: boolean | null; createdAt: Date | null; updatedAt: Date | null; title: string; status: string | null; imageId: number | null; ... 6 more ...; targetDate: Date | null; }'.
lib/db/repositories/page-content-repository.ts(1266,14): error TS2769: No overload matches this call.
  Overload 1 of 3, '(left: PgColumn<{ name: "id"; tableName: "sustainability_initiatives"; dataType: "number"; columnType: "PgSerial"; data: number; driverParam: number; notNull: true; hasDefault: true; isPrimaryKey: true; ... 5 more ...; generated: undefined; }, {}, {}>, right: number | SQLWrapper): SQL<...>', gave the following error.
    Argument of type 'string' is not assignable to parameter of type 'number | SQLWrapper'.
  Overload 2 of 3, '(left: Aliased<string>, right: string | SQLWrapper): SQL<unknown>', gave the following error.
    Argument of type 'PgColumn<{ name: "id"; tableName: "sustainability_initiatives"; dataType: "number"; columnType: "PgSerial"; data: number; driverParam: number; notNull: true; hasDefault: true; isPrimaryKey: true; isAutoincrement: false; ... 4 more ...; generated: undefined; }, {}, {}>' is not assignable to parameter of type 'Aliased<string>'.
      Type 'PgColumn<{ name: "id"; tableName: "sustainability_initiatives"; dataType: "number"; columnType: "PgSerial"; data: number; driverParam: number; notNull: true; hasDefault: true; isPrimaryKey: true; isAutoincrement: false; ... 4 more ...; generated: undefined; }, {}, {}>' is missing the following properties from type 'Aliased<string>': sql, fieldAlias
  Overload 3 of 3, '(left: never, right: unknown): SQL<unknown>', gave the following error.
    Argument of type 'PgColumn<{ name: "id"; tableName: "sustainability_initiatives"; dataType: "number"; columnType: "PgSerial"; data: number; driverParam: number; notNull: true; hasDefault: true; isPrimaryKey: true; isAutoincrement: false; ... 4 more ...; generated: undefined; }, {}, {}>' is not assignable to parameter of type 'never'.
lib/db/repositories/page-content-repository.ts(1270,5): error TS2554: Expected 2 arguments, but got 1.
lib/db/repositories/page-content-repository.ts(1271,5): error TS2322: Type '{ id: number; title: string; description: string | null; impact: string | null; imageId: number | null; iconName: string | null; category: string | null; highlightedFeatures: string[] | null; ... 6 more ...; updatedAt: Date | null; } | undefined' is not assignable to type '{ id: number; description: string | null; isActive: boolean | null; createdAt: Date | null; updatedAt: Date | null; title: string; status: string | null; imageId: number | null; ... 6 more ...; targetDate: Date | null; }'.
  Type 'undefined' is not assignable to type '{ id: number; description: string | null; isActive: boolean | null; createdAt: Date | null; updatedAt: Date | null; title: string; status: string | null; imageId: number | null; ... 6 more ...; targetDate: Date | null; }'.
lib/db/repositories/page-content-repository.ts(1275,54): error TS2769: No overload matches this call.
  Overload 1 of 3, '(left: PgColumn<{ name: "id"; tableName: "sustainability_initiatives"; dataType: "number"; columnType: "PgSerial"; data: number; driverParam: number; notNull: true; hasDefault: true; isPrimaryKey: true; ... 5 more ...; generated: undefined; }, {}, {}>, right: number | SQLWrapper): SQL<...>', gave the following error.
    Argument of type 'string' is not assignable to parameter of type 'number | SQLWrapper'.
  Overload 2 of 3, '(left: Aliased<string>, right: string | SQLWrapper): SQL<unknown>', gave the following error.
    Argument of type 'PgColumn<{ name: "id"; tableName: "sustainability_initiatives"; dataType: "number"; columnType: "PgSerial"; data: number; driverParam: number; notNull: true; hasDefault: true; isPrimaryKey: true; isAutoincrement: false; ... 4 more ...; generated: undefined; }, {}, {}>' is not assignable to parameter of type 'Aliased<string>'.
      Type 'PgColumn<{ name: "id"; tableName: "sustainability_initiatives"; dataType: "number"; columnType: "PgSerial"; data: number; driverParam: number; notNull: true; hasDefault: true; isPrimaryKey: true; isAutoincrement: false; ... 4 more ...; generated: undefined; }, {}, {}>' is missing the following properties from type 'Aliased<string>': sql, fieldAlias
  Overload 3 of 3, '(left: never, right: unknown): SQL<unknown>', gave the following error.
    Argument of type 'PgColumn<{ name: "id"; tableName: "sustainability_initiatives"; dataType: "number"; columnType: "PgSerial"; data: number; driverParam: number; notNull: true; hasDefault: true; isPrimaryKey: true; isAutoincrement: false; ... 4 more ...; generated: undefined; }, {}, {}>' is not assignable to parameter of type 'never'.
lib/db/repositories/page-content-repository.ts(1277,5): error TS2554: Expected 2 arguments, but got 1.
lib/db/repositories/page-content-repository.ts(1287,18): error TS2769: No overload matches this call.
  Overload 1 of 3, '(left: PgColumn<{ name: "id"; tableName: "sustainability_initiatives"; dataType: "number"; columnType: "PgSerial"; data: number; driverParam: number; notNull: true; hasDefault: true; isPrimaryKey: true; ... 5 more ...; generated: undefined; }, {}, {}>, right: number | SQLWrapper): SQL<...>', gave the following error.
    Argument of type 'string | undefined' is not assignable to parameter of type 'number | SQLWrapper'.
      Type 'undefined' is not assignable to type 'number | SQLWrapper'.
  Overload 2 of 3, '(left: Aliased<string | undefined>, right: string | SQLWrapper | undefined): SQL<unknown>', gave the following error.
    Argument of type 'PgColumn<{ name: "id"; tableName: "sustainability_initiatives"; dataType: "number"; columnType: "PgSerial"; data: number; driverParam: number; notNull: true; hasDefault: true; isPrimaryKey: true; isAutoincrement: false; ... 4 more ...; generated: undefined; }, {}, {}>' is not assignable to parameter of type 'Aliased<string | undefined>'.
      Type 'PgColumn<{ name: "id"; tableName: "sustainability_initiatives"; dataType: "number"; columnType: "PgSerial"; data: number; driverParam: number; notNull: true; hasDefault: true; isPrimaryKey: true; isAutoincrement: false; ... 4 more ...; generated: undefined; }, {}, {}>' is missing the following properties from type 'Aliased<string | undefined>': sql, fieldAlias
  Overload 3 of 3, '(left: never, right: unknown): SQL<unknown>', gave the following error.
    Argument of type 'PgColumn<{ name: "id"; tableName: "sustainability_initiatives"; dataType: "number"; columnType: "PgSerial"; data: number; driverParam: number; notNull: true; hasDefault: true; isPrimaryKey: true; isAutoincrement: false; ... 4 more ...; generated: undefined; }, {}, {}>' is not assignable to parameter of type 'never'.
lib/db/repositories/page-content-repository.ts(1291,5): error TS2554: Expected 2 arguments, but got 1.
lib/db/repositories/page-content-repository.ts(1297,17): error TS2322: Type '{ id: number; isActive: boolean | null; createdAt: Date | null; updatedAt: Date | null; title: string; content: string | null; sortOrder: number | null; headline: string | null; ... 25 more ...; buttonLink: string | null; } | null' is not assignable to type '{ id: number; isActive: boolean | null; createdAt: Date | null; updatedAt: Date | null; title: string; content: string | null; sortOrder: number | null; headline: string | null; ... 25 more ...; buttonLink: string | null; } | undefined'.
  Type 'null' is not assignable to type '{ id: number; isActive: boolean | null; createdAt: Date | null; updatedAt: Date | null; title: string; content: string | null; sortOrder: number | null; headline: string | null; ... 25 more ...; buttonLink: string | null; } | undefined'.
lib/db/repositories/page-content-repository.ts(1316,7): error TS2554: Expected 2 arguments, but got 1.
lib/db/repositories/page-content-repository.ts(1317,7): error TS2322: Type '{ id: number; title: string; headline: string | null; subheadline: string | null; content: string | null; sectionType: string; data: Record<string, any> | null; ctaText: string | null; ... 25 more ...; updatedAt: Date | null; } | undefined' is not assignable to type '{ id: number; isActive: boolean | null; createdAt: Date | null; updatedAt: Date | null; title: string; content: string | null; sortOrder: number | null; headline: string | null; ... 25 more ...; buttonLink: string | null; }'.
  Type 'undefined' is not assignable to type '{ id: number; isActive: boolean | null; createdAt: Date | null; updatedAt: Date | null; title: string; content: string | null; sortOrder: number | null; headline: string | null; ... 25 more ...; buttonLink: string | null; }'.
lib/db/repositories/page-content-repository.ts(1319,71): error TS2769: No overload matches this call.
  Overload 1 of 2, '(value: { title: string | SQL<unknown> | Placeholder<string, any>; sectionType: string | SQL<unknown> | Placeholder<string, any>; id?: number | SQL<unknown> | Placeholder<...> | undefined; ... 30 more ...; buttonLink?: string | ... 3 more ... | undefined; }): PgInsertBase<...>', gave the following error.
    Argument of type 'Partial<{ title: string; sectionType: string; id?: number | undefined; isActive?: boolean | null | undefined; createdAt?: Date | null | undefined; updatedAt?: Date | null | undefined; ... 27 more ...; buttonLink?: string | ... 1 more ... | undefined; }>' is not assignable to parameter of type '{ title: string | SQL<unknown> | Placeholder<string, any>; sectionType: string | SQL<unknown> | Placeholder<string, any>; id?: number | SQL<unknown> | Placeholder<...> | undefined; ... 30 more ...; buttonLink?: string | ... 3 more ... | undefined; }'.
      Property 'title' is optional in type 'Partial<{ title: string; sectionType: string; id?: number | undefined; isActive?: boolean | null | undefined; createdAt?: Date | null | undefined; updatedAt?: Date | null | undefined; ... 27 more ...; buttonLink?: string | ... 1 more ... | undefined; }>' but required in type '{ title: string | SQL<unknown> | Placeholder<string, any>; sectionType: string | SQL<unknown> | Placeholder<string, any>; id?: number | SQL<unknown> | Placeholder<...> | undefined; ... 30 more ...; buttonLink?: string | ... 3 more ... | undefined; }'.
  Overload 2 of 2, '(values: { title: string | SQL<unknown> | Placeholder<string, any>; sectionType: string | SQL<unknown> | Placeholder<string, any>; id?: number | SQL<unknown> | Placeholder<...> | undefined; ... 30 more ...; buttonLink?: string | ... 3 more ... | undefined; }[]): PgInsertBase<...>', gave the following error.
    Argument of type 'Partial<{ title: string; sectionType: string; id?: number | undefined; isActive?: boolean | null | undefined; createdAt?: Date | null | undefined; updatedAt?: Date | null | undefined; ... 27 more ...; buttonLink?: string | ... 1 more ... | undefined; }>' is not assignable to parameter of type '{ title: string | SQL<unknown> | Placeholder<string, any>; sectionType: string | SQL<unknown> | Placeholder<string, any>; id?: number | SQL<unknown> | Placeholder<...> | undefined; ... 30 more ...; buttonLink?: string | ... 3 more ... | undefined; }[]'.
      Type 'Partial<{ title: string; sectionType: string; id?: number | undefined; isActive?: boolean | null | undefined; createdAt?: Date | null | undefined; updatedAt?: Date | null | undefined; ... 27 more ...; buttonLink?: string | ... 1 more ... | undefined; }>' is missing the following properties from type '{ title: string | SQL<unknown> | Placeholder<string, any>; sectionType: string | SQL<unknown> | Placeholder<string, any>; id?: number | SQL<unknown> | Placeholder<...> | undefined; ... 30 more ...; buttonLink?: string | ... 3 more ... | undefined; }[]': length, pop, push, concat, and 29 more.
lib/db/repositories/page-content-repository.ts(1321,7): error TS2554: Expected 2 arguments, but got 1.
lib/db/repositories/page-content-repository.ts(1322,7): error TS2322: Type '{ id: number; isActive: boolean | null; createdAt: Date | null; updatedAt: Date | null; title: string; content: string | null; sortOrder: number | null; headline: string | null; ... 25 more ...; buttonLink: string | null; } | undefined' is not assignable to type '{ id: number; isActive: boolean | null; createdAt: Date | null; updatedAt: Date | null; title: string; content: string | null; sortOrder: number | null; headline: string | null; ... 25 more ...; buttonLink: string | null; }'.
  Type 'undefined' is not assignable to type '{ id: number; isActive: boolean | null; createdAt: Date | null; updatedAt: Date | null; title: string; content: string | null; sortOrder: number | null; headline: string | null; ... 25 more ...; buttonLink: string | null; }'.
lib/db/repositories/page-content-repository.ts(1338,9): error TS2353: Object literal may only specify known properties, and 'heroData' does not exist in type 'Partial<{ title: string; sectionType: string; id?: number | undefined; isActive?: boolean | null | undefined; createdAt?: Date | null | undefined; updatedAt?: Date | null | undefined; ... 27 more ...; buttonLink?: string | ... 1 more ... | undefined; }>'.
lib/db/repositories/page-content-repository.ts(1356,17): error TS2322: Type '{ id: number; description: string | null; isActive: boolean | null; createdAt: Date | null; updatedAt: Date | null; title: string; imageId: number | null; subtitle: string | null; ... 9 more ...; bottomCtaLink: string | null; } | null' is not assignable to type '{ id: number; description: string | null; isActive: boolean | null; createdAt: Date | null; updatedAt: Date | null; title: string; imageId: number | null; subtitle: string | null; ... 9 more ...; bottomCtaLink: string | null; } | undefined'.
  Type 'null' is not assignable to type '{ id: number; description: string | null; isActive: boolean | null; createdAt: Date | null; updatedAt: Date | null; title: string; imageId: number | null; subtitle: string | null; ... 9 more ...; bottomCtaLink: string | null; } | undefined'.
lib/db/repositories/page-content-repository.ts(1375,7): error TS2554: Expected 2 arguments, but got 1.
lib/db/repositories/page-content-repository.ts(1376,7): error TS2322: Type '{ id: number; title: string; subtitle: string | null; headline: string | null; subheadline: string | null; description: string | null; imageId: number | null; videoId: number | null; ... 9 more ...; updatedAt: Date | null; } | undefined' is not assignable to type '{ id: number; description: string | null; isActive: boolean | null; createdAt: Date | null; updatedAt: Date | null; title: string; imageId: number | null; subtitle: string | null; ... 9 more ...; bottomCtaLink: string | null; }'.
  Type 'undefined' is not assignable to type '{ id: number; description: string | null; isActive: boolean | null; createdAt: Date | null; updatedAt: Date | null; title: string; imageId: number | null; subtitle: string | null; ... 9 more ...; bottomCtaLink: string | null; }'.
lib/db/repositories/page-content-repository.ts(1378,67): error TS2769: No overload matches this call.
  Overload 1 of 2, '(value: { title: string | SQL<unknown> | Placeholder<string, any>; id?: number | SQL<unknown> | Placeholder<string, any> | undefined; description?: string | SQL<...> | Placeholder<...> | null | undefined; ... 14 more ...; bottomCtaLink?: string | ... 3 more ... | undefined; }): PgInsertBase<...>', gave the following error.
    Argument of type 'Partial<{ title: string; id?: number | undefined; description?: string | null | undefined; isActive?: boolean | null | undefined; createdAt?: Date | null | undefined; updatedAt?: Date | null | undefined; ... 11 more ...; bottomCtaLink?: string | ... 1 more ... | undefined; }>' is not assignable to parameter of type '{ title: string | SQL<unknown> | Placeholder<string, any>; id?: number | SQL<unknown> | Placeholder<string, any> | undefined; description?: string | SQL<unknown> | Placeholder<...> | null | undefined; ... 14 more ...; bottomCtaLink?: string | ... 3 more ... | undefined; }'.
      Property 'title' is optional in type 'Partial<{ title: string; id?: number | undefined; description?: string | null | undefined; isActive?: boolean | null | undefined; createdAt?: Date | null | undefined; updatedAt?: Date | null | undefined; ... 11 more ...; bottomCtaLink?: string | ... 1 more ... | undefined; }>' but required in type '{ title: string | SQL<unknown> | Placeholder<string, any>; id?: number | SQL<unknown> | Placeholder<string, any> | undefined; description?: string | SQL<unknown> | Placeholder<...> | null | undefined; ... 14 more ...; bottomCtaLink?: string | ... 3 more ... | undefined; }'.
  Overload 2 of 2, '(values: { title: string | SQL<unknown> | Placeholder<string, any>; id?: number | SQL<unknown> | Placeholder<string, any> | undefined; description?: string | SQL<...> | Placeholder<...> | null | undefined; ... 14 more ...; bottomCtaLink?: string | ... 3 more ... | undefined; }[]): PgInsertBase<...>', gave the following error.
    Argument of type 'Partial<{ title: string; id?: number | undefined; description?: string | null | undefined; isActive?: boolean | null | undefined; createdAt?: Date | null | undefined; updatedAt?: Date | null | undefined; ... 11 more ...; bottomCtaLink?: string | ... 1 more ... | undefined; }>' is not assignable to parameter of type '{ title: string | SQL<unknown> | Placeholder<string, any>; id?: number | SQL<unknown> | Placeholder<string, any> | undefined; description?: string | SQL<unknown> | Placeholder<...> | null | undefined; ... 14 more ...; bottomCtaLink?: string | ... 3 more ... | undefined; }[]'.
      Type 'Partial<{ title: string; id?: number | undefined; description?: string | null | undefined; isActive?: boolean | null | undefined; createdAt?: Date | null | undefined; updatedAt?: Date | null | undefined; ... 11 more ...; bottomCtaLink?: string | ... 1 more ... | undefined; }>' is missing the following properties from type '{ title: string | SQL<unknown> | Placeholder<string, any>; id?: number | SQL<unknown> | Placeholder<string, any> | undefined; description?: string | SQL<unknown> | Placeholder<...> | null | undefined; ... 14 more ...; bottomCtaLink?: string | ... 3 more ... | undefined; }[]': length, pop, push, concat, and 29 more.
lib/db/repositories/page-content-repository.ts(1380,7): error TS2554: Expected 2 arguments, but got 1.
lib/db/repositories/page-content-repository.ts(1381,7): error TS2322: Type '{ id: number; description: string | null; isActive: boolean | null; createdAt: Date | null; updatedAt: Date | null; title: string; imageId: number | null; subtitle: string | null; ... 9 more ...; bottomCtaLink: string | null; } | undefined' is not assignable to type '{ id: number; description: string | null; isActive: boolean | null; createdAt: Date | null; updatedAt: Date | null; title: string; imageId: number | null; subtitle: string | null; ... 9 more ...; bottomCtaLink: string | null; }'.
  Type 'undefined' is not assignable to type '{ id: number; description: string | null; isActive: boolean | null; createdAt: Date | null; updatedAt: Date | null; title: string; imageId: number | null; subtitle: string | null; ... 9 more ...; bottomCtaLink: string | null; }'.
lib/db/repositories/page-content-repository.ts(1389,22): error TS2365: Operator '+' cannot be applied to types '{}' and 'number'.
lib/db/repositories/page-content-repository.ts(1397,5): error TS2554: Expected 2 arguments, but got 1.
lib/db/repositories/page-content-repository.ts(1398,5): error TS2322: Type '{ id: number; name: string; description: string | null; isActive: boolean | null; createdAt: Date | null; title: string | null; imageId: number | null; category: string | null; ... 5 more ...; capacity: string | null; } | undefined' is not assignable to type '{ id: number; name: string; description: string | null; isActive: boolean | null; createdAt: Date | null; title: string | null; imageId: number | null; category: string | null; ... 5 more ...; capacity: string | null; }'.
  Type 'undefined' is not assignable to type '{ id: number; name: string; description: string | null; isActive: boolean | null; createdAt: Date | null; title: string | null; imageId: number | null; category: string | null; ... 5 more ...; capacity: string | null; }'.
lib/db/repositories/page-content-repository.ts(1415,14): error TS2769: No overload matches this call.
  Overload 1 of 3, '(left: PgColumn<{ name: "id"; tableName: "manufacturing_capabilities"; dataType: "number"; columnType: "PgSerial"; data: number; driverParam: number; notNull: true; hasDefault: true; isPrimaryKey: true; ... 5 more ...; generated: undefined; }, {}, {}>, right: number | SQLWrapper): SQL<...>', gave the following error.
    Argument of type 'string' is not assignable to parameter of type 'number | SQLWrapper'.
  Overload 2 of 3, '(left: Aliased<string>, right: string | SQLWrapper): SQL<unknown>', gave the following error.
    Argument of type 'PgColumn<{ name: "id"; tableName: "manufacturing_capabilities"; dataType: "number"; columnType: "PgSerial"; data: number; driverParam: number; notNull: true; hasDefault: true; isPrimaryKey: true; isAutoincrement: false; ... 4 more ...; generated: undefined; }, {}, {}>' is not assignable to parameter of type 'Aliased<string>'.
      Type 'PgColumn<{ name: "id"; tableName: "manufacturing_capabilities"; dataType: "number"; columnType: "PgSerial"; data: number; driverParam: number; notNull: true; hasDefault: true; isPrimaryKey: true; isAutoincrement: false; ... 4 more ...; generated: undefined; }, {}, {}>' is missing the following properties from type 'Aliased<string>': sql, fieldAlias
  Overload 3 of 3, '(left: never, right: unknown): SQL<unknown>', gave the following error.
    Argument of type 'PgColumn<{ name: "id"; tableName: "manufacturing_capabilities"; dataType: "number"; columnType: "PgSerial"; data: number; driverParam: number; notNull: true; hasDefault: true; isPrimaryKey: true; isAutoincrement: false; ... 4 more ...; generated: undefined; }, {}, {}>' is not assignable to parameter of type 'never'.
lib/db/repositories/page-content-repository.ts(1423,23): error TS2353: Object literal may only specify known properties, and 'updatedAt' does not exist in type '{ name?: string | PgColumn<ColumnBaseConfig<ColumnDataType, string>, {}, {}> | SQL<unknown> | undefined; id?: number | PgColumn<ColumnBaseConfig<ColumnDataType, string>, {}, {}> | SQL<...> | undefined; ... 11 more ...; capacity?: string | ... 3 more ... | undefined; }'.
lib/db/repositories/page-content-repository.ts(1424,14): error TS2769: No overload matches this call.
  Overload 1 of 3, '(left: PgColumn<{ name: "id"; tableName: "manufacturing_capabilities"; dataType: "number"; columnType: "PgSerial"; data: number; driverParam: number; notNull: true; hasDefault: true; isPrimaryKey: true; ... 5 more ...; generated: undefined; }, {}, {}>, right: number | SQLWrapper): SQL<...>', gave the following error.
    Argument of type 'string' is not assignable to parameter of type 'number | SQLWrapper'.
  Overload 2 of 3, '(left: Aliased<string>, right: string | SQLWrapper): SQL<unknown>', gave the following error.
    Argument of type 'PgColumn<{ name: "id"; tableName: "manufacturing_capabilities"; dataType: "number"; columnType: "PgSerial"; data: number; driverParam: number; notNull: true; hasDefault: true; isPrimaryKey: true; isAutoincrement: false; ... 4 more ...; generated: undefined; }, {}, {}>' is not assignable to parameter of type 'Aliased<string>'.
      Type 'PgColumn<{ name: "id"; tableName: "manufacturing_capabilities"; dataType: "number"; columnType: "PgSerial"; data: number; driverParam: number; notNull: true; hasDefault: true; isPrimaryKey: true; isAutoincrement: false; ... 4 more ...; generated: undefined; }, {}, {}>' is missing the following properties from type 'Aliased<string>': sql, fieldAlias
  Overload 3 of 3, '(left: never, right: unknown): SQL<unknown>', gave the following error.
    Argument of type 'PgColumn<{ name: "id"; tableName: "manufacturing_capabilities"; dataType: "number"; columnType: "PgSerial"; data: number; driverParam: number; notNull: true; hasDefault: true; isPrimaryKey: true; isAutoincrement: false; ... 4 more ...; generated: undefined; }, {}, {}>' is not assignable to parameter of type 'never'.
lib/db/repositories/page-content-repository.ts(1428,5): error TS2554: Expected 2 arguments, but got 1.
lib/db/repositories/page-content-repository.ts(1429,5): error TS2322: Type '{ id: number; name: string; title: string | null; description: string | null; capacity: string | null; unit: string | null; category: string | null; icon: string | null; imageId: number | null; ... 4 more ...; createdAt: Date | null; } | undefined' is not assignable to type '{ id: number; name: string; description: string | null; isActive: boolean | null; createdAt: Date | null; title: string | null; imageId: number | null; category: string | null; ... 5 more ...; capacity: string | null; }'.
  Type 'undefined' is not assignable to type '{ id: number; name: string; description: string | null; isActive: boolean | null; createdAt: Date | null; title: string | null; imageId: number | null; category: string | null; ... 5 more ...; capacity: string | null; }'.
lib/db/repositories/page-content-repository.ts(1433,54): error TS2769: No overload matches this call.
  Overload 1 of 3, '(left: PgColumn<{ name: "id"; tableName: "manufacturing_capabilities"; dataType: "number"; columnType: "PgSerial"; data: number; driverParam: number; notNull: true; hasDefault: true; isPrimaryKey: true; ... 5 more ...; generated: undefined; }, {}, {}>, right: number | SQLWrapper): SQL<...>', gave the following error.
    Argument of type 'string' is not assignable to parameter of type 'number | SQLWrapper'.
  Overload 2 of 3, '(left: Aliased<string>, right: string | SQLWrapper): SQL<unknown>', gave the following error.
    Argument of type 'PgColumn<{ name: "id"; tableName: "manufacturing_capabilities"; dataType: "number"; columnType: "PgSerial"; data: number; driverParam: number; notNull: true; hasDefault: true; isPrimaryKey: true; isAutoincrement: false; ... 4 more ...; generated: undefined; }, {}, {}>' is not assignable to parameter of type 'Aliased<string>'.
      Type 'PgColumn<{ name: "id"; tableName: "manufacturing_capabilities"; dataType: "number"; columnType: "PgSerial"; data: number; driverParam: number; notNull: true; hasDefault: true; isPrimaryKey: true; isAutoincrement: false; ... 4 more ...; generated: undefined; }, {}, {}>' is missing the following properties from type 'Aliased<string>': sql, fieldAlias
  Overload 3 of 3, '(left: never, right: unknown): SQL<unknown>', gave the following error.
    Argument of type 'PgColumn<{ name: "id"; tableName: "manufacturing_capabilities"; dataType: "number"; columnType: "PgSerial"; data: number; driverParam: number; notNull: true; hasDefault: true; isPrimaryKey: true; isAutoincrement: false; ... 4 more ...; generated: undefined; }, {}, {}>' is not assignable to parameter of type 'never'.
lib/db/repositories/page-content-repository.ts(1435,5): error TS2554: Expected 2 arguments, but got 1.
lib/db/repositories/page-content-repository.ts(1444,36): error TS2353: Object literal may only specify known properties, and 'updatedAt' does not exist in type '{ name?: string | PgColumn<ColumnBaseConfig<ColumnDataType, string>, {}, {}> | SQL<unknown> | undefined; id?: number | PgColumn<ColumnBaseConfig<ColumnDataType, string>, {}, {}> | SQL<...> | undefined; ... 11 more ...; capacity?: string | ... 3 more ... | undefined; }'.
lib/db/repositories/page-content-repository.ts(1445,18): error TS2769: No overload matches this call.
  Overload 1 of 3, '(left: PgColumn<{ name: "id"; tableName: "manufacturing_capabilities"; dataType: "number"; columnType: "PgSerial"; data: number; driverParam: number; notNull: true; hasDefault: true; isPrimaryKey: true; ... 5 more ...; generated: undefined; }, {}, {}>, right: number | SQLWrapper): SQL<...>', gave the following error.
    Argument of type 'string | undefined' is not assignable to parameter of type 'number | SQLWrapper'.
      Type 'undefined' is not assignable to type 'number | SQLWrapper'.
  Overload 2 of 3, '(left: Aliased<string | undefined>, right: string | SQLWrapper | undefined): SQL<unknown>', gave the following error.
    Argument of type 'PgColumn<{ name: "id"; tableName: "manufacturing_capabilities"; dataType: "number"; columnType: "PgSerial"; data: number; driverParam: number; notNull: true; hasDefault: true; isPrimaryKey: true; isAutoincrement: false; ... 4 more ...; generated: undefined; }, {}, {}>' is not assignable to parameter of type 'Aliased<string | undefined>'.
      Type 'PgColumn<{ name: "id"; tableName: "manufacturing_capabilities"; dataType: "number"; columnType: "PgSerial"; data: number; driverParam: number; notNull: true; hasDefault: true; isPrimaryKey: true; isAutoincrement: false; ... 4 more ...; generated: undefined; }, {}, {}>' is missing the following properties from type 'Aliased<string | undefined>': sql, fieldAlias
  Overload 3 of 3, '(left: never, right: unknown): SQL<unknown>', gave the following error.
    Argument of type 'PgColumn<{ name: "id"; tableName: "manufacturing_capabilities"; dataType: "number"; columnType: "PgSerial"; data: number; driverParam: number; notNull: true; hasDefault: true; isPrimaryKey: true; isAutoincrement: false; ... 4 more ...; generated: undefined; }, {}, {}>' is not assignable to parameter of type 'never'.
lib/db/repositories/page-content-repository.ts(1449,5): error TS2554: Expected 2 arguments, but got 1.
lib/db/repositories/page-content-repository.ts(1456,14): error TS2769: No overload matches this call.
  Overload 1 of 3, '(left: PgColumn<{ name: "id"; tableName: "manufacturing_processes"; dataType: "number"; columnType: "PgSerial"; data: number; driverParam: number; notNull: true; hasDefault: true; isPrimaryKey: true; isAutoincrement: false; ... 4 more ...; generated: undefined; }, {}, {}>, right: number | SQLWrapper): SQL<...>', gave the following error.
    Argument of type 'string' is not assignable to parameter of type 'number | SQLWrapper'.
  Overload 2 of 3, '(left: Aliased<string>, right: string | SQLWrapper): SQL<unknown>', gave the following error.
    Argument of type 'PgColumn<{ name: "id"; tableName: "manufacturing_processes"; dataType: "number"; columnType: "PgSerial"; data: number; driverParam: number; notNull: true; hasDefault: true; isPrimaryKey: true; isAutoincrement: false; ... 4 more ...; generated: undefined; }, {}, {}>' is not assignable to parameter of type 'Aliased<string>'.
      Type 'PgColumn<{ name: "id"; tableName: "manufacturing_processes"; dataType: "number"; columnType: "PgSerial"; data: number; driverParam: number; notNull: true; hasDefault: true; isPrimaryKey: true; isAutoincrement: false; ... 4 more ...; generated: undefined; }, {}, {}>' is missing the following properties from type 'Aliased<string>': sql, fieldAlias
  Overload 3 of 3, '(left: never, right: unknown): SQL<unknown>', gave the following error.
    Argument of type 'PgColumn<{ name: "id"; tableName: "manufacturing_processes"; dataType: "number"; columnType: "PgSerial"; data: number; driverParam: number; notNull: true; hasDefault: true; isPrimaryKey: true; isAutoincrement: false; ... 4 more ...; generated: undefined; }, {}, {}>' is not assignable to parameter of type 'never'.
lib/db/repositories/page-content-repository.ts(1475,22): error TS2365: Operator '+' cannot be applied to types '{}' and 'number'.
lib/db/repositories/page-content-repository.ts(1483,5): error TS2554: Expected 2 arguments, but got 1.
lib/db/repositories/page-content-repository.ts(1484,5): error TS2322: Type '{ id: number; name: string; description: string | null; isActive: boolean | null; createdAt: Date | null; title: string | null; imageId: number | null; category: string | null; ... 8 more ...; equipment: string[] | null; } | undefined' is not assignable to type '{ id: number; name: string; description: string | null; isActive: boolean | null; createdAt: Date | null; title: string | null; imageId: number | null; category: string | null; ... 8 more ...; equipment: string[] | null; }'.
  Type 'undefined' is not assignable to type '{ id: number; name: string; description: string | null; isActive: boolean | null; createdAt: Date | null; title: string | null; imageId: number | null; category: string | null; ... 8 more ...; equipment: string[] | null; }'.
lib/db/repositories/page-content-repository.ts(1490,23): error TS2353: Object literal may only specify known properties, and 'updatedAt' does not exist in type '{ name?: string | PgColumn<ColumnBaseConfig<ColumnDataType, string>, {}, {}> | SQL<unknown> | undefined; step?: number | PgColumn<ColumnBaseConfig<ColumnDataType, string>, {}, {}> | SQL<...> | undefined; ... 14 more ...; equipment?: PgColumn<...> | ... 3 more ... | undefined; }'.
lib/db/repositories/page-content-repository.ts(1491,14): error TS2769: No overload matches this call.
  Overload 1 of 3, '(left: PgColumn<{ name: "id"; tableName: "manufacturing_processes"; dataType: "number"; columnType: "PgSerial"; data: number; driverParam: number; notNull: true; hasDefault: true; isPrimaryKey: true; isAutoincrement: false; ... 4 more ...; generated: undefined; }, {}, {}>, right: number | SQLWrapper): SQL<...>', gave the following error.
    Argument of type 'string' is not assignable to parameter of type 'number | SQLWrapper'.
  Overload 2 of 3, '(left: Aliased<string>, right: string | SQLWrapper): SQL<unknown>', gave the following error.
    Argument of type 'PgColumn<{ name: "id"; tableName: "manufacturing_processes"; dataType: "number"; columnType: "PgSerial"; data: number; driverParam: number; notNull: true; hasDefault: true; isPrimaryKey: true; isAutoincrement: false; ... 4 more ...; generated: undefined; }, {}, {}>' is not assignable to parameter of type 'Aliased<string>'.
      Type 'PgColumn<{ name: "id"; tableName: "manufacturing_processes"; dataType: "number"; columnType: "PgSerial"; data: number; driverParam: number; notNull: true; hasDefault: true; isPrimaryKey: true; isAutoincrement: false; ... 4 more ...; generated: undefined; }, {}, {}>' is missing the following properties from type 'Aliased<string>': sql, fieldAlias
  Overload 3 of 3, '(left: never, right: unknown): SQL<unknown>', gave the following error.
    Argument of type 'PgColumn<{ name: "id"; tableName: "manufacturing_processes"; dataType: "number"; columnType: "PgSerial"; data: number; driverParam: number; notNull: true; hasDefault: true; isPrimaryKey: true; isAutoincrement: false; ... 4 more ...; generated: undefined; }, {}, {}>' is not assignable to parameter of type 'never'.
lib/db/repositories/page-content-repository.ts(1495,5): error TS2554: Expected 2 arguments, but got 1.
lib/db/repositories/page-content-repository.ts(1496,5): error TS2322: Type '{ id: number; name: string; title: string | null; description: string | null; step: number; position: number | null; duration: string | null; efficiency: number | null; category: string | null; ... 7 more ...; createdAt: Date | null; } | undefined' is not assignable to type '{ id: number; name: string; description: string | null; isActive: boolean | null; createdAt: Date | null; title: string | null; imageId: number | null; category: string | null; ... 8 more ...; equipment: string[] | null; }'.
  Type 'undefined' is not assignable to type '{ id: number; name: string; description: string | null; isActive: boolean | null; createdAt: Date | null; title: string | null; imageId: number | null; category: string | null; ... 8 more ...; equipment: string[] | null; }'.
lib/db/repositories/page-content-repository.ts(1500,51): error TS2769: No overload matches this call.
  Overload 1 of 3, '(left: PgColumn<{ name: "id"; tableName: "manufacturing_processes"; dataType: "number"; columnType: "PgSerial"; data: number; driverParam: number; notNull: true; hasDefault: true; isPrimaryKey: true; isAutoincrement: false; ... 4 more ...; generated: undefined; }, {}, {}>, right: number | SQLWrapper): SQL<...>', gave the following error.
    Argument of type 'string' is not assignable to parameter of type 'number | SQLWrapper'.
  Overload 2 of 3, '(left: Aliased<string>, right: string | SQLWrapper): SQL<unknown>', gave the following error.
    Argument of type 'PgColumn<{ name: "id"; tableName: "manufacturing_processes"; dataType: "number"; columnType: "PgSerial"; data: number; driverParam: number; notNull: true; hasDefault: true; isPrimaryKey: true; isAutoincrement: false; ... 4 more ...; generated: undefined; }, {}, {}>' is not assignable to parameter of type 'Aliased<string>'.
      Type 'PgColumn<{ name: "id"; tableName: "manufacturing_processes"; dataType: "number"; columnType: "PgSerial"; data: number; driverParam: number; notNull: true; hasDefault: true; isPrimaryKey: true; isAutoincrement: false; ... 4 more ...; generated: undefined; }, {}, {}>' is missing the following properties from type 'Aliased<string>': sql, fieldAlias
  Overload 3 of 3, '(left: never, right: unknown): SQL<unknown>', gave the following error.
    Argument of type 'PgColumn<{ name: "id"; tableName: "manufacturing_processes"; dataType: "number"; columnType: "PgSerial"; data: number; driverParam: number; notNull: true; hasDefault: true; isPrimaryKey: true; isAutoincrement: false; ... 4 more ...; generated: undefined; }, {}, {}>' is not assignable to parameter of type 'never'.
lib/db/repositories/page-content-repository.ts(1502,5): error TS2554: Expected 2 arguments, but got 1.
lib/db/repositories/page-content-repository.ts(1511,36): error TS2353: Object literal may only specify known properties, and 'updatedAt' does not exist in type '{ name?: string | PgColumn<ColumnBaseConfig<ColumnDataType, string>, {}, {}> | SQL<unknown> | undefined; step?: number | PgColumn<ColumnBaseConfig<ColumnDataType, string>, {}, {}> | SQL<...> | undefined; ... 14 more ...; equipment?: PgColumn<...> | ... 3 more ... | undefined; }'.
lib/db/repositories/page-content-repository.ts(1512,18): error TS2769: No overload matches this call.
  Overload 1 of 3, '(left: PgColumn<{ name: "id"; tableName: "manufacturing_processes"; dataType: "number"; columnType: "PgSerial"; data: number; driverParam: number; notNull: true; hasDefault: true; isPrimaryKey: true; isAutoincrement: false; ... 4 more ...; generated: undefined; }, {}, {}>, right: number | SQLWrapper): SQL<...>', gave the following error.
    Argument of type 'string | undefined' is not assignable to parameter of type 'number | SQLWrapper'.
      Type 'undefined' is not assignable to type 'number | SQLWrapper'.
  Overload 2 of 3, '(left: Aliased<string | undefined>, right: string | SQLWrapper | undefined): SQL<unknown>', gave the following error.
    Argument of type 'PgColumn<{ name: "id"; tableName: "manufacturing_processes"; dataType: "number"; columnType: "PgSerial"; data: number; driverParam: number; notNull: true; hasDefault: true; isPrimaryKey: true; isAutoincrement: false; ... 4 more ...; generated: undefined; }, {}, {}>' is not assignable to parameter of type 'Aliased<string | undefined>'.
      Type 'PgColumn<{ name: "id"; tableName: "manufacturing_processes"; dataType: "number"; columnType: "PgSerial"; data: number; driverParam: number; notNull: true; hasDefault: true; isPrimaryKey: true; isAutoincrement: false; ... 4 more ...; generated: undefined; }, {}, {}>' is missing the following properties from type 'Aliased<string | undefined>': sql, fieldAlias
  Overload 3 of 3, '(left: never, right: unknown): SQL<unknown>', gave the following error.
    Argument of type 'PgColumn<{ name: "id"; tableName: "manufacturing_processes"; dataType: "number"; columnType: "PgSerial"; data: number; driverParam: number; notNull: true; hasDefault: true; isPrimaryKey: true; isAutoincrement: false; ... 4 more ...; generated: undefined; }, {}, {}>' is not assignable to parameter of type 'never'.
lib/db/repositories/page-content-repository.ts(1516,5): error TS2554: Expected 2 arguments, but got 1.
lib/db/repositories/page-content-repository.ts(1523,14): error TS2769: No overload matches this call.
  Overload 1 of 3, '(left: PgColumn<{ name: "id"; tableName: "manufacturing_qualities"; dataType: "number"; columnType: "PgSerial"; data: number; driverParam: number; notNull: true; hasDefault: true; isPrimaryKey: true; isAutoincrement: false; ... 4 more ...; generated: undefined; }, {}, {}>, right: number | SQLWrapper): SQL<...>', gave the following error.
    Argument of type 'string' is not assignable to parameter of type 'number | SQLWrapper'.
  Overload 2 of 3, '(left: Aliased<string>, right: string | SQLWrapper): SQL<unknown>', gave the following error.
    Argument of type 'PgColumn<{ name: "id"; tableName: "manufacturing_qualities"; dataType: "number"; columnType: "PgSerial"; data: number; driverParam: number; notNull: true; hasDefault: true; isPrimaryKey: true; isAutoincrement: false; ... 4 more ...; generated: undefined; }, {}, {}>' is not assignable to parameter of type 'Aliased<string>'.
      Type 'PgColumn<{ name: "id"; tableName: "manufacturing_qualities"; dataType: "number"; columnType: "PgSerial"; data: number; driverParam: number; notNull: true; hasDefault: true; isPrimaryKey: true; isAutoincrement: false; ... 4 more ...; generated: undefined; }, {}, {}>' is missing the following properties from type 'Aliased<string>': sql, fieldAlias
  Overload 3 of 3, '(left: never, right: unknown): SQL<unknown>', gave the following error.
    Argument of type 'PgColumn<{ name: "id"; tableName: "manufacturing_qualities"; dataType: "number"; columnType: "PgSerial"; data: number; driverParam: number; notNull: true; hasDefault: true; isPrimaryKey: true; isAutoincrement: false; ... 4 more ...; generated: undefined; }, {}, {}>' is not assignable to parameter of type 'never'.
lib/db/repositories/page-content-repository.ts(1542,22): error TS2365: Operator '+' cannot be applied to types '{}' and 'number'.
lib/db/repositories/page-content-repository.ts(1550,5): error TS2554: Expected 2 arguments, but got 1.
lib/db/repositories/page-content-repository.ts(1551,5): error TS2322: Type '{ id: number; description: string | null; isActive: boolean | null; createdAt: Date | null; title: string | null; imageId: number | null; category: string | null; sortOrder: number | null; ... 6 more ...; criteria: Record<...> | null; } | undefined' is not assignable to type '{ id: number; description: string | null; isActive: boolean | null; createdAt: Date | null; title: string | null; imageId: number | null; category: string | null; sortOrder: number | null; ... 6 more ...; criteria: Record<...> | null; }'.
  Type 'undefined' is not assignable to type '{ id: number; description: string | null; isActive: boolean | null; createdAt: Date | null; title: string | null; imageId: number | null; category: string | null; sortOrder: number | null; ... 6 more ...; criteria: Record<...> | null; }'.
lib/db/repositories/page-content-repository.ts(1557,23): error TS2353: Object literal may only specify known properties, and 'updatedAt' does not exist in type '{ id?: number | PgColumn<ColumnBaseConfig<ColumnDataType, string>, {}, {}> | SQL<unknown> | undefined; description?: string | PgColumn<ColumnBaseConfig<...>, {}, {}> | SQL<...> | null | undefined; ... 12 more ...; criteria?: Record<...> | ... 3 more ... | undefined; }'.
lib/db/repositories/page-content-repository.ts(1558,14): error TS2769: No overload matches this call.
  Overload 1 of 3, '(left: PgColumn<{ name: "id"; tableName: "manufacturing_qualities"; dataType: "number"; columnType: "PgSerial"; data: number; driverParam: number; notNull: true; hasDefault: true; isPrimaryKey: true; isAutoincrement: false; ... 4 more ...; generated: undefined; }, {}, {}>, right: number | SQLWrapper): SQL<...>', gave the following error.
    Argument of type 'string' is not assignable to parameter of type 'number | SQLWrapper'.
  Overload 2 of 3, '(left: Aliased<string>, right: string | SQLWrapper): SQL<unknown>', gave the following error.
    Argument of type 'PgColumn<{ name: "id"; tableName: "manufacturing_qualities"; dataType: "number"; columnType: "PgSerial"; data: number; driverParam: number; notNull: true; hasDefault: true; isPrimaryKey: true; isAutoincrement: false; ... 4 more ...; generated: undefined; }, {}, {}>' is not assignable to parameter of type 'Aliased<string>'.
      Type 'PgColumn<{ name: "id"; tableName: "manufacturing_qualities"; dataType: "number"; columnType: "PgSerial"; data: number; driverParam: number; notNull: true; hasDefault: true; isPrimaryKey: true; isAutoincrement: false; ... 4 more ...; generated: undefined; }, {}, {}>' is missing the following properties from type 'Aliased<string>': sql, fieldAlias
  Overload 3 of 3, '(left: never, right: unknown): SQL<unknown>', gave the following error.
    Argument of type 'PgColumn<{ name: "id"; tableName: "manufacturing_qualities"; dataType: "number"; columnType: "PgSerial"; data: number; driverParam: number; notNull: true; hasDefault: true; isPrimaryKey: true; isAutoincrement: false; ... 4 more ...; generated: undefined; }, {}, {}>' is not assignable to parameter of type 'never'.
lib/db/repositories/page-content-repository.ts(1562,5): error TS2554: Expected 2 arguments, but got 1.
lib/db/repositories/page-content-repository.ts(1563,5): error TS2322: Type '{ id: number; standards: string[] | null; title: string | null; description: string | null; icon: string | null; imageId: number | null; certificateId: number | null; category: string | null; ... 6 more ...; createdAt: Date | null; } | undefined' is not assignable to type '{ id: number; description: string | null; isActive: boolean | null; createdAt: Date | null; title: string | null; imageId: number | null; category: string | null; sortOrder: number | null; ... 6 more ...; criteria: Record<...> | null; }'.
  Type 'undefined' is not assignable to type '{ id: number; description: string | null; isActive: boolean | null; createdAt: Date | null; title: string | null; imageId: number | null; category: string | null; sortOrder: number | null; ... 6 more ...; criteria: Record<...> | null; }'.
lib/db/repositories/page-content-repository.ts(1567,51): error TS2769: No overload matches this call.
  Overload 1 of 3, '(left: PgColumn<{ name: "id"; tableName: "manufacturing_qualities"; dataType: "number"; columnType: "PgSerial"; data: number; driverParam: number; notNull: true; hasDefault: true; isPrimaryKey: true; isAutoincrement: false; ... 4 more ...; generated: undefined; }, {}, {}>, right: number | SQLWrapper): SQL<...>', gave the following error.
    Argument of type 'string' is not assignable to parameter of type 'number | SQLWrapper'.
  Overload 2 of 3, '(left: Aliased<string>, right: string | SQLWrapper): SQL<unknown>', gave the following error.
    Argument of type 'PgColumn<{ name: "id"; tableName: "manufacturing_qualities"; dataType: "number"; columnType: "PgSerial"; data: number; driverParam: number; notNull: true; hasDefault: true; isPrimaryKey: true; isAutoincrement: false; ... 4 more ...; generated: undefined; }, {}, {}>' is not assignable to parameter of type 'Aliased<string>'.
      Type 'PgColumn<{ name: "id"; tableName: "manufacturing_qualities"; dataType: "number"; columnType: "PgSerial"; data: number; driverParam: number; notNull: true; hasDefault: true; isPrimaryKey: true; isAutoincrement: false; ... 4 more ...; generated: undefined; }, {}, {}>' is missing the following properties from type 'Aliased<string>': sql, fieldAlias
  Overload 3 of 3, '(left: never, right: unknown): SQL<unknown>', gave the following error.
    Argument of type 'PgColumn<{ name: "id"; tableName: "manufacturing_qualities"; dataType: "number"; columnType: "PgSerial"; data: number; driverParam: number; notNull: true; hasDefault: true; isPrimaryKey: true; isAutoincrement: false; ... 4 more ...; generated: undefined; }, {}, {}>' is not assignable to parameter of type 'never'.
lib/db/repositories/page-content-repository.ts(1569,5): error TS2554: Expected 2 arguments, but got 1.
lib/db/repositories/page-content-repository.ts(1578,36): error TS2353: Object literal may only specify known properties, and 'updatedAt' does not exist in type '{ id?: number | PgColumn<ColumnBaseConfig<ColumnDataType, string>, {}, {}> | SQL<unknown> | undefined; description?: string | PgColumn<ColumnBaseConfig<...>, {}, {}> | SQL<...> | null | undefined; ... 12 more ...; criteria?: Record<...> | ... 3 more ... | undefined; }'.
lib/db/repositories/page-content-repository.ts(1579,18): error TS2769: No overload matches this call.
  Overload 1 of 3, '(left: PgColumn<{ name: "id"; tableName: "manufacturing_qualities"; dataType: "number"; columnType: "PgSerial"; data: number; driverParam: number; notNull: true; hasDefault: true; isPrimaryKey: true; isAutoincrement: false; ... 4 more ...; generated: undefined; }, {}, {}>, right: number | SQLWrapper): SQL<...>', gave the following error.
    Argument of type 'string | undefined' is not assignable to parameter of type 'number | SQLWrapper'.
      Type 'undefined' is not assignable to type 'number | SQLWrapper'.
  Overload 2 of 3, '(left: Aliased<string | undefined>, right: string | SQLWrapper | undefined): SQL<unknown>', gave the following error.
    Argument of type 'PgColumn<{ name: "id"; tableName: "manufacturing_qualities"; dataType: "number"; columnType: "PgSerial"; data: number; driverParam: number; notNull: true; hasDefault: true; isPrimaryKey: true; isAutoincrement: false; ... 4 more ...; generated: undefined; }, {}, {}>' is not assignable to parameter of type 'Aliased<string | undefined>'.
      Type 'PgColumn<{ name: "id"; tableName: "manufacturing_qualities"; dataType: "number"; columnType: "PgSerial"; data: number; driverParam: number; notNull: true; hasDefault: true; isPrimaryKey: true; isAutoincrement: false; ... 4 more ...; generated: undefined; }, {}, {}>' is missing the following properties from type 'Aliased<string | undefined>': sql, fieldAlias
  Overload 3 of 3, '(left: never, right: unknown): SQL<unknown>', gave the following error.
    Argument of type 'PgColumn<{ name: "id"; tableName: "manufacturing_qualities"; dataType: "number"; columnType: "PgSerial"; data: number; driverParam: number; notNull: true; hasDefault: true; isPrimaryKey: true; isAutoincrement: false; ... 4 more ...; generated: undefined; }, {}, {}>' is not assignable to parameter of type 'never'.
lib/db/repositories/page-content-repository.ts(1583,5): error TS2554: Expected 2 arguments, but got 1.
lib/db/repositories/page-content-repository.ts(1593,17): error TS2322: Type '{ id: number; description: string | null; isActive: boolean | null; createdAt: Date | null; updatedAt: Date | null; title: string; imageId: number | null; subtitle: string | null; ... 5 more ...; secondaryButtonLink: string | null; } | null' is not assignable to type '{ id: number; description: string | null; isActive: boolean | null; createdAt: Date | null; updatedAt: Date | null; title: string; imageId: number | null; subtitle: string | null; ... 5 more ...; secondaryButtonLink: string | null; } | undefined'.
  Type 'null' is not assignable to type '{ id: number; description: string | null; isActive: boolean | null; createdAt: Date | null; updatedAt: Date | null; title: string; imageId: number | null; subtitle: string | null; ... 5 more ...; secondaryButtonLink: string | null; } | undefined'.
lib/db/repositories/page-content-repository.ts(1612,7): error TS2554: Expected 2 arguments, but got 1.
lib/db/repositories/page-content-repository.ts(1613,7): error TS2322: Type '{ id: number; title: string; subtitle: string | null; description: string | null; primaryButtonText: string | null; primaryButtonLink: string | null; secondaryButtonText: string | null; ... 6 more ...; updatedAt: Date | null; } | undefined' is not assignable to type '{ id: number; description: string | null; isActive: boolean | null; createdAt: Date | null; updatedAt: Date | null; title: string; imageId: number | null; subtitle: string | null; ... 5 more ...; secondaryButtonLink: string | null; }'.
  Type 'undefined' is not assignable to type '{ id: number; description: string | null; isActive: boolean | null; createdAt: Date | null; updatedAt: Date | null; title: string; imageId: number | null; subtitle: string | null; ... 5 more ...; secondaryButtonLink: string | null; }'.
lib/db/repositories/page-content-repository.ts(1615,64): error TS2769: No overload matches this call.
  Overload 1 of 2, '(value: { title: string | SQL<unknown> | Placeholder<string, any>; id?: number | SQL<unknown> | Placeholder<string, any> | undefined; description?: string | SQL<...> | Placeholder<...> | null | undefined; ... 10 more ...; secondaryButtonLink?: string | ... 3 more ... | undefined; }): PgInsertBase<...>', gave the following error.
    Argument of type 'Partial<{ title: string; id?: number | undefined; description?: string | null | undefined; isActive?: boolean | null | undefined; createdAt?: Date | null | undefined; updatedAt?: Date | null | undefined; ... 7 more ...; secondaryButtonLink?: string | ... 1 more ... | undefined; }>' is not assignable to parameter of type '{ title: string | SQL<unknown> | Placeholder<string, any>; id?: number | SQL<unknown> | Placeholder<string, any> | undefined; description?: string | SQL<unknown> | Placeholder<...> | null | undefined; ... 10 more ...; secondaryButtonLink?: string | ... 3 more ... | undefined; }'.
      Property 'title' is optional in type 'Partial<{ title: string; id?: number | undefined; description?: string | null | undefined; isActive?: boolean | null | undefined; createdAt?: Date | null | undefined; updatedAt?: Date | null | undefined; ... 7 more ...; secondaryButtonLink?: string | ... 1 more ... | undefined; }>' but required in type '{ title: string | SQL<unknown> | Placeholder<string, any>; id?: number | SQL<unknown> | Placeholder<string, any> | undefined; description?: string | SQL<unknown> | Placeholder<...> | null | undefined; ... 10 more ...; secondaryButtonLink?: string | ... 3 more ... | undefined; }'.
  Overload 2 of 2, '(values: { title: string | SQL<unknown> | Placeholder<string, any>; id?: number | SQL<unknown> | Placeholder<string, any> | undefined; description?: string | SQL<...> | Placeholder<...> | null | undefined; ... 10 more ...; secondaryButtonLink?: string | ... 3 more ... | undefined; }[]): PgInsertBase<...>', gave the following error.
    Argument of type 'Partial<{ title: string; id?: number | undefined; description?: string | null | undefined; isActive?: boolean | null | undefined; createdAt?: Date | null | undefined; updatedAt?: Date | null | undefined; ... 7 more ...; secondaryButtonLink?: string | ... 1 more ... | undefined; }>' is not assignable to parameter of type '{ title: string | SQL<unknown> | Placeholder<string, any>; id?: number | SQL<unknown> | Placeholder<string, any> | undefined; description?: string | SQL<unknown> | Placeholder<...> | null | undefined; ... 10 more ...; secondaryButtonLink?: string | ... 3 more ... | undefined; }[]'.
      Type 'Partial<{ title: string; id?: number | undefined; description?: string | null | undefined; isActive?: boolean | null | undefined; createdAt?: Date | null | undefined; updatedAt?: Date | null | undefined; ... 7 more ...; secondaryButtonLink?: string | ... 1 more ... | undefined; }>' is missing the following properties from type '{ title: string | SQL<unknown> | Placeholder<string, any>; id?: number | SQL<unknown> | Placeholder<string, any> | undefined; description?: string | SQL<unknown> | Placeholder<...> | null | undefined; ... 10 more ...; secondaryButtonLink?: string | ... 3 more ... | undefined; }[]': length, pop, push, concat, and 29 more.
lib/db/repositories/page-content-repository.ts(1617,7): error TS2554: Expected 2 arguments, but got 1.
lib/db/repositories/page-content-repository.ts(1618,7): error TS2322: Type '{ id: number; description: string | null; isActive: boolean | null; createdAt: Date | null; updatedAt: Date | null; title: string; imageId: number | null; subtitle: string | null; ... 5 more ...; secondaryButtonLink: string | null; } | undefined' is not assignable to type '{ id: number; description: string | null; isActive: boolean | null; createdAt: Date | null; updatedAt: Date | null; title: string; imageId: number | null; subtitle: string | null; ... 5 more ...; secondaryButtonLink: string | null; }'.
  Type 'undefined' is not assignable to type '{ id: number; description: string | null; isActive: boolean | null; createdAt: Date | null; updatedAt: Date | null; title: string; imageId: number | null; subtitle: string | null; ... 5 more ...; secondaryButtonLink: string | null; }'.
lib/db/repositories/page-content-repository.ts(1625,17): error TS2322: Type '{ id: number; isActive: boolean | null; createdAt: Date | null; updatedAt: Date | null; title: string; content: string | null; backgroundColor: string | null; ctaText: string | null; ctaLink: string | null; benefits: string[] | null; textColor: string | null; } | null' is not assignable to type '{ id: number; isActive: boolean | null; createdAt: Date | null; updatedAt: Date | null; title: string; content: string | null; backgroundColor: string | null; ctaText: string | null; ctaLink: string | null; benefits: string[] | null; textColor: string | null; } | undefined'.
  Type 'null' is not assignable to type '{ id: number; isActive: boolean | null; createdAt: Date | null; updatedAt: Date | null; title: string; content: string | null; backgroundColor: string | null; ctaText: string | null; ctaLink: string | null; benefits: string[] | null; textColor: string | null; } | undefined'.
lib/db/repositories/page-content-repository.ts(1637,5): error TS2554: Expected 2 arguments, but got 1.
lib/db/repositories/page-content-repository.ts(1638,5): error TS2322: Type '{ id: number; isActive: boolean | null; createdAt: Date | null; updatedAt: Date | null; title: string; content: string | null; backgroundColor: string | null; ctaText: string | null; ctaLink: string | null; benefits: string[] | null; textColor: string | null; } | undefined' is not assignable to type '{ id: number; isActive: boolean | null; createdAt: Date | null; updatedAt: Date | null; title: string; content: string | null; backgroundColor: string | null; ctaText: string | null; ctaLink: string | null; benefits: string[] | null; textColor: string | null; }'.
  Type 'undefined' is not assignable to type '{ id: number; isActive: boolean | null; createdAt: Date | null; updatedAt: Date | null; title: string; content: string | null; backgroundColor: string | null; ctaText: string | null; ctaLink: string | null; benefits: string[] | null; textColor: string | null; }'.
lib/db/repositories/page-content-repository.ts(1645,14): error TS2769: No overload matches this call.
  Overload 1 of 3, '(left: PgColumn<{ name: "id"; tableName: "technology_cta"; dataType: "number"; columnType: "PgSerial"; data: number; driverParam: number; notNull: true; hasDefault: true; isPrimaryKey: true; isAutoincrement: false; ... 4 more ...; generated: undefined; }, {}, {}>, right: number | SQLWrapper): SQL<...>', gave the following error.
    Argument of type 'string' is not assignable to parameter of type 'number | SQLWrapper'.
  Overload 2 of 3, '(left: Aliased<string>, right: string | SQLWrapper): SQL<unknown>', gave the following error.
    Argument of type 'PgColumn<{ name: "id"; tableName: "technology_cta"; dataType: "number"; columnType: "PgSerial"; data: number; driverParam: number; notNull: true; hasDefault: true; isPrimaryKey: true; isAutoincrement: false; ... 4 more ...; generated: undefined; }, {}, {}>' is not assignable to parameter of type 'Aliased<string>'.
      Type 'PgColumn<{ name: "id"; tableName: "technology_cta"; dataType: "number"; columnType: "PgSerial"; data: number; driverParam: number; notNull: true; hasDefault: true; isPrimaryKey: true; isAutoincrement: false; ... 4 more ...; generated: undefined; }, {}, {}>' is missing the following properties from type 'Aliased<string>': sql, fieldAlias
  Overload 3 of 3, '(left: never, right: unknown): SQL<unknown>', gave the following error.
    Argument of type 'PgColumn<{ name: "id"; tableName: "technology_cta"; dataType: "number"; columnType: "PgSerial"; data: number; driverParam: number; notNull: true; hasDefault: true; isPrimaryKey: true; isAutoincrement: false; ... 4 more ...; generated: undefined; }, {}, {}>' is not assignable to parameter of type 'never'.
lib/db/repositories/page-content-repository.ts(1649,5): error TS2554: Expected 2 arguments, but got 1.
lib/db/repositories/page-content-repository.ts(1650,5): error TS2322: Type '{ id: number; title: string; content: string | null; ctaText: string | null; ctaLink: string | null; benefits: string[] | null; backgroundColor: string | null; textColor: string | null; isActive: boolean | null; createdAt: Date | null; updatedAt: Date | null; } | undefined' is not assignable to type '{ id: number; isActive: boolean | null; createdAt: Date | null; updatedAt: Date | null; title: string; content: string | null; backgroundColor: string | null; ctaText: string | null; ctaLink: string | null; benefits: string[] | null; textColor: string | null; }'.
  Type 'undefined' is not assignable to type '{ id: number; isActive: boolean | null; createdAt: Date | null; updatedAt: Date | null; title: string; content: string | null; backgroundColor: string | null; ctaText: string | null; ctaLink: string | null; benefits: string[] | null; textColor: string | null; }'.
lib/db/repositories/page-content-repository.ts(1654,42): error TS2769: No overload matches this call.
  Overload 1 of 3, '(left: PgColumn<{ name: "id"; tableName: "technology_cta"; dataType: "number"; columnType: "PgSerial"; data: number; driverParam: number; notNull: true; hasDefault: true; isPrimaryKey: true; isAutoincrement: false; ... 4 more ...; generated: undefined; }, {}, {}>, right: number | SQLWrapper): SQL<...>', gave the following error.
    Argument of type 'string' is not assignable to parameter of type 'number | SQLWrapper'.
  Overload 2 of 3, '(left: Aliased<string>, right: string | SQLWrapper): SQL<unknown>', gave the following error.
    Argument of type 'PgColumn<{ name: "id"; tableName: "technology_cta"; dataType: "number"; columnType: "PgSerial"; data: number; driverParam: number; notNull: true; hasDefault: true; isPrimaryKey: true; isAutoincrement: false; ... 4 more ...; generated: undefined; }, {}, {}>' is not assignable to parameter of type 'Aliased<string>'.
      Type 'PgColumn<{ name: "id"; tableName: "technology_cta"; dataType: "number"; columnType: "PgSerial"; data: number; driverParam: number; notNull: true; hasDefault: true; isPrimaryKey: true; isAutoincrement: false; ... 4 more ...; generated: undefined; }, {}, {}>' is missing the following properties from type 'Aliased<string>': sql, fieldAlias
  Overload 3 of 3, '(left: never, right: unknown): SQL<unknown>', gave the following error.
    Argument of type 'PgColumn<{ name: "id"; tableName: "technology_cta"; dataType: "number"; columnType: "PgSerial"; data: number; driverParam: number; notNull: true; hasDefault: true; isPrimaryKey: true; isAutoincrement: false; ... 4 more ...; generated: undefined; }, {}, {}>' is not assignable to parameter of type 'never'.
lib/db/repositories/page-content-repository.ts(1656,5): error TS2554: Expected 2 arguments, but got 1.
lib/db/repositories/page-content-repository.ts(1663,17): error TS2322: Type '{ id: number; name: string; description: string | null; isActive: boolean | null; createdAt: Date | null; imageId: number | null; category: string | null; specifications: Record<...> | null; ... 7 more ...; installationDate: Date | null; }[] | null' is not assignable to type '{ id: number; name: string; description: string | null; isActive: boolean | null; createdAt: Date | null; imageId: number | null; category: string | null; specifications: Record<string, any> | null; ... 7 more ...; installationDate: Date | null; }[]'.
  Type 'null' is not assignable to type '{ id: number; name: string; description: string | null; isActive: boolean | null; createdAt: Date | null; imageId: number | null; category: string | null; specifications: Record<string, any> | null; ... 7 more ...; installationDate: Date | null; }[]'.
lib/db/repositories/page-content-repository.ts(1679,14): error TS2769: No overload matches this call.
  Overload 1 of 3, '(left: PgColumn<{ name: "id"; tableName: "technology_equipment"; dataType: "number"; columnType: "PgSerial"; data: number; driverParam: number; notNull: true; hasDefault: true; isPrimaryKey: true; isAutoincrement: false; ... 4 more ...; generated: undefined; }, {}, {}>, right: number | SQLWrapper): SQL<...>', gave the following error.
    Argument of type 'string' is not assignable to parameter of type 'number | SQLWrapper'.
  Overload 2 of 3, '(left: Aliased<string>, right: string | SQLWrapper): SQL<unknown>', gave the following error.
    Argument of type 'PgColumn<{ name: "id"; tableName: "technology_equipment"; dataType: "number"; columnType: "PgSerial"; data: number; driverParam: number; notNull: true; hasDefault: true; isPrimaryKey: true; isAutoincrement: false; ... 4 more ...; generated: undefined; }, {}, {}>' is not assignable to parameter of type 'Aliased<string>'.
      Type 'PgColumn<{ name: "id"; tableName: "technology_equipment"; dataType: "number"; columnType: "PgSerial"; data: number; driverParam: number; notNull: true; hasDefault: true; isPrimaryKey: true; isAutoincrement: false; ... 4 more ...; generated: undefined; }, {}, {}>' is missing the following properties from type 'Aliased<string>': sql, fieldAlias
  Overload 3 of 3, '(left: never, right: unknown): SQL<unknown>', gave the following error.
    Argument of type 'PgColumn<{ name: "id"; tableName: "technology_equipment"; dataType: "number"; columnType: "PgSerial"; data: number; driverParam: number; notNull: true; hasDefault: true; isPrimaryKey: true; isAutoincrement: false; ... 4 more ...; generated: undefined; }, {}, {}>' is not assignable to parameter of type 'never'.
lib/db/repositories/page-content-repository.ts(1688,22): error TS2365: Operator '+' cannot be applied to types '{}' and 'number'.
lib/db/repositories/page-content-repository.ts(1696,5): error TS2554: Expected 2 arguments, but got 1.
lib/db/repositories/page-content-repository.ts(1697,5): error TS2322: Type '{ id: number; name: string; description: string | null; isActive: boolean | null; createdAt: Date | null; imageId: number | null; category: string | null; specifications: Record<...> | null; ... 7 more ...; installationDate: Date | null; } | undefined' is not assignable to type '{ id: number; name: string; description: string | null; isActive: boolean | null; createdAt: Date | null; imageId: number | null; category: string | null; specifications: Record<string, any> | null; ... 7 more ...; installationDate: Date | null; }'.
  Type 'undefined' is not assignable to type '{ id: number; name: string; description: string | null; isActive: boolean | null; createdAt: Date | null; imageId: number | null; category: string | null; specifications: Record<string, any> | null; ... 7 more ...; installationDate: Date | null; }'.
lib/db/repositories/page-content-repository.ts(1703,23): error TS2353: Object literal may only specify known properties, and 'updatedAt' does not exist in type '{ name?: string | PgColumn<ColumnBaseConfig<ColumnDataType, string>, {}, {}> | SQL<unknown> | undefined; id?: number | PgColumn<ColumnBaseConfig<ColumnDataType, string>, {}, {}> | SQL<...> | undefined; ... 13 more ...; installationDate?: Date | ... 3 more ... | undefined; }'.
lib/db/repositories/page-content-repository.ts(1704,14): error TS2769: No overload matches this call.
  Overload 1 of 3, '(left: PgColumn<{ name: "id"; tableName: "technology_equipment"; dataType: "number"; columnType: "PgSerial"; data: number; driverParam: number; notNull: true; hasDefault: true; isPrimaryKey: true; isAutoincrement: false; ... 4 more ...; generated: undefined; }, {}, {}>, right: number | SQLWrapper): SQL<...>', gave the following error.
    Argument of type 'string' is not assignable to parameter of type 'number | SQLWrapper'.
  Overload 2 of 3, '(left: Aliased<string>, right: string | SQLWrapper): SQL<unknown>', gave the following error.
    Argument of type 'PgColumn<{ name: "id"; tableName: "technology_equipment"; dataType: "number"; columnType: "PgSerial"; data: number; driverParam: number; notNull: true; hasDefault: true; isPrimaryKey: true; isAutoincrement: false; ... 4 more ...; generated: undefined; }, {}, {}>' is not assignable to parameter of type 'Aliased<string>'.
      Type 'PgColumn<{ name: "id"; tableName: "technology_equipment"; dataType: "number"; columnType: "PgSerial"; data: number; driverParam: number; notNull: true; hasDefault: true; isPrimaryKey: true; isAutoincrement: false; ... 4 more ...; generated: undefined; }, {}, {}>' is missing the following properties from type 'Aliased<string>': sql, fieldAlias
  Overload 3 of 3, '(left: never, right: unknown): SQL<unknown>', gave the following error.
    Argument of type 'PgColumn<{ name: "id"; tableName: "technology_equipment"; dataType: "number"; columnType: "PgSerial"; data: number; driverParam: number; notNull: true; hasDefault: true; isPrimaryKey: true; isAutoincrement: false; ... 4 more ...; generated: undefined; }, {}, {}>' is not assignable to parameter of type 'never'.
lib/db/repositories/page-content-repository.ts(1708,5): error TS2554: Expected 2 arguments, but got 1.
lib/db/repositories/page-content-repository.ts(1709,5): error TS2322: Type '{ id: number; name: string; manufacturer: string | null; model: string | null; category: string | null; quantity: number | null; capacity: string | null; maintenanceSchedule: string | null; ... 7 more ...; createdAt: Date | null; } | undefined' is not assignable to type '{ id: number; name: string; description: string | null; isActive: boolean | null; createdAt: Date | null; imageId: number | null; category: string | null; specifications: Record<string, any> | null; ... 7 more ...; installationDate: Date | null; }'.
  Type 'undefined' is not assignable to type '{ id: number; name: string; description: string | null; isActive: boolean | null; createdAt: Date | null; imageId: number | null; category: string | null; specifications: Record<string, any> | null; ... 7 more ...; installationDate: Date | null; }'.
lib/db/repositories/page-content-repository.ts(1713,48): error TS2769: No overload matches this call.
  Overload 1 of 3, '(left: PgColumn<{ name: "id"; tableName: "technology_equipment"; dataType: "number"; columnType: "PgSerial"; data: number; driverParam: number; notNull: true; hasDefault: true; isPrimaryKey: true; isAutoincrement: false; ... 4 more ...; generated: undefined; }, {}, {}>, right: number | SQLWrapper): SQL<...>', gave the following error.
    Argument of type 'string' is not assignable to parameter of type 'number | SQLWrapper'.
  Overload 2 of 3, '(left: Aliased<string>, right: string | SQLWrapper): SQL<unknown>', gave the following error.
    Argument of type 'PgColumn<{ name: "id"; tableName: "technology_equipment"; dataType: "number"; columnType: "PgSerial"; data: number; driverParam: number; notNull: true; hasDefault: true; isPrimaryKey: true; isAutoincrement: false; ... 4 more ...; generated: undefined; }, {}, {}>' is not assignable to parameter of type 'Aliased<string>'.
      Type 'PgColumn<{ name: "id"; tableName: "technology_equipment"; dataType: "number"; columnType: "PgSerial"; data: number; driverParam: number; notNull: true; hasDefault: true; isPrimaryKey: true; isAutoincrement: false; ... 4 more ...; generated: undefined; }, {}, {}>' is missing the following properties from type 'Aliased<string>': sql, fieldAlias
  Overload 3 of 3, '(left: never, right: unknown): SQL<unknown>', gave the following error.
    Argument of type 'PgColumn<{ name: "id"; tableName: "technology_equipment"; dataType: "number"; columnType: "PgSerial"; data: number; driverParam: number; notNull: true; hasDefault: true; isPrimaryKey: true; isAutoincrement: false; ... 4 more ...; generated: undefined; }, {}, {}>' is not assignable to parameter of type 'never'.
lib/db/repositories/page-content-repository.ts(1715,5): error TS2554: Expected 2 arguments, but got 1.
lib/db/repositories/page-content-repository.ts(1724,36): error TS2353: Object literal may only specify known properties, and 'updatedAt' does not exist in type '{ name?: string | PgColumn<ColumnBaseConfig<ColumnDataType, string>, {}, {}> | SQL<unknown> | undefined; id?: number | PgColumn<ColumnBaseConfig<ColumnDataType, string>, {}, {}> | SQL<...> | undefined; ... 13 more ...; installationDate?: Date | ... 3 more ... | undefined; }'.
lib/db/repositories/page-content-repository.ts(1725,18): error TS2769: No overload matches this call.
  Overload 1 of 3, '(left: PgColumn<{ name: "id"; tableName: "technology_equipment"; dataType: "number"; columnType: "PgSerial"; data: number; driverParam: number; notNull: true; hasDefault: true; isPrimaryKey: true; isAutoincrement: false; ... 4 more ...; generated: undefined; }, {}, {}>, right: number | SQLWrapper): SQL<...>', gave the following error.
    Argument of type 'string | undefined' is not assignable to parameter of type 'number | SQLWrapper'.
      Type 'undefined' is not assignable to type 'number | SQLWrapper'.
  Overload 2 of 3, '(left: Aliased<string | undefined>, right: string | SQLWrapper | undefined): SQL<unknown>', gave the following error.
    Argument of type 'PgColumn<{ name: "id"; tableName: "technology_equipment"; dataType: "number"; columnType: "PgSerial"; data: number; driverParam: number; notNull: true; hasDefault: true; isPrimaryKey: true; isAutoincrement: false; ... 4 more ...; generated: undefined; }, {}, {}>' is not assignable to parameter of type 'Aliased<string | undefined>'.
      Type 'PgColumn<{ name: "id"; tableName: "technology_equipment"; dataType: "number"; columnType: "PgSerial"; data: number; driverParam: number; notNull: true; hasDefault: true; isPrimaryKey: true; isAutoincrement: false; ... 4 more ...; generated: undefined; }, {}, {}>' is missing the following properties from type 'Aliased<string | undefined>': sql, fieldAlias
  Overload 3 of 3, '(left: never, right: unknown): SQL<unknown>', gave the following error.
    Argument of type 'PgColumn<{ name: "id"; tableName: "technology_equipment"; dataType: "number"; columnType: "PgSerial"; data: number; driverParam: number; notNull: true; hasDefault: true; isPrimaryKey: true; isAutoincrement: false; ... 4 more ...; generated: undefined; }, {}, {}>' is not assignable to parameter of type 'never'.
lib/db/repositories/page-content-repository.ts(1729,5): error TS2554: Expected 2 arguments, but got 1.
lib/db/repositories/page-content-repository.ts(1746,14): error TS2769: No overload matches this call.
  Overload 1 of 3, '(left: PgColumn<{ name: "id"; tableName: "technology_innovations"; dataType: "number"; columnType: "PgSerial"; data: number; driverParam: number; notNull: true; hasDefault: true; isPrimaryKey: true; isAutoincrement: false; ... 4 more ...; generated: undefined; }, {}, {}>, right: number | SQLWrapper): SQL<...>', gave the following error.
    Argument of type 'string' is not assignable to parameter of type 'number | SQLWrapper'.
  Overload 2 of 3, '(left: Aliased<string>, right: string | SQLWrapper): SQL<unknown>', gave the following error.
    Argument of type 'PgColumn<{ name: "id"; tableName: "technology_innovations"; dataType: "number"; columnType: "PgSerial"; data: number; driverParam: number; notNull: true; hasDefault: true; isPrimaryKey: true; isAutoincrement: false; ... 4 more ...; generated: undefined; }, {}, {}>' is not assignable to parameter of type 'Aliased<string>'.
      Type 'PgColumn<{ name: "id"; tableName: "technology_innovations"; dataType: "number"; columnType: "PgSerial"; data: number; driverParam: number; notNull: true; hasDefault: true; isPrimaryKey: true; isAutoincrement: false; ... 4 more ...; generated: undefined; }, {}, {}>' is missing the following properties from type 'Aliased<string>': sql, fieldAlias
  Overload 3 of 3, '(left: never, right: unknown): SQL<unknown>', gave the following error.
    Argument of type 'PgColumn<{ name: "id"; tableName: "technology_innovations"; dataType: "number"; columnType: "PgSerial"; data: number; driverParam: number; notNull: true; hasDefault: true; isPrimaryKey: true; isAutoincrement: false; ... 4 more ...; generated: undefined; }, {}, {}>' is not assignable to parameter of type 'never'.
lib/db/repositories/page-content-repository.ts(1755,22): error TS2365: Operator '+' cannot be applied to types '{}' and 'number'.
lib/db/repositories/page-content-repository.ts(1763,5): error TS2554: Expected 2 arguments, but got 1.
lib/db/repositories/page-content-repository.ts(1764,5): error TS2322: Type '{ id: number; name: string; description: string | null; isActive: boolean | null; createdAt: Date | null; status: string | null; imageId: number | null; category: string | null; ... 6 more ...; developmentYear: string | null; } | undefined' is not assignable to type '{ id: number; name: string; description: string | null; isActive: boolean | null; createdAt: Date | null; status: string | null; imageId: number | null; category: string | null; ... 6 more ...; developmentYear: string | null; }'.
  Type 'undefined' is not assignable to type '{ id: number; name: string; description: string | null; isActive: boolean | null; createdAt: Date | null; status: string | null; imageId: number | null; category: string | null; ... 6 more ...; developmentYear: string | null; }'.
lib/db/repositories/page-content-repository.ts(1770,23): error TS2353: Object literal may only specify known properties, and 'updatedAt' does not exist in type '{ name?: string | PgColumn<ColumnBaseConfig<ColumnDataType, string>, {}, {}> | SQL<unknown> | undefined; id?: number | PgColumn<ColumnBaseConfig<ColumnDataType, string>, {}, {}> | SQL<...> | undefined; ... 12 more ...; developmentYear?: string | ... 3 more ... | undefined; }'.
lib/db/repositories/page-content-repository.ts(1771,14): error TS2769: No overload matches this call.
  Overload 1 of 3, '(left: PgColumn<{ name: "id"; tableName: "technology_innovations"; dataType: "number"; columnType: "PgSerial"; data: number; driverParam: number; notNull: true; hasDefault: true; isPrimaryKey: true; isAutoincrement: false; ... 4 more ...; generated: undefined; }, {}, {}>, right: number | SQLWrapper): SQL<...>', gave the following error.
    Argument of type 'string' is not assignable to parameter of type 'number | SQLWrapper'.
  Overload 2 of 3, '(left: Aliased<string>, right: string | SQLWrapper): SQL<unknown>', gave the following error.
    Argument of type 'PgColumn<{ name: "id"; tableName: "technology_innovations"; dataType: "number"; columnType: "PgSerial"; data: number; driverParam: number; notNull: true; hasDefault: true; isPrimaryKey: true; isAutoincrement: false; ... 4 more ...; generated: undefined; }, {}, {}>' is not assignable to parameter of type 'Aliased<string>'.
      Type 'PgColumn<{ name: "id"; tableName: "technology_innovations"; dataType: "number"; columnType: "PgSerial"; data: number; driverParam: number; notNull: true; hasDefault: true; isPrimaryKey: true; isAutoincrement: false; ... 4 more ...; generated: undefined; }, {}, {}>' is missing the following properties from type 'Aliased<string>': sql, fieldAlias
  Overload 3 of 3, '(left: never, right: unknown): SQL<unknown>', gave the following error.
    Argument of type 'PgColumn<{ name: "id"; tableName: "technology_innovations"; dataType: "number"; columnType: "PgSerial"; data: number; driverParam: number; notNull: true; hasDefault: true; isPrimaryKey: true; isAutoincrement: false; ... 4 more ...; generated: undefined; }, {}, {}>' is not assignable to parameter of type 'never'.
lib/db/repositories/page-content-repository.ts(1775,5): error TS2554: Expected 2 arguments, but got 1.
lib/db/repositories/page-content-repository.ts(1776,5): error TS2322: Type '{ id: number; name: string; description: string | null; category: string | null; shortDescription: string | null; iconName: string | null; status: string | null; technicalDetails: Record<...> | null; ... 6 more ...; createdAt: Date | null; } | undefined' is not assignable to type '{ id: number; name: string; description: string | null; isActive: boolean | null; createdAt: Date | null; status: string | null; imageId: number | null; category: string | null; ... 6 more ...; developmentYear: string | null; }'.
  Type 'undefined' is not assignable to type '{ id: number; name: string; description: string | null; isActive: boolean | null; createdAt: Date | null; status: string | null; imageId: number | null; category: string | null; ... 6 more ...; developmentYear: string | null; }'.
lib/db/repositories/page-content-repository.ts(1780,50): error TS2769: No overload matches this call.
  Overload 1 of 3, '(left: PgColumn<{ name: "id"; tableName: "technology_innovations"; dataType: "number"; columnType: "PgSerial"; data: number; driverParam: number; notNull: true; hasDefault: true; isPrimaryKey: true; isAutoincrement: false; ... 4 more ...; generated: undefined; }, {}, {}>, right: number | SQLWrapper): SQL<...>', gave the following error.
    Argument of type 'string' is not assignable to parameter of type 'number | SQLWrapper'.
  Overload 2 of 3, '(left: Aliased<string>, right: string | SQLWrapper): SQL<unknown>', gave the following error.
    Argument of type 'PgColumn<{ name: "id"; tableName: "technology_innovations"; dataType: "number"; columnType: "PgSerial"; data: number; driverParam: number; notNull: true; hasDefault: true; isPrimaryKey: true; isAutoincrement: false; ... 4 more ...; generated: undefined; }, {}, {}>' is not assignable to parameter of type 'Aliased<string>'.
      Type 'PgColumn<{ name: "id"; tableName: "technology_innovations"; dataType: "number"; columnType: "PgSerial"; data: number; driverParam: number; notNull: true; hasDefault: true; isPrimaryKey: true; isAutoincrement: false; ... 4 more ...; generated: undefined; }, {}, {}>' is missing the following properties from type 'Aliased<string>': sql, fieldAlias
  Overload 3 of 3, '(left: never, right: unknown): SQL<unknown>', gave the following error.
    Argument of type 'PgColumn<{ name: "id"; tableName: "technology_innovations"; dataType: "number"; columnType: "PgSerial"; data: number; driverParam: number; notNull: true; hasDefault: true; isPrimaryKey: true; isAutoincrement: false; ... 4 more ...; generated: undefined; }, {}, {}>' is not assignable to parameter of type 'never'.
lib/db/repositories/page-content-repository.ts(1782,5): error TS2554: Expected 2 arguments, but got 1.
lib/db/repositories/page-content-repository.ts(1791,36): error TS2353: Object literal may only specify known properties, and 'updatedAt' does not exist in type '{ name?: string | PgColumn<ColumnBaseConfig<ColumnDataType, string>, {}, {}> | SQL<unknown> | undefined; id?: number | PgColumn<ColumnBaseConfig<ColumnDataType, string>, {}, {}> | SQL<...> | undefined; ... 12 more ...; developmentYear?: string | ... 3 more ... | undefined; }'.
lib/db/repositories/page-content-repository.ts(1792,18): error TS2769: No overload matches this call.
  Overload 1 of 3, '(left: PgColumn<{ name: "id"; tableName: "technology_innovations"; dataType: "number"; columnType: "PgSerial"; data: number; driverParam: number; notNull: true; hasDefault: true; isPrimaryKey: true; isAutoincrement: false; ... 4 more ...; generated: undefined; }, {}, {}>, right: number | SQLWrapper): SQL<...>', gave the following error.
    Argument of type 'string | undefined' is not assignable to parameter of type 'number | SQLWrapper'.
      Type 'undefined' is not assignable to type 'number | SQLWrapper'.
  Overload 2 of 3, '(left: Aliased<string | undefined>, right: string | SQLWrapper | undefined): SQL<unknown>', gave the following error.
    Argument of type 'PgColumn<{ name: "id"; tableName: "technology_innovations"; dataType: "number"; columnType: "PgSerial"; data: number; driverParam: number; notNull: true; hasDefault: true; isPrimaryKey: true; isAutoincrement: false; ... 4 more ...; generated: undefined; }, {}, {}>' is not assignable to parameter of type 'Aliased<string | undefined>'.
      Type 'PgColumn<{ name: "id"; tableName: "technology_innovations"; dataType: "number"; columnType: "PgSerial"; data: number; driverParam: number; notNull: true; hasDefault: true; isPrimaryKey: true; isAutoincrement: false; ... 4 more ...; generated: undefined; }, {}, {}>' is missing the following properties from type 'Aliased<string | undefined>': sql, fieldAlias
  Overload 3 of 3, '(left: never, right: unknown): SQL<unknown>', gave the following error.
    Argument of type 'PgColumn<{ name: "id"; tableName: "technology_innovations"; dataType: "number"; columnType: "PgSerial"; data: number; driverParam: number; notNull: true; hasDefault: true; isPrimaryKey: true; isAutoincrement: false; ... 4 more ...; generated: undefined; }, {}, {}>' is not assignable to parameter of type 'never'.
lib/db/repositories/page-content-repository.ts(1796,5): error TS2554: Expected 2 arguments, but got 1.
lib/db/repositories/page-content-repository.ts(1813,14): error TS2769: No overload matches this call.
  Overload 1 of 3, '(left: PgColumn<{ name: "id"; tableName: "technology_research"; dataType: "number"; columnType: "PgSerial"; data: number; driverParam: number; notNull: true; hasDefault: true; isPrimaryKey: true; isAutoincrement: false; ... 4 more ...; generated: undefined; }, {}, {}>, right: number | SQLWrapper): SQL<...>', gave the following error.
    Argument of type 'string' is not assignable to parameter of type 'number | SQLWrapper'.
  Overload 2 of 3, '(left: Aliased<string>, right: string | SQLWrapper): SQL<unknown>', gave the following error.
    Argument of type 'PgColumn<{ name: "id"; tableName: "technology_research"; dataType: "number"; columnType: "PgSerial"; data: number; driverParam: number; notNull: true; hasDefault: true; isPrimaryKey: true; isAutoincrement: false; ... 4 more ...; generated: undefined; }, {}, {}>' is not assignable to parameter of type 'Aliased<string>'.
      Type 'PgColumn<{ name: "id"; tableName: "technology_research"; dataType: "number"; columnType: "PgSerial"; data: number; driverParam: number; notNull: true; hasDefault: true; isPrimaryKey: true; isAutoincrement: false; ... 4 more ...; generated: undefined; }, {}, {}>' is missing the following properties from type 'Aliased<string>': sql, fieldAlias
  Overload 3 of 3, '(left: never, right: unknown): SQL<unknown>', gave the following error.
    Argument of type 'PgColumn<{ name: "id"; tableName: "technology_research"; dataType: "number"; columnType: "PgSerial"; data: number; driverParam: number; notNull: true; hasDefault: true; isPrimaryKey: true; isAutoincrement: false; ... 4 more ...; generated: undefined; }, {}, {}>' is not assignable to parameter of type 'never'.
lib/db/repositories/page-content-repository.ts(1822,22): error TS2365: Operator '+' cannot be applied to types '{}' and 'number'.
lib/db/repositories/page-content-repository.ts(1830,5): error TS2554: Expected 2 arguments, but got 1.
lib/db/repositories/page-content-repository.ts(1831,5): error TS2322: Type '{ id: number; description: string | null; isActive: boolean | null; createdAt: Date | null; updatedAt: Date | null; title: string; status: string | null; sortOrder: number | null; ... 9 more ...; funding: string | null; } | undefined' is not assignable to type '{ id: number; description: string | null; isActive: boolean | null; createdAt: Date | null; updatedAt: Date | null; title: string; status: string | null; sortOrder: number | null; ... 9 more ...; funding: string | null; }'.
  Type 'undefined' is not assignable to type '{ id: number; description: string | null; isActive: boolean | null; createdAt: Date | null; updatedAt: Date | null; title: string; status: string | null; sortOrder: number | null; ... 9 more ...; funding: string | null; }'.
lib/db/repositories/page-content-repository.ts(1838,14): error TS2769: No overload matches this call.
  Overload 1 of 3, '(left: PgColumn<{ name: "id"; tableName: "technology_research"; dataType: "number"; columnType: "PgSerial"; data: number; driverParam: number; notNull: true; hasDefault: true; isPrimaryKey: true; isAutoincrement: false; ... 4 more ...; generated: undefined; }, {}, {}>, right: number | SQLWrapper): SQL<...>', gave the following error.
    Argument of type 'string' is not assignable to parameter of type 'number | SQLWrapper'.
  Overload 2 of 3, '(left: Aliased<string>, right: string | SQLWrapper): SQL<unknown>', gave the following error.
    Argument of type 'PgColumn<{ name: "id"; tableName: "technology_research"; dataType: "number"; columnType: "PgSerial"; data: number; driverParam: number; notNull: true; hasDefault: true; isPrimaryKey: true; isAutoincrement: false; ... 4 more ...; generated: undefined; }, {}, {}>' is not assignable to parameter of type 'Aliased<string>'.
      Type 'PgColumn<{ name: "id"; tableName: "technology_research"; dataType: "number"; columnType: "PgSerial"; data: number; driverParam: number; notNull: true; hasDefault: true; isPrimaryKey: true; isAutoincrement: false; ... 4 more ...; generated: undefined; }, {}, {}>' is missing the following properties from type 'Aliased<string>': sql, fieldAlias
  Overload 3 of 3, '(left: never, right: unknown): SQL<unknown>', gave the following error.
    Argument of type 'PgColumn<{ name: "id"; tableName: "technology_research"; dataType: "number"; columnType: "PgSerial"; data: number; driverParam: number; notNull: true; hasDefault: true; isPrimaryKey: true; isAutoincrement: false; ... 4 more ...; generated: undefined; }, {}, {}>' is not assignable to parameter of type 'never'.
lib/db/repositories/page-content-repository.ts(1842,5): error TS2554: Expected 2 arguments, but got 1.
lib/db/repositories/page-content-repository.ts(1843,5): error TS2322: Type '{ id: number; title: string; description: string | null; researchArea: string | null; status: string | null; startDate: Date | null; expectedCompletion: Date | null; ... 10 more ...; updatedAt: Date | null; } | undefined' is not assignable to type '{ id: number; description: string | null; isActive: boolean | null; createdAt: Date | null; updatedAt: Date | null; title: string; status: string | null; sortOrder: number | null; ... 9 more ...; funding: string | null; }'.
  Type 'undefined' is not assignable to type '{ id: number; description: string | null; isActive: boolean | null; createdAt: Date | null; updatedAt: Date | null; title: string; status: string | null; sortOrder: number | null; ... 9 more ...; funding: string | null; }'.
lib/db/repositories/page-content-repository.ts(1847,47): error TS2769: No overload matches this call.
  Overload 1 of 3, '(left: PgColumn<{ name: "id"; tableName: "technology_research"; dataType: "number"; columnType: "PgSerial"; data: number; driverParam: number; notNull: true; hasDefault: true; isPrimaryKey: true; isAutoincrement: false; ... 4 more ...; generated: undefined; }, {}, {}>, right: number | SQLWrapper): SQL<...>', gave the following error.
    Argument of type 'string' is not assignable to parameter of type 'number | SQLWrapper'.
  Overload 2 of 3, '(left: Aliased<string>, right: string | SQLWrapper): SQL<unknown>', gave the following error.
    Argument of type 'PgColumn<{ name: "id"; tableName: "technology_research"; dataType: "number"; columnType: "PgSerial"; data: number; driverParam: number; notNull: true; hasDefault: true; isPrimaryKey: true; isAutoincrement: false; ... 4 more ...; generated: undefined; }, {}, {}>' is not assignable to parameter of type 'Aliased<string>'.
      Type 'PgColumn<{ name: "id"; tableName: "technology_research"; dataType: "number"; columnType: "PgSerial"; data: number; driverParam: number; notNull: true; hasDefault: true; isPrimaryKey: true; isAutoincrement: false; ... 4 more ...; generated: undefined; }, {}, {}>' is missing the following properties from type 'Aliased<string>': sql, fieldAlias
  Overload 3 of 3, '(left: never, right: unknown): SQL<unknown>', gave the following error.
    Argument of type 'PgColumn<{ name: "id"; tableName: "technology_research"; dataType: "number"; columnType: "PgSerial"; data: number; driverParam: number; notNull: true; hasDefault: true; isPrimaryKey: true; isAutoincrement: false; ... 4 more ...; generated: undefined; }, {}, {}>' is not assignable to parameter of type 'never'.
lib/db/repositories/page-content-repository.ts(1849,5): error TS2554: Expected 2 arguments, but got 1.
lib/db/repositories/page-content-repository.ts(1859,18): error TS2769: No overload matches this call.
  Overload 1 of 3, '(left: PgColumn<{ name: "id"; tableName: "technology_research"; dataType: "number"; columnType: "PgSerial"; data: number; driverParam: number; notNull: true; hasDefault: true; isPrimaryKey: true; isAutoincrement: false; ... 4 more ...; generated: undefined; }, {}, {}>, right: number | SQLWrapper): SQL<...>', gave the following error.
    Argument of type 'string | undefined' is not assignable to parameter of type 'number | SQLWrapper'.
      Type 'undefined' is not assignable to type 'number | SQLWrapper'.
  Overload 2 of 3, '(left: Aliased<string | undefined>, right: string | SQLWrapper | undefined): SQL<unknown>', gave the following error.
    Argument of type 'PgColumn<{ name: "id"; tableName: "technology_research"; dataType: "number"; columnType: "PgSerial"; data: number; driverParam: number; notNull: true; hasDefault: true; isPrimaryKey: true; isAutoincrement: false; ... 4 more ...; generated: undefined; }, {}, {}>' is not assignable to parameter of type 'Aliased<string | undefined>'.
      Type 'PgColumn<{ name: "id"; tableName: "technology_research"; dataType: "number"; columnType: "PgSerial"; data: number; driverParam: number; notNull: true; hasDefault: true; isPrimaryKey: true; isAutoincrement: false; ... 4 more ...; generated: undefined; }, {}, {}>' is missing the following properties from type 'Aliased<string | undefined>': sql, fieldAlias
  Overload 3 of 3, '(left: never, right: unknown): SQL<unknown>', gave the following error.
    Argument of type 'PgColumn<{ name: "id"; tableName: "technology_research"; dataType: "number"; columnType: "PgSerial"; data: number; driverParam: number; notNull: true; hasDefault: true; isPrimaryKey: true; isAutoincrement: false; ... 4 more ...; generated: undefined; }, {}, {}>' is not assignable to parameter of type 'never'.
lib/db/repositories/page-content-repository.ts(1863,5): error TS2554: Expected 2 arguments, but got 1.
lib/db/repositories/page-content-repository.ts(1880,14): error TS2769: No overload matches this call.
  Overload 1 of 3, '(left: PgColumn<{ name: "id"; tableName: "technology_roadmap"; dataType: "number"; columnType: "PgSerial"; data: number; driverParam: number; notNull: true; hasDefault: true; isPrimaryKey: true; isAutoincrement: false; ... 4 more ...; generated: undefined; }, {}, {}>, right: number | SQLWrapper): SQL<...>', gave the following error.
    Argument of type 'string' is not assignable to parameter of type 'number | SQLWrapper'.
  Overload 2 of 3, '(left: Aliased<string>, right: string | SQLWrapper): SQL<unknown>', gave the following error.
    Argument of type 'PgColumn<{ name: "id"; tableName: "technology_roadmap"; dataType: "number"; columnType: "PgSerial"; data: number; driverParam: number; notNull: true; hasDefault: true; isPrimaryKey: true; isAutoincrement: false; ... 4 more ...; generated: undefined; }, {}, {}>' is not assignable to parameter of type 'Aliased<string>'.
      Type 'PgColumn<{ name: "id"; tableName: "technology_roadmap"; dataType: "number"; columnType: "PgSerial"; data: number; driverParam: number; notNull: true; hasDefault: true; isPrimaryKey: true; isAutoincrement: false; ... 4 more ...; generated: undefined; }, {}, {}>' is missing the following properties from type 'Aliased<string>': sql, fieldAlias
  Overload 3 of 3, '(left: never, right: unknown): SQL<unknown>', gave the following error.
    Argument of type 'PgColumn<{ name: "id"; tableName: "technology_roadmap"; dataType: "number"; columnType: "PgSerial"; data: number; driverParam: number; notNull: true; hasDefault: true; isPrimaryKey: true; isAutoincrement: false; ... 4 more ...; generated: undefined; }, {}, {}>' is not assignable to parameter of type 'never'.
lib/db/repositories/page-content-repository.ts(1889,22): error TS2365: Operator '+' cannot be applied to types '{}' and 'number'.
lib/db/repositories/page-content-repository.ts(1897,5): error TS2554: Expected 2 arguments, but got 1.
lib/db/repositories/page-content-repository.ts(1898,5): error TS2322: Type '{ id: number; description: string | null; isActive: boolean | null; createdAt: Date | null; updatedAt: Date | null; title: string; status: string | null; imageId: number | null; ... 6 more ...; milestones: Record<...> | null; } | undefined' is not assignable to type '{ id: number; description: string | null; isActive: boolean | null; createdAt: Date | null; updatedAt: Date | null; title: string; status: string | null; imageId: number | null; ... 6 more ...; milestones: Record<...> | null; }'.
  Type 'undefined' is not assignable to type '{ id: number; description: string | null; isActive: boolean | null; createdAt: Date | null; updatedAt: Date | null; title: string; status: string | null; imageId: number | null; ... 6 more ...; milestones: Record<...> | null; }'.
lib/db/repositories/page-content-repository.ts(1905,14): error TS2769: No overload matches this call.
  Overload 1 of 3, '(left: PgColumn<{ name: "id"; tableName: "technology_roadmap"; dataType: "number"; columnType: "PgSerial"; data: number; driverParam: number; notNull: true; hasDefault: true; isPrimaryKey: true; isAutoincrement: false; ... 4 more ...; generated: undefined; }, {}, {}>, right: number | SQLWrapper): SQL<...>', gave the following error.
    Argument of type 'string' is not assignable to parameter of type 'number | SQLWrapper'.
  Overload 2 of 3, '(left: Aliased<string>, right: string | SQLWrapper): SQL<unknown>', gave the following error.
    Argument of type 'PgColumn<{ name: "id"; tableName: "technology_roadmap"; dataType: "number"; columnType: "PgSerial"; data: number; driverParam: number; notNull: true; hasDefault: true; isPrimaryKey: true; isAutoincrement: false; ... 4 more ...; generated: undefined; }, {}, {}>' is not assignable to parameter of type 'Aliased<string>'.
      Type 'PgColumn<{ name: "id"; tableName: "technology_roadmap"; dataType: "number"; columnType: "PgSerial"; data: number; driverParam: number; notNull: true; hasDefault: true; isPrimaryKey: true; isAutoincrement: false; ... 4 more ...; generated: undefined; }, {}, {}>' is missing the following properties from type 'Aliased<string>': sql, fieldAlias
  Overload 3 of 3, '(left: never, right: unknown): SQL<unknown>', gave the following error.
    Argument of type 'PgColumn<{ name: "id"; tableName: "technology_roadmap"; dataType: "number"; columnType: "PgSerial"; data: number; driverParam: number; notNull: true; hasDefault: true; isPrimaryKey: true; isAutoincrement: false; ... 4 more ...; generated: undefined; }, {}, {}>' is not assignable to parameter of type 'never'.
lib/db/repositories/page-content-repository.ts(1909,5): error TS2554: Expected 2 arguments, but got 1.
lib/db/repositories/page-content-repository.ts(1910,5): error TS2322: Type '{ id: number; title: string; description: string | null; timeline: string | null; targetDate: Date | null; status: string | null; priority: string | null; milestones: Record<string, any> | null; ... 6 more ...; updatedAt: Date | null; } | undefined' is not assignable to type '{ id: number; description: string | null; isActive: boolean | null; createdAt: Date | null; updatedAt: Date | null; title: string; status: string | null; imageId: number | null; ... 6 more ...; milestones: Record<...> | null; }'.
  Type 'undefined' is not assignable to type '{ id: number; description: string | null; isActive: boolean | null; createdAt: Date | null; updatedAt: Date | null; title: string; status: string | null; imageId: number | null; ... 6 more ...; milestones: Record<...> | null; }'.
lib/db/repositories/page-content-repository.ts(1914,46): error TS2769: No overload matches this call.
  Overload 1 of 3, '(left: PgColumn<{ name: "id"; tableName: "technology_roadmap"; dataType: "number"; columnType: "PgSerial"; data: number; driverParam: number; notNull: true; hasDefault: true; isPrimaryKey: true; isAutoincrement: false; ... 4 more ...; generated: undefined; }, {}, {}>, right: number | SQLWrapper): SQL<...>', gave the following error.
    Argument of type 'string' is not assignable to parameter of type 'number | SQLWrapper'.
  Overload 2 of 3, '(left: Aliased<string>, right: string | SQLWrapper): SQL<unknown>', gave the following error.
    Argument of type 'PgColumn<{ name: "id"; tableName: "technology_roadmap"; dataType: "number"; columnType: "PgSerial"; data: number; driverParam: number; notNull: true; hasDefault: true; isPrimaryKey: true; isAutoincrement: false; ... 4 more ...; generated: undefined; }, {}, {}>' is not assignable to parameter of type 'Aliased<string>'.
      Type 'PgColumn<{ name: "id"; tableName: "technology_roadmap"; dataType: "number"; columnType: "PgSerial"; data: number; driverParam: number; notNull: true; hasDefault: true; isPrimaryKey: true; isAutoincrement: false; ... 4 more ...; generated: undefined; }, {}, {}>' is missing the following properties from type 'Aliased<string>': sql, fieldAlias
  Overload 3 of 3, '(left: never, right: unknown): SQL<unknown>', gave the following error.
    Argument of type 'PgColumn<{ name: "id"; tableName: "technology_roadmap"; dataType: "number"; columnType: "PgSerial"; data: number; driverParam: number; notNull: true; hasDefault: true; isPrimaryKey: true; isAutoincrement: false; ... 4 more ...; generated: undefined; }, {}, {}>' is not assignable to parameter of type 'never'.
lib/db/repositories/page-content-repository.ts(1916,5): error TS2554: Expected 2 arguments, but got 1.
lib/db/repositories/page-content-repository.ts(1926,18): error TS2769: No overload matches this call.
  Overload 1 of 3, '(left: PgColumn<{ name: "id"; tableName: "technology_roadmap"; dataType: "number"; columnType: "PgSerial"; data: number; driverParam: number; notNull: true; hasDefault: true; isPrimaryKey: true; isAutoincrement: false; ... 4 more ...; generated: undefined; }, {}, {}>, right: number | SQLWrapper): SQL<...>', gave the following error.
    Argument of type 'string | undefined' is not assignable to parameter of type 'number | SQLWrapper'.
      Type 'undefined' is not assignable to type 'number | SQLWrapper'.
  Overload 2 of 3, '(left: Aliased<string | undefined>, right: string | SQLWrapper | undefined): SQL<unknown>', gave the following error.
    Argument of type 'PgColumn<{ name: "id"; tableName: "technology_roadmap"; dataType: "number"; columnType: "PgSerial"; data: number; driverParam: number; notNull: true; hasDefault: true; isPrimaryKey: true; isAutoincrement: false; ... 4 more ...; generated: undefined; }, {}, {}>' is not assignable to parameter of type 'Aliased<string | undefined>'.
      Type 'PgColumn<{ name: "id"; tableName: "technology_roadmap"; dataType: "number"; columnType: "PgSerial"; data: number; driverParam: number; notNull: true; hasDefault: true; isPrimaryKey: true; isAutoincrement: false; ... 4 more ...; generated: undefined; }, {}, {}>' is missing the following properties from type 'Aliased<string | undefined>': sql, fieldAlias
  Overload 3 of 3, '(left: never, right: unknown): SQL<unknown>', gave the following error.
    Argument of type 'PgColumn<{ name: "id"; tableName: "technology_roadmap"; dataType: "number"; columnType: "PgSerial"; data: number; driverParam: number; notNull: true; hasDefault: true; isPrimaryKey: true; isAutoincrement: false; ... 4 more ...; generated: undefined; }, {}, {}>' is not assignable to parameter of type 'never'.
lib/db/repositories/page-content-repository.ts(1930,5): error TS2554: Expected 2 arguments, but got 1.
lib/db/repositories/page-content-repository.ts(1936,17): error TS2322: Type '{ id: number; isActive: boolean | null; createdAt: Date | null; updatedAt: Date | null; opacity: string | null; settings: Record<string, any> | null; gradientType: string; colors: string[] | null; direction: string | null; } | null' is not assignable to type '{ id: number; isActive: boolean | null; createdAt: Date | null; updatedAt: Date | null; opacity: string | null; settings: Record<string, any> | null; gradientType: string; colors: string[] | null; direction: string | null; } | undefined'.
  Type 'null' is not assignable to type '{ id: number; isActive: boolean | null; createdAt: Date | null; updatedAt: Date | null; opacity: string | null; settings: Record<string, any> | null; gradientType: string; colors: string[] | null; direction: string | null; } | undefined'.
lib/db/repositories/page-content-repository.ts(1955,7): error TS2554: Expected 2 arguments, but got 1.
lib/db/repositories/page-content-repository.ts(1956,7): error TS2322: Type '{ id: number; gradientType: string; colors: string[] | null; direction: string | null; opacity: string | null; settings: Record<string, any> | null; isActive: boolean | null; createdAt: Date | null; updatedAt: Date | null; } | undefined' is not assignable to type '{ id: number; isActive: boolean | null; createdAt: Date | null; updatedAt: Date | null; opacity: string | null; settings: Record<string, any> | null; gradientType: string; colors: string[] | null; direction: string | null; }'.
  Type 'undefined' is not assignable to type '{ id: number; isActive: boolean | null; createdAt: Date | null; updatedAt: Date | null; opacity: string | null; settings: Record<string, any> | null; gradientType: string; colors: string[] | null; direction: string | null; }'.
lib/db/repositories/page-content-repository.ts(1958,76): error TS2769: No overload matches this call.
  Overload 1 of 2, '(value: { gradientType: string | SQL<unknown> | Placeholder<string, any>; id?: number | SQL<unknown> | Placeholder<string, any> | undefined; isActive?: boolean | SQL<...> | Placeholder<...> | null | undefined; ... 5 more ...; direction?: string | ... 3 more ... | undefined; }): PgInsertBase<...>', gave the following error.
    Argument of type 'Partial<{ gradientType: string; id?: number | undefined; isActive?: boolean | null | undefined; createdAt?: Date | null | undefined; updatedAt?: Date | null | undefined; opacity?: string | ... 1 more ... | undefined; settings?: Record<...> | ... 1 more ... | undefined; colors?: string[] | ... 1 more ... | undefined;...' is not assignable to parameter of type '{ gradientType: string | SQL<unknown> | Placeholder<string, any>; id?: number | SQL<unknown> | Placeholder<string, any> | undefined; isActive?: boolean | SQL<...> | Placeholder<...> | null | undefined; ... 5 more ...; direction?: string | ... 3 more ... | undefined; }'.
      Property 'gradientType' is optional in type 'Partial<{ gradientType: string; id?: number | undefined; isActive?: boolean | null | undefined; createdAt?: Date | null | undefined; updatedAt?: Date | null | undefined; opacity?: string | ... 1 more ... | undefined; settings?: Record<...> | ... 1 more ... | undefined; colors?: string[] | ... 1 more ... | undefined;...' but required in type '{ gradientType: string | SQL<unknown> | Placeholder<string, any>; id?: number | SQL<unknown> | Placeholder<string, any> | undefined; isActive?: boolean | SQL<...> | Placeholder<...> | null | undefined; ... 5 more ...; direction?: string | ... 3 more ... | undefined; }'.
  Overload 2 of 2, '(values: { gradientType: string | SQL<unknown> | Placeholder<string, any>; id?: number | SQL<unknown> | Placeholder<string, any> | undefined; isActive?: boolean | SQL<...> | Placeholder<...> | null | undefined; ... 5 more ...; direction?: string | ... 3 more ... | undefined; }[]): PgInsertBase<...>', gave the following error.
    Argument of type 'Partial<{ gradientType: string; id?: number | undefined; isActive?: boolean | null | undefined; createdAt?: Date | null | undefined; updatedAt?: Date | null | undefined; opacity?: string | ... 1 more ... | undefined; settings?: Record<...> | ... 1 more ... | undefined; colors?: string[] | ... 1 more ... | undefined;...' is not assignable to parameter of type '{ gradientType: string | SQL<unknown> | Placeholder<string, any>; id?: number | SQL<unknown> | Placeholder<string, any> | undefined; isActive?: boolean | SQL<...> | Placeholder<...> | null | undefined; ... 5 more ...; direction?: string | ... 3 more ... | undefined; }[]'.
      Type 'Partial<{ gradientType: string; id?: number | undefined; isActive?: boolean | null | undefined; createdAt?: Date | null | undefined; updatedAt?: Date | null | undefined; opacity?: string | ... 1 more ... | undefined; settings?: Record<...> | ... 1 more ... | undefined; colors?: string[] | ... 1 more ... | undefined;...' is missing the following properties from type '{ gradientType: string | SQL<unknown> | Placeholder<string, any>; id?: number | SQL<unknown> | Placeholder<string, any> | undefined; isActive?: boolean | SQL<...> | Placeholder<...> | null | undefined; ... 5 more ...; direction?: string | ... 3 more ... | undefined; }[]': length, pop, push, concat, and 29 more.
lib/db/repositories/page-content-repository.ts(1960,7): error TS2554: Expected 2 arguments, but got 1.
lib/db/repositories/page-content-repository.ts(1961,7): error TS2322: Type '{ id: number; isActive: boolean | null; createdAt: Date | null; updatedAt: Date | null; opacity: string | null; settings: Record<string, any> | null; gradientType: string; colors: string[] | null; direction: string | null; } | undefined' is not assignable to type '{ id: number; isActive: boolean | null; createdAt: Date | null; updatedAt: Date | null; opacity: string | null; settings: Record<string, any> | null; gradientType: string; colors: string[] | null; direction: string | null; }'.
  Type 'undefined' is not assignable to type '{ id: number; isActive: boolean | null; createdAt: Date | null; updatedAt: Date | null; opacity: string | null; settings: Record<string, any> | null; gradientType: string; colors: string[] | null; direction: string | null; }'.
lib/db/repositories/page-content-repository.ts(1975,25): error TS2353: Object literal may only specify known properties, and 'updatedAt' does not exist in type '{ name?: string | PgColumn<ColumnBaseConfig<ColumnDataType, string>, {}, {}> | SQL<unknown> | undefined; message?: string | PgColumn<ColumnBaseConfig<ColumnDataType, string>, {}, {}> | SQL<...> | undefined; ... 7 more ...; signature?: string | ... 3 more ... | undefined; }'.
lib/db/repositories/page-content-repository.ts(1979,7): error TS2554: Expected 2 arguments, but got 1.
lib/db/repositories/page-content-repository.ts(1980,7): error TS2322: Type '{ id: number; name: string; position: string | null; message: string; imageId: number | null; title: string | null; signature: string | null; isActive: boolean | null; sortOrder: number | null; createdAt: Date | null; } | undefined' is not assignable to type '{ id: number; name: string; isActive: boolean | null; createdAt: Date | null; title: string | null; imageId: number | null; sortOrder: number | null; position: string | null; message: string; signature: string | null; }'.
  Type 'undefined' is not assignable to type '{ id: number; name: string; isActive: boolean | null; createdAt: Date | null; title: string | null; imageId: number | null; sortOrder: number | null; position: string | null; message: string; signature: string | null; }'.
lib/db/repositories/page-content-repository.ts(1982,67): error TS2769: No overload matches this call.
  Overload 1 of 2, '(value: { name: string | SQL<unknown> | Placeholder<string, any>; message: string | SQL<unknown> | Placeholder<string, any>; id?: number | SQL<unknown> | Placeholder<string, any> | undefined; ... 6 more ...; signature?: string | ... 3 more ... | undefined; }): PgInsertBase<...>', gave the following error.
    Argument of type 'Partial<{ name: string; message: string; id?: number | undefined; isActive?: boolean | null | undefined; createdAt?: Date | null | undefined; title?: string | null | undefined; imageId?: number | ... 1 more ... | undefined; sortOrder?: number | ... 1 more ... | undefined; position?: string | ... 1 more ... | undefin...' is not assignable to parameter of type '{ name: string | SQL<unknown> | Placeholder<string, any>; message: string | SQL<unknown> | Placeholder<string, any>; id?: number | SQL<unknown> | Placeholder<string, any> | undefined; ... 6 more ...; signature?: string | ... 3 more ... | undefined; }'.
      Property 'name' is optional in type 'Partial<{ name: string; message: string; id?: number | undefined; isActive?: boolean | null | undefined; createdAt?: Date | null | undefined; title?: string | null | undefined; imageId?: number | ... 1 more ... | undefined; sortOrder?: number | ... 1 more ... | undefined; position?: string | ... 1 more ... | undefin...' but required in type '{ name: string | SQL<unknown> | Placeholder<string, any>; message: string | SQL<unknown> | Placeholder<string, any>; id?: number | SQL<unknown> | Placeholder<string, any> | undefined; ... 6 more ...; signature?: string | ... 3 more ... | undefined; }'.
  Overload 2 of 2, '(values: { name: string | SQL<unknown> | Placeholder<string, any>; message: string | SQL<unknown> | Placeholder<string, any>; id?: number | SQL<unknown> | Placeholder<string, any> | undefined; ... 6 more ...; signature?: string | ... 3 more ... | undefined; }[]): PgInsertBase<...>', gave the following error.
    Argument of type 'Partial<{ name: string; message: string; id?: number | undefined; isActive?: boolean | null | undefined; createdAt?: Date | null | undefined; title?: string | null | undefined; imageId?: number | ... 1 more ... | undefined; sortOrder?: number | ... 1 more ... | undefined; position?: string | ... 1 more ... | undefin...' is not assignable to parameter of type '{ name: string | SQL<unknown> | Placeholder<string, any>; message: string | SQL<unknown> | Placeholder<string, any>; id?: number | SQL<unknown> | Placeholder<string, any> | undefined; ... 6 more ...; signature?: string | ... 3 more ... | undefined; }[]'.
      Type 'Partial<{ name: string; message: string; id?: number | undefined; isActive?: boolean | null | undefined; createdAt?: Date | null | undefined; title?: string | null | undefined; imageId?: number | ... 1 more ... | undefined; sortOrder?: number | ... 1 more ... | undefined; position?: string | ... 1 more ... | undefin...' is missing the following properties from type '{ name: string | SQL<unknown> | Placeholder<string, any>; message: string | SQL<unknown> | Placeholder<string, any>; id?: number | SQL<unknown> | Placeholder<string, any> | undefined; ... 6 more ...; signature?: string | ... 3 more ... | undefined; }[]': length, pop, push, concat, and 29 more.
lib/db/repositories/page-content-repository.ts(1984,7): error TS2554: Expected 2 arguments, but got 1.
lib/db/repositories/page-content-repository.ts(1985,7): error TS2322: Type '{ id: number; name: string; isActive: boolean | null; createdAt: Date | null; title: string | null; imageId: number | null; sortOrder: number | null; position: string | null; message: string; signature: string | null; } | undefined' is not assignable to type '{ id: number; name: string; isActive: boolean | null; createdAt: Date | null; title: string | null; imageId: number | null; sortOrder: number | null; position: string | null; message: string; signature: string | null; }'.
  Type 'undefined' is not assignable to type '{ id: number; name: string; isActive: boolean | null; createdAt: Date | null; title: string | null; imageId: number | null; sortOrder: number | null; position: string | null; message: string; signature: string | null; }'.
lib/postgresql-direct-storage.ts(1126,69): error TS2345: Argument of type 'number' is not assignable to parameter of type 'string'.
lib/postgresql-direct-storage.ts(1139,72): error TS2345: Argument of type 'number' is not assignable to parameter of type 'string'.
lib/postgresql-direct-storage.ts(1143,72): error TS2345: Argument of type 'number' is not assignable to parameter of type 'string'.
lib/postgresql-direct-storage.ts(1147,74): error TS2345: Argument of type '{ id: number; position: number; }[]' is not assignable to parameter of type 'string[]'.
  Type '{ id: number; position: number; }' is not assignable to type 'string'.
lib/postgresql-direct-storage.ts(1155,73): error TS2345: Argument of type 'number' is not assignable to parameter of type 'string'.
lib/postgresql-direct-storage.ts(1168,76): error TS2345: Argument of type 'number' is not assignable to parameter of type 'string'.
lib/postgresql-direct-storage.ts(1172,76): error TS2345: Argument of type 'number' is not assignable to parameter of type 'string'.
lib/postgresql-direct-storage.ts(1178,78): error TS2345: Argument of type '{ id: number; position: number; }[]' is not assignable to parameter of type 'string[]'.
  Type '{ id: number; position: number; }' is not assignable to type 'string'.
lib/postgresql-direct-storage.ts(1186,67): error TS2345: Argument of type 'number' is not assignable to parameter of type 'string'.
lib/postgresql-direct-storage.ts(1197,70): error TS2345: Argument of type 'number' is not assignable to parameter of type 'string'.
lib/postgresql-direct-storage.ts(1201,70): error TS2345: Argument of type 'number' is not assignable to parameter of type 'string'.
lib/postgresql-direct-storage.ts(1205,72): error TS2345: Argument of type '{ id: number; position: number; }[]' is not assignable to parameter of type 'string[]'.
  Type '{ id: number; position: number; }' is not assignable to type 'string'.
lib/postgresql-direct-storage.ts(1219,5): error TS2740: Type '{ migrated: number; }' is missing the following properties from type '{ id: number; isActive: boolean | null; createdAt: Date | null; updatedAt: Date | null; title: string; content: string | null; sortOrder: number | null; headline: string | null; ... 25 more ...; buttonLink: string | null; }': id, isActive, createdAt, updatedAt, and 30 more.
lib/postgresql-direct-storage.ts(1241,69): error TS2345: Argument of type 'number' is not assignable to parameter of type 'string'.
lib/postgresql-direct-storage.ts(1254,72): error TS2345: Argument of type 'number' is not assignable to parameter of type 'string'.
lib/postgresql-direct-storage.ts(1258,72): error TS2345: Argument of type 'number' is not assignable to parameter of type 'string'.
lib/postgresql-direct-storage.ts(1264,75): error TS2345: Argument of type '{ id: number; position: number; }[]' is not assignable to parameter of type 'string[]'.
  Type '{ id: number; position: number; }' is not assignable to type 'string'.
lib/postgresql-direct-storage.ts(1272,72): error TS2345: Argument of type 'number' is not assignable to parameter of type 'string'.
lib/postgresql-direct-storage.ts(1285,75): error TS2345: Argument of type 'number' is not assignable to parameter of type 'string'.
lib/postgresql-direct-storage.ts(1289,75): error TS2345: Argument of type 'number' is not assignable to parameter of type 'string'.
lib/postgresql-direct-storage.ts(1295,78): error TS2345: Argument of type '{ id: number; position: number; }[]' is not assignable to parameter of type 'string[]'.
  Type '{ id: number; position: number; }' is not assignable to type 'string'.
lib/postgresql-direct-storage.ts(1303,69): error TS2345: Argument of type 'number' is not assignable to parameter of type 'string'.
lib/postgresql-direct-storage.ts(1316,72): error TS2345: Argument of type 'number' is not assignable to parameter of type 'string'.
lib/postgresql-direct-storage.ts(1320,72): error TS2345: Argument of type 'number' is not assignable to parameter of type 'string'.
lib/postgresql-direct-storage.ts(1326,75): error TS2345: Argument of type '{ id: number; position: number; }[]' is not assignable to parameter of type 'string[]'.
  Type '{ id: number; position: number; }' is not assignable to type 'string'.
lib/postgresql-direct-storage.ts(1346,69): error TS2345: Argument of type 'number' is not assignable to parameter of type 'string'.
lib/postgresql-direct-storage.ts(1359,72): error TS2345: Argument of type 'number' is not assignable to parameter of type 'string'.
lib/postgresql-direct-storage.ts(1363,72): error TS2345: Argument of type 'number' is not assignable to parameter of type 'string'.
lib/postgresql-direct-storage.ts(1369,74): error TS2345: Argument of type '{ id: number; position: number; }[]' is not assignable to parameter of type 'string[]'.
  Type '{ id: number; position: number; }' is not assignable to type 'string'.
lib/postgresql-direct-storage.ts(1377,72): error TS2345: Argument of type 'number' is not assignable to parameter of type 'string'.
lib/postgresql-direct-storage.ts(1390,71): error TS2345: Argument of type 'number' is not assignable to parameter of type 'string'.
lib/postgresql-direct-storage.ts(1394,71): error TS2345: Argument of type 'number' is not assignable to parameter of type 'string'.
lib/postgresql-direct-storage.ts(1398,72): error TS2345: Argument of type '{ id: number; position: number; }[]' is not assignable to parameter of type 'string[]'.
  Type '{ id: number; position: number; }' is not assignable to type 'string'.
lib/postgresql-direct-storage.ts(1406,71): error TS2345: Argument of type 'number' is not assignable to parameter of type 'string'.
lib/postgresql-direct-storage.ts(1417,70): error TS2345: Argument of type 'number' is not assignable to parameter of type 'string'.
lib/postgresql-direct-storage.ts(1421,70): error TS2345: Argument of type 'number' is not assignable to parameter of type 'string'.
lib/postgresql-direct-storage.ts(1427,85): error TS2554: Expected 1 arguments, but got 2.
lib/postgresql-direct-storage.ts(1439,70): error TS2345: Argument of type 'number' is not assignable to parameter of type 'string'.
lib/postgresql-direct-storage.ts(1450,69): error TS2345: Argument of type 'number' is not assignable to parameter of type 'string'.
lib/postgresql-direct-storage.ts(1454,69): error TS2345: Argument of type 'number' is not assignable to parameter of type 'string'.
lib/postgresql-direct-storage.ts(1460,83): error TS2554: Expected 1 arguments, but got 2.
lib/postgresql-direct-storage.ts(1482,45): error TS2554: Expected 2 arguments, but got 1.
